[2021-05-28T11:50:17.551-0800][gc,heap     ] GC(73) Old regions: 39->39
[2021-05-28T11:50:17.551-0800][gc,heap     ] GC(73) Archive regions: 2->2
[2021-05-28T11:50:17.551-0800][gc,heap     ] GC(73) Humongous regions: 42->42
[2021-05-28T11:50:17.551-0800][gc,metaspace] GC(73) Metaspace: 68546K(70320K)->68546K(70320K) NonClass: 60729K(61872K)->60729K(61872K) Class: 7816K(8448K)->7816K(8448K)
[2021-05-28T11:50:17.551-0800][gc          ] GC(73) Pause Young (Normal) (G1 Evacuation Pause) 336M->82M(512M) 8.805ms
[2021-05-28T11:50:17.551-0800][gc,cpu      ] GC(73) User=0.01s Sys=0.01s Real=0.01s
[2021-05-28T12:07:54.169-0800][gc,start    ] GC(74) Pause Young (Normal) (G1 Evacuation Pause)
[2021-05-28T12:07:54.169-0800][gc,task     ] GC(74) Using 10 workers of 10 for evacuation
[2021-05-28T12:07:54.173-0800][gc,phases   ] GC(74)   Pre Evacuate Collection Set: 0.1ms
[2021-05-28T12:07:54.173-0800][gc,phases   ] GC(74)   Merge Heap Roots: 0.1ms
[2021-05-28T12:07:54.173-0800][gc,phases   ] GC(74)   Evacuate Collection Set: 2.1ms
[2021-05-28T12:07:54.173-0800][gc,phases   ] GC(74)   Post Evacuate Collection Set: 1.1ms
[2021-05-28T12:07:54.173-0800][gc,phases   ] GC(74)   Other: 0.5ms
[2021-05-28T12:07:54.173-0800][gc,heap     ] GC(74) Eden regions: 254->0(254)
[2021-05-28T12:07:54.173-0800][gc,heap     ] GC(74) Survivor regions: 2->2(32)
[2021-05-28T12:07:54.173-0800][gc,heap     ] GC(74) Old regions: 39->40
[2021-05-28T12:07:54.173-0800][gc,heap     ] GC(74) Archive regions: 2->2
[2021-05-28T12:07:54.173-0800][gc,heap     ] GC(74) Humongous regions: 42->42
[2021-05-28T12:07:54.173-0800][gc,metaspace] GC(74) Metaspace: 68572K(70576K)->68572K(70576K) NonClass: 60755K(62128K)->60755K(62128K) Class: 7817K(8448K)->7817K(8448K)
[2021-05-28T12:07:54.173-0800][gc          ] GC(74) Pause Young (Normal) (G1 Evacuation Pause) 336M->82M(512M) 3.994ms
[2021-05-28T12:07:54.173-0800][gc,cpu      ] GC(74) User=0.01s Sys=0.00s Real=0.01s
[2021-05-28T12:10:10.592-0800][gc,start    ] GC(75) Pause Young (Normal) (G1 Evacuation Pause)
[2021-05-28T12:10:10.592-0800][gc,task     ] GC(75) Using 10 workers of 10 for evacuation
[2021-05-28T12:10:10.598-0800][gc,phases   ] GC(75)   Pre Evacuate Collection Set: 0.4ms
[2021-05-28T12:10:10.598-0800][gc,phases   ] GC(75)   Merge Heap Roots: 0.1ms
[2021-05-28T12:10:10.598-0800][gc,phases   ] GC(75)   Evacuate Collection Set: 3.0ms
[2021-05-28T12:10:10.598-0800][gc,phases   ] GC(75)   Post Evacuate Collection Set: 1.6ms
[2021-05-28T12:10:10.598-0800][gc,phases   ] GC(75)   Other: 0.8ms
[2021-05-28T12:10:10.598-0800][gc,heap     ] GC(75) Eden regions: 254->0(255)
[2021-05-28T12:10:10.598-0800][gc,heap     ] GC(75) Survivor regions: 2->1(32)
[2021-05-28T12:10:10.598-0800][gc,heap     ] GC(75) Old regions: 40->40
[2021-05-28T12:10:10.598-0800][gc,heap     ] GC(75) Archive regions: 2->2
[2021-05-28T12:10:10.598-0800][gc,heap     ] GC(75) Humongous regions: 42->42
[2021-05-28T12:10:10.598-0800][gc,metaspace] GC(75) Metaspace: 68574K(70576K)->68574K(70576K) NonClass: 60757K(62128K)->60757K(62128K) Class: 7817K(8448K)->7817K(8448K)
[2021-05-28T12:10:10.598-0800][gc          ] GC(75) Pause Young (Normal) (G1 Evacuation Pause) 336M->82M(512M) 6.061ms
[2021-05-28T12:10:10.598-0800][gc,cpu      ] GC(75) User=0.01s Sys=0.02s Real=0.00s
[2021-05-28T12:12:30.251-0800][gc,start    ] GC(76) Pause Young (Normal) (G1 Evacuation Pause)
[2021-05-28T12:12:30.251-0800][gc,task     ] GC(76) Using 10 workers of 10 for evacuation
[2021-05-28T12:12:30.259-0800][gc,phases   ] GC(76)   Pre Evacuate Collection Set: 0.1ms
[2021-05-28T12:12:30.259-0800][gc,phases   ] GC(76)   Merge Heap Roots: 0.1ms
[2021-05-28T12:12:30.259-0800][gc,phases   ] GC(76)   Evacuate Collection Set: 7.5ms
[2021-05-28T12:12:30.259-0800][gc,phases   ] GC(76)   Post Evacuate Collection Set: 0.4ms
[2021-05-28T12:12:30.259-0800][gc,phases   ] GC(76)   Other: 0.6ms
[2021-05-28T12:12:30.259-0800][gc,heap     ] GC(76) Eden regions: 255->0(254)
[2021-05-28T12:12:30.259-0800][gc,heap     ] GC(76) Survivor regions: 1->2(32)
[2021-05-28T12:12:30.259-0800][gc,heap     ] GC(76) Old regions: 40->40
[2021-05-28T12:12:30.259-0800][gc,heap     ] GC(76) Archive regions: 2->2
[2021-05-28T12:12:30.259-0800][gc,heap     ] GC(76) Humongous regions: 42->42
[2021-05-28T12:12:30.259-0800][gc,metaspace] GC(76) Metaspace: 68574K(70576K)->68574K(70576K) NonClass: 60757K(62128K)->60757K(62128K) Class: 7817K(8448K)->7817K(8448K)
[2021-05-28T12:12:30.259-0800][gc          ] GC(76) Pause Young (Normal) (G1 Evacuation Pause) 337M->82M(512M) 8.842ms
[2021-05-28T12:12:30.259-0800][gc,cpu      ] GC(76) User=0.01s Sys=0.01s Real=0.00s
[2021-05-28T12:14:50.301-0800][gc,start    ] GC(77) Pause Young (Normal) (G1 Evacuation Pause)
[2021-05-28T12:14:50.302-0800][gc,task     ] GC(77) Using 10 workers of 10 for evacuation
[2021-05-28T12:14:50.304-0800][gc,phases   ] GC(77)   Pre Evacuate Collection Set: 0.2ms
[2021-05-28T12:14:50.304-0800][gc,phases   ] GC(77)   Merge Heap Roots: 0.1ms
[2021-05-28T12:14:50.304-0800][gc,phases   ] GC(77)   Evacuate Collection Set: 0.8ms
[2021-05-28T12:14:50.304-0800][gc,phases   ] GC(77)   Post Evacuate Collection Set: 0.4ms
[2021-05-28T12:14:50.304-0800][gc,phases   ] GC(77)   Other: 1.1ms
[2021-05-28T12:14:50.304-0800][gc,heap     ] GC(77) Eden regions: 254->0(254)
[2021-05-28T12:14:50.304-0800][gc,heap     ] GC(77) Survivor regions: 2->2(32)
[2021-05-28T12:14:50.304-0800][gc,heap     ] GC(77) Old regions: 40->40
[2021-05-28T12:14:50.304-0800][gc,heap     ] GC(77) Archive regions: 2->2
[2021-05-28T12:14:50.304-0800][gc,heap     ] GC(77) Humongous regions: 42->42
[2021-05-28T12:14:50.304-0800][gc,metaspace] GC(77) Metaspace: 68574K(70576K)->68574K(70576K) NonClass: 60757K(62128K)->60757K(62128K) Class: 7817K(8448K)->7817K(8448K)
[2021-05-28T12:14:50.304-0800][gc          ] GC(77) Pause Young (Normal) (G1 Evacuation Pause) 336M->82M(512M) 2.751ms
[2021-05-28T12:14:50.304-0800][gc,cpu      ] GC(77) User=0.01s Sys=0.00s Real=0.00s
[2021-05-28T12:17:02.926-0800][gc,start    ] GC(78) Pause Young (Normal) (G1 Evacuation Pause)
[2021-05-28T12:17:02.927-0800][gc,task     ] GC(78) Using 10 workers of 10 for evacuation
[2021-05-28T12:17:02.932-0800][gc,phases   ] GC(78)   Pre Evacuate Collection Set: 1.3ms
[2021-05-28T12:17:02.932-0800][gc,phases   ] GC(78)   Merge Heap Roots: 0.2ms
[2021-05-28T12:17:02.932-0800][gc,phases   ] GC(78)   Evacuate Collection Set: 2.3ms
[2021-05-28T12:17:02.932-0800][gc,phases   ] GC(78)   Post Evacuate Collection Set: 0.7ms
[2021-05-28T12:17:02.932-0800][gc,phases   ] GC(78)   Other: 1.4ms
[2021-05-28T12:17:02.932-0800][gc,heap     ] GC(78) Eden regions: 254->0(255)
[2021-05-28T12:17:02.932-0800][gc,heap     ] GC(78) Survivor regions: 2->1(32)
[2021-05-28T12:17:02.932-0800][gc,heap     ] GC(78) Old regions: 40->40
[2021-05-28T12:17:02.932-0800][gc,heap     ] GC(78) Archive regions: 2->2
[2021-05-28T12:17:02.932-0800][gc,heap     ] GC(78) Humongous regions: 42->42
[2021-05-28T12:17:02.932-0800][gc,metaspace] GC(78) Metaspace: 68574K(70576K)->68574K(70576K) NonClass: 60757K(62128K)->60757K(62128K) Class: 7817K(8448K)->7817K(8448K)
[2021-05-28T12:17:02.932-0800][gc          ] GC(78) Pause Young (Normal) (G1 Evacuation Pause) 336M->82M(512M) 5.986ms
[2021-05-28T12:17:02.932-0800][gc,cpu      ] GC(78) User=0.02s Sys=0.01s Real=0.01s
[2021-05-28T12:19:21.002-0800][gc,start    ] GC(79) Pause Young (Normal) (G1 Evacuation Pause)
[2021-05-28T12:19:21.003-0800][gc,task     ] GC(79) Using 10 workers of 10 for evacuation
[2021-05-28T12:19:21.005-0800][gc,phases   ] GC(79)   Pre Evacuate Collection Set: 0.1ms
[2021-05-28T12:19:21.005-0800][gc,phases   ] GC(79)   Merge Heap Roots: 0.1ms
[2021-05-28T12:19:21.005-0800][gc,phases   ] GC(79)   Evacuate Collection Set: 0.7ms
[2021-05-28T12:19:21.005-0800][gc,phases   ] GC(79)   Post Evacuate Collection Set: 0.4ms
[2021-05-28T12:19:21.005-0800][gc,phases   ] GC(79)   Other: 1.5ms
[2021-05-28T12:19:21.005-0800][gc,heap     ] GC(79) Eden regions: 255->0(255)
[2021-05-28T12:19:21.005-0800][gc,heap     ] GC(79) Survivor regions: 1->1(32)
[2021-05-28T12:19:21.005-0800][gc,heap     ] GC(79) Old regions: 40->40
[2021-05-28T12:19:21.005-0800][gc,heap     ] GC(79) Archive regions: 2->2
[2021-05-28T12:19:21.005-0800][gc,heap     ] GC(79) Humongous regions: 42->42
[2021-05-28T12:19:21.005-0800][gc,metaspace] GC(79) Metaspace: 68574K(70576K)->68574K(70576K) NonClass: 60757K(62128K)->60757K(62128K) Class: 7817K(8448K)->7817K(8448K)
[2021-05-28T12:19:21.005-0800][gc          ] GC(79) Pause Young (Normal) (G1 Evacuation Pause) 337M->82M(512M) 2.932ms
[2021-05-28T12:19:21.005-0800][gc,cpu      ] GC(79) User=0.01s Sys=0.00s Real=0.00s
[2021-05-28T12:21:40.730-0800][gc,start    ] GC(80) Pause Young (Normal) (G1 Evacuation Pause)
[2021-05-28T12:21:40.731-0800][gc,task     ] GC(80) Using 10 workers of 10 for evacuation
[2021-05-28T12:21:40.732-0800][gc,phases   ] GC(80)   Pre Evacuate Collection Set: 0.1ms
[2021-05-28T12:21:40.732-0800][gc,phases   ] GC(80)   Merge Heap Roots: 0.1ms
[2021-05-28T12:21:40.732-0800][gc,phases   ] GC(80)   Evacuate Collection Set: 1.1ms
[2021-05-28T12:21:40.732-0800][gc,phases   ] GC(80)   Post Evacuate Collection Set: 0.4ms
[2021-05-28T12:21:40.732-0800][gc,phases   ] GC(80)   Other: 0.6ms
[2021-05-28T12:21:40.733-0800][gc,heap     ] GC(80) Eden regions: 255->0(255)
[2021-05-28T12:21:40.733-0800][gc,heap     ] GC(80) Survivor regions: 1->1(32)
[2021-05-28T12:21:40.733-0800][gc,heap     ] GC(80) Old regions: 40->40
[2021-05-28T12:21:40.733-0800][gc,heap     ] GC(80) Archive regions: 2->2
[2021-05-28T12:21:40.733-0800][gc,heap     ] GC(80) Humongous regions: 42->42
[2021-05-28T12:21:40.733-0800][gc,metaspace] GC(80) Metaspace: 68575K(70576K)->68575K(70576K) NonClass: 60757K(62128K)->60757K(62128K) Class: 7817K(8448K)->7817K(8448K)
[2021-05-28T12:21:40.733-0800][gc          ] GC(80) Pause Young (Normal) (G1 Evacuation Pause) 337M->82M(512M) 2.367ms
[2021-05-28T12:21:40.733-0800][gc,cpu      ] GC(80) User=0.01s Sys=0.00s Real=0.00s
[2021-05-28T12:24:00.755-0800][gc,start    ] GC(81) Pause Young (Normal) (G1 Evacuation Pause)
[2021-05-28T12:24:00.755-0800][gc,task     ] GC(81) Using 10 workers of 10 for evacuation
[2021-05-28T12:24:00.756-0800][gc,phases   ] GC(81)   Pre Evacuate Collection Set: 0.1ms
[2021-05-28T12:24:00.756-0800][gc,phases   ] GC(81)   Merge Heap Roots: 0.1ms
[2021-05-28T12:24:00.756-0800][gc,phases   ] GC(81)   Evacuate Collection Set: 0.7ms
[2021-05-28T12:24:00.756-0800][gc,phases   ] GC(81)   Post Evacuate Collection Set: 0.3ms
[2021-05-28T12:24:00.756-0800][gc,phases   ] GC(81)   Other: 0.6ms
[2021-05-28T12:24:00.756-0800][gc,heap     ] GC(81) Eden regions: 255->0(255)
[2021-05-28T12:24:00.756-0800][gc,heap     ] GC(81) Survivor regions: 1->1(32)
[2021-05-28T12:24:00.756-0800][gc,heap     ] GC(81) Old regions: 40->40
[2021-05-28T12:24:00.756-0800][gc,heap     ] GC(81) Archive regions: 2->2
[2021-05-28T12:24:00.757-0800][gc,heap     ] GC(81) Humongous regions: 42->42
[2021-05-28T12:24:00.757-0800][gc,metaspace] GC(81) Metaspace: 68575K(70576K)->68575K(70576K) NonClass: 60757K(62128K)->60757K(62128K) Class: 7817K(8448K)->7817K(8448K)
[2021-05-28T12:24:00.757-0800][gc          ] GC(81) Pause Young (Normal) (G1 Evacuation Pause) 337M->82M(512M) 1.921ms
[2021-05-28T12:24:00.757-0800][gc,cpu      ] GC(81) User=0.01s Sys=0.00s Real=0.00s
[2021-05-28T12:26:15.073-0800][gc,start    ] GC(82) Pause Young (Normal) (G1 Evacuation Pause)
[2021-05-28T12:26:15.073-0800][gc,task     ] GC(82) Using 10 workers of 10 for evacuation
[2021-05-28T12:26:15.076-0800][gc,phases   ] GC(82)   Pre Evacuate Collection Set: 0.2ms
[2021-05-28T12:26:15.076-0800][gc,phases   ] GC(82)   Merge Heap Roots: 0.1ms
[2021-05-28T12:26:15.076-0800][gc,phases   ] GC(82)   Evacuate Collection Set: 1.1ms
[2021-05-28T12:26:15.076-0800][gc,phases   ] GC(82)   Post Evacuate Collection Set: 1.3ms
[2021-05-28T12:26:15.076-0800][gc,phases   ] GC(82)   Other: 0.9ms
[2021-05-28T12:26:15.076-0800][gc,heap     ] GC(82) Eden regions: 255->0(255)
[2021-05-28T12:26:15.076-0800][gc,heap     ] GC(82) Survivor regions: 1->1(32)
[2021-05-28T12:26:15.076-0800][gc,heap     ] GC(82) Old regions: 40->40
[2021-05-28T12:26:15.076-0800][gc,heap     ] GC(82) Archive regions: 2->2
[2021-05-28T12:26:15.076-0800][gc,heap     ] GC(82) Humongous regions: 42->42
[2021-05-28T12:26:15.076-0800][gc,metaspace] GC(82) Metaspace: 68575K(70576K)->68575K(70576K) NonClass: 60757K(62128K)->60757K(62128K) Class: 7817K(8448K)->7817K(8448K)
[2021-05-28T12:26:15.076-0800][gc          ] GC(82) Pause Young (Normal) (G1 Evacuation Pause) 337M->82M(512M) 3.847ms
[2021-05-28T12:26:15.076-0800][gc,cpu      ] GC(82) User=0.01s Sys=0.00s Real=0.00s
[2021-05-28T12:28:32.354-0800][gc,start    ] GC(83) Pause Young (Normal) (G1 Evacuation Pause)
[2021-05-28T12:28:32.356-0800][gc,task     ] GC(83) Using 10 workers of 10 for evacuation
[2021-05-28T12:28:32.358-0800][gc,phases   ] GC(83)   Pre Evacuate Collection Set: 0.2ms
[2021-05-28T12:28:32.358-0800][gc,phases   ] GC(83)   Merge Heap Roots: 0.1ms
[2021-05-28T12:28:32.358-0800][gc,phases   ] GC(83)   Evacuate Collection Set: 1.0ms
[2021-05-28T12:28:32.358-0800][gc,phases   ] GC(83)   Post Evacuate Collection Set: 0.6ms
[2021-05-28T12:28:32.358-0800][gc,phases   ] GC(83)   Other: 1.6ms
[2021-05-28T12:28:32.358-0800][gc,heap     ] GC(83) Eden regions: 255->0(255)
[2021-05-28T12:28:32.358-0800][gc,heap     ] GC(83) Survivor regions: 1->1(32)
[2021-05-28T12:28:32.358-0800][gc,heap     ] GC(83) Old regions: 40->40
[2021-05-28T12:28:32.358-0800][gc,heap     ] GC(83) Archive regions: 2->2
[2021-05-28T12:28:32.358-0800][gc,heap     ] GC(83) Humongous regions: 42->42
[2021-05-28T12:28:32.358-0800][gc,metaspace] GC(83) Metaspace: 68575K(70576K)->68575K(70576K) NonClass: 60757K(62128K)->60757K(62128K) Class: 7817K(8448K)->7817K(8448K)
[2021-05-28T12:28:32.358-0800][gc          ] GC(83) Pause Young (Normal) (G1 Evacuation Pause) 337M->82M(512M) 3.811ms
[2021-05-28T12:28:32.358-0800][gc,cpu      ] GC(83) User=0.01s Sys=0.01s Real=0.00s
[2021-05-28T12:30:51.130-0800][gc,start    ] GC(84) Pause Young (Normal) (G1 Evacuation Pause)
[2021-05-28T12:30:51.131-0800][gc,task     ] GC(84) Using 10 workers of 10 for evacuation
[2021-05-28T12:30:51.133-0800][gc,phases   ] GC(84)   Pre Evacuate Collection Set: 0.2ms
[2021-05-28T12:30:51.133-0800][gc,phases   ] GC(84)   Merge Heap Roots: 0.1ms
[2021-05-28T12:30:51.133-0800][gc,phases   ] GC(84)   Evacuate Collection Set: 1.0ms
[2021-05-28T12:30:51.133-0800][gc,phases   ] GC(84)   Post Evacuate Collection Set: 1.0ms
[2021-05-28T12:30:51.133-0800][gc,phases   ] GC(84)   Other: 0.6ms
[2021-05-28T12:30:51.133-0800][gc,heap     ] GC(84) Eden regions: 255->0(255)
[2021-05-28T12:30:51.133-0800][gc,heap     ] GC(84) Survivor regions: 1->1(32)
[2021-05-28T12:30:51.133-0800][gc,heap     ] GC(84) Old regions: 40->40
[2021-05-28T12:30:51.133-0800][gc,heap     ] GC(84) Archive regions: 2->2
[2021-05-28T12:30:51.133-0800][gc,heap     ] GC(84) Humongous regions: 42->42
[2021-05-28T12:30:51.133-0800][gc,metaspace] GC(84) Metaspace: 68577K(70576K)->68577K(70576K) NonClass: 60760K(62128K)->60760K(62128K) Class: 7817K(8448K)->7817K(8448K)
[2021-05-28T12:30:51.133-0800][gc          ] GC(84) Pause Young (Normal) (G1 Evacuation Pause) 337M->82M(512M) 2.964ms
[2021-05-28T12:30:51.133-0800][gc,cpu      ] GC(84) User=0.01s Sys=0.01s Real=0.00s
[2021-05-28T12:33:11.089-0800][gc,start    ] GC(85) Pause Young (Normal) (G1 Evacuation Pause)
[2021-05-28T12:33:11.089-0800][gc,task     ] GC(85) Using 10 workers of 10 for evacuation
[2021-05-28T12:33:11.091-0800][gc,phases   ] GC(85)   Pre Evacuate Collection Set: 0.2ms
[2021-05-28T12:33:11.091-0800][gc,phases   ] GC(85)   Merge Heap Roots: 0.1ms
[2021-05-28T12:33:11.091-0800][gc,phases   ] GC(85)   Evacuate Collection Set: 0.8ms
[2021-05-28T12:33:11.091-0800][gc,phases   ] GC(85)   Post Evacuate Collection Set: 0.4ms
[2021-05-28T12:33:11.091-0800][gc,phases   ] GC(85)   Other: 0.7ms
[2021-05-28T12:33:11.091-0800][gc,heap     ] GC(85) Eden regions: 255->0(255)
[2021-05-28T12:33:11.091-0800][gc,heap     ] GC(85) Survivor regions: 1->1(32)
[2021-05-28T12:33:11.091-0800][gc,heap     ] GC(85) Old regions: 40->40
[2021-05-28T12:33:11.091-0800][gc,heap     ] GC(85) Archive regions: 2->2
[2021-05-28T12:33:11.091-0800][gc,heap     ] GC(85) Humongous regions: 42->42
[2021-05-28T12:33:11.091-0800][gc,metaspace] GC(85) Metaspace: 68577K(70576K)->68577K(70576K) NonClass: 60760K(62128K)->60760K(62128K) Class: 7817K(8448K)->7817K(8448K)
[2021-05-28T12:33:11.091-0800][gc          ] GC(85) Pause Young (Normal) (G1 Evacuation Pause) 337M->82M(512M) 2.423ms
[2021-05-28T12:33:11.091-0800][gc,cpu      ] GC(85) User=0.01s Sys=0.00s Real=0.01s
[2021-05-28T12:35:30.340-0800][gc,start    ] GC(86) Pause Young (Normal) (G1 Evacuation Pause)
[2021-05-28T12:35:30.341-0800][gc,task     ] GC(86) Using 10 workers of 10 for evacuation
[2021-05-28T12:35:30.344-0800][gc,phases   ] GC(86)   Pre Evacuate Collection Set: 0.2ms
[2021-05-28T12:35:30.344-0800][gc,phases   ] GC(86)   Merge Heap Roots: 0.8ms
[2021-05-28T12:35:30.344-0800][gc,phases   ] GC(86)   Evacuate Collection Set: 1.0ms
[2021-05-28T12:35:30.344-0800][gc,phases   ] GC(86)   Post Evacuate Collection Set: 0.4ms
[2021-05-28T12:35:30.344-0800][gc,phases   ] GC(86)   Other: 0.7ms
[2021-05-28T12:35:30.344-0800][gc,heap     ] GC(86) Eden regions: 255->0(255)
[2021-05-28T12:35:30.344-0800][gc,heap     ] GC(86) Survivor regions: 1->1(32)
[2021-05-28T12:35:30.344-0800][gc,heap     ] GC(86) Old regions: 40->40
[2021-05-28T12:35:30.344-0800][gc,heap     ] GC(86) Archive regions: 2->2
[2021-05-28T12:35:30.344-0800][gc,heap     ] GC(86) Humongous regions: 42->42
[2021-05-28T12:35:30.344-0800][gc,metaspace] GC(86) Metaspace: 68577K(70576K)->68577K(70576K) NonClass: 60760K(62128K)->60760K(62128K) Class: 7817K(8448K)->7817K(8448K)
[2021-05-28T12:35:30.344-0800][gc          ] GC(86) Pause Young (Normal) (G1 Evacuation Pause) 337M->82M(512M) 3.374ms
[2021-05-28T12:35:30.344-0800][gc,cpu      ] GC(86) User=0.01s Sys=0.01s Real=0.00s
[2021-05-28T12:37:43.590-0800][gc,start    ] GC(87) Pause Young (Normal) (G1 Evacuation Pause)
[2021-05-28T12:37:43.591-0800][gc,task     ] GC(87) Using 10 workers of 10 for evacuation
[2021-05-28T12:37:43.593-0800][gc,phases   ] GC(87)   Pre Evacuate Collection Set: 0.2ms
[2021-05-28T12:37:43.593-0800][gc,phases   ] GC(87)   Merge Heap Roots: 0.1ms
[2021-05-28T12:37:43.593-0800][gc,phases   ] GC(87)   Evacuate Collection Set: 1.2ms
[2021-05-28T12:37:43.593-0800][gc,phases   ] GC(87)   Post Evacuate Collection Set: 0.5ms
[2021-05-28T12:37:43.593-0800][gc,phases   ] GC(87)   Other: 0.8ms
[2021-05-28T12:37:43.593-0800][gc,heap     ] GC(87) Eden regions: 255->0(255)
[2021-05-28T12:37:43.593-0800][gc,heap     ] GC(87) Survivor regions: 1->1(32)
[2021-05-28T12:37:43.593-0800][gc,heap     ] GC(87) Old regions: 40->40
[2021-05-28T12:37:43.593-0800][gc,heap     ] GC(87) Archive regions: 2->2
[2021-05-28T12:37:43.593-0800][gc,heap     ] GC(87) Humongous regions: 42->42
[2021-05-28T12:37:43.593-0800][gc,metaspace] GC(87) Metaspace: 68577K(70576K)->68577K(70576K) NonClass: 60760K(62128K)->60760K(62128K) Class: 7817K(8448K)->7817K(8448K)
[2021-05-28T12:37:43.593-0800][gc          ] GC(87) Pause Young (Normal) (G1 Evacuation Pause) 337M->82M(512M) 2.874ms
[2021-05-28T12:37:43.593-0800][gc,cpu      ] GC(87) User=0.01s Sys=0.00s Real=0.00s
[2021-05-28T12:40:01.842-0800][gc,start    ] GC(88) Pause Young (Normal) (G1 Evacuation Pause)
[2021-05-28T12:40:01.843-0800][gc,task     ] GC(88) Using 10 workers of 10 for evacuation
[2021-05-28T12:40:01.844-0800][gc,phases   ] GC(88)   Pre Evacuate Collection Set: 0.1ms
[2021-05-28T12:40:01.844-0800][gc,phases   ] GC(88)   Merge Heap Roots: 0.1ms
[2021-05-28T12:40:01.844-0800][gc,phases   ] GC(88)   Evacuate Collection Set: 0.7ms
[2021-05-28T12:40:01.844-0800][gc,phases   ] GC(88)   Post Evacuate Collection Set: 0.3ms
[2021-05-28T12:40:01.844-0800][gc,phases   ] GC(88)   Other: 0.5ms
[2021-05-28T12:40:01.844-0800][gc,heap     ] GC(88) Eden regions: 255->0(255)
[2021-05-28T12:40:01.844-0800][gc,heap     ] GC(88) Survivor regions: 1->1(32)
[2021-05-28T12:40:01.844-0800][gc,heap     ] GC(88) Old regions: 40->40
[2021-05-28T12:40:01.844-0800][gc,heap     ] GC(88) Archive regions: 2->2
[2021-05-28T12:40:01.844-0800][gc,heap     ] GC(88) Humongous regions: 42->42
[2021-05-28T12:40:01.844-0800][gc,metaspace] GC(88) Metaspace: 68581K(70576K)->68581K(70576K) NonClass: 60763K(62128K)->60763K(62128K) Class: 7817K(8448K)->7817K(8448K)
[2021-05-28T12:40:01.844-0800][gc          ] GC(88) Pause Young (Normal) (G1 Evacuation Pause) 337M->82M(512M) 2.112ms
[2021-05-28T12:40:01.844-0800][gc,cpu      ] GC(88) User=0.01s Sys=0.00s Real=0.00s
[2021-05-28T12:42:21.531-0800][gc,start    ] GC(89) Pause Young (Normal) (G1 Evacuation Pause)
[2021-05-28T12:42:21.531-0800][gc,task     ] GC(89) Using 10 workers of 10 for evacuation
[2021-05-28T12:42:21.535-0800][gc,phases   ] GC(89)   Pre Evacuate Collection Set: 0.2ms
[2021-05-28T12:42:21.535-0800][gc,phases   ] GC(89)   Merge Heap Roots: 0.1ms
[2021-05-28T12:42:21.535-0800][gc,phases   ] GC(89)   Evacuate Collection Set: 1.9ms
[2021-05-28T12:42:21.535-0800][gc,phases   ] GC(89)   Post Evacuate Collection Set: 0.7ms
[2021-05-28T12:42:21.535-0800][gc,phases   ] GC(89)   Other: 0.7ms
[2021-05-28T12:42:21.535-0800][gc,heap     ] GC(89) Eden regions: 255->0(255)
[2021-05-28T12:42:21.535-0800][gc,heap     ] GC(89) Survivor regions: 1->1(32)
[2021-05-28T12:42:21.535-0800][gc,heap     ] GC(89) Old regions: 40->40
[2021-05-28T12:42:21.535-0800][gc,heap     ] GC(89) Archive regions: 2->2
[2021-05-28T12:42:21.535-0800][gc,heap     ] GC(89) Humongous regions: 42->42
[2021-05-28T12:42:21.535-0800][gc,metaspace] GC(89) Metaspace: 68581K(70576K)->68581K(70576K) NonClass: 60763K(62128K)->60763K(62128K) Class: 7817K(8448K)->7817K(8448K)
[2021-05-28T12:42:21.535-0800][gc          ] GC(89) Pause Young (Normal) (G1 Evacuation Pause) 337M->83M(512M) 4.028ms
[2021-05-28T12:42:21.535-0800][gc,cpu      ] GC(89) User=0.01s Sys=0.00s Real=0.00s
[2021-05-28T12:44:41.450-0800][gc,start    ] GC(90) Pause Young (Normal) (G1 Evacuation Pause)
[2021-05-28T12:44:41.450-0800][gc,task     ] GC(90) Using 10 workers of 10 for evacuation
[2021-05-28T12:44:41.452-0800][gc,phases   ] GC(90)   Pre Evacuate Collection Set: 0.1ms
[2021-05-28T12:44:41.452-0800][gc,phases   ] GC(90)   Merge Heap Roots: 0.1ms
[2021-05-28T12:44:41.452-0800][gc,phases   ] GC(90)   Evacuate Collection Set: 0.7ms
[2021-05-28T12:44:41.452-0800][gc,phases   ] GC(90)   Post Evacuate Collection Set: 0.4ms
[2021-05-28T12:44:41.452-0800][gc,phases   ] GC(90)   Other: 0.6ms
[2021-05-28T12:44:41.452-0800][gc,heap     ] GC(90) Eden regions: 255->0(255)
[2021-05-28T12:44:41.452-0800][gc,heap     ] GC(90) Survivor regions: 1->1(32)
[2021-05-28T12:44:41.452-0800][gc,heap     ] GC(90) Old regions: 40->40
[2021-05-28T12:44:41.452-0800][gc,heap     ] GC(90) Archive regions: 2->2
[2021-05-28T12:44:41.452-0800][gc,heap     ] GC(90) Humongous regions: 42->42
[2021-05-28T12:44:41.452-0800][gc,metaspace] GC(90) Metaspace: 68581K(70576K)->68581K(70576K) NonClass: 60763K(62128K)->60763K(62128K) Class: 7817K(8448K)->7817K(8448K)
[2021-05-28T12:44:41.452-0800][gc          ] GC(90) Pause Young (Normal) (G1 Evacuation Pause) 338M->83M(512M) 2.017ms
[2021-05-28T12:44:41.452-0800][gc,cpu      ] GC(90) User=0.00s Sys=0.00s Real=0.00s
[2021-05-28T12:46:58.481-0800][gc,start    ] GC(91) Pause Young (Normal) (G1 Evacuation Pause)
[2021-05-28T12:46:58.482-0800][gc,task     ] GC(91) Using 10 workers of 10 for evacuation
[2021-05-28T12:46:58.483-0800][gc,phases   ] GC(91)   Pre Evacuate Collection Set: 0.2ms
[2021-05-28T12:46:58.483-0800][gc,phases   ] GC(91)   Merge Heap Roots: 0.1ms
[2021-05-28T12:46:58.483-0800][gc,phases   ] GC(91)   Evacuate Collection Set: 0.9ms
[2021-05-28T12:46:58.483-0800][gc,phases   ] GC(91)   Post Evacuate Collection Set: 0.4ms
[2021-05-28T12:46:58.483-0800][gc,phases   ] GC(91)   Other: 0.7ms
[2021-05-28T12:46:58.483-0800][gc,heap     ] GC(91) Eden regions: 255->0(255)
[2021-05-28T12:46:58.483-0800][gc,heap     ] GC(91) Survivor regions: 1->1(32)
[2021-05-28T12:46:58.483-0800][gc,heap     ] GC(91) Old regions: 40->40
[2021-05-28T12:46:58.483-0800][gc,heap     ] GC(91) Archive regions: 2->2
[2021-05-28T12:46:58.483-0800][gc,heap     ] GC(91) Humongous regions: 42->42
[2021-05-28T12:46:58.483-0800][gc,metaspace] GC(91) Metaspace: 68581K(70576K)->68581K(70576K) NonClass: 60763K(62128K)->60763K(62128K) Class: 7817K(8448K)->7817K(8448K)
[2021-05-28T12:46:58.484-0800][gc          ] GC(91) Pause Young (Normal) (G1 Evacuation Pause) 338M->82M(512M) 2.433ms
[2021-05-28T12:46:58.484-0800][gc,cpu      ] GC(91) User=0.01s Sys=0.00s Real=0.00s
[2021-05-28T12:49:13.340-0800][gc,start    ] GC(92) Pause Young (Normal) (G1 Evacuation Pause)
[2021-05-28T12:49:13.340-0800][gc,task     ] GC(92) Using 10 workers of 10 for evacuation
[2021-05-28T12:49:13.342-0800][gc,phases   ] GC(92)   Pre Evacuate Collection Set: 0.2ms
[2021-05-28T12:49:13.342-0800][gc,phases   ] GC(92)   Merge Heap Roots: 0.1ms
[2021-05-28T12:49:13.342-0800][gc,phases   ] GC(92)   Evacuate Collection Set: 0.9ms
[2021-05-28T12:49:13.342-0800][gc,phases   ] GC(92)   Post Evacuate Collection Set: 0.5ms
[2021-05-28T12:49:13.342-0800][gc,phases   ] GC(92)   Other: 0.6ms
[2021-05-28T12:49:13.342-0800][gc,heap     ] GC(92) Eden regions: 255->0(255)
[2021-05-28T12:49:13.342-0800][gc,heap     ] GC(92) Survivor regions: 1->1(32)
[2021-05-28T12:49:13.342-0800][gc,heap     ] GC(92) Old regions: 40->40
[2021-05-28T12:49:13.342-0800][gc,heap     ] GC(92) Archive regions: 2->2
[2021-05-28T12:49:13.342-0800][gc,heap     ] GC(92) Humongous regions: 42->42
[2021-05-28T12:49:13.342-0800][gc,metaspace] GC(92) Metaspace: 68582K(70576K)->68582K(70576K) NonClass: 60764K(62128K)->60764K(62128K) Class: 7817K(8448K)->7817K(8448K)
[2021-05-28T12:49:13.342-0800][gc          ] GC(92) Pause Young (Normal) (G1 Evacuation Pause) 337M->82M(512M) 2.489ms
[2021-05-28T12:49:13.342-0800][gc,cpu      ] GC(92) User=0.01s Sys=0.00s Real=0.00s
[2021-05-28T12:51:31.884-0800][gc,start    ] GC(93) Pause Young (Normal) (G1 Evacuation Pause)
[2021-05-28T12:51:31.885-0800][gc,task     ] GC(93) Using 10 workers of 10 for evacuation
[2021-05-28T12:51:31.887-0800][gc,phases   ] GC(93)   Pre Evacuate Collection Set: 0.1ms
[2021-05-28T12:51:31.887-0800][gc,phases   ] GC(93)   Merge Heap Roots: 0.1ms
[2021-05-28T12:51:31.887-0800][gc,phases   ] GC(93)   Evacuate Collection Set: 1.3ms
[2021-05-28T12:51:31.887-0800][gc,phases   ] GC(93)   Post Evacuate Collection Set: 0.3ms
[2021-05-28T12:51:31.887-0800][gc,phases   ] GC(93)   Other: 0.5ms
[2021-05-28T12:51:31.887-0800][gc,heap     ] GC(93) Eden regions: 255->0(255)
[2021-05-28T12:51:31.887-0800][gc,heap     ] GC(93) Survivor regions: 1->1(32)
[2021-05-28T12:51:31.887-0800][gc,heap     ] GC(93) Old regions: 40->40
[2021-05-28T12:51:31.887-0800][gc,heap     ] GC(93) Archive regions: 2->2
[2021-05-28T12:51:31.887-0800][gc,heap     ] GC(93) Humongous regions: 42->42
[2021-05-28T12:51:31.887-0800][gc,metaspace] GC(93) Metaspace: 68590K(70576K)->68590K(70576K) NonClass: 60772K(62128K)->60772K(62128K) Class: 7817K(8448K)->7817K(8448K)
[2021-05-28T12:51:31.887-0800][gc          ] GC(93) Pause Young (Normal) (G1 Evacuation Pause) 337M->82M(512M) 2.367ms
[2021-05-28T12:51:31.887-0800][gc,cpu      ] GC(93) User=0.01s Sys=0.00s Real=0.00s
[2021-05-28T12:53:51.905-0800][gc,start    ] GC(94) Pause Young (Normal) (G1 Evacuation Pause)
[2021-05-28T12:53:51.905-0800][gc,task     ] GC(94) Using 10 workers of 10 for evacuation
[2021-05-28T12:53:51.907-0800][gc,phases   ] GC(94)   Pre Evacuate Collection Set: 0.1ms
[2021-05-28T12:53:51.907-0800][gc,phases   ] GC(94)   Merge Heap Roots: 0.1ms
[2021-05-28T12:53:51.907-0800][gc,phases   ] GC(94)   Evacuate Collection Set: 1.1ms
[2021-05-28T12:53:51.907-0800][gc,phases   ] GC(94)   Post Evacuate Collection Set: 0.8ms
[2021-05-28T12:53:51.907-0800][gc,phases   ] GC(94)   Other: 0.5ms
[2021-05-28T12:53:51.907-0800][gc,heap     ] GC(94) Eden regions: 255->0(255)
[2021-05-28T12:53:51.907-0800][gc,heap     ] GC(94) Survivor regions: 1->1(32)
[2021-05-28T12:53:51.907-0800][gc,heap     ] GC(94) Old regions: 40->40
[2021-05-28T12:53:51.907-0800][gc,heap     ] GC(94) Archive regions: 2->2
[2021-05-28T12:53:51.907-0800][gc,heap     ] GC(94) Humongous regions: 42->42
[2021-05-28T12:53:51.907-0800][gc,metaspace] GC(94) Metaspace: 68590K(70576K)->68590K(70576K) NonClass: 60772K(62128K)->60772K(62128K) Class: 7817K(8448K)->7817K(8448K)
[2021-05-28T12:53:51.908-0800][gc          ] GC(94) Pause Young (Normal) (G1 Evacuation Pause) 337M->83M(512M) 2.796ms
[2021-05-28T12:53:51.908-0800][gc,cpu      ] GC(94) User=0.01s Sys=0.00s Real=0.00s
[2021-05-28T12:56:11.674-0800][gc,start    ] GC(95) Pause Young (Normal) (G1 Evacuation Pause)
[2021-05-28T12:56:11.675-0800][gc,task     ] GC(95) Using 10 workers of 10 for evacuation
[2021-05-28T12:56:11.677-0800][gc,phases   ] GC(95)   Pre Evacuate Collection Set: 0.2ms
[2021-05-28T12:56:11.677-0800][gc,phases   ] GC(95)   Merge Heap Roots: 0.1ms
[2021-05-28T12:56:11.677-0800][gc,phases   ] GC(95)   Evacuate Collection Set: 1.1ms
[2021-05-28T12:56:11.677-0800][gc,phases   ] GC(95)   Post Evacuate Collection Set: 0.5ms
[2021-05-28T12:56:11.677-0800][gc,phases   ] GC(95)   Other: 0.8ms
[2021-05-28T12:56:11.677-0800][gc,heap     ] GC(95) Eden regions: 255->0(255)
[2021-05-28T12:56:11.677-0800][gc,heap     ] GC(95) Survivor regions: 1->1(32)
[2021-05-28T12:56:11.677-0800][gc,heap     ] GC(95) Old regions: 40->40
[2021-05-28T12:56:11.677-0800][gc,heap     ] GC(95) Archive regions: 2->2
[2021-05-28T12:56:11.677-0800][gc,heap     ] GC(95) Humongous regions: 42->42
[2021-05-28T12:56:11.677-0800][gc,metaspace] GC(95) Metaspace: 68590K(70576K)->68590K(70576K) NonClass: 60772K(62128K)->60772K(62128K) Class: 7817K(8448K)->7817K(8448K)
[2021-05-28T12:56:11.677-0800][gc          ] GC(95) Pause Young (Normal) (G1 Evacuation Pause) 338M->83M(512M) 2.869ms
[2021-05-28T12:56:11.677-0800][gc,cpu      ] GC(95) User=0.01s Sys=0.01s Real=0.00s
[2021-05-28T12:58:26.209-0800][gc,start    ] GC(96) Pause Young (Normal) (G1 Evacuation Pause)
[2021-05-28T12:58:26.209-0800][gc,task     ] GC(96) Using 10 workers of 10 for evacuation
[2021-05-28T12:58:26.212-0800][gc,phases   ] GC(96)   Pre Evacuate Collection Set: 0.2ms
[2021-05-28T12:58:26.212-0800][gc,phases   ] GC(96)   Merge Heap Roots: 0.1ms
[2021-05-28T12:58:26.212-0800][gc,phases   ] GC(96)   Evacuate Collection Set: 2.2ms
[2021-05-28T12:58:26.212-0800][gc,phases   ] GC(96)   Post Evacuate Collection Set: 0.4ms
[2021-05-28T12:58:26.212-0800][gc,phases   ] GC(96)   Other: 0.5ms
[2021-05-28T12:58:26.212-0800][gc,heap     ] GC(96) Eden regions: 255->0(255)
[2021-05-28T12:58:26.212-0800][gc,heap     ] GC(96) Survivor regions: 1->1(32)
[2021-05-28T12:58:26.212-0800][gc,heap     ] GC(96) Old regions: 40->40
[2021-05-28T12:58:26.212-0800][gc,heap     ] GC(96) Archive regions: 2->2
[2021-05-28T12:58:26.212-0800][gc,heap     ] GC(96) Humongous regions: 42->42
[2021-05-28T12:58:26.212-0800][gc,metaspace] GC(96) Metaspace: 68590K(70576K)->68590K(70576K) NonClass: 60772K(62128K)->60772K(62128K) Class: 7817K(8448K)->7817K(8448K)
[2021-05-28T12:58:26.212-0800][gc          ] GC(96) Pause Young (Normal) (G1 Evacuation Pause) 338M->83M(512M) 3.358ms
[2021-05-28T12:58:26.212-0800][gc,cpu      ] GC(96) User=0.01s Sys=0.00s Real=0.01s
[2021-05-28T13:33:32.905-0800][gc,start    ] GC(97) Pause Young (Normal) (G1 Evacuation Pause)
[2021-05-28T13:33:32.906-0800][gc,task     ] GC(97) Using 10 workers of 10 for evacuation
[2021-05-28T13:33:32.913-0800][gc,phases   ] GC(97)   Pre Evacuate Collection Set: 1.0ms
[2021-05-28T13:33:32.913-0800][gc,phases   ] GC(97)   Merge Heap Roots: 0.4ms
[2021-05-28T13:33:32.913-0800][gc,phases   ] GC(97)   Evacuate Collection Set: 2.9ms
[2021-05-28T13:33:32.913-0800][gc,phases   ] GC(97)   Post Evacuate Collection Set: 2.0ms
[2021-05-28T13:33:32.913-0800][gc,phases   ] GC(97)   Other: 1.3ms
[2021-05-28T13:33:32.913-0800][gc,heap     ] GC(97) Eden regions: 255->0(255)
[2021-05-28T13:33:32.913-0800][gc,heap     ] GC(97) Survivor regions: 1->1(32)
[2021-05-28T13:33:32.913-0800][gc,heap     ] GC(97) Old regions: 40->40
[2021-05-28T13:33:32.913-0800][gc,heap     ] GC(97) Archive regions: 2->2
[2021-05-28T13:33:32.913-0800][gc,heap     ] GC(97) Humongous regions: 42->42
[2021-05-28T13:33:32.913-0800][gc,metaspace] GC(97) Metaspace: 68602K(70576K)->68602K(70576K) NonClass: 60785K(62128K)->60785K(62128K) Class: 7817K(8448K)->7817K(8448K)
[2021-05-28T13:33:32.914-0800][gc          ] GC(97) Pause Young (Normal) (G1 Evacuation Pause) 338M->83M(512M) 8.153ms
[2021-05-28T13:33:32.914-0800][gc,cpu      ] GC(97) User=0.03s Sys=0.02s Real=0.01s
[2021-05-28T13:36:13.545-0800][gc,start    ] GC(98) Pause Young (Normal) (G1 Evacuation Pause)
[2021-05-28T13:36:13.546-0800][gc,task     ] GC(98) Using 10 workers of 10 for evacuation
[2021-05-28T13:36:13.548-0800][gc,phases   ] GC(98)   Pre Evacuate Collection Set: 0.1ms
[2021-05-28T13:36:13.548-0800][gc,phases   ] GC(98)   Merge Heap Roots: 0.1ms
[2021-05-28T13:36:13.548-0800][gc,phases   ] GC(98)   Evacuate Collection Set: 1.7ms
[2021-05-28T13:36:13.548-0800][gc,phases   ] GC(98)   Post Evacuate Collection Set: 0.4ms
[2021-05-28T13:36:13.548-0800][gc,phases   ] GC(98)   Other: 0.7ms
[2021-05-28T13:36:13.548-0800][gc,heap     ] GC(98) Eden regions: 255->0(255)
[2021-05-28T13:36:13.548-0800][gc,heap     ] GC(98) Survivor regions: 1->1(32)
[2021-05-28T13:36:13.548-0800][gc,heap     ] GC(98) Old regions: 40->40
[2021-05-28T13:36:13.548-0800][gc,heap     ] GC(98) Archive regions: 2->2
[2021-05-28T13:36:13.548-0800][gc,heap     ] GC(98) Humongous regions: 42->42
[2021-05-28T13:36:13.548-0800][gc,metaspace] GC(98) Metaspace: 68615K(70576K)->68615K(70576K) NonClass: 60795K(62128K)->60795K(62128K) Class: 7819K(8448K)->7819K(8448K)
[2021-05-28T13:36:13.548-0800][gc          ] GC(98) Pause Young (Normal) (G1 Evacuation Pause) 338M->83M(512M) 3.114ms
[2021-05-28T13:36:13.548-0800][gc,cpu      ] GC(98) User=0.01s Sys=0.00s Real=0.00s
[2021-05-28T13:38:33.603-0800][gc,start    ] GC(99) Pause Young (Normal) (G1 Evacuation Pause)
[2021-05-28T13:38:33.603-0800][gc,task     ] GC(99) Using 10 workers of 10 for evacuation
[2021-05-28T13:38:33.605-0800][gc,phases   ] GC(99)   Pre Evacuate Collection Set: 0.1ms
[2021-05-28T13:38:33.605-0800][gc,phases   ] GC(99)   Merge Heap Roots: 0.1ms
[2021-05-28T13:38:33.605-0800][gc,phases   ] GC(99)   Evacuate Collection Set: 1.1ms
[2021-05-28T13:38:33.605-0800][gc,phases   ] GC(99)   Post Evacuate Collection Set: 0.5ms
[2021-05-28T13:38:33.605-0800][gc,phases   ] GC(99)   Other: 0.5ms
[2021-05-28T13:38:33.605-0800][gc,heap     ] GC(99) Eden regions: 255->0(255)
[2021-05-28T13:38:33.605-0800][gc,heap     ] GC(99) Survivor regions: 1->1(32)
[2021-05-28T13:38:33.605-0800][gc,heap     ] GC(99) Old regions: 40->40
[2021-05-28T13:38:33.605-0800][gc,heap     ] GC(99) Archive regions: 2->2
[2021-05-28T13:38:33.605-0800][gc,heap     ] GC(99) Humongous regions: 42->42
[2021-05-28T13:38:33.605-0800][gc,metaspace] GC(99) Metaspace: 68616K(70576K)->68616K(70576K) NonClass: 60796K(62128K)->60796K(62128K) Class: 7819K(8448K)->7819K(8448K)
[2021-05-28T13:38:33.605-0800][gc          ] GC(99) Pause Young (Normal) (G1 Evacuation Pause) 338M->83M(512M) 2.463ms
[2021-05-28T13:38:33.605-0800][gc,cpu      ] GC(99) User=0.00s Sys=0.00s Real=0.00s
[2021-05-28T13:41:03.792-0800][gc,start    ] GC(100) Pause Young (Normal) (G1 Evacuation Pause)
[2021-05-28T13:41:03.793-0800][gc,task     ] GC(100) Using 10 workers of 10 for evacuation
[2021-05-28T13:41:03.841-0800][gc,phases   ] GC(100)   Pre Evacuate Collection Set: 13.9ms
[2021-05-28T13:41:03.841-0800][gc,phases   ] GC(100)   Merge Heap Roots: 2.9ms
[2021-05-28T13:41:03.841-0800][gc,phases   ] GC(100)   Evacuate Collection Set: 19.1ms
[2021-05-28T13:41:03.841-0800][gc,phases   ] GC(100)   Post Evacuate Collection Set: 12.0ms
[2021-05-28T13:41:03.841-0800][gc,phases   ] GC(100)   Other: 1.0ms
[2021-05-28T13:41:03.841-0800][gc,heap     ] GC(100) Eden regions: 255->0(254)
[2021-05-28T13:41:03.841-0800][gc,heap     ] GC(100) Survivor regions: 1->2(32)
[2021-05-28T13:41:03.841-0800][gc,heap     ] GC(100) Old regions: 40->40
[2021-05-28T13:41:03.842-0800][gc,heap     ] GC(100) Archive regions: 2->2
[2021-05-28T13:41:03.842-0800][gc,heap     ] GC(100) Humongous regions: 50->50
[2021-05-28T13:41:03.842-0800][gc,metaspace] GC(100) Metaspace: 68622K(70576K)->68622K(70576K) NonClass: 60801K(62128K)->60801K(62128K) Class: 7820K(8448K)->7820K(8448K)
[2021-05-28T13:41:03.842-0800][gc          ] GC(100) Pause Young (Normal) (G1 Evacuation Pause) 346M->91M(512M) 49.188ms
[2021-05-28T13:41:03.843-0800][gc,cpu      ] GC(100) User=0.01s Sys=0.01s Real=0.05s
[2021-05-28T13:43:50.864-0800][gc,start    ] GC(101) Pause Young (Normal) (G1 Evacuation Pause)
[2021-05-28T13:43:50.865-0800][gc,task     ] GC(101) Using 10 workers of 10 for evacuation
[2021-05-28T13:43:50.871-0800][gc,phases   ] GC(101)   Pre Evacuate Collection Set: 0.5ms
[2021-05-28T13:43:50.871-0800][gc,phases   ] GC(101)   Merge Heap Roots: 0.1ms
[2021-05-28T13:43:50.871-0800][gc,phases   ] GC(101)   Evacuate Collection Set: 3.9ms
[2021-05-28T13:43:50.871-0800][gc,phases   ] GC(101)   Post Evacuate Collection Set: 0.7ms
[2021-05-28T13:43:50.871-0800][gc,phases   ] GC(101)   Other: 1.2ms
[2021-05-28T13:43:50.871-0800][gc,heap     ] GC(101) Eden regions: 254->0(254)
[2021-05-28T13:43:50.871-0800][gc,heap     ] GC(101) Survivor regions: 2->2(32)
[2021-05-28T13:43:50.871-0800][gc,heap     ] GC(101) Old regions: 40->40
[2021-05-28T13:43:50.871-0800][gc,heap     ] GC(101) Archive regions: 2->2
[2021-05-28T13:43:50.871-0800][gc,heap     ] GC(101) Humongous regions: 50->50
[2021-05-28T13:43:50.871-0800][gc,metaspace] GC(101) Metaspace: 68630K(70576K)->68630K(70576K) NonClass: 60809K(62128K)->60809K(62128K) Class: 7820K(8448K)->7820K(8448K)
[2021-05-28T13:43:50.871-0800][gc          ] GC(101) Pause Young (Normal) (G1 Evacuation Pause) 345M->91M(512M) 6.596ms
[2021-05-28T13:43:50.871-0800][gc,cpu      ] GC(101) User=0.01s Sys=0.02s Real=0.01s
[2021-05-28T13:46:38.184-0800][gc,start    ] GC(102) Pause Young (Normal) (G1 Evacuation Pause)
[2021-05-28T13:46:38.184-0800][gc,task     ] GC(102) Using 10 workers of 10 for evacuation
[2021-05-28T13:46:38.188-0800][gc,phases   ] GC(102)   Pre Evacuate Collection Set: 0.2ms
[2021-05-28T13:46:38.188-0800][gc,phases   ] GC(102)   Merge Heap Roots: 0.1ms
[2021-05-28T13:46:38.188-0800][gc,phases   ] GC(102)   Evacuate Collection Set: 1.8ms
[2021-05-28T13:46:38.188-0800][gc,phases   ] GC(102)   Post Evacuate Collection Set: 0.4ms
[2021-05-28T13:46:38.188-0800][gc,phases   ] GC(102)   Other: 1.1ms
[2021-05-28T13:46:38.188-0800][gc,heap     ] GC(102) Eden regions: 254->0(254)
[2021-05-28T13:46:38.188-0800][gc,heap     ] GC(102) Survivor regions: 2->2(32)
[2021-05-28T13:46:38.188-0800][gc,heap     ] GC(102) Old regions: 40->40
[2021-05-28T13:46:38.188-0800][gc,heap     ] GC(102) Archive regions: 2->2
[2021-05-28T13:46:38.188-0800][gc,heap     ] GC(102) Humongous regions: 50->50
[2021-05-28T13:46:38.188-0800][gc,metaspace] GC(102) Metaspace: 68630K(70576K)->68630K(70576K) NonClass: 60809K(62128K)->60809K(62128K) Class: 7820K(8448K)->7820K(8448K)
[2021-05-28T13:46:38.188-0800][gc          ] GC(102) Pause Young (Normal) (G1 Evacuation Pause) 345M->91M(512M) 3.694ms
[2021-05-28T13:46:38.188-0800][gc,cpu      ] GC(102) User=0.01s Sys=0.01s Real=0.00s
[2021-05-28T13:49:25.257-0800][gc,start    ] GC(103) Pause Young (Normal) (G1 Evacuation Pause)
[2021-05-28T13:49:25.258-0800][gc,task     ] GC(103) Using 10 workers of 10 for evacuation
[2021-05-28T13:49:25.260-0800][gc,phases   ] GC(103)   Pre Evacuate Collection Set: 0.1ms
[2021-05-28T13:49:25.260-0800][gc,phases   ] GC(103)   Merge Heap Roots: 0.1ms
[2021-05-28T13:49:25.260-0800][gc,phases   ] GC(103)   Evacuate Collection Set: 0.9ms
[2021-05-28T13:49:25.260-0800][gc,phases   ] GC(103)   Post Evacuate Collection Set: 0.4ms
[2021-05-28T13:49:25.260-0800][gc,phases   ] GC(103)   Other: 1.7ms
[2021-05-28T13:49:25.260-0800][gc,heap     ] GC(103) Eden regions: 254->0(254)
[2021-05-28T13:49:25.260-0800][gc,heap     ] GC(103) Survivor regions: 2->2(32)
[2021-05-28T13:49:25.260-0800][gc,heap     ] GC(103) Old regions: 40->40
[2021-05-28T13:49:25.260-0800][gc,heap     ] GC(103) Archive regions: 2->2
[2021-05-28T13:49:25.260-0800][gc,heap     ] GC(103) Humongous regions: 50->50
[2021-05-28T13:49:25.260-0800][gc,metaspace] GC(103) Metaspace: 68630K(70576K)->68630K(70576K) NonClass: 60809K(62128K)->60809K(62128K) Class: 7820K(8448K)->7820K(8448K)
[2021-05-28T13:49:25.260-0800][gc          ] GC(103) Pause Young (Normal) (G1 Evacuation Pause) 345M->91M(512M) 3.338ms
[2021-05-28T13:49:25.261-0800][gc,cpu      ] GC(103) User=0.01s Sys=0.00s Real=0.01s
[2021-05-28T13:52:13.881-0800][gc,start    ] GC(104) Pause Young (Normal) (G1 Evacuation Pause)
[2021-05-28T13:52:13.881-0800][gc,task     ] GC(104) Using 10 workers of 10 for evacuation
[2021-05-28T13:52:13.884-0800][gc,phases   ] GC(104)   Pre Evacuate Collection Set: 0.2ms
[2021-05-28T13:52:13.884-0800][gc,phases   ] GC(104)   Merge Heap Roots: 0.1ms
[2021-05-28T13:52:13.884-0800][gc,phases   ] GC(104)   Evacuate Collection Set: 1.6ms
[2021-05-28T13:52:13.884-0800][gc,phases   ] GC(104)   Post Evacuate Collection Set: 0.5ms
[2021-05-28T13:52:13.884-0800][gc,phases   ] GC(104)   Other: 0.6ms
[2021-05-28T13:52:13.884-0800][gc,heap     ] GC(104) Eden regions: 254->0(254)
[2021-05-28T13:52:13.884-0800][gc,heap     ] GC(104) Survivor regions: 2->2(32)
[2021-05-28T13:52:13.884-0800][gc,heap     ] GC(104) Old regions: 40->40
[2021-05-28T13:52:13.884-0800][gc,heap     ] GC(104) Archive regions: 2->2
[2021-05-28T13:52:13.884-0800][gc,heap     ] GC(104) Humongous regions: 50->50
[2021-05-28T13:52:13.884-0800][gc,metaspace] GC(104) Metaspace: 68630K(70576K)->68630K(70576K) NonClass: 60809K(62128K)->60809K(62128K) Class: 7820K(8448K)->7820K(8448K)
[2021-05-28T13:52:13.884-0800][gc          ] GC(104) Pause Young (Normal) (G1 Evacuation Pause) 345M->91M(512M) 3.193ms
[2021-05-28T13:52:13.884-0800][gc,cpu      ] GC(104) User=0.01s Sys=0.00s Real=0.00s
[2021-05-28T13:55:01.318-0800][gc,start    ] GC(105) Pause Young (Normal) (G1 Evacuation Pause)
[2021-05-28T13:55:01.318-0800][gc,task     ] GC(105) Using 10 workers of 10 for evacuation
[2021-05-28T13:55:01.320-0800][gc,phases   ] GC(105)   Pre Evacuate Collection Set: 0.2ms
[2021-05-28T13:55:01.320-0800][gc,phases   ] GC(105)   Merge Heap Roots: 0.1ms
[2021-05-28T13:55:01.320-0800][gc,phases   ] GC(105)   Evacuate Collection Set: 0.9ms
[2021-05-28T13:55:01.320-0800][gc,phases   ] GC(105)   Post Evacuate Collection Set: 0.6ms
[2021-05-28T13:55:01.320-0800][gc,phases   ] GC(105)   Other: 1.0ms
[2021-05-28T13:55:01.320-0800][gc,heap     ] GC(105) Eden regions: 254->0(254)
[2021-05-28T13:55:01.320-0800][gc,heap     ] GC(105) Survivor regions: 2->2(32)
[2021-05-28T13:55:01.320-0800][gc,heap     ] GC(105) Old regions: 40->40
[2021-05-28T13:55:01.321-0800][gc,heap     ] GC(105) Archive regions: 2->2
[2021-05-28T13:55:01.321-0800][gc,heap     ] GC(105) Humongous regions: 50->50
[2021-05-28T13:55:01.321-0800][gc,metaspace] GC(105) Metaspace: 68630K(70576K)->68630K(70576K) NonClass: 60810K(62128K)->60810K(62128K) Class: 7820K(8448K)->7820K(8448K)
[2021-05-28T13:55:01.321-0800][gc          ] GC(105) Pause Young (Normal) (G1 Evacuation Pause) 345M->91M(512M) 2.955ms
[2021-05-28T13:55:01.321-0800][gc,cpu      ] GC(105) User=0.01s Sys=0.01s Real=0.01s
[2021-05-28T13:57:47.575-0800][gc,start    ] GC(106) Pause Young (Normal) (GCLocker Initiated GC)
[2021-05-28T13:57:47.575-0800][gc,task     ] GC(106) Using 10 workers of 10 for evacuation
[2021-05-28T13:57:47.577-0800][gc,phases   ] GC(106)   Pre Evacuate Collection Set: 0.2ms
[2021-05-28T13:57:47.577-0800][gc,phases   ] GC(106)   Merge Heap Roots: 0.1ms
[2021-05-28T13:57:47.577-0800][gc,phases   ] GC(106)   Evacuate Collection Set: 1.1ms
[2021-05-28T13:57:47.577-0800][gc,phases   ] GC(106)   Post Evacuate Collection Set: 0.5ms
[2021-05-28T13:57:47.577-0800][gc,phases   ] GC(106)   Other: 1.1ms
[2021-05-28T13:57:47.577-0800][gc,heap     ] GC(106) Eden regions: 254->0(254)
[2021-05-28T13:57:47.577-0800][gc,heap     ] GC(106) Survivor regions: 2->2(32)
[2021-05-28T13:57:47.577-0800][gc,heap     ] GC(106) Old regions: 40->40
[2021-05-28T13:57:47.577-0800][gc,heap     ] GC(106) Archive regions: 2->2
[2021-05-28T13:57:47.577-0800][gc,heap     ] GC(106) Humongous regions: 50->50
[2021-05-28T13:57:47.578-0800][gc,metaspace] GC(106) Metaspace: 68632K(70576K)->68632K(70576K) NonClass: 60812K(62128K)->60812K(62128K) Class: 7820K(8448K)->7820K(8448K)
[2021-05-28T13:57:47.578-0800][gc          ] GC(106) Pause Young (Normal) (GCLocker Initiated GC) 345M->91M(512M) 2.975ms
[2021-05-28T13:57:47.578-0800][gc,cpu      ] GC(106) User=0.01s Sys=0.00s Real=0.00s
