[2021-05-29T18:02:33.001-0800][gc,phases   ] GC(299)   Other: 0.8ms
[2021-05-29T18:02:33.001-0800][gc,heap     ] GC(299) Eden regions: 255->0(255)
[2021-05-29T18:02:33.001-0800][gc,heap     ] GC(299) Survivor regions: 1->1(32)
[2021-05-29T18:02:33.001-0800][gc,heap     ] GC(299) Old regions: 47->47
[2021-05-29T18:02:33.001-0800][gc,heap     ] GC(299) Archive regions: 2->2
[2021-05-29T18:02:33.001-0800][gc,heap     ] GC(299) Humongous regions: 90->90
[2021-05-29T18:02:33.001-0800][gc,metaspace] GC(299) Metaspace: 70800K(72752K)->70800K(72752K) NonClass: 62771K(63920K)->62771K(63920K) Class: 8028K(8832K)->8028K(8832K)
[2021-05-29T18:02:33.002-0800][gc          ] GC(299) Pause Young (Normal) (G1 Evacuation Pause) 392M->137M(512M) 7.667ms
[2021-05-29T18:02:33.002-0800][gc,cpu      ] GC(299) User=0.01s Sys=0.01s Real=0.01s
[2021-05-29T18:04:36.927-0800][gc,start    ] GC(300) Pause Young (Normal) (G1 Evacuation Pause)
[2021-05-29T18:04:36.927-0800][gc,task     ] GC(300) Using 10 workers of 10 for evacuation
[2021-05-29T18:04:36.930-0800][gc,phases   ] GC(300)   Pre Evacuate Collection Set: 0.3ms
[2021-05-29T18:04:36.930-0800][gc,phases   ] GC(300)   Merge Heap Roots: 0.1ms
[2021-05-29T18:04:36.930-0800][gc,phases   ] GC(300)   Evacuate Collection Set: 1.9ms
[2021-05-29T18:04:36.931-0800][gc,phases   ] GC(300)   Post Evacuate Collection Set: 0.5ms
[2021-05-29T18:04:36.931-0800][gc,phases   ] GC(300)   Other: 0.8ms
[2021-05-29T18:04:36.931-0800][gc,heap     ] GC(300) Eden regions: 255->0(255)
[2021-05-29T18:04:36.931-0800][gc,heap     ] GC(300) Survivor regions: 1->1(32)
[2021-05-29T18:04:36.931-0800][gc,heap     ] GC(300) Old regions: 47->47
[2021-05-29T18:04:36.931-0800][gc,heap     ] GC(300) Archive regions: 2->2
[2021-05-29T18:04:36.931-0800][gc,heap     ] GC(300) Humongous regions: 90->90
[2021-05-29T18:04:36.931-0800][gc,metaspace] GC(300) Metaspace: 70804K(72752K)->70804K(72752K) NonClass: 62775K(63920K)->62775K(63920K) Class: 8028K(8832K)->8028K(8832K)
[2021-05-29T18:04:36.931-0800][gc          ] GC(300) Pause Young (Normal) (G1 Evacuation Pause) 392M->137M(512M) 3.757ms
[2021-05-29T18:04:36.931-0800][gc,cpu      ] GC(300) User=0.01s Sys=0.00s Real=0.01s
[2021-05-29T18:06:46.309-0800][gc,start    ] GC(301) Pause Young (Normal) (G1 Evacuation Pause)
[2021-05-29T18:06:46.309-0800][gc,task     ] GC(301) Using 10 workers of 10 for evacuation
[2021-05-29T18:06:46.312-0800][gc,phases   ] GC(301)   Pre Evacuate Collection Set: 0.1ms
[2021-05-29T18:06:46.312-0800][gc,phases   ] GC(301)   Merge Heap Roots: 0.1ms
[2021-05-29T18:06:46.312-0800][gc,phases   ] GC(301)   Evacuate Collection Set: 2.4ms
[2021-05-29T18:06:46.312-0800][gc,phases   ] GC(301)   Post Evacuate Collection Set: 0.3ms
[2021-05-29T18:06:46.312-0800][gc,phases   ] GC(301)   Other: 0.6ms
[2021-05-29T18:06:46.312-0800][gc,heap     ] GC(301) Eden regions: 255->0(255)
[2021-05-29T18:06:46.312-0800][gc,heap     ] GC(301) Survivor regions: 1->1(32)
[2021-05-29T18:06:46.312-0800][gc,heap     ] GC(301) Old regions: 47->47
[2021-05-29T18:06:46.312-0800][gc,heap     ] GC(301) Archive regions: 2->2
[2021-05-29T18:06:46.312-0800][gc,heap     ] GC(301) Humongous regions: 90->90
[2021-05-29T18:06:46.312-0800][gc,metaspace] GC(301) Metaspace: 70804K(72752K)->70804K(72752K) NonClass: 62775K(63920K)->62775K(63920K) Class: 8028K(8832K)->8028K(8832K)
[2021-05-29T18:06:46.312-0800][gc          ] GC(301) Pause Young (Normal) (G1 Evacuation Pause) 392M->137M(512M) 3.609ms
[2021-05-29T18:06:46.312-0800][gc,cpu      ] GC(301) User=0.01s Sys=0.00s Real=0.01s
[2021-05-29T18:08:56.211-0800][gc,start    ] GC(302) Pause Young (Normal) (G1 Evacuation Pause)
[2021-05-29T18:08:56.212-0800][gc,task     ] GC(302) Using 10 workers of 10 for evacuation
[2021-05-29T18:08:56.215-0800][gc,phases   ] GC(302)   Pre Evacuate Collection Set: 0.2ms
[2021-05-29T18:08:56.215-0800][gc,phases   ] GC(302)   Merge Heap Roots: 0.1ms
[2021-05-29T18:08:56.215-0800][gc,phases   ] GC(302)   Evacuate Collection Set: 2.7ms
[2021-05-29T18:08:56.215-0800][gc,phases   ] GC(302)   Post Evacuate Collection Set: 0.3ms
[2021-05-29T18:08:56.215-0800][gc,phases   ] GC(302)   Other: 0.8ms
[2021-05-29T18:08:56.215-0800][gc,heap     ] GC(302) Eden regions: 255->0(255)
[2021-05-29T18:08:56.215-0800][gc,heap     ] GC(302) Survivor regions: 1->1(32)
[2021-05-29T18:08:56.215-0800][gc,heap     ] GC(302) Old regions: 47->47
[2021-05-29T18:08:56.215-0800][gc,heap     ] GC(302) Archive regions: 2->2
[2021-05-29T18:08:56.215-0800][gc,heap     ] GC(302) Humongous regions: 90->90
[2021-05-29T18:08:56.215-0800][gc,metaspace] GC(302) Metaspace: 70804K(72752K)->70804K(72752K) NonClass: 62775K(63920K)->62775K(63920K) Class: 8028K(8832K)->8028K(8832K)
[2021-05-29T18:08:56.215-0800][gc          ] GC(302) Pause Young (Normal) (G1 Evacuation Pause) 392M->137M(512M) 4.304ms
[2021-05-29T18:08:56.215-0800][gc,cpu      ] GC(302) User=0.01s Sys=0.01s Real=0.00s
[2021-05-29T18:11:06.299-0800][gc,start    ] GC(303) Pause Young (Normal) (G1 Evacuation Pause)
[2021-05-29T18:11:06.299-0800][gc,task     ] GC(303) Using 10 workers of 10 for evacuation
[2021-05-29T18:11:06.304-0800][gc,phases   ] GC(303)   Pre Evacuate Collection Set: 0.2ms
[2021-05-29T18:11:06.304-0800][gc,phases   ] GC(303)   Merge Heap Roots: 0.1ms
[2021-05-29T18:11:06.304-0800][gc,phases   ] GC(303)   Evacuate Collection Set: 3.3ms
[2021-05-29T18:11:06.304-0800][gc,phases   ] GC(303)   Post Evacuate Collection Set: 0.5ms
[2021-05-29T18:11:06.304-0800][gc,phases   ] GC(303)   Other: 1.1ms
[2021-05-29T18:11:06.304-0800][gc,heap     ] GC(303) Eden regions: 255->0(255)
[2021-05-29T18:11:06.304-0800][gc,heap     ] GC(303) Survivor regions: 1->1(32)
[2021-05-29T18:11:06.304-0800][gc,heap     ] GC(303) Old regions: 47->47
[2021-05-29T18:11:06.304-0800][gc,heap     ] GC(303) Archive regions: 2->2
[2021-05-29T18:11:06.304-0800][gc,heap     ] GC(303) Humongous regions: 90->90
[2021-05-29T18:11:06.304-0800][gc,metaspace] GC(303) Metaspace: 70804K(72752K)->70804K(72752K) NonClass: 62775K(63920K)->62775K(63920K) Class: 8028K(8832K)->8028K(8832K)
[2021-05-29T18:11:06.304-0800][gc          ] GC(303) Pause Young (Normal) (G1 Evacuation Pause) 392M->137M(512M) 4.802ms
[2021-05-29T18:11:06.304-0800][gc,cpu      ] GC(303) User=0.02s Sys=0.00s Real=0.01s
[2021-05-29T18:13:16.252-0800][gc,start    ] GC(304) Pause Young (Normal) (G1 Evacuation Pause)
[2021-05-29T18:13:16.253-0800][gc,task     ] GC(304) Using 10 workers of 10 for evacuation
[2021-05-29T18:13:16.255-0800][gc,phases   ] GC(304)   Pre Evacuate Collection Set: 0.1ms
[2021-05-29T18:13:16.255-0800][gc,phases   ] GC(304)   Merge Heap Roots: 0.1ms
[2021-05-29T18:13:16.255-0800][gc,phases   ] GC(304)   Evacuate Collection Set: 1.2ms
[2021-05-29T18:13:16.255-0800][gc,phases   ] GC(304)   Post Evacuate Collection Set: 0.4ms
[2021-05-29T18:13:16.255-0800][gc,phases   ] GC(304)   Other: 0.8ms
[2021-05-29T18:13:16.255-0800][gc,heap     ] GC(304) Eden regions: 255->0(255)
[2021-05-29T18:13:16.255-0800][gc,heap     ] GC(304) Survivor regions: 1->1(32)
[2021-05-29T18:13:16.255-0800][gc,heap     ] GC(304) Old regions: 47->47
[2021-05-29T18:13:16.255-0800][gc,heap     ] GC(304) Archive regions: 2->2
[2021-05-29T18:13:16.255-0800][gc,heap     ] GC(304) Humongous regions: 90->90
[2021-05-29T18:13:16.255-0800][gc,metaspace] GC(304) Metaspace: 70806K(72752K)->70806K(72752K) NonClass: 62777K(63920K)->62777K(63920K) Class: 8028K(8832K)->8028K(8832K)
[2021-05-29T18:13:16.255-0800][gc          ] GC(304) Pause Young (Normal) (G1 Evacuation Pause) 392M->137M(512M) 2.687ms
[2021-05-29T18:13:16.255-0800][gc,cpu      ] GC(304) User=0.01s Sys=0.01s Real=0.00s
[2021-05-29T18:15:23.751-0800][gc,start    ] GC(305) Pause Young (Normal) (G1 Evacuation Pause)
[2021-05-29T18:15:23.752-0800][gc,task     ] GC(305) Using 10 workers of 10 for evacuation
[2021-05-29T18:15:23.754-0800][gc,phases   ] GC(305)   Pre Evacuate Collection Set: 0.1ms
[2021-05-29T18:15:23.754-0800][gc,phases   ] GC(305)   Merge Heap Roots: 0.1ms
[2021-05-29T18:15:23.754-0800][gc,phases   ] GC(305)   Evacuate Collection Set: 1.4ms
[2021-05-29T18:15:23.754-0800][gc,phases   ] GC(305)   Post Evacuate Collection Set: 0.3ms
[2021-05-29T18:15:23.754-0800][gc,phases   ] GC(305)   Other: 0.6ms
[2021-05-29T18:15:23.754-0800][gc,heap     ] GC(305) Eden regions: 255->0(255)
[2021-05-29T18:15:23.754-0800][gc,heap     ] GC(305) Survivor regions: 1->1(32)
[2021-05-29T18:15:23.754-0800][gc,heap     ] GC(305) Old regions: 47->47
[2021-05-29T18:15:23.754-0800][gc,heap     ] GC(305) Archive regions: 2->2
[2021-05-29T18:15:23.754-0800][gc,heap     ] GC(305) Humongous regions: 90->90
[2021-05-29T18:15:23.754-0800][gc,metaspace] GC(305) Metaspace: 70806K(72752K)->70806K(72752K) NonClass: 62777K(63920K)->62777K(63920K) Class: 8028K(8832K)->8028K(8832K)
[2021-05-29T18:15:23.754-0800][gc          ] GC(305) Pause Young (Normal) (G1 Evacuation Pause) 392M->137M(512M) 3.109ms
[2021-05-29T18:15:23.754-0800][gc,cpu      ] GC(305) User=0.00s Sys=0.00s Real=0.00s
[2021-05-29T18:17:32.212-0800][gc,start    ] GC(306) Pause Young (Normal) (G1 Evacuation Pause)
[2021-05-29T18:17:32.212-0800][gc,task     ] GC(306) Using 10 workers of 10 for evacuation
[2021-05-29T18:17:32.218-0800][gc,phases   ] GC(306)   Pre Evacuate Collection Set: 0.7ms
[2021-05-29T18:17:32.218-0800][gc,phases   ] GC(306)   Merge Heap Roots: 0.1ms
[2021-05-29T18:17:32.218-0800][gc,phases   ] GC(306)   Evacuate Collection Set: 3.6ms
[2021-05-29T18:17:32.218-0800][gc,phases   ] GC(306)   Post Evacuate Collection Set: 0.4ms
[2021-05-29T18:17:32.218-0800][gc,phases   ] GC(306)   Other: 1.0ms
[2021-05-29T18:17:32.218-0800][gc,heap     ] GC(306) Eden regions: 255->0(255)
[2021-05-29T18:17:32.218-0800][gc,heap     ] GC(306) Survivor regions: 1->1(32)
[2021-05-29T18:17:32.218-0800][gc,heap     ] GC(306) Old regions: 47->47
[2021-05-29T18:17:32.218-0800][gc,heap     ] GC(306) Archive regions: 2->2
[2021-05-29T18:17:32.218-0800][gc,heap     ] GC(306) Humongous regions: 90->90
[2021-05-29T18:17:32.218-0800][gc,metaspace] GC(306) Metaspace: 70806K(72752K)->70806K(72752K) NonClass: 62777K(63920K)->62777K(63920K) Class: 8028K(8832K)->8028K(8832K)
[2021-05-29T18:17:32.218-0800][gc          ] GC(306) Pause Young (Normal) (G1 Evacuation Pause) 392M->137M(512M) 5.880ms
[2021-05-29T18:17:32.218-0800][gc,cpu      ] GC(306) User=0.01s Sys=0.00s Real=0.00s
[2021-05-29T18:19:37.585-0800][gc,start    ] GC(307) Pause Young (Normal) (G1 Evacuation Pause)
[2021-05-29T18:19:37.585-0800][gc,task     ] GC(307) Using 10 workers of 10 for evacuation
[2021-05-29T18:19:37.591-0800][gc,phases   ] GC(307)   Pre Evacuate Collection Set: 0.6ms
[2021-05-29T18:19:37.591-0800][gc,phases   ] GC(307)   Merge Heap Roots: 0.5ms
[2021-05-29T18:19:37.591-0800][gc,phases   ] GC(307)   Evacuate Collection Set: 4.2ms
[2021-05-29T18:19:37.591-0800][gc,phases   ] GC(307)   Post Evacuate Collection Set: 0.3ms
[2021-05-29T18:19:37.591-0800][gc,phases   ] GC(307)   Other: 0.6ms
[2021-05-29T18:19:37.591-0800][gc,heap     ] GC(307) Eden regions: 255->0(255)
[2021-05-29T18:19:37.591-0800][gc,heap     ] GC(307) Survivor regions: 1->1(32)
[2021-05-29T18:19:37.591-0800][gc,heap     ] GC(307) Old regions: 47->47
[2021-05-29T18:19:37.591-0800][gc,heap     ] GC(307) Archive regions: 2->2
[2021-05-29T18:19:37.591-0800][gc,heap     ] GC(307) Humongous regions: 90->90
[2021-05-29T18:19:37.591-0800][gc,metaspace] GC(307) Metaspace: 70806K(72752K)->70806K(72752K) NonClass: 62777K(63920K)->62777K(63920K) Class: 8028K(8832K)->8028K(8832K)
[2021-05-29T18:19:37.591-0800][gc          ] GC(307) Pause Young (Normal) (G1 Evacuation Pause) 392M->137M(512M) 6.405ms
[2021-05-29T18:19:37.591-0800][gc,cpu      ] GC(307) User=0.01s Sys=0.00s Real=0.01s
[2021-05-29T18:51:28.688-0800][gc,start    ] GC(308) Pause Young (Normal) (G1 Evacuation Pause)
[2021-05-29T18:51:28.689-0800][gc,task     ] GC(308) Using 10 workers of 10 for evacuation
[2021-05-29T18:51:28.748-0800][gc,phases   ] GC(308)   Pre Evacuate Collection Set: 9.6ms
[2021-05-29T18:51:28.748-0800][gc,phases   ] GC(308)   Merge Heap Roots: 1.1ms
[2021-05-29T18:51:28.749-0800][gc,phases   ] GC(308)   Evacuate Collection Set: 33.9ms
[2021-05-29T18:51:28.749-0800][gc,phases   ] GC(308)   Post Evacuate Collection Set: 12.8ms
[2021-05-29T18:51:28.749-0800][gc,phases   ] GC(308)   Other: 3.8ms
[2021-05-29T18:51:28.749-0800][gc,heap     ] GC(308) Eden regions: 255->0(255)
[2021-05-29T18:51:28.750-0800][gc,heap     ] GC(308) Survivor regions: 1->1(32)
[2021-05-29T18:51:28.750-0800][gc,heap     ] GC(308) Old regions: 47->47
[2021-05-29T18:51:28.750-0800][gc,heap     ] GC(308) Archive regions: 2->2
[2021-05-29T18:51:28.750-0800][gc,heap     ] GC(308) Humongous regions: 90->90
[2021-05-29T18:51:28.750-0800][gc,metaspace] GC(308) Metaspace: 70812K(72752K)->70812K(72752K) NonClass: 62783K(63920K)->62783K(63920K) Class: 8028K(8832K)->8028K(8832K)
[2021-05-29T18:51:28.750-0800][gc          ] GC(308) Pause Young (Normal) (G1 Evacuation Pause) 392M->137M(512M) 62.467ms
[2021-05-29T18:51:28.750-0800][gc,cpu      ] GC(308) User=0.05s Sys=0.18s Real=0.07s
[2021-05-29T20:22:00.471-0800][gc,start    ] GC(309) Pause Young (Normal) (G1 Evacuation Pause)
[2021-05-29T20:22:00.471-0800][gc,task     ] GC(309) Using 10 workers of 10 for evacuation
[2021-05-29T20:22:00.475-0800][gc,phases   ] GC(309)   Pre Evacuate Collection Set: 0.2ms
[2021-05-29T20:22:00.475-0800][gc,phases   ] GC(309)   Merge Heap Roots: 0.1ms
[2021-05-29T20:22:00.475-0800][gc,phases   ] GC(309)   Evacuate Collection Set: 2.0ms
[2021-05-29T20:22:00.475-0800][gc,phases   ] GC(309)   Post Evacuate Collection Set: 0.8ms
[2021-05-29T20:22:00.475-0800][gc,phases   ] GC(309)   Other: 0.6ms
[2021-05-29T20:22:00.475-0800][gc,heap     ] GC(309) Eden regions: 255->0(255)
[2021-05-29T20:22:00.475-0800][gc,heap     ] GC(309) Survivor regions: 1->1(32)
[2021-05-29T20:22:00.475-0800][gc,heap     ] GC(309) Old regions: 47->47
[2021-05-29T20:22:00.475-0800][gc,heap     ] GC(309) Archive regions: 2->2
[2021-05-29T20:22:00.475-0800][gc,heap     ] GC(309) Humongous regions: 90->90
[2021-05-29T20:22:00.475-0800][gc,metaspace] GC(309) Metaspace: 70833K(72752K)->70833K(72752K) NonClass: 62804K(63920K)->62804K(63920K) Class: 8029K(8832K)->8029K(8832K)
[2021-05-29T20:22:00.475-0800][gc          ] GC(309) Pause Young (Normal) (G1 Evacuation Pause) 392M->137M(512M) 3.995ms
[2021-05-29T20:22:00.475-0800][gc,cpu      ] GC(309) User=0.01s Sys=0.00s Real=0.00s
[2021-05-29T22:16:33.638-0800][gc,start    ] GC(310) Pause Young (Normal) (G1 Evacuation Pause)
[2021-05-29T22:16:33.638-0800][gc,task     ] GC(310) Using 10 workers of 10 for evacuation
[2021-05-29T22:16:33.653-0800][gc,phases   ] GC(310)   Pre Evacuate Collection Set: 2.8ms
[2021-05-29T22:16:33.653-0800][gc,phases   ] GC(310)   Merge Heap Roots: 1.1ms
[2021-05-29T22:16:33.653-0800][gc,phases   ] GC(310)   Evacuate Collection Set: 5.8ms
[2021-05-29T22:16:33.653-0800][gc,phases   ] GC(310)   Post Evacuate Collection Set: 2.9ms
[2021-05-29T22:16:33.653-0800][gc,phases   ] GC(310)   Other: 3.1ms
[2021-05-29T22:16:33.653-0800][gc,heap     ] GC(310) Eden regions: 255->0(255)
[2021-05-29T22:16:33.653-0800][gc,heap     ] GC(310) Survivor regions: 1->1(32)
[2021-05-29T22:16:33.653-0800][gc,heap     ] GC(310) Old regions: 47->47
[2021-05-29T22:16:33.653-0800][gc,heap     ] GC(310) Archive regions: 2->2
[2021-05-29T22:16:33.653-0800][gc,heap     ] GC(310) Humongous regions: 90->90
[2021-05-29T22:16:33.653-0800][gc,metaspace] GC(310) Metaspace: 70843K(72752K)->70843K(72752K) NonClass: 62814K(63920K)->62814K(63920K) Class: 8029K(8832K)->8029K(8832K)
[2021-05-29T22:16:33.654-0800][gc          ] GC(310) Pause Young (Normal) (G1 Evacuation Pause) 392M->137M(512M) 15.745ms
[2021-05-29T22:16:33.654-0800][gc,cpu      ] GC(310) User=0.02s Sys=0.06s Real=0.02s
[2021-05-29T22:18:49.760-0800][gc,start    ] GC(311) Pause Young (Normal) (G1 Evacuation Pause)
[2021-05-29T22:18:49.761-0800][gc,task     ] GC(311) Using 10 workers of 10 for evacuation
[2021-05-29T22:18:49.765-0800][gc,phases   ] GC(311)   Pre Evacuate Collection Set: 0.2ms
[2021-05-29T22:18:49.765-0800][gc,phases   ] GC(311)   Merge Heap Roots: 0.1ms
[2021-05-29T22:18:49.765-0800][gc,phases   ] GC(311)   Evacuate Collection Set: 3.0ms
[2021-05-29T22:18:49.765-0800][gc,phases   ] GC(311)   Post Evacuate Collection Set: 0.4ms
[2021-05-29T22:18:49.765-0800][gc,phases   ] GC(311)   Other: 1.5ms
[2021-05-29T22:18:49.765-0800][gc,heap     ] GC(311) Eden regions: 255->0(255)
[2021-05-29T22:18:49.765-0800][gc,heap     ] GC(311) Survivor regions: 1->1(32)
[2021-05-29T22:18:49.765-0800][gc,heap     ] GC(311) Old regions: 47->47
[2021-05-29T22:18:49.765-0800][gc,heap     ] GC(311) Archive regions: 2->2
[2021-05-29T22:18:49.765-0800][gc,heap     ] GC(311) Humongous regions: 90->90
[2021-05-29T22:18:49.765-0800][gc,metaspace] GC(311) Metaspace: 70844K(72752K)->70844K(72752K) NonClass: 62814K(63920K)->62814K(63920K) Class: 8029K(8832K)->8029K(8832K)
[2021-05-29T22:18:49.765-0800][gc          ] GC(311) Pause Young (Normal) (G1 Evacuation Pause) 392M->137M(512M) 4.602ms
[2021-05-29T22:18:49.765-0800][gc,cpu      ] GC(311) User=0.01s Sys=0.00s Real=0.00s
[2021-05-29T22:31:30.622-0800][gc,start    ] GC(312) Pause Young (Normal) (G1 Evacuation Pause)
[2021-05-29T22:31:30.624-0800][gc,task     ] GC(312) Using 10 workers of 10 for evacuation
[2021-05-29T22:31:30.637-0800][gc,phases   ] GC(312)   Pre Evacuate Collection Set: 2.5ms
[2021-05-29T22:31:30.637-0800][gc,phases   ] GC(312)   Merge Heap Roots: 0.3ms
[2021-05-29T22:31:30.637-0800][gc,phases   ] GC(312)   Evacuate Collection Set: 6.8ms
[2021-05-29T22:31:30.637-0800][gc,phases   ] GC(312)   Post Evacuate Collection Set: 2.9ms
[2021-05-29T22:31:30.637-0800][gc,phases   ] GC(312)   Other: 1.9ms
[2021-05-29T22:31:30.637-0800][gc,heap     ] GC(312) Eden regions: 255->0(255)
[2021-05-29T22:31:30.637-0800][gc,heap     ] GC(312) Survivor regions: 1->1(32)
[2021-05-29T22:31:30.637-0800][gc,heap     ] GC(312) Old regions: 47->47
[2021-05-29T22:31:30.637-0800][gc,heap     ] GC(312) Archive regions: 2->2
[2021-05-29T22:31:30.637-0800][gc,heap     ] GC(312) Humongous regions: 90->90
[2021-05-29T22:31:30.637-0800][gc,metaspace] GC(312) Metaspace: 70872K(72752K)->70872K(72752K) NonClass: 62842K(63920K)->62842K(63920K) Class: 8030K(8832K)->8030K(8832K)
[2021-05-29T22:31:30.637-0800][gc          ] GC(312) Pause Young (Normal) (G1 Evacuation Pause) 392M->137M(512M) 14.572ms
[2021-05-29T22:31:30.637-0800][gc,cpu      ] GC(312) User=0.02s Sys=0.05s Real=0.01s
[2021-05-30T10:48:17.974-0800][gc,start    ] GC(313) Pause Young (Normal) (G1 Evacuation Pause)
[2021-05-30T10:48:17.977-0800][gc,task     ] GC(313) Using 10 workers of 10 for evacuation
[2021-05-30T10:48:18.003-0800][gc,phases   ] GC(313)   Pre Evacuate Collection Set: 4.7ms
[2021-05-30T10:48:18.003-0800][gc,phases   ] GC(313)   Merge Heap Roots: 2.1ms
[2021-05-30T10:48:18.003-0800][gc,phases   ] GC(313)   Evacuate Collection Set: 8.7ms
[2021-05-30T10:48:18.003-0800][gc,phases   ] GC(313)   Post Evacuate Collection Set: 3.4ms
[2021-05-30T10:48:18.003-0800][gc,phases   ] GC(313)   Other: 15.6ms
[2021-05-30T10:48:18.003-0800][gc,heap     ] GC(313) Eden regions: 255->0(255)
[2021-05-30T10:48:18.004-0800][gc,heap     ] GC(313) Survivor regions: 1->1(32)
[2021-05-30T10:48:18.004-0800][gc,heap     ] GC(313) Old regions: 47->47
[2021-05-30T10:48:18.004-0800][gc,heap     ] GC(313) Archive regions: 2->2
[2021-05-30T10:48:18.004-0800][gc,heap     ] GC(313) Humongous regions: 90->90
[2021-05-30T10:48:18.004-0800][gc,metaspace] GC(313) Metaspace: 70907K(72752K)->70907K(72752K) NonClass: 62877K(63920K)->62877K(63920K) Class: 8030K(8832K)->8030K(8832K)
[2021-05-30T10:48:18.004-0800][gc          ] GC(313) Pause Young (Normal) (G1 Evacuation Pause) 392M->137M(512M) 30.827ms
[2021-05-30T10:48:18.004-0800][gc,cpu      ] GC(313) User=0.02s Sys=0.07s Real=0.03s
[2021-05-30T13:31:58.658-0800][gc,start    ] GC(314) Pause Young (Normal) (G1 Evacuation Pause)
[2021-05-30T13:31:58.660-0800][gc,task     ] GC(314) Using 10 workers of 10 for evacuation
[2021-05-30T13:31:58.676-0800][gc,phases   ] GC(314)   Pre Evacuate Collection Set: 2.8ms
[2021-05-30T13:31:58.676-0800][gc,phases   ] GC(314)   Merge Heap Roots: 0.9ms
[2021-05-30T13:31:58.676-0800][gc,phases   ] GC(314)   Evacuate Collection Set: 9.1ms
[2021-05-30T13:31:58.676-0800][gc,phases   ] GC(314)   Post Evacuate Collection Set: 2.3ms
[2021-05-30T13:31:58.676-0800][gc,phases   ] GC(314)   Other: 2.7ms
[2021-05-30T13:31:58.676-0800][gc,heap     ] GC(314) Eden regions: 255->0(255)
[2021-05-30T13:31:58.676-0800][gc,heap     ] GC(314) Survivor regions: 1->1(32)
[2021-05-30T13:31:58.676-0800][gc,heap     ] GC(314) Old regions: 47->47
[2021-05-30T13:31:58.676-0800][gc,heap     ] GC(314) Archive regions: 2->2
[2021-05-30T13:31:58.676-0800][gc,heap     ] GC(314) Humongous regions: 90->90
[2021-05-30T13:31:58.676-0800][gc,metaspace] GC(314) Metaspace: 70909K(72752K)->70909K(72752K) NonClass: 62879K(63920K)->62879K(63920K) Class: 8030K(8832K)->8030K(8832K)
[2021-05-30T13:31:58.676-0800][gc          ] GC(314) Pause Young (Normal) (G1 Evacuation Pause) 392M->137M(512M) 17.776ms
[2021-05-30T13:31:58.676-0800][gc,cpu      ] GC(314) User=0.01s Sys=0.08s Real=0.02s
[2021-05-30T16:10:45.769-0800][gc,start    ] GC(315) Pause Young (Normal) (G1 Evacuation Pause)
[2021-05-30T16:10:45.771-0800][gc,task     ] GC(315) Using 10 workers of 10 for evacuation
[2021-05-30T16:10:45.785-0800][gc,phases   ] GC(315)   Pre Evacuate Collection Set: 2.3ms
[2021-05-30T16:10:45.785-0800][gc,phases   ] GC(315)   Merge Heap Roots: 0.6ms
[2021-05-30T16:10:45.785-0800][gc,phases   ] GC(315)   Evacuate Collection Set: 8.6ms
[2021-05-30T16:10:45.785-0800][gc,phases   ] GC(315)   Post Evacuate Collection Set: 2.2ms
[2021-05-30T16:10:45.785-0800][gc,phases   ] GC(315)   Other: 2.4ms
[2021-05-30T16:10:45.785-0800][gc,heap     ] GC(315) Eden regions: 255->0(255)
[2021-05-30T16:10:45.785-0800][gc,heap     ] GC(315) Survivor regions: 1->1(32)
[2021-05-30T16:10:45.785-0800][gc,heap     ] GC(315) Old regions: 47->47
[2021-05-30T16:10:45.785-0800][gc,heap     ] GC(315) Archive regions: 2->2
[2021-05-30T16:10:45.785-0800][gc,heap     ] GC(315) Humongous regions: 90->90
[2021-05-30T16:10:45.785-0800][gc,metaspace] GC(315) Metaspace: 70954K(72752K)->70954K(72752K) NonClass: 62920K(63920K)->62920K(63920K) Class: 8033K(8832K)->8033K(8832K)
[2021-05-30T16:10:45.785-0800][gc          ] GC(315) Pause Young (Normal) (G1 Evacuation Pause) 392M->137M(512M) 16.203ms
[2021-05-30T16:10:45.786-0800][gc,cpu      ] GC(315) User=0.02s Sys=0.07s Real=0.02s
[2021-05-30T19:14:52.790-0800][gc,start    ] GC(316) Pause Young (Normal) (G1 Evacuation Pause)
[2021-05-30T19:14:52.793-0800][gc,task     ] GC(316) Using 10 workers of 10 for evacuation
[2021-05-30T19:14:52.815-0800][gc,phases   ] GC(316)   Pre Evacuate Collection Set: 3.5ms
[2021-05-30T19:14:52.815-0800][gc,phases   ] GC(316)   Merge Heap Roots: 3.0ms
[2021-05-30T19:14:52.815-0800][gc,phases   ] GC(316)   Evacuate Collection Set: 10.7ms
[2021-05-30T19:14:52.815-0800][gc,phases   ] GC(316)   Post Evacuate Collection Set: 2.4ms
[2021-05-30T19:14:52.815-0800][gc,phases   ] GC(316)   Other: 6.8ms
[2021-05-30T19:14:52.815-0800][gc,heap     ] GC(316) Eden regions: 255->0(255)
[2021-05-30T19:14:52.815-0800][gc,heap     ] GC(316) Survivor regions: 1->1(32)
[2021-05-30T19:14:52.815-0800][gc,heap     ] GC(316) Old regions: 47->47
[2021-05-30T19:14:52.815-0800][gc,heap     ] GC(316) Archive regions: 2->2
[2021-05-30T19:14:52.815-0800][gc,heap     ] GC(316) Humongous regions: 90->90
[2021-05-30T19:14:52.815-0800][gc,metaspace] GC(316) Metaspace: 71007K(72752K)->71007K(72752K) NonClass: 62973K(63920K)->62973K(63920K) Class: 8034K(8832K)->8034K(8832K)
[2021-05-30T19:14:52.815-0800][gc          ] GC(316) Pause Young (Normal) (G1 Evacuation Pause) 392M->137M(512M) 24.814ms
[2021-05-30T19:14:52.815-0800][gc,cpu      ] GC(316) User=0.02s Sys=0.07s Real=0.02s
[2021-05-30T23:20:59.110-0800][gc,start    ] GC(317) Pause Young (Normal) (G1 Evacuation Pause)
[2021-05-30T23:20:59.112-0800][gc,task     ] GC(317) Using 10 workers of 10 for evacuation
[2021-05-30T23:20:59.138-0800][gc,phases   ] GC(317)   Pre Evacuate Collection Set: 4.9ms
[2021-05-30T23:20:59.138-0800][gc,phases   ] GC(317)   Merge Heap Roots: 0.3ms
[2021-05-30T23:20:59.138-0800][gc,phases   ] GC(317)   Evacuate Collection Set: 15.0ms
[2021-05-30T23:20:59.138-0800][gc,phases   ] GC(317)   Post Evacuate Collection Set: 4.7ms
[2021-05-30T23:20:59.138-0800][gc,phases   ] GC(317)   Other: 3.7ms
[2021-05-30T23:20:59.138-0800][gc,heap     ] GC(317) Eden regions: 255->0(255)
[2021-05-30T23:20:59.138-0800][gc,heap     ] GC(317) Survivor regions: 1->1(32)
[2021-05-30T23:20:59.138-0800][gc,heap     ] GC(317) Old regions: 47->47
[2021-05-30T23:20:59.138-0800][gc,heap     ] GC(317) Archive regions: 2->2
[2021-05-30T23:20:59.138-0800][gc,heap     ] GC(317) Humongous regions: 90->90
[2021-05-30T23:20:59.138-0800][gc,metaspace] GC(317) Metaspace: 71051K(73008K)->71051K(73008K) NonClass: 63017K(64176K)->63017K(64176K) Class: 8034K(8832K)->8034K(8832K)
[2021-05-30T23:20:59.139-0800][gc          ] GC(317) Pause Young (Normal) (G1 Evacuation Pause) 392M->137M(512M) 29.146ms
[2021-05-30T23:20:59.139-0800][gc,cpu      ] GC(317) User=0.01s Sys=0.09s Real=0.02s
