[2021-05-28T16:32:25.264-0800][gc,heap     ] GC(73) Old regions: 39->39
[2021-05-28T16:32:25.264-0800][gc,heap     ] GC(73) Archive regions: 2->2
[2021-05-28T16:32:25.264-0800][gc,heap     ] GC(73) Humongous regions: 24->24
[2021-05-28T16:32:25.264-0800][gc,metaspace] GC(73) Metaspace: 69037K(70704K)->69037K(70704K) NonClass: 61156K(62128K)->61156K(62128K) Class: 7881K(8576K)->7881K(8576K)
[2021-05-28T16:32:25.264-0800][gc          ] GC(73) Pause Young (Normal) (G1 Evacuation Pause) 319M->64M(512M) 8.222ms
[2021-05-28T16:32:25.264-0800][gc,cpu      ] GC(73) User=0.01s Sys=0.01s Real=0.01s
[2021-05-28T16:34:44.474-0800][gc,start    ] GC(74) Pause Young (Normal) (G1 Evacuation Pause)
[2021-05-28T16:34:44.474-0800][gc,task     ] GC(74) Using 10 workers of 10 for evacuation
[2021-05-28T16:34:44.476-0800][gc,phases   ] GC(74)   Pre Evacuate Collection Set: 0.1ms
[2021-05-28T16:34:44.476-0800][gc,phases   ] GC(74)   Merge Heap Roots: 0.1ms
[2021-05-28T16:34:44.476-0800][gc,phases   ] GC(74)   Evacuate Collection Set: 0.6ms
[2021-05-28T16:34:44.476-0800][gc,phases   ] GC(74)   Post Evacuate Collection Set: 0.3ms
[2021-05-28T16:34:44.476-0800][gc,phases   ] GC(74)   Other: 0.5ms
[2021-05-28T16:34:44.476-0800][gc,heap     ] GC(74) Eden regions: 255->0(255)
[2021-05-28T16:34:44.476-0800][gc,heap     ] GC(74) Survivor regions: 1->1(32)
[2021-05-28T16:34:44.476-0800][gc,heap     ] GC(74) Old regions: 39->39
[2021-05-28T16:34:44.476-0800][gc,heap     ] GC(74) Archive regions: 2->2
[2021-05-28T16:34:44.476-0800][gc,heap     ] GC(74) Humongous regions: 24->24
[2021-05-28T16:34:44.476-0800][gc,metaspace] GC(74) Metaspace: 69040K(70704K)->69040K(70704K) NonClass: 61159K(62128K)->61159K(62128K) Class: 7881K(8576K)->7881K(8576K)
[2021-05-28T16:34:44.476-0800][gc          ] GC(74) Pause Young (Normal) (G1 Evacuation Pause) 319M->64M(512M) 1.687ms
[2021-05-28T16:34:44.476-0800][gc,cpu      ] GC(74) User=0.00s Sys=0.00s Real=0.00s
[2021-05-28T16:37:03.741-0800][gc,start    ] GC(75) Pause Young (Normal) (G1 Evacuation Pause)
[2021-05-28T16:37:03.741-0800][gc,task     ] GC(75) Using 10 workers of 10 for evacuation
[2021-05-28T16:37:03.743-0800][gc,phases   ] GC(75)   Pre Evacuate Collection Set: 0.2ms
[2021-05-28T16:37:03.743-0800][gc,phases   ] GC(75)   Merge Heap Roots: 0.1ms
[2021-05-28T16:37:03.743-0800][gc,phases   ] GC(75)   Evacuate Collection Set: 0.7ms
[2021-05-28T16:37:03.743-0800][gc,phases   ] GC(75)   Post Evacuate Collection Set: 0.4ms
[2021-05-28T16:37:03.743-0800][gc,phases   ] GC(75)   Other: 0.6ms
[2021-05-28T16:37:03.743-0800][gc,heap     ] GC(75) Eden regions: 255->0(255)
[2021-05-28T16:37:03.743-0800][gc,heap     ] GC(75) Survivor regions: 1->1(32)
[2021-05-28T16:37:03.743-0800][gc,heap     ] GC(75) Old regions: 39->39
[2021-05-28T16:37:03.743-0800][gc,heap     ] GC(75) Archive regions: 2->2
[2021-05-28T16:37:03.743-0800][gc,heap     ] GC(75) Humongous regions: 24->24
[2021-05-28T16:37:03.743-0800][gc,metaspace] GC(75) Metaspace: 69040K(70704K)->69040K(70704K) NonClass: 61159K(62128K)->61159K(62128K) Class: 7881K(8576K)->7881K(8576K)
[2021-05-28T16:37:03.743-0800][gc          ] GC(75) Pause Young (Normal) (G1 Evacuation Pause) 319M->64M(512M) 2.120ms
[2021-05-28T16:37:03.743-0800][gc,cpu      ] GC(75) User=0.01s Sys=0.00s Real=0.00s
[2021-05-28T16:39:21.756-0800][gc,start    ] GC(76) Pause Young (Normal) (G1 Evacuation Pause)
[2021-05-28T16:39:21.757-0800][gc,task     ] GC(76) Using 10 workers of 10 for evacuation
[2021-05-28T16:39:21.758-0800][gc,phases   ] GC(76)   Pre Evacuate Collection Set: 0.1ms
[2021-05-28T16:39:21.758-0800][gc,phases   ] GC(76)   Merge Heap Roots: 0.1ms
[2021-05-28T16:39:21.758-0800][gc,phases   ] GC(76)   Evacuate Collection Set: 0.8ms
[2021-05-28T16:39:21.758-0800][gc,phases   ] GC(76)   Post Evacuate Collection Set: 0.4ms
[2021-05-28T16:39:21.758-0800][gc,phases   ] GC(76)   Other: 0.7ms
[2021-05-28T16:39:21.758-0800][gc,heap     ] GC(76) Eden regions: 255->0(255)
[2021-05-28T16:39:21.758-0800][gc,heap     ] GC(76) Survivor regions: 1->1(32)
[2021-05-28T16:39:21.758-0800][gc,heap     ] GC(76) Old regions: 39->39
[2021-05-28T16:39:21.758-0800][gc,heap     ] GC(76) Archive regions: 2->2
[2021-05-28T16:39:21.758-0800][gc,heap     ] GC(76) Humongous regions: 24->24
[2021-05-28T16:39:21.758-0800][gc,metaspace] GC(76) Metaspace: 69040K(70704K)->69040K(70704K) NonClass: 61159K(62128K)->61159K(62128K) Class: 7881K(8576K)->7881K(8576K)
[2021-05-28T16:39:21.758-0800][gc          ] GC(76) Pause Young (Normal) (G1 Evacuation Pause) 319M->64M(512M) 2.252ms
[2021-05-28T16:39:21.758-0800][gc,cpu      ] GC(76) User=0.01s Sys=0.00s Real=0.00s
[2021-05-28T16:41:41.292-0800][gc,start    ] GC(77) Pause Young (Normal) (G1 Evacuation Pause)
[2021-05-28T16:41:41.292-0800][gc,task     ] GC(77) Using 10 workers of 10 for evacuation
[2021-05-28T16:41:41.294-0800][gc,phases   ] GC(77)   Pre Evacuate Collection Set: 0.1ms
[2021-05-28T16:41:41.294-0800][gc,phases   ] GC(77)   Merge Heap Roots: 0.1ms
[2021-05-28T16:41:41.294-0800][gc,phases   ] GC(77)   Evacuate Collection Set: 0.8ms
[2021-05-28T16:41:41.294-0800][gc,phases   ] GC(77)   Post Evacuate Collection Set: 0.4ms
[2021-05-28T16:41:41.294-0800][gc,phases   ] GC(77)   Other: 0.5ms
[2021-05-28T16:41:41.294-0800][gc,heap     ] GC(77) Eden regions: 255->0(255)
[2021-05-28T16:41:41.294-0800][gc,heap     ] GC(77) Survivor regions: 1->1(32)
[2021-05-28T16:41:41.294-0800][gc,heap     ] GC(77) Old regions: 39->39
[2021-05-28T16:41:41.294-0800][gc,heap     ] GC(77) Archive regions: 2->2
[2021-05-28T16:41:41.294-0800][gc,heap     ] GC(77) Humongous regions: 24->24
[2021-05-28T16:41:41.294-0800][gc,metaspace] GC(77) Metaspace: 69040K(70704K)->69040K(70704K) NonClass: 61159K(62128K)->61159K(62128K) Class: 7881K(8576K)->7881K(8576K)
[2021-05-28T16:41:41.294-0800][gc          ] GC(77) Pause Young (Normal) (G1 Evacuation Pause) 319M->64M(512M) 2.107ms
[2021-05-28T16:41:41.294-0800][gc,cpu      ] GC(77) User=0.01s Sys=0.00s Real=0.00s
[2021-05-28T16:43:59.019-0800][gc,start    ] GC(78) Pause Young (Normal) (G1 Evacuation Pause)
[2021-05-28T16:43:59.019-0800][gc,task     ] GC(78) Using 10 workers of 10 for evacuation
[2021-05-28T16:43:59.021-0800][gc,phases   ] GC(78)   Pre Evacuate Collection Set: 0.2ms
[2021-05-28T16:43:59.021-0800][gc,phases   ] GC(78)   Merge Heap Roots: 0.1ms
[2021-05-28T16:43:59.021-0800][gc,phases   ] GC(78)   Evacuate Collection Set: 0.9ms
[2021-05-28T16:43:59.021-0800][gc,phases   ] GC(78)   Post Evacuate Collection Set: 0.6ms
[2021-05-28T16:43:59.022-0800][gc,phases   ] GC(78)   Other: 1.0ms
[2021-05-28T16:43:59.022-0800][gc,heap     ] GC(78) Eden regions: 255->0(255)
[2021-05-28T16:43:59.022-0800][gc,heap     ] GC(78) Survivor regions: 1->1(32)
[2021-05-28T16:43:59.022-0800][gc,heap     ] GC(78) Old regions: 39->39
[2021-05-28T16:43:59.022-0800][gc,heap     ] GC(78) Archive regions: 2->2
[2021-05-28T16:43:59.022-0800][gc,heap     ] GC(78) Humongous regions: 24->24
[2021-05-28T16:43:59.022-0800][gc,metaspace] GC(78) Metaspace: 69040K(70704K)->69040K(70704K) NonClass: 61159K(62128K)->61159K(62128K) Class: 7881K(8576K)->7881K(8576K)
[2021-05-28T16:43:59.022-0800][gc          ] GC(78) Pause Young (Normal) (G1 Evacuation Pause) 319M->64M(512M) 2.824ms
[2021-05-28T16:43:59.022-0800][gc,cpu      ] GC(78) User=0.01s Sys=0.01s Real=0.01s
[2021-05-28T16:46:17.787-0800][gc,start    ] GC(79) Pause Young (Normal) (G1 Evacuation Pause)
[2021-05-28T16:46:17.788-0800][gc,task     ] GC(79) Using 10 workers of 10 for evacuation
[2021-05-28T16:46:17.789-0800][gc,phases   ] GC(79)   Pre Evacuate Collection Set: 0.1ms
[2021-05-28T16:46:17.789-0800][gc,phases   ] GC(79)   Merge Heap Roots: 0.1ms
[2021-05-28T16:46:17.790-0800][gc,phases   ] GC(79)   Evacuate Collection Set: 1.0ms
[2021-05-28T16:46:17.790-0800][gc,phases   ] GC(79)   Post Evacuate Collection Set: 0.4ms
[2021-05-28T16:46:17.790-0800][gc,phases   ] GC(79)   Other: 0.5ms
[2021-05-28T16:46:17.790-0800][gc,heap     ] GC(79) Eden regions: 255->0(255)
[2021-05-28T16:46:17.790-0800][gc,heap     ] GC(79) Survivor regions: 1->1(32)
[2021-05-28T16:46:17.790-0800][gc,heap     ] GC(79) Old regions: 39->39
[2021-05-28T16:46:17.790-0800][gc,heap     ] GC(79) Archive regions: 2->2
[2021-05-28T16:46:17.790-0800][gc,heap     ] GC(79) Humongous regions: 24->24
[2021-05-28T16:46:17.790-0800][gc,metaspace] GC(79) Metaspace: 69040K(70704K)->69040K(70704K) NonClass: 61159K(62128K)->61159K(62128K) Class: 7881K(8576K)->7881K(8576K)
[2021-05-28T16:46:17.790-0800][gc          ] GC(79) Pause Young (Normal) (G1 Evacuation Pause) 319M->64M(512M) 2.261ms
[2021-05-28T16:46:17.790-0800][gc,cpu      ] GC(79) User=0.00s Sys=0.00s Real=0.01s
[2021-05-28T16:48:35.691-0800][gc,start    ] GC(80) Pause Young (Normal) (G1 Evacuation Pause)
[2021-05-28T16:48:35.692-0800][gc,task     ] GC(80) Using 10 workers of 10 for evacuation
[2021-05-28T16:48:35.694-0800][gc,phases   ] GC(80)   Pre Evacuate Collection Set: 0.2ms
[2021-05-28T16:48:35.694-0800][gc,phases   ] GC(80)   Merge Heap Roots: 0.1ms
[2021-05-28T16:48:35.694-0800][gc,phases   ] GC(80)   Evacuate Collection Set: 1.1ms
[2021-05-28T16:48:35.694-0800][gc,phases   ] GC(80)   Post Evacuate Collection Set: 0.4ms
[2021-05-28T16:48:35.694-0800][gc,phases   ] GC(80)   Other: 0.8ms
[2021-05-28T16:48:35.694-0800][gc,heap     ] GC(80) Eden regions: 255->0(255)
[2021-05-28T16:48:35.694-0800][gc,heap     ] GC(80) Survivor regions: 1->1(32)
[2021-05-28T16:48:35.694-0800][gc,heap     ] GC(80) Old regions: 39->39
[2021-05-28T16:48:35.694-0800][gc,heap     ] GC(80) Archive regions: 2->2
[2021-05-28T16:48:35.694-0800][gc,heap     ] GC(80) Humongous regions: 24->24
[2021-05-28T16:48:35.694-0800][gc,metaspace] GC(80) Metaspace: 69040K(70704K)->69040K(70704K) NonClass: 61159K(62128K)->61159K(62128K) Class: 7881K(8576K)->7881K(8576K)
[2021-05-28T16:48:35.694-0800][gc          ] GC(80) Pause Young (Normal) (G1 Evacuation Pause) 319M->64M(512M) 2.778ms
[2021-05-28T16:48:35.694-0800][gc,cpu      ] GC(80) User=0.01s Sys=0.00s Real=0.00s
[2021-05-28T16:50:55.034-0800][gc,start    ] GC(81) Pause Young (Normal) (G1 Evacuation Pause)
[2021-05-28T16:50:55.034-0800][gc,task     ] GC(81) Using 10 workers of 10 for evacuation
[2021-05-28T16:50:55.036-0800][gc,phases   ] GC(81)   Pre Evacuate Collection Set: 0.1ms
[2021-05-28T16:50:55.036-0800][gc,phases   ] GC(81)   Merge Heap Roots: 0.1ms
[2021-05-28T16:50:55.036-0800][gc,phases   ] GC(81)   Evacuate Collection Set: 0.7ms
[2021-05-28T16:50:55.036-0800][gc,phases   ] GC(81)   Post Evacuate Collection Set: 0.3ms
[2021-05-28T16:50:55.036-0800][gc,phases   ] GC(81)   Other: 0.6ms
[2021-05-28T16:50:55.036-0800][gc,heap     ] GC(81) Eden regions: 255->0(255)
[2021-05-28T16:50:55.036-0800][gc,heap     ] GC(81) Survivor regions: 1->1(32)
[2021-05-28T16:50:55.036-0800][gc,heap     ] GC(81) Old regions: 39->39
[2021-05-28T16:50:55.036-0800][gc,heap     ] GC(81) Archive regions: 2->2
[2021-05-28T16:50:55.036-0800][gc,heap     ] GC(81) Humongous regions: 24->24
[2021-05-28T16:50:55.036-0800][gc,metaspace] GC(81) Metaspace: 69040K(70704K)->69040K(70704K) NonClass: 61159K(62128K)->61159K(62128K) Class: 7881K(8576K)->7881K(8576K)
[2021-05-28T16:50:55.036-0800][gc          ] GC(81) Pause Young (Normal) (G1 Evacuation Pause) 319M->64M(512M) 1.856ms
[2021-05-28T16:50:55.036-0800][gc,cpu      ] GC(81) User=0.00s Sys=0.00s Real=0.00s
[2021-05-28T16:53:14.301-0800][gc,start    ] GC(82) Pause Young (Normal) (G1 Evacuation Pause)
[2021-05-28T16:53:14.303-0800][gc,task     ] GC(82) Using 10 workers of 10 for evacuation
[2021-05-28T16:53:14.304-0800][gc,phases   ] GC(82)   Pre Evacuate Collection Set: 0.1ms
[2021-05-28T16:53:14.304-0800][gc,phases   ] GC(82)   Merge Heap Roots: 0.1ms
[2021-05-28T16:53:14.304-0800][gc,phases   ] GC(82)   Evacuate Collection Set: 0.7ms
[2021-05-28T16:53:14.304-0800][gc,phases   ] GC(82)   Post Evacuate Collection Set: 0.4ms
[2021-05-28T16:53:14.304-0800][gc,phases   ] GC(82)   Other: 1.3ms
[2021-05-28T16:53:14.304-0800][gc,heap     ] GC(82) Eden regions: 255->0(255)
[2021-05-28T16:53:14.304-0800][gc,heap     ] GC(82) Survivor regions: 1->1(32)
[2021-05-28T16:53:14.304-0800][gc,heap     ] GC(82) Old regions: 39->39
[2021-05-28T16:53:14.304-0800][gc,heap     ] GC(82) Archive regions: 2->2
[2021-05-28T16:53:14.304-0800][gc,heap     ] GC(82) Humongous regions: 24->24
[2021-05-28T16:53:14.304-0800][gc,metaspace] GC(82) Metaspace: 69040K(70704K)->69040K(70704K) NonClass: 61159K(62128K)->61159K(62128K) Class: 7881K(8576K)->7881K(8576K)
[2021-05-28T16:53:14.304-0800][gc          ] GC(82) Pause Young (Normal) (G1 Evacuation Pause) 319M->64M(512M) 2.799ms
[2021-05-28T16:53:14.304-0800][gc,cpu      ] GC(82) User=0.01s Sys=0.00s Real=0.00s
[2021-05-28T16:55:32.252-0800][gc,start    ] GC(83) Pause Young (Normal) (G1 Evacuation Pause)
[2021-05-28T16:55:32.253-0800][gc,task     ] GC(83) Using 10 workers of 10 for evacuation
[2021-05-28T16:55:32.254-0800][gc,phases   ] GC(83)   Pre Evacuate Collection Set: 0.2ms
[2021-05-28T16:55:32.254-0800][gc,phases   ] GC(83)   Merge Heap Roots: 0.1ms
[2021-05-28T16:55:32.254-0800][gc,phases   ] GC(83)   Evacuate Collection Set: 0.6ms
[2021-05-28T16:55:32.254-0800][gc,phases   ] GC(83)   Post Evacuate Collection Set: 0.4ms
[2021-05-28T16:55:32.254-0800][gc,phases   ] GC(83)   Other: 0.6ms
[2021-05-28T16:55:32.254-0800][gc,heap     ] GC(83) Eden regions: 255->0(255)
[2021-05-28T16:55:32.254-0800][gc,heap     ] GC(83) Survivor regions: 1->1(32)
[2021-05-28T16:55:32.254-0800][gc,heap     ] GC(83) Old regions: 39->39
[2021-05-28T16:55:32.254-0800][gc,heap     ] GC(83) Archive regions: 2->2
[2021-05-28T16:55:32.254-0800][gc,heap     ] GC(83) Humongous regions: 24->24
[2021-05-28T16:55:32.254-0800][gc,metaspace] GC(83) Metaspace: 69044K(70704K)->69044K(70704K) NonClass: 61163K(62128K)->61163K(62128K) Class: 7881K(8576K)->7881K(8576K)
[2021-05-28T16:55:32.254-0800][gc          ] GC(83) Pause Young (Normal) (G1 Evacuation Pause) 319M->64M(512M) 2.058ms
[2021-05-28T16:55:32.254-0800][gc,cpu      ] GC(83) User=0.01s Sys=0.00s Real=0.00s
[2021-05-28T16:57:49.584-0800][gc,start    ] GC(84) Pause Young (Normal) (G1 Evacuation Pause)
[2021-05-28T16:57:49.585-0800][gc,task     ] GC(84) Using 10 workers of 10 for evacuation
[2021-05-28T16:57:49.593-0800][gc,phases   ] GC(84)   Pre Evacuate Collection Set: 1.1ms
[2021-05-28T16:57:49.593-0800][gc,phases   ] GC(84)   Merge Heap Roots: 0.2ms
[2021-05-28T16:57:49.593-0800][gc,phases   ] GC(84)   Evacuate Collection Set: 3.8ms
[2021-05-28T16:57:49.593-0800][gc,phases   ] GC(84)   Post Evacuate Collection Set: 2.4ms
[2021-05-28T16:57:49.593-0800][gc,phases   ] GC(84)   Other: 0.9ms
[2021-05-28T16:57:49.593-0800][gc,heap     ] GC(84) Eden regions: 255->0(255)
[2021-05-28T16:57:49.593-0800][gc,heap     ] GC(84) Survivor regions: 1->1(32)
[2021-05-28T16:57:49.593-0800][gc,heap     ] GC(84) Old regions: 39->39
[2021-05-28T16:57:49.593-0800][gc,heap     ] GC(84) Archive regions: 2->2
[2021-05-28T16:57:49.593-0800][gc,heap     ] GC(84) Humongous regions: 24->24
[2021-05-28T16:57:49.593-0800][gc,metaspace] GC(84) Metaspace: 69044K(70704K)->69044K(70704K) NonClass: 61163K(62128K)->61163K(62128K) Class: 7881K(8576K)->7881K(8576K)
[2021-05-28T16:57:49.593-0800][gc          ] GC(84) Pause Young (Normal) (G1 Evacuation Pause) 319M->64M(512M) 8.514ms
[2021-05-28T16:57:49.593-0800][gc,cpu      ] GC(84) User=0.01s Sys=0.03s Real=0.01s
[2021-05-28T17:00:09.507-0800][gc,start    ] GC(85) Pause Young (Normal) (G1 Evacuation Pause)
[2021-05-28T17:00:09.508-0800][gc,task     ] GC(85) Using 10 workers of 10 for evacuation
[2021-05-28T17:00:09.510-0800][gc,phases   ] GC(85)   Pre Evacuate Collection Set: 0.8ms
[2021-05-28T17:00:09.510-0800][gc,phases   ] GC(85)   Merge Heap Roots: 0.1ms
[2021-05-28T17:00:09.510-0800][gc,phases   ] GC(85)   Evacuate Collection Set: 1.2ms
[2021-05-28T17:00:09.510-0800][gc,phases   ] GC(85)   Post Evacuate Collection Set: 0.4ms
[2021-05-28T17:00:09.510-0800][gc,phases   ] GC(85)   Other: 1.0ms
[2021-05-28T17:00:09.510-0800][gc,heap     ] GC(85) Eden regions: 255->0(255)
[2021-05-28T17:00:09.510-0800][gc,heap     ] GC(85) Survivor regions: 1->1(32)
[2021-05-28T17:00:09.510-0800][gc,heap     ] GC(85) Old regions: 39->39
[2021-05-28T17:00:09.510-0800][gc,heap     ] GC(85) Archive regions: 2->2
[2021-05-28T17:00:09.510-0800][gc,heap     ] GC(85) Humongous regions: 24->24
[2021-05-28T17:00:09.510-0800][gc,metaspace] GC(85) Metaspace: 69044K(70704K)->69044K(70704K) NonClass: 61163K(62128K)->61163K(62128K) Class: 7881K(8576K)->7881K(8576K)
[2021-05-28T17:00:09.511-0800][gc          ] GC(85) Pause Young (Normal) (G1 Evacuation Pause) 319M->64M(512M) 3.667ms
[2021-05-28T17:00:09.511-0800][gc,cpu      ] GC(85) User=0.00s Sys=0.00s Real=0.01s
[2021-05-28T17:02:26.359-0800][gc,start    ] GC(86) Pause Young (Normal) (G1 Evacuation Pause)
[2021-05-28T17:02:26.359-0800][gc,task     ] GC(86) Using 10 workers of 10 for evacuation
[2021-05-28T17:02:26.361-0800][gc,phases   ] GC(86)   Pre Evacuate Collection Set: 0.1ms
[2021-05-28T17:02:26.361-0800][gc,phases   ] GC(86)   Merge Heap Roots: 0.1ms
[2021-05-28T17:02:26.361-0800][gc,phases   ] GC(86)   Evacuate Collection Set: 1.7ms
[2021-05-28T17:02:26.361-0800][gc,phases   ] GC(86)   Post Evacuate Collection Set: 0.3ms
[2021-05-28T17:02:26.361-0800][gc,phases   ] GC(86)   Other: 0.5ms
[2021-05-28T17:02:26.361-0800][gc,heap     ] GC(86) Eden regions: 255->0(255)
[2021-05-28T17:02:26.361-0800][gc,heap     ] GC(86) Survivor regions: 1->1(32)
[2021-05-28T17:02:26.361-0800][gc,heap     ] GC(86) Old regions: 39->39
[2021-05-28T17:02:26.361-0800][gc,heap     ] GC(86) Archive regions: 2->2
[2021-05-28T17:02:26.361-0800][gc,heap     ] GC(86) Humongous regions: 24->24
[2021-05-28T17:02:26.362-0800][gc,metaspace] GC(86) Metaspace: 69044K(70704K)->69044K(70704K) NonClass: 61163K(62128K)->61163K(62128K) Class: 7881K(8576K)->7881K(8576K)
[2021-05-28T17:02:26.362-0800][gc          ] GC(86) Pause Young (Normal) (G1 Evacuation Pause) 319M->64M(512M) 2.870ms
[2021-05-28T17:02:26.362-0800][gc,cpu      ] GC(86) User=0.01s Sys=0.00s Real=0.01s
[2021-05-28T17:04:45.643-0800][gc,start    ] GC(87) Pause Young (Normal) (G1 Evacuation Pause)
[2021-05-28T17:04:45.643-0800][gc,task     ] GC(87) Using 10 workers of 10 for evacuation
[2021-05-28T17:04:45.646-0800][gc,phases   ] GC(87)   Pre Evacuate Collection Set: 0.8ms
[2021-05-28T17:04:45.646-0800][gc,phases   ] GC(87)   Merge Heap Roots: 0.1ms
[2021-05-28T17:04:45.646-0800][gc,phases   ] GC(87)   Evacuate Collection Set: 0.8ms
[2021-05-28T17:04:45.646-0800][gc,phases   ] GC(87)   Post Evacuate Collection Set: 0.4ms
[2021-05-28T17:04:45.646-0800][gc,phases   ] GC(87)   Other: 0.8ms
[2021-05-28T17:04:45.646-0800][gc,heap     ] GC(87) Eden regions: 255->0(255)
[2021-05-28T17:04:45.646-0800][gc,heap     ] GC(87) Survivor regions: 1->1(32)
[2021-05-28T17:04:45.646-0800][gc,heap     ] GC(87) Old regions: 39->39
[2021-05-28T17:04:45.646-0800][gc,heap     ] GC(87) Archive regions: 2->2
[2021-05-28T17:04:45.646-0800][gc,heap     ] GC(87) Humongous regions: 24->24
[2021-05-28T17:04:45.646-0800][gc,metaspace] GC(87) Metaspace: 69047K(70704K)->69047K(70704K) NonClass: 61166K(62128K)->61166K(62128K) Class: 7881K(8576K)->7881K(8576K)
[2021-05-28T17:04:45.646-0800][gc          ] GC(87) Pause Young (Normal) (G1 Evacuation Pause) 319M->64M(512M) 3.114ms
[2021-05-28T17:04:45.646-0800][gc,cpu      ] GC(87) User=0.01s Sys=0.00s Real=0.00s
[2021-05-28T17:07:04.866-0800][gc,start    ] GC(88) Pause Young (Normal) (G1 Evacuation Pause)
[2021-05-28T17:07:04.866-0800][gc,task     ] GC(88) Using 10 workers of 10 for evacuation
[2021-05-28T17:07:04.870-0800][gc,phases   ] GC(88)   Pre Evacuate Collection Set: 0.1ms
[2021-05-28T17:07:04.870-0800][gc,phases   ] GC(88)   Merge Heap Roots: 0.1ms
[2021-05-28T17:07:04.870-0800][gc,phases   ] GC(88)   Evacuate Collection Set: 3.0ms
[2021-05-28T17:07:04.870-0800][gc,phases   ] GC(88)   Post Evacuate Collection Set: 0.4ms
[2021-05-28T17:07:04.870-0800][gc,phases   ] GC(88)   Other: 0.5ms
[2021-05-28T17:07:04.870-0800][gc,heap     ] GC(88) Eden regions: 255->0(255)
[2021-05-28T17:07:04.870-0800][gc,heap     ] GC(88) Survivor regions: 1->1(32)
[2021-05-28T17:07:04.870-0800][gc,heap     ] GC(88) Old regions: 39->39
[2021-05-28T17:07:04.870-0800][gc,heap     ] GC(88) Archive regions: 2->2
[2021-05-28T17:07:04.870-0800][gc,heap     ] GC(88) Humongous regions: 26->26
[2021-05-28T17:07:04.870-0800][gc,metaspace] GC(88) Metaspace: 69047K(70704K)->69047K(70704K) NonClass: 61166K(62128K)->61166K(62128K) Class: 7881K(8576K)->7881K(8576K)
[2021-05-28T17:07:04.870-0800][gc          ] GC(88) Pause Young (Normal) (G1 Evacuation Pause) 321M->66M(512M) 4.327ms
[2021-05-28T17:07:04.870-0800][gc,cpu      ] GC(88) User=0.01s Sys=0.00s Real=0.01s
[2021-05-28T17:09:22.885-0800][gc,start    ] GC(89) Pause Young (Normal) (G1 Evacuation Pause)
[2021-05-28T17:09:22.886-0800][gc,task     ] GC(89) Using 10 workers of 10 for evacuation
[2021-05-28T17:09:22.889-0800][gc,phases   ] GC(89)   Pre Evacuate Collection Set: 0.9ms
[2021-05-28T17:09:22.889-0800][gc,phases   ] GC(89)   Merge Heap Roots: 0.1ms
[2021-05-28T17:09:22.889-0800][gc,phases   ] GC(89)   Evacuate Collection Set: 1.0ms
[2021-05-28T17:09:22.889-0800][gc,phases   ] GC(89)   Post Evacuate Collection Set: 0.4ms
[2021-05-28T17:09:22.889-0800][gc,phases   ] GC(89)   Other: 1.0ms
[2021-05-28T17:09:22.889-0800][gc,heap     ] GC(89) Eden regions: 255->0(255)
[2021-05-28T17:09:22.889-0800][gc,heap     ] GC(89) Survivor regions: 1->1(32)
[2021-05-28T17:09:22.889-0800][gc,heap     ] GC(89) Old regions: 39->39
[2021-05-28T17:09:22.889-0800][gc,heap     ] GC(89) Archive regions: 2->2
[2021-05-28T17:09:22.889-0800][gc,heap     ] GC(89) Humongous regions: 26->26
[2021-05-28T17:09:22.889-0800][gc,metaspace] GC(89) Metaspace: 69047K(70704K)->69047K(70704K) NonClass: 61166K(62128K)->61166K(62128K) Class: 7881K(8576K)->7881K(8576K)
[2021-05-28T17:09:22.889-0800][gc          ] GC(89) Pause Young (Normal) (G1 Evacuation Pause) 321M->66M(512M) 3.676ms
[2021-05-28T17:09:22.889-0800][gc,cpu      ] GC(89) User=0.01s Sys=0.00s Real=0.00s
[2021-05-28T17:11:41.137-0800][gc,start    ] GC(90) Pause Young (Normal) (G1 Evacuation Pause)
[2021-05-28T17:11:41.138-0800][gc,task     ] GC(90) Using 10 workers of 10 for evacuation
[2021-05-28T17:11:41.140-0800][gc,phases   ] GC(90)   Pre Evacuate Collection Set: 0.2ms
[2021-05-28T17:11:41.140-0800][gc,phases   ] GC(90)   Merge Heap Roots: 0.1ms
[2021-05-28T17:11:41.140-0800][gc,phases   ] GC(90)   Evacuate Collection Set: 0.9ms
[2021-05-28T17:11:41.140-0800][gc,phases   ] GC(90)   Post Evacuate Collection Set: 0.5ms
[2021-05-28T17:11:41.140-0800][gc,phases   ] GC(90)   Other: 1.0ms
[2021-05-28T17:11:41.140-0800][gc,heap     ] GC(90) Eden regions: 255->0(255)
[2021-05-28T17:11:41.140-0800][gc,heap     ] GC(90) Survivor regions: 1->1(32)
[2021-05-28T17:11:41.140-0800][gc,heap     ] GC(90) Old regions: 39->39
[2021-05-28T17:11:41.140-0800][gc,heap     ] GC(90) Archive regions: 2->2
[2021-05-28T17:11:41.140-0800][gc,heap     ] GC(90) Humongous regions: 26->26
[2021-05-28T17:11:41.140-0800][gc,metaspace] GC(90) Metaspace: 69047K(70704K)->69047K(70704K) NonClass: 61166K(62128K)->61166K(62128K) Class: 7881K(8576K)->7881K(8576K)
[2021-05-28T17:11:41.140-0800][gc          ] GC(90) Pause Young (Normal) (G1 Evacuation Pause) 321M->66M(512M) 2.797ms
[2021-05-28T17:11:41.140-0800][gc,cpu      ] GC(90) User=0.01s Sys=0.00s Real=0.01s
[2021-05-28T17:13:59.993-0800][gc,start    ] GC(91) Pause Young (Normal) (G1 Evacuation Pause)
[2021-05-28T17:13:59.994-0800][gc,task     ] GC(91) Using 10 workers of 10 for evacuation
[2021-05-28T17:13:59.995-0800][gc,phases   ] GC(91)   Pre Evacuate Collection Set: 0.1ms
[2021-05-28T17:13:59.995-0800][gc,phases   ] GC(91)   Merge Heap Roots: 0.1ms
[2021-05-28T17:13:59.995-0800][gc,phases   ] GC(91)   Evacuate Collection Set: 0.7ms
[2021-05-28T17:13:59.995-0800][gc,phases   ] GC(91)   Post Evacuate Collection Set: 0.5ms
[2021-05-28T17:13:59.995-0800][gc,phases   ] GC(91)   Other: 0.6ms
[2021-05-28T17:13:59.995-0800][gc,heap     ] GC(91) Eden regions: 255->0(255)
[2021-05-28T17:13:59.995-0800][gc,heap     ] GC(91) Survivor regions: 1->1(32)
[2021-05-28T17:13:59.995-0800][gc,heap     ] GC(91) Old regions: 39->39
[2021-05-28T17:13:59.995-0800][gc,heap     ] GC(91) Archive regions: 2->2
[2021-05-28T17:13:59.995-0800][gc,heap     ] GC(91) Humongous regions: 26->26
[2021-05-28T17:13:59.995-0800][gc,metaspace] GC(91) Metaspace: 69047K(70704K)->69047K(70704K) NonClass: 61166K(62128K)->61166K(62128K) Class: 7881K(8576K)->7881K(8576K)
[2021-05-28T17:13:59.995-0800][gc          ] GC(91) Pause Young (Normal) (G1 Evacuation Pause) 321M->66M(512M) 2.151ms
[2021-05-28T17:13:59.995-0800][gc,cpu      ] GC(91) User=0.01s Sys=0.00s Real=0.00s
[2021-05-28T17:16:18.750-0800][gc,start    ] GC(92) Pause Young (Normal) (G1 Evacuation Pause)
[2021-05-28T17:16:18.751-0800][gc,task     ] GC(92) Using 10 workers of 10 for evacuation
[2021-05-28T17:16:18.753-0800][gc,phases   ] GC(92)   Pre Evacuate Collection Set: 0.2ms
[2021-05-28T17:16:18.753-0800][gc,phases   ] GC(92)   Merge Heap Roots: 0.1ms
[2021-05-28T17:16:18.753-0800][gc,phases   ] GC(92)   Evacuate Collection Set: 1.0ms
[2021-05-28T17:16:18.753-0800][gc,phases   ] GC(92)   Post Evacuate Collection Set: 0.4ms
[2021-05-28T17:16:18.753-0800][gc,phases   ] GC(92)   Other: 1.0ms
[2021-05-28T17:16:18.753-0800][gc,heap     ] GC(92) Eden regions: 255->0(255)
[2021-05-28T17:16:18.753-0800][gc,heap     ] GC(92) Survivor regions: 1->1(32)
[2021-05-28T17:16:18.753-0800][gc,heap     ] GC(92) Old regions: 39->39
[2021-05-28T17:16:18.753-0800][gc,heap     ] GC(92) Archive regions: 2->2
[2021-05-28T17:16:18.753-0800][gc,heap     ] GC(92) Humongous regions: 26->26
[2021-05-28T17:16:18.753-0800][gc,metaspace] GC(92) Metaspace: 69055K(70704K)->69055K(70704K) NonClass: 61174K(62128K)->61174K(62128K) Class: 7881K(8576K)->7881K(8576K)
[2021-05-28T17:16:18.753-0800][gc          ] GC(92) Pause Young (Normal) (G1 Evacuation Pause) 321M->66M(512M) 2.964ms
[2021-05-28T17:16:18.753-0800][gc,cpu      ] GC(92) User=0.01s Sys=0.01s Real=0.00s
[2021-05-28T17:18:36.795-0800][gc,start    ] GC(93) Pause Young (Normal) (G1 Evacuation Pause)
[2021-05-28T17:18:36.796-0800][gc,task     ] GC(93) Using 10 workers of 10 for evacuation
[2021-05-28T17:18:36.799-0800][gc,phases   ] GC(93)   Pre Evacuate Collection Set: 0.2ms
[2021-05-28T17:18:36.799-0800][gc,phases   ] GC(93)   Merge Heap Roots: 0.1ms
[2021-05-28T17:18:36.799-0800][gc,phases   ] GC(93)   Evacuate Collection Set: 2.0ms
[2021-05-28T17:18:36.799-0800][gc,phases   ] GC(93)   Post Evacuate Collection Set: 0.4ms
[2021-05-28T17:18:36.800-0800][gc,phases   ] GC(93)   Other: 1.3ms
[2021-05-28T17:18:36.800-0800][gc,heap     ] GC(93) Eden regions: 255->0(255)
[2021-05-28T17:18:36.800-0800][gc,heap     ] GC(93) Survivor regions: 1->1(32)
[2021-05-28T17:18:36.800-0800][gc,heap     ] GC(93) Old regions: 39->39
[2021-05-28T17:18:36.800-0800][gc,heap     ] GC(93) Archive regions: 2->2
[2021-05-28T17:18:36.800-0800][gc,heap     ] GC(93) Humongous regions: 26->26
[2021-05-28T17:18:36.800-0800][gc,metaspace] GC(93) Metaspace: 69057K(70704K)->69057K(70704K) NonClass: 61176K(62128K)->61176K(62128K) Class: 7881K(8576K)->7881K(8576K)
[2021-05-28T17:18:36.800-0800][gc          ] GC(93) Pause Young (Normal) (G1 Evacuation Pause) 321M->66M(512M) 4.186ms
[2021-05-28T17:18:36.800-0800][gc,cpu      ] GC(93) User=0.01s Sys=0.01s Real=0.01s
[2021-05-28T17:20:56.012-0800][gc,start    ] GC(94) Pause Young (Normal) (G1 Evacuation Pause)
[2021-05-28T17:20:56.012-0800][gc,task     ] GC(94) Using 10 workers of 10 for evacuation
[2021-05-28T17:20:56.014-0800][gc,phases   ] GC(94)   Pre Evacuate Collection Set: 0.1ms
[2021-05-28T17:20:56.014-0800][gc,phases   ] GC(94)   Merge Heap Roots: 0.1ms
[2021-05-28T17:20:56.014-0800][gc,phases   ] GC(94)   Evacuate Collection Set: 1.2ms
[2021-05-28T17:20:56.014-0800][gc,phases   ] GC(94)   Post Evacuate Collection Set: 0.3ms
[2021-05-28T17:20:56.014-0800][gc,phases   ] GC(94)   Other: 0.6ms
[2021-05-28T17:20:56.014-0800][gc,heap     ] GC(94) Eden regions: 255->0(255)
[2021-05-28T17:20:56.014-0800][gc,heap     ] GC(94) Survivor regions: 1->1(32)
[2021-05-28T17:20:56.014-0800][gc,heap     ] GC(94) Old regions: 39->39
[2021-05-28T17:20:56.014-0800][gc,heap     ] GC(94) Archive regions: 2->2
[2021-05-28T17:20:56.014-0800][gc,heap     ] GC(94) Humongous regions: 26->26
[2021-05-28T17:20:56.014-0800][gc,metaspace] GC(94) Metaspace: 69057K(70704K)->69057K(70704K) NonClass: 61176K(62128K)->61176K(62128K) Class: 7881K(8576K)->7881K(8576K)
[2021-05-28T17:20:56.014-0800][gc          ] GC(94) Pause Young (Normal) (G1 Evacuation Pause) 321M->66M(512M) 2.566ms
[2021-05-28T17:20:56.014-0800][gc,cpu      ] GC(94) User=0.01s Sys=0.00s Real=0.00s
[2021-05-28T17:53:27.441-0800][gc,start    ] GC(95) Pause Young (Normal) (G1 Evacuation Pause)
[2021-05-28T17:53:27.441-0800][gc,task     ] GC(95) Using 10 workers of 10 for evacuation
[2021-05-28T17:53:27.450-0800][gc,phases   ] GC(95)   Pre Evacuate Collection Set: 0.9ms
[2021-05-28T17:53:27.450-0800][gc,phases   ] GC(95)   Merge Heap Roots: 0.1ms
[2021-05-28T17:53:27.450-0800][gc,phases   ] GC(95)   Evacuate Collection Set: 6.5ms
[2021-05-28T17:53:27.450-0800][gc,phases   ] GC(95)   Post Evacuate Collection Set: 1.0ms
[2021-05-28T17:53:27.450-0800][gc,phases   ] GC(95)   Other: 0.7ms
[2021-05-28T17:53:27.450-0800][gc,heap     ] GC(95) Eden regions: 255->0(253)
[2021-05-28T17:53:27.450-0800][gc,heap     ] GC(95) Survivor regions: 1->3(32)
[2021-05-28T17:53:27.450-0800][gc,heap     ] GC(95) Old regions: 39->39
[2021-05-28T17:53:27.450-0800][gc,heap     ] GC(95) Archive regions: 2->2
[2021-05-28T17:53:27.450-0800][gc,heap     ] GC(95) Humongous regions: 46->46
[2021-05-28T17:53:27.450-0800][gc,metaspace] GC(95) Metaspace: 69363K(71088K)->69363K(71088K) NonClass: 61443K(62384K)->61443K(62384K) Class: 7919K(8704K)->7919K(8704K)
[2021-05-28T17:53:27.450-0800][gc          ] GC(95) Pause Young (Normal) (G1 Evacuation Pause) 341M->87M(512M) 9.323ms
[2021-05-28T17:53:27.450-0800][gc,cpu      ] GC(95) User=0.01s Sys=0.03s Real=0.01s
[2021-05-28T18:34:15.494-0800][gc,start    ] GC(96) Pause Young (Normal) (G1 Evacuation Pause)
[2021-05-28T18:34:16.199-0800][gc,task     ] GC(96) Using 10 workers of 10 for evacuation
[2021-05-28T18:34:16.205-0800][gc,phases   ] GC(96)   Pre Evacuate Collection Set: 1.4ms
[2021-05-28T18:34:16.205-0800][gc,phases   ] GC(96)   Merge Heap Roots: 0.8ms
[2021-05-28T18:34:16.205-0800][gc,phases   ] GC(96)   Evacuate Collection Set: 2.5ms
[2021-05-28T18:34:16.205-0800][gc,phases   ] GC(96)   Post Evacuate Collection Set: 0.7ms
[2021-05-28T18:34:16.205-0800][gc,phases   ] GC(96)   Other: 704.9ms
[2021-05-28T18:34:16.205-0800][gc,heap     ] GC(96) Eden regions: 253->0(253)
[2021-05-28T18:34:16.205-0800][gc,heap     ] GC(96) Survivor regions: 3->3(32)
[2021-05-28T18:34:16.205-0800][gc,heap     ] GC(96) Old regions: 39->39
[2021-05-28T18:34:16.205-0800][gc,heap     ] GC(96) Archive regions: 2->2
[2021-05-28T18:34:16.205-0800][gc,heap     ] GC(96) Humongous regions: 46->46
[2021-05-28T18:34:16.205-0800][gc,metaspace] GC(96) Metaspace: 70254K(71984K)->70254K(71984K) NonClass: 62231K(63152K)->62231K(63152K) Class: 8023K(8832K)->8023K(8832K)
[2021-05-28T18:34:16.205-0800][gc          ] GC(96) Pause Young (Normal) (G1 Evacuation Pause) 340M->88M(512M) 710.516ms
[2021-05-28T18:34:16.205-0800][gc,cpu      ] GC(96) User=0.01s Sys=0.01s Real=0.71s
[2021-05-28T19:15:38.618-0800][gc,start    ] GC(97) Pause Young (Normal) (G1 Evacuation Pause)
[2021-05-28T19:15:38.618-0800][gc,task     ] GC(97) Using 10 workers of 10 for evacuation
[2021-05-28T19:15:38.622-0800][gc,phases   ] GC(97)   Pre Evacuate Collection Set: 0.2ms
[2021-05-28T19:15:38.622-0800][gc,phases   ] GC(97)   Merge Heap Roots: 0.1ms
[2021-05-28T19:15:38.622-0800][gc,phases   ] GC(97)   Evacuate Collection Set: 3.1ms
[2021-05-28T19:15:38.622-0800][gc,phases   ] GC(97)   Post Evacuate Collection Set: 0.3ms
[2021-05-28T19:15:38.622-0800][gc,phases   ] GC(97)   Other: 0.5ms
[2021-05-28T19:15:38.622-0800][gc,heap     ] GC(97) Eden regions: 253->0(253)
[2021-05-28T19:15:38.622-0800][gc,heap     ] GC(97) Survivor regions: 3->3(32)
[2021-05-28T19:15:38.622-0800][gc,heap     ] GC(97) Old regions: 39->39
[2021-05-28T19:15:38.622-0800][gc,heap     ] GC(97) Archive regions: 2->2
[2021-05-28T19:15:38.622-0800][gc,heap     ] GC(97) Humongous regions: 46->46
[2021-05-28T19:15:38.622-0800][gc,metaspace] GC(97) Metaspace: 70261K(71984K)->70261K(71984K) NonClass: 62237K(63152K)->62237K(63152K) Class: 8023K(8832K)->8023K(8832K)
[2021-05-28T19:15:38.622-0800][gc          ] GC(97) Pause Young (Normal) (G1 Evacuation Pause) 341M->88M(512M) 4.343ms
[2021-05-28T19:15:38.622-0800][gc,cpu      ] GC(97) User=0.02s Sys=0.01s Real=0.01s
[2021-05-28T20:31:47.250-0800][gc,start    ] GC(98) Pause Young (Normal) (G1 Evacuation Pause)
[2021-05-28T20:31:47.251-0800][gc,task     ] GC(98) Using 10 workers of 10 for evacuation
[2021-05-28T20:31:47.254-0800][gc,phases   ] GC(98)   Pre Evacuate Collection Set: 0.2ms
[2021-05-28T20:31:47.254-0800][gc,phases   ] GC(98)   Merge Heap Roots: 0.1ms
[2021-05-28T20:31:47.254-0800][gc,phases   ] GC(98)   Evacuate Collection Set: 2.6ms
[2021-05-28T20:31:47.254-0800][gc,phases   ] GC(98)   Post Evacuate Collection Set: 0.3ms
[2021-05-28T20:31:47.254-0800][gc,phases   ] GC(98)   Other: 0.6ms
[2021-05-28T20:31:47.254-0800][gc,heap     ] GC(98) Eden regions: 253->0(253)
[2021-05-28T20:31:47.254-0800][gc,heap     ] GC(98) Survivor regions: 3->3(32)
[2021-05-28T20:31:47.254-0800][gc,heap     ] GC(98) Old regions: 39->39
[2021-05-28T20:31:47.254-0800][gc,heap     ] GC(98) Archive regions: 2->2
[2021-05-28T20:31:47.254-0800][gc,heap     ] GC(98) Humongous regions: 46->46
[2021-05-28T20:31:47.254-0800][gc,metaspace] GC(98) Metaspace: 70287K(71984K)->70287K(71984K) NonClass: 62263K(63152K)->62263K(63152K) Class: 8023K(8832K)->8023K(8832K)
[2021-05-28T20:31:47.254-0800][gc          ] GC(98) Pause Young (Normal) (G1 Evacuation Pause) 341M->88M(512M) 3.965ms
[2021-05-28T20:31:47.254-0800][gc,cpu      ] GC(98) User=0.01s Sys=0.01s Real=0.00s
[2021-05-28T21:05:09.255-0800][gc,start    ] GC(99) Pause Young (Normal) (G1 Evacuation Pause)
[2021-05-28T21:05:09.256-0800][gc,task     ] GC(99) Using 10 workers of 10 for evacuation
[2021-05-28T21:05:09.259-0800][gc,phases   ] GC(99)   Pre Evacuate Collection Set: 0.1ms
[2021-05-28T21:05:09.259-0800][gc,phases   ] GC(99)   Merge Heap Roots: 0.1ms
[2021-05-28T21:05:09.259-0800][gc,phases   ] GC(99)   Evacuate Collection Set: 2.3ms
[2021-05-28T21:05:09.259-0800][gc,phases   ] GC(99)   Post Evacuate Collection Set: 0.4ms
[2021-05-28T21:05:09.259-0800][gc,phases   ] GC(99)   Other: 0.5ms
[2021-05-28T21:05:09.259-0800][gc,heap     ] GC(99) Eden regions: 253->0(252)
[2021-05-28T21:05:09.259-0800][gc,heap     ] GC(99) Survivor regions: 3->4(32)
[2021-05-28T21:05:09.259-0800][gc,heap     ] GC(99) Old regions: 39->39
[2021-05-28T21:05:09.259-0800][gc,heap     ] GC(99) Archive regions: 2->2
[2021-05-28T21:05:09.259-0800][gc,heap     ] GC(99) Humongous regions: 46->46
[2021-05-28T21:05:09.259-0800][gc,metaspace] GC(99) Metaspace: 70297K(71984K)->70297K(71984K) NonClass: 62274K(63152K)->62274K(63152K) Class: 8023K(8832K)->8023K(8832K)
[2021-05-28T21:05:09.259-0800][gc          ] GC(99) Pause Young (Normal) (G1 Evacuation Pause) 341M->88M(512M) 3.481ms
[2021-05-28T21:05:09.259-0800][gc,cpu      ] GC(99) User=0.01s Sys=0.00s Real=0.00s
[2021-05-28T21:07:28.038-0800][gc,start    ] GC(100) Pause Young (Normal) (G1 Evacuation Pause)
[2021-05-28T21:07:28.038-0800][gc,task     ] GC(100) Using 10 workers of 10 for evacuation
[2021-05-28T21:07:28.041-0800][gc,phases   ] GC(100)   Pre Evacuate Collection Set: 0.1ms
[2021-05-28T21:07:28.041-0800][gc,phases   ] GC(100)   Merge Heap Roots: 0.1ms
[2021-05-28T21:07:28.041-0800][gc,phases   ] GC(100)   Evacuate Collection Set: 1.6ms
[2021-05-28T21:07:28.041-0800][gc,phases   ] GC(100)   Post Evacuate Collection Set: 0.7ms
[2021-05-28T21:07:28.041-0800][gc,phases   ] GC(100)   Other: 0.5ms
[2021-05-28T21:07:28.041-0800][gc,heap     ] GC(100) Eden regions: 252->0(253)
[2021-05-28T21:07:28.041-0800][gc,heap     ] GC(100) Survivor regions: 4->3(32)
[2021-05-28T21:07:28.041-0800][gc,heap     ] GC(100) Old regions: 39->39
[2021-05-28T21:07:28.041-0800][gc,heap     ] GC(100) Archive regions: 2->2
[2021-05-28T21:07:28.041-0800][gc,heap     ] GC(100) Humongous regions: 46->46
[2021-05-28T21:07:28.041-0800][gc,metaspace] GC(100) Metaspace: 70306K(71984K)->70306K(71984K) NonClass: 62283K(63152K)->62283K(63152K) Class: 8023K(8832K)->8023K(8832K)
[2021-05-28T21:07:28.041-0800][gc          ] GC(100) Pause Young (Normal) (G1 Evacuation Pause) 340M->88M(512M) 3.233ms
[2021-05-28T21:07:28.041-0800][gc,cpu      ] GC(100) User=0.02s Sys=0.00s Real=0.01s
[2021-05-28T21:09:47.907-0800][gc,start    ] GC(101) Pause Young (Normal) (G1 Evacuation Pause)
[2021-05-28T21:09:47.907-0800][gc,task     ] GC(101) Using 10 workers of 10 for evacuation
[2021-05-28T21:09:47.911-0800][gc,phases   ] GC(101)   Pre Evacuate Collection Set: 0.1ms
[2021-05-28T21:09:47.911-0800][gc,phases   ] GC(101)   Merge Heap Roots: 0.1ms
[2021-05-28T21:09:47.911-0800][gc,phases   ] GC(101)   Evacuate Collection Set: 2.6ms
[2021-05-28T21:09:47.911-0800][gc,phases   ] GC(101)   Post Evacuate Collection Set: 0.5ms
[2021-05-28T21:09:47.911-0800][gc,phases   ] GC(101)   Other: 0.6ms
[2021-05-28T21:09:47.911-0800][gc,heap     ] GC(101) Eden regions: 253->0(253)
[2021-05-28T21:09:47.911-0800][gc,heap     ] GC(101) Survivor regions: 3->3(32)
[2021-05-28T21:09:47.911-0800][gc,heap     ] GC(101) Old regions: 39->39
[2021-05-28T21:09:47.911-0800][gc,heap     ] GC(101) Archive regions: 2->2
[2021-05-28T21:09:47.911-0800][gc,heap     ] GC(101) Humongous regions: 46->46
[2021-05-28T21:09:47.911-0800][gc,metaspace] GC(101) Metaspace: 70307K(71984K)->70307K(71984K) NonClass: 62283K(63152K)->62283K(63152K) Class: 8023K(8832K)->8023K(8832K)
[2021-05-28T21:09:47.911-0800][gc          ] GC(101) Pause Young (Normal) (G1 Evacuation Pause) 341M->88M(512M) 4.025ms
[2021-05-28T21:09:47.911-0800][gc,cpu      ] GC(101) User=0.02s Sys=0.00s Real=0.01s
[2021-05-28T21:11:59.475-0800][gc,start    ] GC(102) Pause Young (Normal) (G1 Evacuation Pause)
[2021-05-28T21:11:59.475-0800][gc,task     ] GC(102) Using 10 workers of 10 for evacuation
[2021-05-28T21:11:59.478-0800][gc,phases   ] GC(102)   Pre Evacuate Collection Set: 0.2ms
[2021-05-28T21:11:59.478-0800][gc,phases   ] GC(102)   Merge Heap Roots: 0.1ms
[2021-05-28T21:11:59.478-0800][gc,phases   ] GC(102)   Evacuate Collection Set: 2.1ms
[2021-05-28T21:11:59.478-0800][gc,phases   ] GC(102)   Post Evacuate Collection Set: 0.5ms
[2021-05-28T21:11:59.478-0800][gc,phases   ] GC(102)   Other: 0.8ms
[2021-05-28T21:11:59.478-0800][gc,heap     ] GC(102) Eden regions: 253->0(253)
[2021-05-28T21:11:59.478-0800][gc,heap     ] GC(102) Survivor regions: 3->3(32)
[2021-05-28T21:11:59.479-0800][gc,heap     ] GC(102) Old regions: 39->39
[2021-05-28T21:11:59.479-0800][gc,heap     ] GC(102) Archive regions: 2->2
[2021-05-28T21:11:59.479-0800][gc,heap     ] GC(102) Humongous regions: 46->46
[2021-05-28T21:11:59.479-0800][gc,metaspace] GC(102) Metaspace: 70307K(71984K)->70307K(71984K) NonClass: 62283K(63152K)->62283K(63152K) Class: 8023K(8832K)->8023K(8832K)
[2021-05-28T21:11:59.479-0800][gc          ] GC(102) Pause Young (Normal) (G1 Evacuation Pause) 341M->88M(512M) 3.931ms
[2021-05-28T21:11:59.479-0800][gc,cpu      ] GC(102) User=0.01s Sys=0.01s Real=0.00s
[2021-05-28T21:14:18.241-0800][gc,start    ] GC(103) Pause Young (Normal) (G1 Evacuation Pause)
[2021-05-28T21:14:18.241-0800][gc,task     ] GC(103) Using 10 workers of 10 for evacuation
[2021-05-28T21:14:18.244-0800][gc,phases   ] GC(103)   Pre Evacuate Collection Set: 0.2ms
[2021-05-28T21:14:18.244-0800][gc,phases   ] GC(103)   Merge Heap Roots: 0.1ms
[2021-05-28T21:14:18.244-0800][gc,phases   ] GC(103)   Evacuate Collection Set: 1.8ms
[2021-05-28T21:14:18.244-0800][gc,phases   ] GC(103)   Post Evacuate Collection Set: 0.5ms
[2021-05-28T21:14:18.244-0800][gc,phases   ] GC(103)   Other: 0.5ms
[2021-05-28T21:14:18.244-0800][gc,heap     ] GC(103) Eden regions: 253->0(253)
[2021-05-28T21:14:18.244-0800][gc,heap     ] GC(103) Survivor regions: 3->3(32)
[2021-05-28T21:14:18.244-0800][gc,heap     ] GC(103) Old regions: 39->40
[2021-05-28T21:14:18.244-0800][gc,heap     ] GC(103) Archive regions: 2->2
[2021-05-28T21:14:18.244-0800][gc,heap     ] GC(103) Humongous regions: 46->46
[2021-05-28T21:14:18.244-0800][gc,metaspace] GC(103) Metaspace: 70307K(71984K)->70307K(71984K) NonClass: 62283K(63152K)->62283K(63152K) Class: 8023K(8832K)->8023K(8832K)
[2021-05-28T21:14:18.244-0800][gc          ] GC(103) Pause Young (Normal) (G1 Evacuation Pause) 341M->88M(512M) 3.210ms
[2021-05-28T21:14:18.244-0800][gc,cpu      ] GC(103) User=0.01s Sys=0.01s Real=0.00s
[2021-05-28T21:16:38.159-0800][gc,start    ] GC(104) Pause Young (Normal) (G1 Evacuation Pause)
[2021-05-28T21:16:38.159-0800][gc,task     ] GC(104) Using 10 workers of 10 for evacuation
[2021-05-28T21:16:38.162-0800][gc,phases   ] GC(104)   Pre Evacuate Collection Set: 0.1ms
[2021-05-28T21:16:38.162-0800][gc,phases   ] GC(104)   Merge Heap Roots: 0.1ms
[2021-05-28T21:16:38.162-0800][gc,phases   ] GC(104)   Evacuate Collection Set: 1.9ms
[2021-05-28T21:16:38.162-0800][gc,phases   ] GC(104)   Post Evacuate Collection Set: 1.1ms
[2021-05-28T21:16:38.162-0800][gc,phases   ] GC(104)   Other: 0.5ms
[2021-05-28T21:16:38.162-0800][gc,heap     ] GC(104) Eden regions: 253->0(253)
[2021-05-28T21:16:38.162-0800][gc,heap     ] GC(104) Survivor regions: 3->3(32)
[2021-05-28T21:16:38.162-0800][gc,heap     ] GC(104) Old regions: 40->40
[2021-05-28T21:16:38.162-0800][gc,heap     ] GC(104) Archive regions: 2->2
[2021-05-28T21:16:38.163-0800][gc,heap     ] GC(104) Humongous regions: 46->46
[2021-05-28T21:16:38.163-0800][gc,metaspace] GC(104) Metaspace: 70307K(71984K)->70307K(71984K) NonClass: 62283K(63152K)->62283K(63152K) Class: 8023K(8832K)->8023K(8832K)
[2021-05-28T21:16:38.163-0800][gc          ] GC(104) Pause Young (Normal) (G1 Evacuation Pause) 341M->88M(512M) 3.988ms
[2021-05-28T21:16:38.163-0800][gc,cpu      ] GC(104) User=0.02s Sys=0.00s Real=0.01s
[2021-05-28T21:18:54.710-0800][gc,start    ] GC(105) Pause Young (Normal) (G1 Evacuation Pause)
[2021-05-28T21:18:54.711-0800][gc,task     ] GC(105) Using 10 workers of 10 for evacuation
[2021-05-28T21:18:54.714-0800][gc,phases   ] GC(105)   Pre Evacuate Collection Set: 0.2ms
[2021-05-28T21:18:54.714-0800][gc,phases   ] GC(105)   Merge Heap Roots: 0.1ms
[2021-05-28T21:18:54.714-0800][gc,phases   ] GC(105)   Evacuate Collection Set: 2.0ms
[2021-05-28T21:18:54.714-0800][gc,phases   ] GC(105)   Post Evacuate Collection Set: 0.6ms
[2021-05-28T21:18:54.714-0800][gc,phases   ] GC(105)   Other: 0.6ms
[2021-05-28T21:18:54.714-0800][gc,heap     ] GC(105) Eden regions: 253->0(253)
[2021-05-28T21:18:54.714-0800][gc,heap     ] GC(105) Survivor regions: 3->3(32)
[2021-05-28T21:18:54.714-0800][gc,heap     ] GC(105) Old regions: 40->40
[2021-05-28T21:18:54.714-0800][gc,heap     ] GC(105) Archive regions: 2->2
[2021-05-28T21:18:54.714-0800][gc,heap     ] GC(105) Humongous regions: 46->46
[2021-05-28T21:18:54.714-0800][gc,metaspace] GC(105) Metaspace: 70307K(71984K)->70307K(71984K) NonClass: 62283K(63152K)->62283K(63152K) Class: 8023K(8832K)->8023K(8832K)
[2021-05-28T21:18:54.714-0800][gc          ] GC(105) Pause Young (Normal) (G1 Evacuation Pause) 341M->88M(512M) 3.719ms
[2021-05-28T21:18:54.714-0800][gc,cpu      ] GC(105) User=0.01s Sys=0.00s Real=0.00s
[2021-05-28T21:21:08.726-0800][gc,start    ] GC(106) Pause Young (Normal) (G1 Evacuation Pause)
[2021-05-28T21:21:08.726-0800][gc,task     ] GC(106) Using 10 workers of 10 for evacuation
[2021-05-28T21:21:08.729-0800][gc,phases   ] GC(106)   Pre Evacuate Collection Set: 0.2ms
[2021-05-28T21:21:08.729-0800][gc,phases   ] GC(106)   Merge Heap Roots: 0.1ms
[2021-05-28T21:21:08.729-0800][gc,phases   ] GC(106)   Evacuate Collection Set: 1.8ms
[2021-05-28T21:21:08.729-0800][gc,phases   ] GC(106)   Post Evacuate Collection Set: 0.5ms
[2021-05-28T21:21:08.729-0800][gc,phases   ] GC(106)   Other: 1.1ms
[2021-05-28T21:21:08.729-0800][gc,heap     ] GC(106) Eden regions: 253->0(253)
[2021-05-28T21:21:08.729-0800][gc,heap     ] GC(106) Survivor regions: 3->3(32)
[2021-05-28T21:21:08.729-0800][gc,heap     ] GC(106) Old regions: 40->40
[2021-05-28T21:21:08.729-0800][gc,heap     ] GC(106) Archive regions: 2->2
[2021-05-28T21:21:08.729-0800][gc,heap     ] GC(106) Humongous regions: 46->46
[2021-05-28T21:21:08.729-0800][gc,metaspace] GC(106) Metaspace: 70307K(71984K)->70307K(71984K) NonClass: 62283K(63152K)->62283K(63152K) Class: 8023K(8832K)->8023K(8832K)
[2021-05-28T21:21:08.729-0800][gc          ] GC(106) Pause Young (Normal) (G1 Evacuation Pause) 341M->88M(512M) 3.683ms
[2021-05-28T21:21:08.729-0800][gc,cpu      ] GC(106) User=0.02s Sys=0.00s Real=0.00s
[2021-05-28T21:23:28.645-0800][gc,start    ] GC(107) Pause Young (Normal) (G1 Evacuation Pause)
[2021-05-28T21:23:28.645-0800][gc,task     ] GC(107) Using 10 workers of 10 for evacuation
[2021-05-28T21:23:28.648-0800][gc,phases   ] GC(107)   Pre Evacuate Collection Set: 0.1ms
[2021-05-28T21:23:28.648-0800][gc,phases   ] GC(107)   Merge Heap Roots: 0.1ms
[2021-05-28T21:23:28.648-0800][gc,phases   ] GC(107)   Evacuate Collection Set: 1.8ms
[2021-05-28T21:23:28.648-0800][gc,phases   ] GC(107)   Post Evacuate Collection Set: 0.5ms
[2021-05-28T21:23:28.648-0800][gc,phases   ] GC(107)   Other: 0.4ms
[2021-05-28T21:23:28.648-0800][gc,heap     ] GC(107) Eden regions: 253->0(253)
[2021-05-28T21:23:28.648-0800][gc,heap     ] GC(107) Survivor regions: 3->3(32)
[2021-05-28T21:23:28.648-0800][gc,heap     ] GC(107) Old regions: 40->40
[2021-05-28T21:23:28.648-0800][gc,heap     ] GC(107) Archive regions: 2->2
[2021-05-28T21:23:28.648-0800][gc,heap     ] GC(107) Humongous regions: 46->46
[2021-05-28T21:23:28.648-0800][gc,metaspace] GC(107) Metaspace: 70307K(71984K)->70307K(71984K) NonClass: 62284K(63152K)->62284K(63152K) Class: 8023K(8832K)->8023K(8832K)
[2021-05-28T21:23:28.648-0800][gc          ] GC(107) Pause Young (Normal) (G1 Evacuation Pause) 341M->88M(512M) 3.067ms
[2021-05-28T21:23:28.648-0800][gc,cpu      ] GC(107) User=0.01s Sys=0.01s Real=0.00s
[2021-05-28T21:25:45.166-0800][gc,start    ] GC(108) Pause Young (Normal) (G1 Evacuation Pause)
[2021-05-28T21:25:45.167-0800][gc,task     ] GC(108) Using 10 workers of 10 for evacuation
[2021-05-28T21:25:45.170-0800][gc,phases   ] GC(108)   Pre Evacuate Collection Set: 0.2ms
[2021-05-28T21:25:45.170-0800][gc,phases   ] GC(108)   Merge Heap Roots: 0.1ms
[2021-05-28T21:25:45.170-0800][gc,phases   ] GC(108)   Evacuate Collection Set: 2.1ms
[2021-05-28T21:25:45.170-0800][gc,phases   ] GC(108)   Post Evacuate Collection Set: 0.6ms
[2021-05-28T21:25:45.170-0800][gc,phases   ] GC(108)   Other: 1.4ms
[2021-05-28T21:25:45.170-0800][gc,heap     ] GC(108) Eden regions: 253->0(253)
[2021-05-28T21:25:45.170-0800][gc,heap     ] GC(108) Survivor regions: 3->3(32)
[2021-05-28T21:25:45.170-0800][gc,heap     ] GC(108) Old regions: 40->40
[2021-05-28T21:25:45.170-0800][gc,heap     ] GC(108) Archive regions: 2->2
[2021-05-28T21:25:45.170-0800][gc,heap     ] GC(108) Humongous regions: 46->46
[2021-05-28T21:25:45.170-0800][gc,metaspace] GC(108) Metaspace: 70308K(71984K)->70308K(71984K) NonClass: 62284K(63152K)->62284K(63152K) Class: 8023K(8832K)->8023K(8832K)
[2021-05-28T21:25:45.170-0800][gc          ] GC(108) Pause Young (Normal) (G1 Evacuation Pause) 341M->88M(512M) 4.574ms
[2021-05-28T21:25:45.170-0800][gc,cpu      ] GC(108) User=0.02s Sys=0.00s Real=0.01s
[2021-05-28T21:27:58.893-0800][gc,start    ] GC(109) Pause Young (Normal) (G1 Evacuation Pause)
[2021-05-28T21:27:58.893-0800][gc,task     ] GC(109) Using 10 workers of 10 for evacuation
[2021-05-28T21:27:58.896-0800][gc,phases   ] GC(109)   Pre Evacuate Collection Set: 0.2ms
[2021-05-28T21:27:58.896-0800][gc,phases   ] GC(109)   Merge Heap Roots: 0.1ms
[2021-05-28T21:27:58.896-0800][gc,phases   ] GC(109)   Evacuate Collection Set: 1.7ms
[2021-05-28T21:27:58.896-0800][gc,phases   ] GC(109)   Post Evacuate Collection Set: 0.5ms
[2021-05-28T21:27:58.896-0800][gc,phases   ] GC(109)   Other: 0.8ms
[2021-05-28T21:27:58.896-0800][gc,heap     ] GC(109) Eden regions: 253->0(253)
[2021-05-28T21:27:58.896-0800][gc,heap     ] GC(109) Survivor regions: 3->3(32)
[2021-05-28T21:27:58.896-0800][gc,heap     ] GC(109) Old regions: 40->40
[2021-05-28T21:27:58.896-0800][gc,heap     ] GC(109) Archive regions: 2->2
[2021-05-28T21:27:58.896-0800][gc,heap     ] GC(109) Humongous regions: 46->46
[2021-05-28T21:27:58.896-0800][gc,metaspace] GC(109) Metaspace: 70312K(72240K)->70312K(72240K) NonClass: 62288K(63408K)->62288K(63408K) Class: 8023K(8832K)->8023K(8832K)
[2021-05-28T21:27:58.896-0800][gc          ] GC(109) Pause Young (Normal) (G1 Evacuation Pause) 341M->88M(512M) 3.235ms
[2021-05-28T21:27:58.896-0800][gc,cpu      ] GC(109) User=0.02s Sys=0.00s Real=0.00s
[2021-05-28T21:30:18.854-0800][gc,start    ] GC(110) Pause Young (Normal) (G1 Evacuation Pause)
[2021-05-28T21:30:18.855-0800][gc,task     ] GC(110) Using 10 workers of 10 for evacuation
[2021-05-28T21:30:18.858-0800][gc,phases   ] GC(110)   Pre Evacuate Collection Set: 0.2ms
[2021-05-28T21:30:18.858-0800][gc,phases   ] GC(110)   Merge Heap Roots: 0.6ms
[2021-05-28T21:30:18.858-0800][gc,phases   ] GC(110)   Evacuate Collection Set: 1.5ms
[2021-05-28T21:30:18.858-0800][gc,phases   ] GC(110)   Post Evacuate Collection Set: 0.5ms
[2021-05-28T21:30:18.858-0800][gc,phases   ] GC(110)   Other: 0.8ms
[2021-05-28T21:30:18.858-0800][gc,heap     ] GC(110) Eden regions: 253->0(254)
[2021-05-28T21:30:18.858-0800][gc,heap     ] GC(110) Survivor regions: 3->2(32)
[2021-05-28T21:30:18.858-0800][gc,heap     ] GC(110) Old regions: 40->41
[2021-05-28T21:30:18.858-0800][gc,heap     ] GC(110) Archive regions: 2->2
[2021-05-28T21:30:18.858-0800][gc,heap     ] GC(110) Humongous regions: 46->46
[2021-05-28T21:30:18.858-0800][gc,metaspace] GC(110) Metaspace: 70312K(72240K)->70312K(72240K) NonClass: 62288K(63408K)->62288K(63408K) Class: 8023K(8832K)->8023K(8832K)
[2021-05-28T21:30:18.858-0800][gc          ] GC(110) Pause Young (Normal) (G1 Evacuation Pause) 341M->88M(512M) 3.677ms
[2021-05-28T21:30:18.858-0800][gc,cpu      ] GC(110) User=0.01s Sys=0.00s Real=0.00s
[2021-05-28T21:32:35.354-0800][gc,start    ] GC(111) Pause Young (Normal) (G1 Evacuation Pause)
[2021-05-28T21:32:35.354-0800][gc,task     ] GC(111) Using 10 workers of 10 for evacuation
[2021-05-28T21:32:35.356-0800][gc,phases   ] GC(111)   Pre Evacuate Collection Set: 0.1ms
[2021-05-28T21:32:35.356-0800][gc,phases   ] GC(111)   Merge Heap Roots: 0.1ms
[2021-05-28T21:32:35.356-0800][gc,phases   ] GC(111)   Evacuate Collection Set: 1.0ms
[2021-05-28T21:32:35.356-0800][gc,phases   ] GC(111)   Post Evacuate Collection Set: 0.4ms
[2021-05-28T21:32:35.356-0800][gc,phases   ] GC(111)   Other: 0.8ms
[2021-05-28T21:32:35.356-0800][gc,heap     ] GC(111) Eden regions: 254->0(254)
[2021-05-28T21:32:35.356-0800][gc,heap     ] GC(111) Survivor regions: 2->2(32)
[2021-05-28T21:32:35.356-0800][gc,heap     ] GC(111) Old regions: 41->41
[2021-05-28T21:32:35.356-0800][gc,heap     ] GC(111) Archive regions: 2->2
[2021-05-28T21:32:35.356-0800][gc,heap     ] GC(111) Humongous regions: 46->46
[2021-05-28T21:32:35.356-0800][gc,metaspace] GC(111) Metaspace: 70313K(72240K)->70313K(72240K) NonClass: 62289K(63408K)->62289K(63408K) Class: 8024K(8832K)->8024K(8832K)
[2021-05-28T21:32:35.356-0800][gc          ] GC(111) Pause Young (Normal) (G1 Evacuation Pause) 342M->88M(512M) 2.521ms
[2021-05-28T21:32:35.356-0800][gc,cpu      ] GC(111) User=0.01s Sys=0.00s Real=0.00s
[2021-05-28T21:34:59.704-0800][gc,start    ] GC(112) Pause Young (Normal) (G1 Evacuation Pause)
[2021-05-28T21:34:59.705-0800][gc,task     ] GC(112) Using 10 workers of 10 for evacuation
[2021-05-28T21:34:59.707-0800][gc,phases   ] GC(112)   Pre Evacuate Collection Set: 0.1ms
[2021-05-28T21:34:59.707-0800][gc,phases   ] GC(112)   Merge Heap Roots: 0.1ms
[2021-05-28T21:34:59.707-0800][gc,phases   ] GC(112)   Evacuate Collection Set: 1.4ms
[2021-05-28T21:34:59.707-0800][gc,phases   ] GC(112)   Post Evacuate Collection Set: 0.3ms
[2021-05-28T21:34:59.707-0800][gc,phases   ] GC(112)   Other: 1.2ms
[2021-05-28T21:34:59.707-0800][gc,heap     ] GC(112) Eden regions: 254->0(255)
[2021-05-28T21:34:59.707-0800][gc,heap     ] GC(112) Survivor regions: 2->1(32)
[2021-05-28T21:34:59.707-0800][gc,heap     ] GC(112) Old regions: 41->42
[2021-05-28T21:34:59.707-0800][gc,heap     ] GC(112) Archive regions: 2->2
[2021-05-28T21:34:59.707-0800][gc,heap     ] GC(112) Humongous regions: 46->46
[2021-05-28T21:34:59.707-0800][gc,metaspace] GC(112) Metaspace: 70313K(72240K)->70313K(72240K) NonClass: 62289K(63408K)->62289K(63408K) Class: 8024K(8832K)->8024K(8832K)
[2021-05-28T21:34:59.707-0800][gc          ] GC(112) Pause Young (Normal) (G1 Evacuation Pause) 342M->88M(512M) 3.162ms
[2021-05-28T21:34:59.707-0800][gc,cpu      ] GC(112) User=0.00s Sys=0.00s Real=0.00s
[2021-05-28T21:38:20.725-0800][gc,start    ] GC(113) Pause Young (Normal) (G1 Evacuation Pause)
[2021-05-28T21:38:20.726-0800][gc,task     ] GC(113) Using 10 workers of 10 for evacuation
[2021-05-28T21:38:20.736-0800][gc,phases   ] GC(113)   Pre Evacuate Collection Set: 1.9ms
[2021-05-28T21:38:20.737-0800][gc,phases   ] GC(113)   Merge Heap Roots: 0.3ms
[2021-05-28T21:38:20.737-0800][gc,phases   ] GC(113)   Evacuate Collection Set: 5.5ms
[2021-05-28T21:38:20.737-0800][gc,phases   ] GC(113)   Post Evacuate Collection Set: 2.0ms
[2021-05-28T21:38:20.737-0800][gc,phases   ] GC(113)   Other: 1.8ms
[2021-05-28T21:38:20.737-0800][gc,heap     ] GC(113) Eden regions: 255->0(255)
[2021-05-28T21:38:20.737-0800][gc,heap     ] GC(113) Survivor regions: 1->1(32)
[2021-05-28T21:38:20.737-0800][gc,heap     ] GC(113) Old regions: 42->42
[2021-05-28T21:38:20.737-0800][gc,heap     ] GC(113) Archive regions: 2->2
[2021-05-28T21:38:20.737-0800][gc,heap     ] GC(113) Humongous regions: 46->46
[2021-05-28T21:38:20.737-0800][gc,metaspace] GC(113) Metaspace: 70348K(72240K)->70348K(72240K) NonClass: 62324K(63408K)->62324K(63408K) Class: 8024K(8832K)->8024K(8832K)
[2021-05-28T21:38:20.737-0800][gc          ] GC(113) Pause Young (Normal) (G1 Evacuation Pause) 343M->88M(512M) 11.700ms
[2021-05-28T21:38:20.737-0800][gc,cpu      ] GC(113) User=0.01s Sys=0.05s Real=0.01s
[2021-05-28T21:40:39.449-0800][gc,start    ] GC(114) Pause Young (Normal) (G1 Evacuation Pause)
[2021-05-28T21:40:39.450-0800][gc,task     ] GC(114) Using 10 workers of 10 for evacuation
[2021-05-28T21:40:39.452-0800][gc,phases   ] GC(114)   Pre Evacuate Collection Set: 0.2ms
[2021-05-28T21:40:39.452-0800][gc,phases   ] GC(114)   Merge Heap Roots: 0.1ms
[2021-05-28T21:40:39.452-0800][gc,phases   ] GC(114)   Evacuate Collection Set: 1.4ms
[2021-05-28T21:40:39.452-0800][gc,phases   ] GC(114)   Post Evacuate Collection Set: 0.5ms
[2021-05-28T21:40:39.452-0800][gc,phases   ] GC(114)   Other: 0.9ms
[2021-05-28T21:40:39.452-0800][gc,heap     ] GC(114) Eden regions: 255->0(255)
[2021-05-28T21:40:39.452-0800][gc,heap     ] GC(114) Survivor regions: 1->1(32)
[2021-05-28T21:40:39.452-0800][gc,heap     ] GC(114) Old regions: 42->42
[2021-05-28T21:40:39.452-0800][gc,heap     ] GC(114) Archive regions: 2->2
[2021-05-28T21:40:39.452-0800][gc,heap     ] GC(114) Humongous regions: 46->46
[2021-05-28T21:40:39.452-0800][gc,metaspace] GC(114) Metaspace: 70348K(72240K)->70348K(72240K) NonClass: 62324K(63408K)->62324K(63408K) Class: 8024K(8832K)->8024K(8832K)
[2021-05-28T21:40:39.452-0800][gc          ] GC(114) Pause Young (Normal) (G1 Evacuation Pause) 343M->88M(512M) 3.178ms
[2021-05-28T21:40:39.453-0800][gc,cpu      ] GC(114) User=0.01s Sys=0.01s Real=0.01s
[2021-05-28T21:42:56.685-0800][gc,start    ] GC(115) Pause Young (Normal) (G1 Evacuation Pause)
[2021-05-28T21:42:56.686-0800][gc,task     ] GC(115) Using 10 workers of 10 for evacuation
[2021-05-28T21:42:56.687-0800][gc,phases   ] GC(115)   Pre Evacuate Collection Set: 0.1ms
[2021-05-28T21:42:56.687-0800][gc,phases   ] GC(115)   Merge Heap Roots: 0.1ms
[2021-05-28T21:42:56.687-0800][gc,phases   ] GC(115)   Evacuate Collection Set: 0.8ms
[2021-05-28T21:42:56.687-0800][gc,phases   ] GC(115)   Post Evacuate Collection Set: 0.3ms
[2021-05-28T21:42:56.687-0800][gc,phases   ] GC(115)   Other: 0.9ms
[2021-05-28T21:42:56.687-0800][gc,heap     ] GC(115) Eden regions: 255->0(255)
[2021-05-28T21:42:56.687-0800][gc,heap     ] GC(115) Survivor regions: 1->1(32)
[2021-05-28T21:42:56.687-0800][gc,heap     ] GC(115) Old regions: 42->42
[2021-05-28T21:42:56.687-0800][gc,heap     ] GC(115) Archive regions: 2->2
[2021-05-28T21:42:56.687-0800][gc,heap     ] GC(115) Humongous regions: 46->46
[2021-05-28T21:42:56.687-0800][gc,metaspace] GC(115) Metaspace: 70348K(72240K)->70348K(72240K) NonClass: 62324K(63408K)->62324K(63408K) Class: 8024K(8832K)->8024K(8832K)
[2021-05-28T21:42:56.687-0800][gc          ] GC(115) Pause Young (Normal) (G1 Evacuation Pause) 343M->88M(512M) 2.366ms
[2021-05-28T21:42:56.687-0800][gc,cpu      ] GC(115) User=0.01s Sys=0.00s Real=0.00s
[2021-05-28T21:45:14.742-0800][gc,start    ] GC(116) Pause Young (Normal) (G1 Evacuation Pause)
[2021-05-28T21:45:14.743-0800][gc,task     ] GC(116) Using 10 workers of 10 for evacuation
[2021-05-28T21:45:14.745-0800][gc,phases   ] GC(116)   Pre Evacuate Collection Set: 0.2ms
[2021-05-28T21:45:14.745-0800][gc,phases   ] GC(116)   Merge Heap Roots: 0.1ms
[2021-05-28T21:45:14.745-0800][gc,phases   ] GC(116)   Evacuate Collection Set: 0.9ms
[2021-05-28T21:45:14.745-0800][gc,phases   ] GC(116)   Post Evacuate Collection Set: 0.6ms
[2021-05-28T21:45:14.745-0800][gc,phases   ] GC(116)   Other: 1.6ms
[2021-05-28T21:45:14.745-0800][gc,heap     ] GC(116) Eden regions: 255->0(255)
[2021-05-28T21:45:14.745-0800][gc,heap     ] GC(116) Survivor regions: 1->1(32)
[2021-05-28T21:45:14.745-0800][gc,heap     ] GC(116) Old regions: 42->42
[2021-05-28T21:45:14.745-0800][gc,heap     ] GC(116) Archive regions: 2->2
[2021-05-28T21:45:14.745-0800][gc,heap     ] GC(116) Humongous regions: 46->46
[2021-05-28T21:45:14.745-0800][gc,metaspace] GC(116) Metaspace: 70348K(72240K)->70348K(72240K) NonClass: 62324K(63408K)->62324K(63408K) Class: 8024K(8832K)->8024K(8832K)
[2021-05-28T21:45:14.745-0800][gc          ] GC(116) Pause Young (Normal) (G1 Evacuation Pause) 343M->88M(512M) 3.629ms
[2021-05-28T21:45:14.745-0800][gc,cpu      ] GC(116) User=0.01s Sys=0.00s Real=0.00s
[2021-05-28T21:47:32.991-0800][gc,start    ] GC(117) Pause Young (Normal) (G1 Evacuation Pause)
[2021-05-28T21:47:32.992-0800][gc,task     ] GC(117) Using 10 workers of 10 for evacuation
[2021-05-28T21:47:32.994-0800][gc,phases   ] GC(117)   Pre Evacuate Collection Set: 0.8ms
[2021-05-28T21:47:32.994-0800][gc,phases   ] GC(117)   Merge Heap Roots: 0.1ms
[2021-05-28T21:47:32.994-0800][gc,phases   ] GC(117)   Evacuate Collection Set: 0.9ms
[2021-05-28T21:47:32.994-0800][gc,phases   ] GC(117)   Post Evacuate Collection Set: 0.4ms
[2021-05-28T21:47:32.994-0800][gc,phases   ] GC(117)   Other: 1.5ms
[2021-05-28T21:47:32.994-0800][gc,heap     ] GC(117) Eden regions: 255->0(255)
[2021-05-28T21:47:32.994-0800][gc,heap     ] GC(117) Survivor regions: 1->1(32)
[2021-05-28T21:47:32.994-0800][gc,heap     ] GC(117) Old regions: 42->42
[2021-05-28T21:47:32.994-0800][gc,heap     ] GC(117) Archive regions: 2->2
[2021-05-28T21:47:32.994-0800][gc,heap     ] GC(117) Humongous regions: 46->46
[2021-05-28T21:47:32.994-0800][gc,metaspace] GC(117) Metaspace: 70351K(72240K)->70351K(72240K) NonClass: 62327K(63408K)->62327K(63408K) Class: 8024K(8832K)->8024K(8832K)
[2021-05-28T21:47:32.994-0800][gc          ] GC(117) Pause Young (Normal) (G1 Evacuation Pause) 343M->88M(512M) 3.808ms
[2021-05-28T21:47:32.994-0800][gc,cpu      ] GC(117) User=0.01s Sys=0.00s Real=0.00s
[2021-05-28T21:49:51.426-0800][gc,start    ] GC(118) Pause Young (Normal) (G1 Evacuation Pause)
[2021-05-28T21:49:51.427-0800][gc,task     ] GC(118) Using 10 workers of 10 for evacuation
[2021-05-28T21:49:51.429-0800][gc,phases   ] GC(118)   Pre Evacuate Collection Set: 0.2ms
[2021-05-28T21:49:51.429-0800][gc,phases   ] GC(118)   Merge Heap Roots: 0.1ms
[2021-05-28T21:49:51.429-0800][gc,phases   ] GC(118)   Evacuate Collection Set: 1.2ms
[2021-05-28T21:49:51.429-0800][gc,phases   ] GC(118)   Post Evacuate Collection Set: 0.5ms
[2021-05-28T21:49:51.430-0800][gc,phases   ] GC(118)   Other: 1.4ms
[2021-05-28T21:49:51.430-0800][gc,heap     ] GC(118) Eden regions: 255->0(255)
[2021-05-28T21:49:51.430-0800][gc,heap     ] GC(118) Survivor regions: 1->1(32)
[2021-05-28T21:49:51.430-0800][gc,heap     ] GC(118) Old regions: 42->42
[2021-05-28T21:49:51.430-0800][gc,heap     ] GC(118) Archive regions: 2->2
[2021-05-28T21:49:51.430-0800][gc,heap     ] GC(118) Humongous regions: 46->46
[2021-05-28T21:49:51.430-0800][gc,metaspace] GC(118) Metaspace: 70351K(72240K)->70351K(72240K) NonClass: 62327K(63408K)->62327K(63408K) Class: 8024K(8832K)->8024K(8832K)
[2021-05-28T21:49:51.430-0800][gc          ] GC(118) Pause Young (Normal) (G1 Evacuation Pause) 343M->88M(512M) 3.500ms
[2021-05-28T21:49:51.430-0800][gc,cpu      ] GC(118) User=0.01s Sys=0.01s Real=0.01s
[2021-05-28T21:52:10.138-0800][gc,start    ] GC(119) Pause Young (Normal) (G1 Evacuation Pause)
[2021-05-28T21:52:10.138-0800][gc,task     ] GC(119) Using 10 workers of 10 for evacuation
[2021-05-28T21:52:10.144-0800][gc,phases   ] GC(119)   Pre Evacuate Collection Set: 0.2ms
[2021-05-28T21:52:10.144-0800][gc,phases   ] GC(119)   Merge Heap Roots: 0.2ms
[2021-05-28T21:52:10.144-0800][gc,phases   ] GC(119)   Evacuate Collection Set: 3.0ms
[2021-05-28T21:52:10.144-0800][gc,phases   ] GC(119)   Post Evacuate Collection Set: 1.5ms
[2021-05-28T21:52:10.144-0800][gc,phases   ] GC(119)   Other: 1.1ms
[2021-05-28T21:52:10.144-0800][gc,heap     ] GC(119) Eden regions: 255->0(255)
[2021-05-28T21:52:10.144-0800][gc,heap     ] GC(119) Survivor regions: 1->1(32)
[2021-05-28T21:52:10.144-0800][gc,heap     ] GC(119) Old regions: 42->42
[2021-05-28T21:52:10.144-0800][gc,heap     ] GC(119) Archive regions: 2->2
[2021-05-28T21:52:10.144-0800][gc,heap     ] GC(119) Humongous regions: 46->46
[2021-05-28T21:52:10.144-0800][gc,metaspace] GC(119) Metaspace: 70351K(72240K)->70351K(72240K) NonClass: 62327K(63408K)->62327K(63408K) Class: 8024K(8832K)->8024K(8832K)
[2021-05-28T21:52:10.144-0800][gc          ] GC(119) Pause Young (Normal) (G1 Evacuation Pause) 343M->88M(512M) 6.215ms
[2021-05-28T21:52:10.144-0800][gc,cpu      ] GC(119) User=0.01s Sys=0.01s Real=0.01s
[2021-05-28T21:54:28.681-0800][gc,start    ] GC(120) Pause Young (Normal) (G1 Evacuation Pause)
[2021-05-28T21:54:28.682-0800][gc,task     ] GC(120) Using 10 workers of 10 for evacuation
[2021-05-28T21:54:28.685-0800][gc,phases   ] GC(120)   Pre Evacuate Collection Set: 0.2ms
[2021-05-28T21:54:28.685-0800][gc,phases   ] GC(120)   Merge Heap Roots: 0.1ms
[2021-05-28T21:54:28.685-0800][gc,phases   ] GC(120)   Evacuate Collection Set: 1.9ms
[2021-05-28T21:54:28.685-0800][gc,phases   ] GC(120)   Post Evacuate Collection Set: 1.0ms
[2021-05-28T21:54:28.685-0800][gc,phases   ] GC(120)   Other: 1.0ms
[2021-05-28T21:54:28.685-0800][gc,heap     ] GC(120) Eden regions: 255->0(255)
[2021-05-28T21:54:28.685-0800][gc,heap     ] GC(120) Survivor regions: 1->1(32)
[2021-05-28T21:54:28.685-0800][gc,heap     ] GC(120) Old regions: 42->42
[2021-05-28T21:54:28.685-0800][gc,heap     ] GC(120) Archive regions: 2->2
[2021-05-28T21:54:28.685-0800][gc,heap     ] GC(120) Humongous regions: 46->46
[2021-05-28T21:54:28.685-0800][gc,metaspace] GC(120) Metaspace: 70353K(72240K)->70353K(72240K) NonClass: 62329K(63408K)->62329K(63408K) Class: 8024K(8832K)->8024K(8832K)
[2021-05-28T21:54:28.686-0800][gc          ] GC(120) Pause Young (Normal) (G1 Evacuation Pause) 343M->88M(512M) 4.509ms
[2021-05-28T21:54:28.686-0800][gc,cpu      ] GC(120) User=0.01s Sys=0.00s Real=0.00s
[2021-05-28T21:56:45.515-0800][gc,start    ] GC(121) Pause Young (Normal) (G1 Evacuation Pause)
[2021-05-28T21:56:45.521-0800][gc,task     ] GC(121) Using 10 workers of 10 for evacuation
[2021-05-28T21:56:45.525-0800][gc,phases   ] GC(121)   Pre Evacuate Collection Set: 1.5ms
[2021-05-28T21:56:45.525-0800][gc,phases   ] GC(121)   Merge Heap Roots: 0.1ms
[2021-05-28T21:56:45.525-0800][gc,phases   ] GC(121)   Evacuate Collection Set: 1.7ms
[2021-05-28T21:56:45.525-0800][gc,phases   ] GC(121)   Post Evacuate Collection Set: 0.6ms
[2021-05-28T21:56:45.526-0800][gc,phases   ] GC(121)   Other: 6.2ms
[2021-05-28T21:56:45.526-0800][gc,heap     ] GC(121) Eden regions: 255->0(255)
[2021-05-28T21:56:45.526-0800][gc,heap     ] GC(121) Survivor regions: 1->1(32)
[2021-05-28T21:56:45.526-0800][gc,heap     ] GC(121) Old regions: 42->42
[2021-05-28T21:56:45.526-0800][gc,heap     ] GC(121) Archive regions: 2->2
[2021-05-28T21:56:45.526-0800][gc,heap     ] GC(121) Humongous regions: 46->46
[2021-05-28T21:56:45.526-0800][gc,metaspace] GC(121) Metaspace: 70353K(72240K)->70353K(72240K) NonClass: 62329K(63408K)->62329K(63408K) Class: 8024K(8832K)->8024K(8832K)
[2021-05-28T21:56:45.526-0800][gc          ] GC(121) Pause Young (Normal) (G1 Evacuation Pause) 343M->88M(512M) 10.240ms
[2021-05-28T21:56:45.526-0800][gc,cpu      ] GC(121) User=0.01s Sys=0.00s Real=0.01s
[2021-05-28T21:59:03.639-0800][gc,start    ] GC(122) Pause Young (Normal) (G1 Evacuation Pause)
[2021-05-28T21:59:03.639-0800][gc,task     ] GC(122) Using 10 workers of 10 for evacuation
[2021-05-28T21:59:03.642-0800][gc,phases   ] GC(122)   Pre Evacuate Collection Set: 0.1ms
[2021-05-28T21:59:03.642-0800][gc,phases   ] GC(122)   Merge Heap Roots: 0.1ms
[2021-05-28T21:59:03.642-0800][gc,phases   ] GC(122)   Evacuate Collection Set: 1.4ms
[2021-05-28T21:59:03.642-0800][gc,phases   ] GC(122)   Post Evacuate Collection Set: 0.4ms
[2021-05-28T21:59:03.642-0800][gc,phases   ] GC(122)   Other: 0.7ms
[2021-05-28T21:59:03.642-0800][gc,heap     ] GC(122) Eden regions: 255->0(255)
[2021-05-28T21:59:03.642-0800][gc,heap     ] GC(122) Survivor regions: 1->1(32)
[2021-05-28T21:59:03.642-0800][gc,heap     ] GC(122) Old regions: 42->42
[2021-05-28T21:59:03.642-0800][gc,heap     ] GC(122) Archive regions: 2->2
[2021-05-28T21:59:03.642-0800][gc,heap     ] GC(122) Humongous regions: 46->46
[2021-05-28T21:59:03.642-0800][gc,metaspace] GC(122) Metaspace: 70357K(72240K)->70357K(72240K) NonClass: 62333K(63408K)->62333K(63408K) Class: 8024K(8832K)->8024K(8832K)
[2021-05-28T21:59:03.642-0800][gc          ] GC(122) Pause Young (Normal) (G1 Evacuation Pause) 343M->88M(512M) 2.869ms
[2021-05-28T21:59:03.642-0800][gc,cpu      ] GC(122) User=0.00s Sys=0.01s Real=0.01s
[2021-05-28T22:01:21.868-0800][gc,start    ] GC(123) Pause Young (Normal) (G1 Evacuation Pause)
[2021-05-28T22:01:21.869-0800][gc,task     ] GC(123) Using 10 workers of 10 for evacuation
[2021-05-28T22:01:21.880-0800][gc,phases   ] GC(123)   Pre Evacuate Collection Set: 1.9ms
[2021-05-28T22:01:21.880-0800][gc,phases   ] GC(123)   Merge Heap Roots: 0.3ms
[2021-05-28T22:01:21.880-0800][gc,phases   ] GC(123)   Evacuate Collection Set: 5.8ms
[2021-05-28T22:01:21.880-0800][gc,phases   ] GC(123)   Post Evacuate Collection Set: 2.5ms
[2021-05-28T22:01:21.880-0800][gc,phases   ] GC(123)   Other: 1.9ms
[2021-05-28T22:01:21.880-0800][gc,heap     ] GC(123) Eden regions: 255->0(255)
[2021-05-28T22:01:21.880-0800][gc,heap     ] GC(123) Survivor regions: 1->1(32)
[2021-05-28T22:01:21.880-0800][gc,heap     ] GC(123) Old regions: 42->42
[2021-05-28T22:01:21.880-0800][gc,heap     ] GC(123) Archive regions: 2->2
[2021-05-28T22:01:21.880-0800][gc,heap     ] GC(123) Humongous regions: 46->46
[2021-05-28T22:01:21.880-0800][gc,metaspace] GC(123) Metaspace: 70357K(72240K)->70357K(72240K) NonClass: 62333K(63408K)->62333K(63408K) Class: 8024K(8832K)->8024K(8832K)
[2021-05-28T22:01:21.880-0800][gc          ] GC(123) Pause Young (Normal) (G1 Evacuation Pause) 343M->88M(512M) 12.396ms
[2021-05-28T22:01:21.880-0800][gc,cpu      ] GC(123) User=0.01s Sys=0.04s Real=0.02s
[2021-05-28T22:03:40.881-0800][gc,start    ] GC(124) Pause Young (Normal) (G1 Evacuation Pause)
[2021-05-28T22:03:40.882-0800][gc,task     ] GC(124) Using 10 workers of 10 for evacuation
[2021-05-28T22:03:40.885-0800][gc,phases   ] GC(124)   Pre Evacuate Collection Set: 0.2ms
[2021-05-28T22:03:40.885-0800][gc,phases   ] GC(124)   Merge Heap Roots: 0.1ms
[2021-05-28T22:03:40.885-0800][gc,phases   ] GC(124)   Evacuate Collection Set: 2.2ms
[2021-05-28T22:03:40.885-0800][gc,phases   ] GC(124)   Post Evacuate Collection Set: 0.5ms
[2021-05-28T22:03:40.885-0800][gc,phases   ] GC(124)   Other: 0.9ms
[2021-05-28T22:03:40.885-0800][gc,heap     ] GC(124) Eden regions: 255->0(255)
[2021-05-28T22:03:40.885-0800][gc,heap     ] GC(124) Survivor regions: 1->1(32)
[2021-05-28T22:03:40.885-0800][gc,heap     ] GC(124) Old regions: 42->42
[2021-05-28T22:03:40.885-0800][gc,heap     ] GC(124) Archive regions: 2->2
[2021-05-28T22:03:40.885-0800][gc,heap     ] GC(124) Humongous regions: 46->46
[2021-05-28T22:03:40.885-0800][gc,metaspace] GC(124) Metaspace: 70357K(72240K)->70357K(72240K) NonClass: 62333K(63408K)->62333K(63408K) Class: 8024K(8832K)->8024K(8832K)
[2021-05-28T22:03:40.885-0800][gc          ] GC(124) Pause Young (Normal) (G1 Evacuation Pause) 343M->88M(512M) 4.072ms
[2021-05-28T22:03:40.885-0800][gc,cpu      ] GC(124) User=0.01s Sys=0.01s Real=0.00s
[2021-05-28T22:06:00.298-0800][gc,start    ] GC(125) Pause Young (Normal) (G1 Evacuation Pause)
[2021-05-28T22:06:00.299-0800][gc,task     ] GC(125) Using 10 workers of 10 for evacuation
[2021-05-28T22:06:00.301-0800][gc,phases   ] GC(125)   Pre Evacuate Collection Set: 0.3ms
[2021-05-28T22:06:00.301-0800][gc,phases   ] GC(125)   Merge Heap Roots: 0.2ms
[2021-05-28T22:06:00.301-0800][gc,phases   ] GC(125)   Evacuate Collection Set: 1.3ms
[2021-05-28T22:06:00.301-0800][gc,phases   ] GC(125)   Post Evacuate Collection Set: 0.6ms
[2021-05-28T22:06:00.301-0800][gc,phases   ] GC(125)   Other: 0.9ms
[2021-05-28T22:06:00.301-0800][gc,heap     ] GC(125) Eden regions: 255->0(255)
[2021-05-28T22:06:00.301-0800][gc,heap     ] GC(125) Survivor regions: 1->1(32)
[2021-05-28T22:06:00.302-0800][gc,heap     ] GC(125) Old regions: 42->42
[2021-05-28T22:06:00.302-0800][gc,heap     ] GC(125) Archive regions: 2->2
[2021-05-28T22:06:00.302-0800][gc,heap     ] GC(125) Humongous regions: 46->46
[2021-05-28T22:06:00.302-0800][gc,metaspace] GC(125) Metaspace: 70357K(72240K)->70357K(72240K) NonClass: 62333K(63408K)->62333K(63408K) Class: 8024K(8832K)->8024K(8832K)
[2021-05-28T22:06:00.302-0800][gc          ] GC(125) Pause Young (Normal) (G1 Evacuation Pause) 343M->88M(512M) 3.376ms
[2021-05-28T22:06:00.302-0800][gc,cpu      ] GC(125) User=0.01s Sys=0.00s Real=0.01s
[2021-05-28T22:08:17.554-0800][gc,start    ] GC(126) Pause Young (Normal) (G1 Evacuation Pause)
[2021-05-28T22:08:17.555-0800][gc,task     ] GC(126) Using 10 workers of 10 for evacuation
[2021-05-28T22:08:17.566-0800][gc,phases   ] GC(126)   Pre Evacuate Collection Set: 1.6ms
[2021-05-28T22:08:17.566-0800][gc,phases   ] GC(126)   Merge Heap Roots: 0.3ms
[2021-05-28T22:08:17.566-0800][gc,phases   ] GC(126)   Evacuate Collection Set: 5.4ms
[2021-05-28T22:08:17.566-0800][gc,phases   ] GC(126)   Post Evacuate Collection Set: 2.9ms
[2021-05-28T22:08:17.566-0800][gc,phases   ] GC(126)   Other: 1.4ms
[2021-05-28T22:08:17.566-0800][gc,heap     ] GC(126) Eden regions: 255->0(255)
[2021-05-28T22:08:17.566-0800][gc,heap     ] GC(126) Survivor regions: 1->1(32)
[2021-05-28T22:08:17.566-0800][gc,heap     ] GC(126) Old regions: 42->42
[2021-05-28T22:08:17.566-0800][gc,heap     ] GC(126) Archive regions: 2->2
[2021-05-28T22:08:17.566-0800][gc,heap     ] GC(126) Humongous regions: 46->46
[2021-05-28T22:08:17.566-0800][gc,metaspace] GC(126) Metaspace: 70357K(72240K)->70357K(72240K) NonClass: 62333K(63408K)->62333K(63408K) Class: 8024K(8832K)->8024K(8832K)
[2021-05-28T22:08:17.566-0800][gc          ] GC(126) Pause Young (Normal) (G1 Evacuation Pause) 343M->88M(512M) 11.635ms
[2021-05-28T22:08:17.566-0800][gc,cpu      ] GC(126) User=0.01s Sys=0.05s Real=0.01s
[2021-05-28T22:10:35.288-0800][gc,start    ] GC(127) Pause Young (Normal) (G1 Evacuation Pause)
[2021-05-28T22:10:35.289-0800][gc,task     ] GC(127) Using 10 workers of 10 for evacuation
[2021-05-28T22:10:35.292-0800][gc,phases   ] GC(127)   Pre Evacuate Collection Set: 0.2ms
[2021-05-28T22:10:35.292-0800][gc,phases   ] GC(127)   Merge Heap Roots: 0.1ms
[2021-05-28T22:10:35.292-0800][gc,phases   ] GC(127)   Evacuate Collection Set: 1.7ms
[2021-05-28T22:10:35.292-0800][gc,phases   ] GC(127)   Post Evacuate Collection Set: 0.5ms
[2021-05-28T22:10:35.292-0800][gc,phases   ] GC(127)   Other: 0.9ms
[2021-05-28T22:10:35.292-0800][gc,heap     ] GC(127) Eden regions: 255->0(255)
[2021-05-28T22:10:35.292-0800][gc,heap     ] GC(127) Survivor regions: 1->1(32)
[2021-05-28T22:10:35.292-0800][gc,heap     ] GC(127) Old regions: 42->42
[2021-05-28T22:10:35.292-0800][gc,heap     ] GC(127) Archive regions: 2->2
[2021-05-28T22:10:35.292-0800][gc,heap     ] GC(127) Humongous regions: 46->46
[2021-05-28T22:10:35.292-0800][gc,metaspace] GC(127) Metaspace: 70357K(72240K)->70357K(72240K) NonClass: 62333K(63408K)->62333K(63408K) Class: 8024K(8832K)->8024K(8832K)
[2021-05-28T22:10:35.292-0800][gc          ] GC(127) Pause Young (Normal) (G1 Evacuation Pause) 343M->88M(512M) 3.516ms
[2021-05-28T22:10:35.292-0800][gc,cpu      ] GC(127) User=0.00s Sys=0.01s Real=0.01s
[2021-05-28T22:12:54.059-0800][gc,start    ] GC(128) Pause Young (Normal) (G1 Evacuation Pause)
[2021-05-28T22:12:54.059-0800][gc,task     ] GC(128) Using 10 workers of 10 for evacuation
[2021-05-28T22:12:54.080-0800][gc,phases   ] GC(128)   Pre Evacuate Collection Set: 2.3ms
[2021-05-28T22:12:54.080-0800][gc,phases   ] GC(128)   Merge Heap Roots: 0.3ms
[2021-05-28T22:12:54.080-0800][gc,phases   ] GC(128)   Evacuate Collection Set: 12.7ms
[2021-05-28T22:12:54.080-0800][gc,phases   ] GC(128)   Post Evacuate Collection Set: 5.2ms
[2021-05-28T22:12:54.080-0800][gc,phases   ] GC(128)   Other: 1.4ms
[2021-05-28T22:12:54.080-0800][gc,heap     ] GC(128) Eden regions: 255->0(255)
[2021-05-28T22:12:54.081-0800][gc,heap     ] GC(128) Survivor regions: 1->1(32)
[2021-05-28T22:12:54.081-0800][gc,heap     ] GC(128) Old regions: 42->42
[2021-05-28T22:12:54.081-0800][gc,heap     ] GC(128) Archive regions: 2->2
[2021-05-28T22:12:54.081-0800][gc,heap     ] GC(128) Humongous regions: 46->46
[2021-05-28T22:12:54.081-0800][gc,metaspace] GC(128) Metaspace: 70357K(72240K)->70357K(72240K) NonClass: 62333K(63408K)->62333K(63408K) Class: 8024K(8832K)->8024K(8832K)
[2021-05-28T22:12:54.081-0800][gc          ] GC(128) Pause Young (Normal) (G1 Evacuation Pause) 343M->88M(512M) 22.376ms
[2021-05-28T22:12:54.081-0800][gc,cpu      ] GC(128) User=0.01s Sys=0.07s Real=0.03s
[2021-05-28T22:15:12.484-0800][gc,start    ] GC(129) Pause Young (Normal) (G1 Evacuation Pause)
[2021-05-28T22:15:12.485-0800][gc,task     ] GC(129) Using 10 workers of 10 for evacuation
[2021-05-28T22:15:12.488-0800][gc,phases   ] GC(129)   Pre Evacuate Collection Set: 0.2ms
[2021-05-28T22:15:12.488-0800][gc,phases   ] GC(129)   Merge Heap Roots: 0.1ms
[2021-05-28T22:15:12.488-0800][gc,phases   ] GC(129)   Evacuate Collection Set: 2.5ms
[2021-05-28T22:15:12.488-0800][gc,phases   ] GC(129)   Post Evacuate Collection Set: 0.5ms
[2021-05-28T22:15:12.488-0800][gc,phases   ] GC(129)   Other: 1.2ms
[2021-05-28T22:15:12.488-0800][gc,heap     ] GC(129) Eden regions: 255->0(255)
[2021-05-28T22:15:12.488-0800][gc,heap     ] GC(129) Survivor regions: 1->1(32)
[2021-05-28T22:15:12.488-0800][gc,heap     ] GC(129) Old regions: 42->42
[2021-05-28T22:15:12.488-0800][gc,heap     ] GC(129) Archive regions: 2->2
[2021-05-28T22:15:12.488-0800][gc,heap     ] GC(129) Humongous regions: 46->46
[2021-05-28T22:15:12.488-0800][gc,metaspace] GC(129) Metaspace: 70357K(72240K)->70357K(72240K) NonClass: 62333K(63408K)->62333K(63408K) Class: 8024K(8832K)->8024K(8832K)
[2021-05-28T22:15:12.488-0800][gc          ] GC(129) Pause Young (Normal) (G1 Evacuation Pause) 343M->88M(512M) 4.569ms
[2021-05-28T22:15:12.488-0800][gc,cpu      ] GC(129) User=0.01s Sys=0.01s Real=0.00s
[2021-05-28T22:33:20.685-0800][gc,start    ] GC(130) Pause Young (Normal) (G1 Evacuation Pause)
[2021-05-28T22:33:20.686-0800][gc,task     ] GC(130) Using 10 workers of 10 for evacuation
[2021-05-28T22:33:20.692-0800][gc,phases   ] GC(130)   Pre Evacuate Collection Set: 0.2ms
[2021-05-28T22:33:20.692-0800][gc,phases   ] GC(130)   Merge Heap Roots: 0.1ms
[2021-05-28T22:33:20.692-0800][gc,phases   ] GC(130)   Evacuate Collection Set: 5.4ms
[2021-05-28T22:33:20.692-0800][gc,phases   ] GC(130)   Post Evacuate Collection Set: 0.4ms
[2021-05-28T22:33:20.692-0800][gc,phases   ] GC(130)   Other: 1.1ms
[2021-05-28T22:33:20.692-0800][gc,heap     ] GC(130) Eden regions: 255->0(253)
[2021-05-28T22:33:20.692-0800][gc,heap     ] GC(130) Survivor regions: 1->3(32)
[2021-05-28T22:33:20.692-0800][gc,heap     ] GC(130) Old regions: 42->42
[2021-05-28T22:33:20.692-0800][gc,heap     ] GC(130) Archive regions: 2->2
[2021-05-28T22:33:20.692-0800][gc,heap     ] GC(130) Humongous regions: 84->84
[2021-05-28T22:33:20.692-0800][gc,metaspace] GC(130) Metaspace: 70383K(72240K)->70383K(72240K) NonClass: 62358K(63408K)->62358K(63408K) Class: 8025K(8832K)->8025K(8832K)
[2021-05-28T22:33:20.692-0800][gc          ] GC(130) Pause Young (Normal) (G1 Evacuation Pause) 381M->128M(512M) 7.315ms
[2021-05-28T22:33:20.692-0800][gc,cpu      ] GC(130) User=0.01s Sys=0.01s Real=0.01s
[2021-05-28T22:55:56.065-0800][gc,start    ] GC(131) Pause Young (Normal) (G1 Evacuation Pause)
[2021-05-28T22:55:56.065-0800][gc,task     ] GC(131) Using 10 workers of 10 for evacuation
[2021-05-28T22:55:56.068-0800][gc,phases   ] GC(131)   Pre Evacuate Collection Set: 0.2ms
[2021-05-28T22:55:56.068-0800][gc,phases   ] GC(131)   Merge Heap Roots: 0.1ms
[2021-05-28T22:55:56.068-0800][gc,phases   ] GC(131)   Evacuate Collection Set: 1.6ms
[2021-05-28T22:55:56.068-0800][gc,phases   ] GC(131)   Post Evacuate Collection Set: 0.4ms
[2021-05-28T22:55:56.068-0800][gc,phases   ] GC(131)   Other: 0.8ms
[2021-05-28T22:55:56.068-0800][gc,heap     ] GC(131) Eden regions: 253->0(253)
[2021-05-28T22:55:56.068-0800][gc,heap     ] GC(131) Survivor regions: 3->3(32)
[2021-05-28T22:55:56.068-0800][gc,heap     ] GC(131) Old regions: 42->42
[2021-05-28T22:55:56.068-0800][gc,heap     ] GC(131) Archive regions: 2->2
[2021-05-28T22:55:56.068-0800][gc,heap     ] GC(131) Humongous regions: 84->84
[2021-05-28T22:55:56.068-0800][gc,metaspace] GC(131) Metaspace: 70393K(72240K)->70393K(72240K) NonClass: 62368K(63408K)->62368K(63408K) Class: 8025K(8832K)->8025K(8832K)
[2021-05-28T22:55:56.068-0800][gc          ] GC(131) Pause Young (Normal) (G1 Evacuation Pause) 381M->128M(512M) 3.175ms
[2021-05-28T22:55:56.068-0800][gc,cpu      ] GC(131) User=0.01s Sys=0.00s Real=0.00s
[2021-05-29T09:39:40.914-0800][gc,start    ] GC(132) Pause Young (Normal) (G1 Evacuation Pause)
[2021-05-29T09:39:40.916-0800][gc,task     ] GC(132) Using 10 workers of 10 for evacuation
[2021-05-29T09:39:40.936-0800][gc,phases   ] GC(132)   Pre Evacuate Collection Set: 3.3ms
[2021-05-29T09:39:40.936-0800][gc,phases   ] GC(132)   Merge Heap Roots: 0.8ms
[2021-05-29T09:39:40.936-0800][gc,phases   ] GC(132)   Evacuate Collection Set: 8.0ms
[2021-05-29T09:39:40.936-0800][gc,phases   ] GC(132)   Post Evacuate Collection Set: 4.7ms
[2021-05-29T09:39:40.936-0800][gc,phases   ] GC(132)   Other: 7.1ms
[2021-05-29T09:39:40.936-0800][gc,heap     ] GC(132) Eden regions: 253->0(253)
[2021-05-29T09:39:40.936-0800][gc,heap     ] GC(132) Survivor regions: 3->3(32)
[2021-05-29T09:39:40.936-0800][gc,heap     ] GC(132) Old regions: 42->42
[2021-05-29T09:39:40.936-0800][gc,heap     ] GC(132) Archive regions: 2->2
[2021-05-29T09:39:40.936-0800][gc,heap     ] GC(132) Humongous regions: 84->84
[2021-05-29T09:39:40.936-0800][gc,metaspace] GC(132) Metaspace: 70454K(72240K)->70454K(72240K) NonClass: 62428K(63408K)->62428K(63408K) Class: 8025K(8832K)->8025K(8832K)
[2021-05-29T09:39:40.936-0800][gc          ] GC(132) Pause Young (Normal) (G1 Evacuation Pause) 381M->128M(512M) 21.933ms
[2021-05-29T09:39:40.936-0800][gc,cpu      ] GC(132) User=0.01s Sys=0.06s Real=0.02s
[2021-05-29T09:49:50.855-0800][gc,start    ] GC(133) Pause Young (Normal) (G1 Evacuation Pause)
[2021-05-29T09:49:50.855-0800][gc,task     ] GC(133) Using 10 workers of 10 for evacuation
[2021-05-29T09:49:50.871-0800][gc,phases   ] GC(133)   Pre Evacuate Collection Set: 1.6ms
[2021-05-29T09:49:50.871-0800][gc,phases   ] GC(133)   Merge Heap Roots: 1.3ms
[2021-05-29T09:49:50.871-0800][gc,phases   ] GC(133)   Evacuate Collection Set: 8.7ms
[2021-05-29T09:49:50.871-0800][gc,phases   ] GC(133)   Post Evacuate Collection Set: 3.1ms
[2021-05-29T09:49:50.871-0800][gc,phases   ] GC(133)   Other: 1.1ms
[2021-05-29T09:49:50.871-0800][gc,heap     ] GC(133) Eden regions: 253->0(253)
[2021-05-29T09:49:50.871-0800][gc,heap     ] GC(133) Survivor regions: 3->3(32)
[2021-05-29T09:49:50.871-0800][gc,heap     ] GC(133) Old regions: 42->42
[2021-05-29T09:49:50.871-0800][gc,heap     ] GC(133) Archive regions: 2->2
[2021-05-29T09:49:50.871-0800][gc,heap     ] GC(133) Humongous regions: 84->84
[2021-05-29T09:49:50.871-0800][gc,metaspace] GC(133) Metaspace: 70474K(72240K)->70474K(72240K) NonClass: 62448K(63408K)->62448K(63408K) Class: 8025K(8832K)->8025K(8832K)
[2021-05-29T09:49:50.871-0800][gc          ] GC(133) Pause Young (Normal) (G1 Evacuation Pause) 381M->128M(512M) 16.664ms
[2021-05-29T09:49:50.872-0800][gc,cpu      ] GC(133) User=0.01s Sys=0.07s Real=0.02s
[2021-05-29T09:52:08.425-0800][gc,start    ] GC(134) Pause Young (Normal) (G1 Evacuation Pause)
[2021-05-29T09:52:08.426-0800][gc,task     ] GC(134) Using 10 workers of 10 for evacuation
[2021-05-29T09:52:08.431-0800][gc,phases   ] GC(134)   Pre Evacuate Collection Set: 0.3ms
[2021-05-29T09:52:08.431-0800][gc,phases   ] GC(134)   Merge Heap Roots: 0.2ms
[2021-05-29T09:52:08.431-0800][gc,phases   ] GC(134)   Evacuate Collection Set: 3.5ms
[2021-05-29T09:52:08.431-0800][gc,phases   ] GC(134)   Post Evacuate Collection Set: 0.6ms
[2021-05-29T09:52:08.431-0800][gc,phases   ] GC(134)   Other: 1.7ms
[2021-05-29T09:52:08.431-0800][gc,heap     ] GC(134) Eden regions: 253->0(253)
[2021-05-29T09:52:08.431-0800][gc,heap     ] GC(134) Survivor regions: 3->3(32)
[2021-05-29T09:52:08.431-0800][gc,heap     ] GC(134) Old regions: 42->42
[2021-05-29T09:52:08.431-0800][gc,heap     ] GC(134) Archive regions: 2->2
[2021-05-29T09:52:08.431-0800][gc,heap     ] GC(134) Humongous regions: 84->84
[2021-05-29T09:52:08.431-0800][gc,metaspace] GC(134) Metaspace: 70480K(72240K)->70480K(72240K) NonClass: 62454K(63408K)->62454K(63408K) Class: 8025K(8832K)->8025K(8832K)
[2021-05-29T09:52:08.431-0800][gc          ] GC(134) Pause Young (Normal) (G1 Evacuation Pause) 381M->128M(512M) 6.445ms
[2021-05-29T09:52:08.432-0800][gc,cpu      ] GC(134) User=0.01s Sys=0.02s Real=0.01s
[2021-05-29T09:54:27.187-0800][gc,start    ] GC(135) Pause Young (Normal) (G1 Evacuation Pause)
[2021-05-29T09:54:27.187-0800][gc,task     ] GC(135) Using 10 workers of 10 for evacuation
[2021-05-29T09:54:27.189-0800][gc,phases   ] GC(135)   Pre Evacuate Collection Set: 0.1ms
[2021-05-29T09:54:27.189-0800][gc,phases   ] GC(135)   Merge Heap Roots: 0.1ms
[2021-05-29T09:54:27.189-0800][gc,phases   ] GC(135)   Evacuate Collection Set: 1.3ms
[2021-05-29T09:54:27.189-0800][gc,phases   ] GC(135)   Post Evacuate Collection Set: 0.3ms
[2021-05-29T09:54:27.190-0800][gc,phases   ] GC(135)   Other: 0.5ms
[2021-05-29T09:54:27.190-0800][gc,heap     ] GC(135) Eden regions: 253->0(253)
[2021-05-29T09:54:27.190-0800][gc,heap     ] GC(135) Survivor regions: 3->3(32)
[2021-05-29T09:54:27.190-0800][gc,heap     ] GC(135) Old regions: 42->42
[2021-05-29T09:54:27.190-0800][gc,heap     ] GC(135) Archive regions: 2->2
[2021-05-29T09:54:27.190-0800][gc,heap     ] GC(135) Humongous regions: 84->84
[2021-05-29T09:54:27.190-0800][gc,metaspace] GC(135) Metaspace: 70481K(72240K)->70481K(72240K) NonClass: 62456K(63408K)->62456K(63408K) Class: 8025K(8832K)->8025K(8832K)
[2021-05-29T09:54:27.190-0800][gc          ] GC(135) Pause Young (Normal) (G1 Evacuation Pause) 381M->129M(512M) 2.556ms
[2021-05-29T09:54:27.190-0800][gc,cpu      ] GC(135) User=0.01s Sys=0.01s Real=0.01s
[2021-05-29T09:56:45.243-0800][gc,start    ] GC(136) Pause Young (Normal) (G1 Evacuation Pause)
[2021-05-29T09:56:45.244-0800][gc,task     ] GC(136) Using 10 workers of 10 for evacuation
[2021-05-29T09:56:45.253-0800][gc,phases   ] GC(136)   Pre Evacuate Collection Set: 0.4ms
[2021-05-29T09:56:45.253-0800][gc,phases   ] GC(136)   Merge Heap Roots: 0.1ms
[2021-05-29T09:56:45.253-0800][gc,phases   ] GC(136)   Evacuate Collection Set: 6.1ms
[2021-05-29T09:56:45.253-0800][gc,phases   ] GC(136)   Post Evacuate Collection Set: 1.4ms
[2021-05-29T09:56:45.253-0800][gc,phases   ] GC(136)   Other: 1.6ms
[2021-05-29T09:56:45.253-0800][gc,heap     ] GC(136) Eden regions: 253->0(253)
[2021-05-29T09:56:45.253-0800][gc,heap     ] GC(136) Survivor regions: 3->3(32)
[2021-05-29T09:56:45.253-0800][gc,heap     ] GC(136) Old regions: 42->42
[2021-05-29T09:56:45.253-0800][gc,heap     ] GC(136) Archive regions: 2->2
[2021-05-29T09:56:45.253-0800][gc,heap     ] GC(136) Humongous regions: 84->84
[2021-05-29T09:56:45.253-0800][gc,metaspace] GC(136) Metaspace: 70482K(72240K)->70482K(72240K) NonClass: 62456K(63408K)->62456K(63408K) Class: 8025K(8832K)->8025K(8832K)
[2021-05-29T09:56:45.253-0800][gc          ] GC(136) Pause Young (Normal) (G1 Evacuation Pause) 382M->128M(512M) 9.745ms
[2021-05-29T09:56:45.253-0800][gc,cpu      ] GC(136) User=0.02s Sys=0.01s Real=0.01s
[2021-05-29T09:59:02.016-0800][gc,start    ] GC(137) Pause Young (Normal) (G1 Evacuation Pause)
[2021-05-29T09:59:02.017-0800][gc,task     ] GC(137) Using 10 workers of 10 for evacuation
[2021-05-29T09:59:02.021-0800][gc,phases   ] GC(137)   Pre Evacuate Collection Set: 0.4ms
[2021-05-29T09:59:02.022-0800][gc,phases   ] GC(137)   Merge Heap Roots: 0.1ms
[2021-05-29T09:59:02.022-0800][gc,phases   ] GC(137)   Evacuate Collection Set: 3.0ms
[2021-05-29T09:59:02.022-0800][gc,phases   ] GC(137)   Post Evacuate Collection Set: 0.6ms
[2021-05-29T09:59:02.022-0800][gc,phases   ] GC(137)   Other: 1.6ms
[2021-05-29T09:59:02.022-0800][gc,heap     ] GC(137) Eden regions: 253->0(253)
[2021-05-29T09:59:02.022-0800][gc,heap     ] GC(137) Survivor regions: 3->3(32)
[2021-05-29T09:59:02.022-0800][gc,heap     ] GC(137) Old regions: 42->42
[2021-05-29T09:59:02.022-0800][gc,heap     ] GC(137) Archive regions: 2->2
[2021-05-29T09:59:02.022-0800][gc,heap     ] GC(137) Humongous regions: 84->84
[2021-05-29T09:59:02.022-0800][gc,metaspace] GC(137) Metaspace: 70482K(72240K)->70482K(72240K) NonClass: 62456K(63408K)->62456K(63408K) Class: 8025K(8832K)->8025K(8832K)
[2021-05-29T09:59:02.022-0800][gc          ] GC(137) Pause Young (Normal) (G1 Evacuation Pause) 381M->128M(512M) 6.485ms
[2021-05-29T09:59:02.022-0800][gc,cpu      ] GC(137) User=0.01s Sys=0.01s Real=0.01s
[2021-05-29T10:09:43.257-0800][gc,start    ] GC(138) Pause Young (Normal) (G1 Evacuation Pause)
[2021-05-29T10:09:43.258-0800][gc,task     ] GC(138) Using 10 workers of 10 for evacuation
[2021-05-29T10:09:43.332-0800][gc,phases   ] GC(138)   Pre Evacuate Collection Set: 11.0ms
[2021-05-29T10:09:43.332-0800][gc,phases   ] GC(138)   Merge Heap Roots: 3.0ms
[2021-05-29T10:09:43.332-0800][gc,phases   ] GC(138)   Evacuate Collection Set: 46.0ms
[2021-05-29T10:09:43.332-0800][gc,phases   ] GC(138)   Post Evacuate Collection Set: 9.3ms
[2021-05-29T10:09:43.332-0800][gc,phases   ] GC(138)   Other: 6.2ms
[2021-05-29T10:09:43.332-0800][gc,heap     ] GC(138) Eden regions: 253->0(253)
[2021-05-29T10:09:43.332-0800][gc,heap     ] GC(138) Survivor regions: 3->3(32)
[2021-05-29T10:09:43.332-0800][gc,heap     ] GC(138) Old regions: 42->42
[2021-05-29T10:09:43.332-0800][gc,heap     ] GC(138) Archive regions: 2->2
[2021-05-29T10:09:43.332-0800][gc,heap     ] GC(138) Humongous regions: 84->84
[2021-05-29T10:09:43.332-0800][gc,metaspace] GC(138) Metaspace: 70510K(72240K)->70510K(72240K) NonClass: 62485K(63408K)->62485K(63408K) Class: 8025K(8832K)->8025K(8832K)
[2021-05-29T10:09:43.334-0800][gc          ] GC(138) Pause Young (Normal) (G1 Evacuation Pause) 381M->128M(512M) 75.529ms
[2021-05-29T10:09:43.334-0800][gc,cpu      ] GC(138) User=0.01s Sys=0.08s Real=0.08s
[2021-05-29T10:12:01.582-0800][gc,start    ] GC(139) Pause Young (Normal) (G1 Evacuation Pause)
[2021-05-29T10:12:01.583-0800][gc,task     ] GC(139) Using 10 workers of 10 for evacuation
[2021-05-29T10:12:01.591-0800][gc,phases   ] GC(139)   Pre Evacuate Collection Set: 0.4ms
[2021-05-29T10:12:01.591-0800][gc,phases   ] GC(139)   Merge Heap Roots: 0.9ms
[2021-05-29T10:12:01.591-0800][gc,phases   ] GC(139)   Evacuate Collection Set: 5.6ms
[2021-05-29T10:12:01.591-0800][gc,phases   ] GC(139)   Post Evacuate Collection Set: 0.7ms
[2021-05-29T10:12:01.591-0800][gc,phases   ] GC(139)   Other: 1.5ms
[2021-05-29T10:12:01.591-0800][gc,heap     ] GC(139) Eden regions: 253->0(253)
[2021-05-29T10:12:01.592-0800][gc,heap     ] GC(139) Survivor regions: 3->3(32)
[2021-05-29T10:12:01.592-0800][gc,heap     ] GC(139) Old regions: 42->42
[2021-05-29T10:12:01.592-0800][gc,heap     ] GC(139) Archive regions: 2->2
[2021-05-29T10:12:01.592-0800][gc,heap     ] GC(139) Humongous regions: 84->84
[2021-05-29T10:12:01.592-0800][gc,metaspace] GC(139) Metaspace: 70514K(72240K)->70514K(72240K) NonClass: 62488K(63408K)->62488K(63408K) Class: 8025K(8832K)->8025K(8832K)
[2021-05-29T10:12:01.592-0800][gc          ] GC(139) Pause Young (Normal) (G1 Evacuation Pause) 381M->129M(512M) 9.903ms
[2021-05-29T10:12:01.592-0800][gc,cpu      ] GC(139) User=0.01s Sys=0.02s Real=0.01s
[2021-05-29T10:14:19.663-0800][gc,start    ] GC(140) Pause Young (Normal) (G1 Evacuation Pause)
[2021-05-29T10:14:19.665-0800][gc,task     ] GC(140) Using 10 workers of 10 for evacuation
[2021-05-29T10:14:19.670-0800][gc,phases   ] GC(140)   Pre Evacuate Collection Set: 0.2ms
[2021-05-29T10:14:19.670-0800][gc,phases   ] GC(140)   Merge Heap Roots: 0.1ms
[2021-05-29T10:14:19.670-0800][gc,phases   ] GC(140)   Evacuate Collection Set: 4.1ms
[2021-05-29T10:14:19.670-0800][gc,phases   ] GC(140)   Post Evacuate Collection Set: 0.9ms
[2021-05-29T10:14:19.670-0800][gc,phases   ] GC(140)   Other: 1.4ms
[2021-05-29T10:14:19.670-0800][gc,heap     ] GC(140) Eden regions: 253->0(253)
[2021-05-29T10:14:19.670-0800][gc,heap     ] GC(140) Survivor regions: 3->3(32)
[2021-05-29T10:14:19.670-0800][gc,heap     ] GC(140) Old regions: 42->42
[2021-05-29T10:14:19.670-0800][gc,heap     ] GC(140) Archive regions: 2->2
[2021-05-29T10:14:19.670-0800][gc,heap     ] GC(140) Humongous regions: 84->84
[2021-05-29T10:14:19.670-0800][gc,metaspace] GC(140) Metaspace: 70514K(72240K)->70514K(72240K) NonClass: 62488K(63408K)->62488K(63408K) Class: 8025K(8832K)->8025K(8832K)
[2021-05-29T10:14:19.670-0800][gc          ] GC(140) Pause Young (Normal) (G1 Evacuation Pause) 382M->129M(512M) 6.701ms
[2021-05-29T10:14:19.670-0800][gc,cpu      ] GC(140) User=0.02s Sys=0.01s Real=0.01s
[2021-05-29T10:16:37.838-0800][gc,start    ] GC(141) Pause Young (Normal) (G1 Evacuation Pause)
[2021-05-29T10:16:37.839-0800][gc,task     ] GC(141) Using 10 workers of 10 for evacuation
[2021-05-29T10:16:37.842-0800][gc,phases   ] GC(141)   Pre Evacuate Collection Set: 0.1ms
[2021-05-29T10:16:37.842-0800][gc,phases   ] GC(141)   Merge Heap Roots: 0.1ms
[2021-05-29T10:16:37.842-0800][gc,phases   ] GC(141)   Evacuate Collection Set: 1.9ms
[2021-05-29T10:16:37.842-0800][gc,phases   ] GC(141)   Post Evacuate Collection Set: 0.5ms
[2021-05-29T10:16:37.842-0800][gc,phases   ] GC(141)   Other: 2.3ms
[2021-05-29T10:16:37.842-0800][gc,heap     ] GC(141) Eden regions: 253->0(253)
[2021-05-29T10:16:37.842-0800][gc,heap     ] GC(141) Survivor regions: 3->3(32)
[2021-05-29T10:16:37.842-0800][gc,heap     ] GC(141) Old regions: 42->42
[2021-05-29T10:16:37.842-0800][gc,heap     ] GC(141) Archive regions: 2->2
[2021-05-29T10:16:37.842-0800][gc,heap     ] GC(141) Humongous regions: 84->84
[2021-05-29T10:16:37.842-0800][gc,metaspace] GC(141) Metaspace: 70514K(72240K)->70514K(72240K) NonClass: 62488K(63408K)->62488K(63408K) Class: 8025K(8832K)->8025K(8832K)
[2021-05-29T10:16:37.842-0800][gc          ] GC(141) Pause Young (Normal) (G1 Evacuation Pause) 382M->129M(512M) 4.569ms
[2021-05-29T10:16:37.842-0800][gc,cpu      ] GC(141) User=0.01s Sys=0.00s Real=0.01s
[2021-05-29T10:18:54.319-0800][gc,start    ] GC(142) Pause Young (Normal) (G1 Evacuation Pause)
[2021-05-29T10:18:54.320-0800][gc,task     ] GC(142) Using 10 workers of 10 for evacuation
[2021-05-29T10:18:54.327-0800][gc,phases   ] GC(142)   Pre Evacuate Collection Set: 0.1ms
[2021-05-29T10:18:54.327-0800][gc,phases   ] GC(142)   Merge Heap Roots: 0.1ms
[2021-05-29T10:18:54.327-0800][gc,phases   ] GC(142)   Evacuate Collection Set: 5.6ms
[2021-05-29T10:18:54.327-0800][gc,phases   ] GC(142)   Post Evacuate Collection Set: 0.4ms
[2021-05-29T10:18:54.327-0800][gc,phases   ] GC(142)   Other: 1.8ms
[2021-05-29T10:18:54.327-0800][gc,heap     ] GC(142) Eden regions: 253->0(253)
[2021-05-29T10:18:54.327-0800][gc,heap     ] GC(142) Survivor regions: 3->3(32)
[2021-05-29T10:18:54.327-0800][gc,heap     ] GC(142) Old regions: 42->42
[2021-05-29T10:18:54.327-0800][gc,heap     ] GC(142) Archive regions: 2->2
[2021-05-29T10:18:54.327-0800][gc,heap     ] GC(142) Humongous regions: 84->84
[2021-05-29T10:18:54.327-0800][gc,metaspace] GC(142) Metaspace: 70514K(72240K)->70514K(72240K) NonClass: 62488K(63408K)->62488K(63408K) Class: 8025K(8832K)->8025K(8832K)
[2021-05-29T10:18:54.327-0800][gc          ] GC(142) Pause Young (Normal) (G1 Evacuation Pause) 382M->129M(512M) 8.163ms
[2021-05-29T10:18:54.327-0800][gc,cpu      ] GC(142) User=0.02s Sys=0.01s Real=0.01s
[2021-05-29T10:36:10.136-0800][gc,start    ] GC(143) Pause Young (Normal) (G1 Evacuation Pause)
[2021-05-29T10:36:10.137-0800][gc,task     ] GC(143) Using 10 workers of 10 for evacuation
[2021-05-29T10:36:10.150-0800][gc,phases   ] GC(143)   Pre Evacuate Collection Set: 1.8ms
[2021-05-29T10:36:10.150-0800][gc,phases   ] GC(143)   Merge Heap Roots: 0.4ms
[2021-05-29T10:36:10.150-0800][gc,phases   ] GC(143)   Evacuate Collection Set: 8.2ms
[2021-05-29T10:36:10.150-0800][gc,phases   ] GC(143)   Post Evacuate Collection Set: 2.3ms
[2021-05-29T10:36:10.150-0800][gc,phases   ] GC(143)   Other: 1.9ms
[2021-05-29T10:36:10.150-0800][gc,heap     ] GC(143) Eden regions: 253->0(253)
[2021-05-29T10:36:10.150-0800][gc,heap     ] GC(143) Survivor regions: 3->3(32)
[2021-05-29T10:36:10.150-0800][gc,heap     ] GC(143) Old regions: 42->42
[2021-05-29T10:36:10.150-0800][gc,heap     ] GC(143) Archive regions: 2->2
[2021-05-29T10:36:10.150-0800][gc,heap     ] GC(143) Humongous regions: 84->84
[2021-05-29T10:36:10.150-0800][gc,metaspace] GC(143) Metaspace: 70516K(72240K)->70516K(72240K) NonClass: 62490K(63408K)->62490K(63408K) Class: 8025K(8832K)->8025K(8832K)
[2021-05-29T10:36:10.151-0800][gc          ] GC(143) Pause Young (Normal) (G1 Evacuation Pause) 382M->128M(512M) 15.203ms
[2021-05-29T10:36:10.151-0800][gc,cpu      ] GC(143) User=0.01s Sys=0.07s Real=0.02s
[2021-05-29T10:38:46.224-0800][gc,start    ] GC(144) Pause Young (Normal) (G1 Evacuation Pause)
[2021-05-29T10:38:46.225-0800][gc,task     ] GC(144) Using 10 workers of 10 for evacuation
[2021-05-29T10:38:46.229-0800][gc,phases   ] GC(144)   Pre Evacuate Collection Set: 0.1ms
[2021-05-29T10:38:46.229-0800][gc,phases   ] GC(144)   Merge Heap Roots: 0.1ms
[2021-05-29T10:38:46.229-0800][gc,phases   ] GC(144)   Evacuate Collection Set: 2.3ms
[2021-05-29T10:38:46.229-0800][gc,phases   ] GC(144)   Post Evacuate Collection Set: 0.9ms
[2021-05-29T10:38:46.229-0800][gc,phases   ] GC(144)   Other: 1.4ms
[2021-05-29T10:38:46.229-0800][gc,heap     ] GC(144) Eden regions: 253->0(253)
[2021-05-29T10:38:46.229-0800][gc,heap     ] GC(144) Survivor regions: 3->3(32)
[2021-05-29T10:38:46.229-0800][gc,heap     ] GC(144) Old regions: 42->42
[2021-05-29T10:38:46.229-0800][gc,heap     ] GC(144) Archive regions: 2->2
[2021-05-29T10:38:46.229-0800][gc,heap     ] GC(144) Humongous regions: 84->84
[2021-05-29T10:38:46.229-0800][gc,metaspace] GC(144) Metaspace: 70516K(72240K)->70516K(72240K) NonClass: 62490K(63408K)->62490K(63408K) Class: 8025K(8832K)->8025K(8832K)
[2021-05-29T10:38:46.229-0800][gc          ] GC(144) Pause Young (Normal) (G1 Evacuation Pause) 381M->129M(512M) 4.972ms
[2021-05-29T10:38:46.229-0800][gc,cpu      ] GC(144) User=0.01s Sys=0.00s Real=0.00s
[2021-05-29T10:41:22.649-0800][gc,start    ] GC(145) Pause Young (Normal) (G1 Evacuation Pause)
[2021-05-29T10:41:22.651-0800][gc,task     ] GC(145) Using 10 workers of 10 for evacuation
[2021-05-29T10:41:22.655-0800][gc,phases   ] GC(145)   Pre Evacuate Collection Set: 0.3ms
[2021-05-29T10:41:22.655-0800][gc,phases   ] GC(145)   Merge Heap Roots: 0.1ms
[2021-05-29T10:41:22.655-0800][gc,phases   ] GC(145)   Evacuate Collection Set: 2.7ms
[2021-05-29T10:41:22.655-0800][gc,phases   ] GC(145)   Post Evacuate Collection Set: 0.5ms
[2021-05-29T10:41:22.655-0800][gc,phases   ] GC(145)   Other: 2.9ms
[2021-05-29T10:41:22.655-0800][gc,heap     ] GC(145) Eden regions: 253->0(254)
[2021-05-29T10:41:22.655-0800][gc,heap     ] GC(145) Survivor regions: 3->2(32)
[2021-05-29T10:41:22.655-0800][gc,heap     ] GC(145) Old regions: 42->43
[2021-05-29T10:41:22.655-0800][gc,heap     ] GC(145) Archive regions: 2->2
[2021-05-29T10:41:22.655-0800][gc,heap     ] GC(145) Humongous regions: 84->84
[2021-05-29T10:41:22.655-0800][gc,metaspace] GC(145) Metaspace: 70517K(72240K)->70517K(72240K) NonClass: 62491K(63408K)->62491K(63408K) Class: 8025K(8832K)->8025K(8832K)
[2021-05-29T10:41:22.656-0800][gc          ] GC(145) Pause Young (Normal) (G1 Evacuation Pause) 382M->129M(512M) 7.374ms
[2021-05-29T10:41:22.656-0800][gc,cpu      ] GC(145) User=0.02s Sys=0.01s Real=0.01s
[2021-05-29T10:44:00.957-0800][gc,start    ] GC(146) Pause Young (Normal) (G1 Evacuation Pause)
[2021-05-29T10:44:00.959-0800][gc,task     ] GC(146) Using 10 workers of 10 for evacuation
[2021-05-29T10:44:00.963-0800][gc,phases   ] GC(146)   Pre Evacuate Collection Set: 0.2ms
[2021-05-29T10:44:00.963-0800][gc,phases   ] GC(146)   Merge Heap Roots: 0.1ms
[2021-05-29T10:44:00.963-0800][gc,phases   ] GC(146)   Evacuate Collection Set: 3.2ms
[2021-05-29T10:44:00.963-0800][gc,phases   ] GC(146)   Post Evacuate Collection Set: 0.5ms
[2021-05-29T10:44:00.963-0800][gc,phases   ] GC(146)   Other: 1.8ms
[2021-05-29T10:44:00.963-0800][gc,heap     ] GC(146) Eden regions: 254->0(254)
[2021-05-29T10:44:00.963-0800][gc,heap     ] GC(146) Survivor regions: 2->2(32)
[2021-05-29T10:44:00.963-0800][gc,heap     ] GC(146) Old regions: 43->44
[2021-05-29T10:44:00.963-0800][gc,heap     ] GC(146) Archive regions: 2->2
[2021-05-29T10:44:00.963-0800][gc,heap     ] GC(146) Humongous regions: 84->84
[2021-05-29T10:44:00.963-0800][gc,metaspace] GC(146) Metaspace: 70517K(72240K)->70517K(72240K) NonClass: 62491K(63408K)->62491K(63408K) Class: 8025K(8832K)->8025K(8832K)
[2021-05-29T10:44:00.963-0800][gc          ] GC(146) Pause Young (Normal) (G1 Evacuation Pause) 383M->128M(512M) 6.004ms
[2021-05-29T10:44:00.963-0800][gc,cpu      ] GC(146) User=0.01s Sys=0.01s Real=0.01s
[2021-05-29T10:55:14.332-0800][gc,start    ] GC(147) Pause Young (Normal) (G1 Evacuation Pause)
[2021-05-29T10:55:14.333-0800][gc,task     ] GC(147) Using 10 workers of 10 for evacuation
[2021-05-29T10:55:14.345-0800][gc,phases   ] GC(147)   Pre Evacuate Collection Set: 0.5ms
[2021-05-29T10:55:14.345-0800][gc,phases   ] GC(147)   Merge Heap Roots: 0.3ms
[2021-05-29T10:55:14.345-0800][gc,phases   ] GC(147)   Evacuate Collection Set: 9.4ms
[2021-05-29T10:55:14.345-0800][gc,phases   ] GC(147)   Post Evacuate Collection Set: 1.8ms
[2021-05-29T10:55:14.345-0800][gc,phases   ] GC(147)   Other: 1.6ms
[2021-05-29T10:55:14.345-0800][gc,heap     ] GC(147) Eden regions: 254->0(255)
[2021-05-29T10:55:14.345-0800][gc,heap     ] GC(147) Survivor regions: 2->1(32)
[2021-05-29T10:55:14.345-0800][gc,heap     ] GC(147) Old regions: 44->44
[2021-05-29T10:55:14.346-0800][gc,heap     ] GC(147) Archive regions: 2->2
[2021-05-29T10:55:14.346-0800][gc,heap     ] GC(147) Humongous regions: 84->84
[2021-05-29T10:55:14.346-0800][gc,metaspace] GC(147) Metaspace: 70517K(72240K)->70517K(72240K) NonClass: 62492K(63408K)->62492K(63408K) Class: 8025K(8832K)->8025K(8832K)
[2021-05-29T10:55:14.346-0800][gc          ] GC(147) Pause Young (Normal) (G1 Evacuation Pause) 382M->129M(512M) 13.807ms
[2021-05-29T10:55:14.346-0800][gc,cpu      ] GC(147) User=0.01s Sys=0.01s Real=0.01s
[2021-05-29T10:57:44.294-0800][gc,start    ] GC(148) Pause Young (Normal) (G1 Evacuation Pause)
[2021-05-29T10:57:44.296-0800][gc,task     ] GC(148) Using 10 workers of 10 for evacuation
[2021-05-29T10:57:44.299-0800][gc,phases   ] GC(148)   Pre Evacuate Collection Set: 0.2ms
[2021-05-29T10:57:44.299-0800][gc,phases   ] GC(148)   Merge Heap Roots: 0.1ms
[2021-05-29T10:57:44.299-0800][gc,phases   ] GC(148)   Evacuate Collection Set: 1.6ms
[2021-05-29T10:57:44.299-0800][gc,phases   ] GC(148)   Post Evacuate Collection Set: 0.4ms
[2021-05-29T10:57:44.299-0800][gc,phases   ] GC(148)   Other: 2.6ms
[2021-05-29T10:57:44.299-0800][gc,heap     ] GC(148) Eden regions: 255->0(255)
[2021-05-29T10:57:44.299-0800][gc,heap     ] GC(148) Survivor regions: 1->1(32)
[2021-05-29T10:57:44.299-0800][gc,heap     ] GC(148) Old regions: 44->44
[2021-05-29T10:57:44.299-0800][gc,heap     ] GC(148) Archive regions: 2->2
[2021-05-29T10:57:44.299-0800][gc,heap     ] GC(148) Humongous regions: 84->84
[2021-05-29T10:57:44.299-0800][gc,metaspace] GC(148) Metaspace: 70571K(72496K)->70571K(72496K) NonClass: 62545K(63664K)->62545K(63664K) Class: 8025K(8832K)->8025K(8832K)
[2021-05-29T10:57:44.299-0800][gc          ] GC(148) Pause Young (Normal) (G1 Evacuation Pause) 384M->129M(512M) 5.058ms
[2021-05-29T10:57:44.299-0800][gc,cpu      ] GC(148) User=0.01s Sys=0.00s Real=0.00s
[2021-05-29T11:00:18.966-0800][gc,start    ] GC(149) Pause Young (Normal) (G1 Evacuation Pause)
