[2021-06-03T21:59:11.756-0800][gc,task     ] GC(224) Using 10 workers of 10 for evacuation
[2021-06-03T21:59:11.759-0800][gc,phases   ] GC(224)   Pre Evacuate Collection Set: 0.2ms
[2021-06-03T21:59:11.759-0800][gc,phases   ] GC(224)   Merge Heap Roots: 0.1ms
[2021-06-03T21:59:11.759-0800][gc,phases   ] GC(224)   Evacuate Collection Set: 0.8ms
[2021-06-03T21:59:11.759-0800][gc,phases   ] GC(224)   Post Evacuate Collection Set: 0.3ms
[2021-06-03T21:59:11.759-0800][gc,phases   ] GC(224)   Other: 7.9ms
[2021-06-03T21:59:11.759-0800][gc,heap     ] GC(224) Eden regions: 254->0(255)
[2021-06-03T21:59:11.759-0800][gc,heap     ] GC(224) Survivor regions: 2->1(32)
[2021-06-03T21:59:11.759-0800][gc,heap     ] GC(224) Old regions: 48->48
[2021-06-03T21:59:11.759-0800][gc,heap     ] GC(224) Archive regions: 2->2
[2021-06-03T21:59:11.759-0800][gc,heap     ] GC(224) Humongous regions: 164->164
[2021-06-03T21:59:11.759-0800][gc,metaspace] GC(224) Metaspace: 69385K(71344K)->69385K(71344K) NonClass: 61563K(62896K)->61563K(62896K) Class: 7822K(8448K)->7822K(8448K)
[2021-06-03T21:59:11.759-0800][gc          ] GC(224) Pause Young (Normal) (G1 Evacuation Pause) 467M->212M(512M) 9.437ms
[2021-06-03T21:59:11.759-0800][gc,cpu      ] GC(224) User=0.01s Sys=0.00s Real=0.00s
[2021-06-03T22:01:31.787-0800][gc,start    ] GC(225) Pause Young (Normal) (G1 Evacuation Pause)
[2021-06-03T22:01:31.788-0800][gc,task     ] GC(225) Using 10 workers of 10 for evacuation
[2021-06-03T22:01:31.791-0800][gc,phases   ] GC(225)   Pre Evacuate Collection Set: 0.2ms
[2021-06-03T22:01:31.791-0800][gc,phases   ] GC(225)   Merge Heap Roots: 0.1ms
[2021-06-03T22:01:31.791-0800][gc,phases   ] GC(225)   Evacuate Collection Set: 2.3ms
[2021-06-03T22:01:31.791-0800][gc,phases   ] GC(225)   Post Evacuate Collection Set: 0.5ms
[2021-06-03T22:01:31.791-0800][gc,phases   ] GC(225)   Other: 1.1ms
[2021-06-03T22:01:31.791-0800][gc,heap     ] GC(225) Eden regions: 255->0(254)
[2021-06-03T22:01:31.791-0800][gc,heap     ] GC(225) Survivor regions: 1->2(32)
[2021-06-03T22:01:31.791-0800][gc,heap     ] GC(225) Old regions: 48->48
[2021-06-03T22:01:31.791-0800][gc,heap     ] GC(225) Archive regions: 2->2
[2021-06-03T22:01:31.792-0800][gc,heap     ] GC(225) Humongous regions: 164->164
[2021-06-03T22:01:31.792-0800][gc,metaspace] GC(225) Metaspace: 69385K(71344K)->69385K(71344K) NonClass: 61563K(62896K)->61563K(62896K) Class: 7822K(8448K)->7822K(8448K)
[2021-06-03T22:01:31.792-0800][gc          ] GC(225) Pause Young (Normal) (G1 Evacuation Pause) 467M->213M(512M) 4.295ms
[2021-06-03T22:01:31.792-0800][gc,cpu      ] GC(225) User=0.01s Sys=0.00s Real=0.01s
[2021-06-03T22:08:00.017-0800][gc,start    ] GC(226) Pause Young (Normal) (G1 Evacuation Pause)
[2021-06-03T22:08:00.017-0800][gc,task     ] GC(226) Using 10 workers of 10 for evacuation
[2021-06-03T22:08:00.019-0800][gc,phases   ] GC(226)   Pre Evacuate Collection Set: 0.1ms
[2021-06-03T22:08:00.019-0800][gc,phases   ] GC(226)   Merge Heap Roots: 0.1ms
[2021-06-03T22:08:00.019-0800][gc,phases   ] GC(226)   Evacuate Collection Set: 0.8ms
[2021-06-03T22:08:00.019-0800][gc,phases   ] GC(226)   Post Evacuate Collection Set: 0.8ms
[2021-06-03T22:08:00.019-0800][gc,phases   ] GC(226)   Other: 1.0ms
[2021-06-03T22:08:00.019-0800][gc,heap     ] GC(226) Eden regions: 254->0(254)
[2021-06-03T22:08:00.019-0800][gc,heap     ] GC(226) Survivor regions: 2->2(32)
[2021-06-03T22:08:00.019-0800][gc,heap     ] GC(226) Old regions: 48->48
[2021-06-03T22:08:00.019-0800][gc,heap     ] GC(226) Archive regions: 2->2
[2021-06-03T22:08:00.019-0800][gc,heap     ] GC(226) Humongous regions: 164->164
[2021-06-03T22:08:00.019-0800][gc,metaspace] GC(226) Metaspace: 69395K(71344K)->69395K(71344K) NonClass: 61573K(62896K)->61573K(62896K) Class: 7822K(8448K)->7822K(8448K)
[2021-06-03T22:08:00.019-0800][gc          ] GC(226) Pause Young (Normal) (G1 Evacuation Pause) 467M->213M(512M) 2.873ms
[2021-06-03T22:08:00.020-0800][gc,cpu      ] GC(226) User=0.01s Sys=0.01s Real=0.01s
[2021-06-03T22:10:19.089-0800][gc,start    ] GC(227) Pause Young (Normal) (G1 Evacuation Pause)
[2021-06-03T22:10:19.089-0800][gc,task     ] GC(227) Using 10 workers of 10 for evacuation
[2021-06-03T22:10:19.095-0800][gc,phases   ] GC(227)   Pre Evacuate Collection Set: 0.2ms
[2021-06-03T22:10:19.095-0800][gc,phases   ] GC(227)   Merge Heap Roots: 0.1ms
[2021-06-03T22:10:19.095-0800][gc,phases   ] GC(227)   Evacuate Collection Set: 4.5ms
[2021-06-03T22:10:19.095-0800][gc,phases   ] GC(227)   Post Evacuate Collection Set: 1.0ms
[2021-06-03T22:10:19.095-0800][gc,phases   ] GC(227)   Other: 0.6ms
[2021-06-03T22:10:19.095-0800][gc,heap     ] GC(227) Eden regions: 254->0(254)
[2021-06-03T22:10:19.095-0800][gc,heap     ] GC(227) Survivor regions: 2->2(32)
[2021-06-03T22:10:19.095-0800][gc,heap     ] GC(227) Old regions: 48->48
[2021-06-03T22:10:19.095-0800][gc,heap     ] GC(227) Archive regions: 2->2
[2021-06-03T22:10:19.095-0800][gc,heap     ] GC(227) Humongous regions: 164->164
[2021-06-03T22:10:19.095-0800][gc,metaspace] GC(227) Metaspace: 69395K(71344K)->69395K(71344K) NonClass: 61573K(62896K)->61573K(62896K) Class: 7822K(8448K)->7822K(8448K)
[2021-06-03T22:10:19.095-0800][gc          ] GC(227) Pause Young (Normal) (G1 Evacuation Pause) 467M->213M(512M) 6.484ms
[2021-06-03T22:10:19.095-0800][gc,cpu      ] GC(227) User=0.01s Sys=0.00s Real=0.01s
[2021-06-03T22:12:39.172-0800][gc,start    ] GC(228) Pause Young (Normal) (G1 Evacuation Pause)
[2021-06-03T22:12:39.173-0800][gc,task     ] GC(228) Using 10 workers of 10 for evacuation
[2021-06-03T22:12:39.177-0800][gc,phases   ] GC(228)   Pre Evacuate Collection Set: 0.1ms
[2021-06-03T22:12:39.177-0800][gc,phases   ] GC(228)   Merge Heap Roots: 0.1ms
[2021-06-03T22:12:39.177-0800][gc,phases   ] GC(228)   Evacuate Collection Set: 3.3ms
[2021-06-03T22:12:39.177-0800][gc,phases   ] GC(228)   Post Evacuate Collection Set: 0.5ms
[2021-06-03T22:12:39.177-0800][gc,phases   ] GC(228)   Other: 0.8ms
[2021-06-03T22:12:39.177-0800][gc,heap     ] GC(228) Eden regions: 254->0(255)
[2021-06-03T22:12:39.177-0800][gc,heap     ] GC(228) Survivor regions: 2->1(32)
[2021-06-03T22:12:39.177-0800][gc,heap     ] GC(228) Old regions: 48->48
[2021-06-03T22:12:39.177-0800][gc,heap     ] GC(228) Archive regions: 2->2
[2021-06-03T22:12:39.177-0800][gc,heap     ] GC(228) Humongous regions: 164->164
[2021-06-03T22:12:39.177-0800][gc,metaspace] GC(228) Metaspace: 69395K(71344K)->69395K(71344K) NonClass: 61573K(62896K)->61573K(62896K) Class: 7822K(8448K)->7822K(8448K)
[2021-06-03T22:12:39.177-0800][gc          ] GC(228) Pause Young (Normal) (G1 Evacuation Pause) 467M->213M(512M) 5.049ms
[2021-06-03T22:12:39.177-0800][gc,cpu      ] GC(228) User=0.01s Sys=0.00s Real=0.00s
[2021-06-03T22:14:59.255-0800][gc,start    ] GC(229) Pause Young (Normal) (G1 Evacuation Pause)
[2021-06-03T22:14:59.256-0800][gc,task     ] GC(229) Using 10 workers of 10 for evacuation
[2021-06-03T22:14:59.259-0800][gc,phases   ] GC(229)   Pre Evacuate Collection Set: 0.2ms
[2021-06-03T22:14:59.259-0800][gc,phases   ] GC(229)   Merge Heap Roots: 0.1ms
[2021-06-03T22:14:59.259-0800][gc,phases   ] GC(229)   Evacuate Collection Set: 1.8ms
[2021-06-03T22:14:59.259-0800][gc,phases   ] GC(229)   Post Evacuate Collection Set: 0.5ms
[2021-06-03T22:14:59.259-0800][gc,phases   ] GC(229)   Other: 0.8ms
[2021-06-03T22:14:59.259-0800][gc,heap     ] GC(229) Eden regions: 255->0(255)
[2021-06-03T22:14:59.259-0800][gc,heap     ] GC(229) Survivor regions: 1->1(32)
[2021-06-03T22:14:59.259-0800][gc,heap     ] GC(229) Old regions: 48->48
[2021-06-03T22:14:59.259-0800][gc,heap     ] GC(229) Archive regions: 2->2
[2021-06-03T22:14:59.259-0800][gc,heap     ] GC(229) Humongous regions: 164->164
[2021-06-03T22:14:59.259-0800][gc,metaspace] GC(229) Metaspace: 69396K(71344K)->69396K(71344K) NonClass: 61574K(62896K)->61574K(62896K) Class: 7822K(8448K)->7822K(8448K)
[2021-06-03T22:14:59.259-0800][gc          ] GC(229) Pause Young (Normal) (G1 Evacuation Pause) 468M->213M(512M) 3.538ms
[2021-06-03T22:14:59.259-0800][gc,cpu      ] GC(229) User=0.01s Sys=0.00s Real=0.00s
[2021-06-03T22:17:17.404-0800][gc,start    ] GC(230) Pause Young (Normal) (G1 Evacuation Pause)
[2021-06-03T22:17:17.405-0800][gc,task     ] GC(230) Using 10 workers of 10 for evacuation
[2021-06-03T22:17:17.411-0800][gc,phases   ] GC(230)   Pre Evacuate Collection Set: 0.2ms
[2021-06-03T22:17:17.412-0800][gc,phases   ] GC(230)   Merge Heap Roots: 0.1ms
[2021-06-03T22:17:17.412-0800][gc,phases   ] GC(230)   Evacuate Collection Set: 5.0ms
[2021-06-03T22:17:17.412-0800][gc,phases   ] GC(230)   Post Evacuate Collection Set: 0.8ms
[2021-06-03T22:17:17.412-0800][gc,phases   ] GC(230)   Other: 1.0ms
[2021-06-03T22:17:17.412-0800][gc,heap     ] GC(230) Eden regions: 255->0(255)
[2021-06-03T22:17:17.412-0800][gc,heap     ] GC(230) Survivor regions: 1->1(32)
[2021-06-03T22:17:17.412-0800][gc,heap     ] GC(230) Old regions: 48->48
[2021-06-03T22:17:17.412-0800][gc,heap     ] GC(230) Archive regions: 2->2
[2021-06-03T22:17:17.412-0800][gc,heap     ] GC(230) Humongous regions: 164->164
[2021-06-03T22:17:17.412-0800][gc,metaspace] GC(230) Metaspace: 69396K(71344K)->69396K(71344K) NonClass: 61574K(62896K)->61574K(62896K) Class: 7822K(8448K)->7822K(8448K)
[2021-06-03T22:17:17.412-0800][gc          ] GC(230) Pause Young (Normal) (G1 Evacuation Pause) 468M->213M(512M) 7.433ms
[2021-06-03T22:17:17.412-0800][gc,cpu      ] GC(230) User=0.02s Sys=0.01s Real=0.01s
[2021-06-03T22:19:32.478-0800][gc,start    ] GC(231) Pause Young (Normal) (G1 Evacuation Pause)
[2021-06-03T22:19:32.479-0800][gc,task     ] GC(231) Using 10 workers of 10 for evacuation
[2021-06-03T22:19:32.483-0800][gc,phases   ] GC(231)   Pre Evacuate Collection Set: 0.1ms
[2021-06-03T22:19:32.483-0800][gc,phases   ] GC(231)   Merge Heap Roots: 0.1ms
[2021-06-03T22:19:32.483-0800][gc,phases   ] GC(231)   Evacuate Collection Set: 3.2ms
[2021-06-03T22:19:32.483-0800][gc,phases   ] GC(231)   Post Evacuate Collection Set: 0.5ms
[2021-06-03T22:19:32.483-0800][gc,phases   ] GC(231)   Other: 0.6ms
[2021-06-03T22:19:32.483-0800][gc,heap     ] GC(231) Eden regions: 255->0(255)
[2021-06-03T22:19:32.483-0800][gc,heap     ] GC(231) Survivor regions: 1->1(32)
[2021-06-03T22:19:32.483-0800][gc,heap     ] GC(231) Old regions: 48->48
[2021-06-03T22:19:32.483-0800][gc,heap     ] GC(231) Archive regions: 2->2
[2021-06-03T22:19:32.483-0800][gc,heap     ] GC(231) Humongous regions: 164->164
[2021-06-03T22:19:32.483-0800][gc,metaspace] GC(231) Metaspace: 69396K(71344K)->69396K(71344K) NonClass: 61574K(62896K)->61574K(62896K) Class: 7822K(8448K)->7822K(8448K)
[2021-06-03T22:19:32.483-0800][gc          ] GC(231) Pause Young (Normal) (G1 Evacuation Pause) 468M->213M(512M) 4.636ms
[2021-06-03T22:19:32.483-0800][gc,cpu      ] GC(231) User=0.01s Sys=0.01s Real=0.01s
[2021-06-03T22:21:50.407-0800][gc,start    ] GC(232) Pause Young (Normal) (G1 Evacuation Pause)
[2021-06-03T22:21:50.407-0800][gc,task     ] GC(232) Using 10 workers of 10 for evacuation
[2021-06-03T22:21:50.410-0800][gc,phases   ] GC(232)   Pre Evacuate Collection Set: 0.1ms
[2021-06-03T22:21:50.410-0800][gc,phases   ] GC(232)   Merge Heap Roots: 0.1ms
[2021-06-03T22:21:50.410-0800][gc,phases   ] GC(232)   Evacuate Collection Set: 2.3ms
[2021-06-03T22:21:50.410-0800][gc,phases   ] GC(232)   Post Evacuate Collection Set: 0.5ms
[2021-06-03T22:21:50.410-0800][gc,phases   ] GC(232)   Other: 0.9ms
[2021-06-03T22:21:50.410-0800][gc,heap     ] GC(232) Eden regions: 255->0(255)
[2021-06-03T22:21:50.410-0800][gc,heap     ] GC(232) Survivor regions: 1->1(32)
[2021-06-03T22:21:50.410-0800][gc,heap     ] GC(232) Old regions: 48->48
[2021-06-03T22:21:50.410-0800][gc,heap     ] GC(232) Archive regions: 2->2
[2021-06-03T22:21:50.410-0800][gc,heap     ] GC(232) Humongous regions: 164->164
[2021-06-03T22:21:50.410-0800][gc,metaspace] GC(232) Metaspace: 69396K(71344K)->69396K(71344K) NonClass: 61574K(62896K)->61574K(62896K) Class: 7822K(8448K)->7822K(8448K)
[2021-06-03T22:21:50.411-0800][gc          ] GC(232) Pause Young (Normal) (G1 Evacuation Pause) 468M->213M(512M) 3.946ms
[2021-06-03T22:21:50.411-0800][gc,cpu      ] GC(232) User=0.01s Sys=0.00s Real=0.01s
[2021-06-03T22:24:09.638-0800][gc,start    ] GC(233) Pause Young (Normal) (G1 Evacuation Pause)
[2021-06-03T22:24:09.639-0800][gc,task     ] GC(233) Using 10 workers of 10 for evacuation
[2021-06-03T22:24:09.640-0800][gc,phases   ] GC(233)   Pre Evacuate Collection Set: 0.2ms
[2021-06-03T22:24:09.640-0800][gc,phases   ] GC(233)   Merge Heap Roots: 0.1ms
[2021-06-03T22:24:09.640-0800][gc,phases   ] GC(233)   Evacuate Collection Set: 0.9ms
[2021-06-03T22:24:09.640-0800][gc,phases   ] GC(233)   Post Evacuate Collection Set: 0.5ms
[2021-06-03T22:24:09.640-0800][gc,phases   ] GC(233)   Other: 0.6ms
[2021-06-03T22:24:09.640-0800][gc,heap     ] GC(233) Eden regions: 255->0(255)
[2021-06-03T22:24:09.640-0800][gc,heap     ] GC(233) Survivor regions: 1->1(32)
[2021-06-03T22:24:09.640-0800][gc,heap     ] GC(233) Old regions: 48->48
[2021-06-03T22:24:09.640-0800][gc,heap     ] GC(233) Archive regions: 2->2
[2021-06-03T22:24:09.640-0800][gc,heap     ] GC(233) Humongous regions: 164->164
[2021-06-03T22:24:09.640-0800][gc,metaspace] GC(233) Metaspace: 69396K(71344K)->69396K(71344K) NonClass: 61574K(62896K)->61574K(62896K) Class: 7822K(8448K)->7822K(8448K)
[2021-06-03T22:24:09.640-0800][gc          ] GC(233) Pause Young (Normal) (G1 Evacuation Pause) 468M->213M(512M) 2.315ms
[2021-06-03T22:24:09.640-0800][gc,cpu      ] GC(233) User=0.01s Sys=0.00s Real=0.01s
[2021-06-03T22:26:29.699-0800][gc,start    ] GC(234) Pause Young (Normal) (G1 Evacuation Pause)
[2021-06-03T22:26:29.700-0800][gc,task     ] GC(234) Using 10 workers of 10 for evacuation
[2021-06-03T22:26:29.703-0800][gc,phases   ] GC(234)   Pre Evacuate Collection Set: 0.2ms
[2021-06-03T22:26:29.703-0800][gc,phases   ] GC(234)   Merge Heap Roots: 0.1ms
[2021-06-03T22:26:29.703-0800][gc,phases   ] GC(234)   Evacuate Collection Set: 1.8ms
[2021-06-03T22:26:29.703-0800][gc,phases   ] GC(234)   Post Evacuate Collection Set: 0.5ms
[2021-06-03T22:26:29.703-0800][gc,phases   ] GC(234)   Other: 1.1ms
[2021-06-03T22:26:29.703-0800][gc,heap     ] GC(234) Eden regions: 255->0(255)
[2021-06-03T22:26:29.703-0800][gc,heap     ] GC(234) Survivor regions: 1->1(32)
[2021-06-03T22:26:29.703-0800][gc,heap     ] GC(234) Old regions: 48->48
[2021-06-03T22:26:29.703-0800][gc,heap     ] GC(234) Archive regions: 2->2
[2021-06-03T22:26:29.703-0800][gc,heap     ] GC(234) Humongous regions: 164->164
[2021-06-03T22:26:29.703-0800][gc,metaspace] GC(234) Metaspace: 69396K(71344K)->69396K(71344K) NonClass: 61574K(62896K)->61574K(62896K) Class: 7822K(8448K)->7822K(8448K)
[2021-06-03T22:26:29.703-0800][gc          ] GC(234) Pause Young (Normal) (G1 Evacuation Pause) 468M->213M(512M) 3.834ms
[2021-06-03T22:26:29.703-0800][gc,cpu      ] GC(234) User=0.01s Sys=0.00s Real=0.01s
[2021-06-03T22:28:49.773-0800][gc,start    ] GC(235) Pause Young (Normal) (G1 Evacuation Pause)
[2021-06-03T22:28:49.774-0800][gc,task     ] GC(235) Using 10 workers of 10 for evacuation
[2021-06-03T22:28:49.776-0800][gc,phases   ] GC(235)   Pre Evacuate Collection Set: 0.1ms
[2021-06-03T22:28:49.776-0800][gc,phases   ] GC(235)   Merge Heap Roots: 0.1ms
[2021-06-03T22:28:49.776-0800][gc,phases   ] GC(235)   Evacuate Collection Set: 1.3ms
[2021-06-03T22:28:49.776-0800][gc,phases   ] GC(235)   Post Evacuate Collection Set: 0.5ms
[2021-06-03T22:28:49.776-0800][gc,phases   ] GC(235)   Other: 0.8ms
[2021-06-03T22:28:49.776-0800][gc,heap     ] GC(235) Eden regions: 255->0(255)
[2021-06-03T22:28:49.776-0800][gc,heap     ] GC(235) Survivor regions: 1->1(32)
[2021-06-03T22:28:49.776-0800][gc,heap     ] GC(235) Old regions: 48->48
[2021-06-03T22:28:49.776-0800][gc,heap     ] GC(235) Archive regions: 2->2
[2021-06-03T22:28:49.776-0800][gc,heap     ] GC(235) Humongous regions: 164->164
[2021-06-03T22:28:49.776-0800][gc,metaspace] GC(235) Metaspace: 69396K(71344K)->69396K(71344K) NonClass: 61574K(62896K)->61574K(62896K) Class: 7822K(8448K)->7822K(8448K)
[2021-06-03T22:28:49.776-0800][gc          ] GC(235) Pause Young (Normal) (G1 Evacuation Pause) 468M->213M(512M) 2.913ms
[2021-06-03T22:28:49.776-0800][gc,cpu      ] GC(235) User=0.00s Sys=0.00s Real=0.00s
[2021-06-03T22:31:07.869-0800][gc,start    ] GC(236) Pause Young (Normal) (G1 Evacuation Pause)
[2021-06-03T22:31:07.870-0800][gc,task     ] GC(236) Using 10 workers of 10 for evacuation
[2021-06-03T22:31:07.873-0800][gc,phases   ] GC(236)   Pre Evacuate Collection Set: 0.1ms
[2021-06-03T22:31:07.873-0800][gc,phases   ] GC(236)   Merge Heap Roots: 0.1ms
[2021-06-03T22:31:07.873-0800][gc,phases   ] GC(236)   Evacuate Collection Set: 2.0ms
[2021-06-03T22:31:07.873-0800][gc,phases   ] GC(236)   Post Evacuate Collection Set: 0.5ms
[2021-06-03T22:31:07.873-0800][gc,phases   ] GC(236)   Other: 0.8ms
[2021-06-03T22:31:07.873-0800][gc,heap     ] GC(236) Eden regions: 255->0(255)
[2021-06-03T22:31:07.873-0800][gc,heap     ] GC(236) Survivor regions: 1->1(32)
[2021-06-03T22:31:07.873-0800][gc,heap     ] GC(236) Old regions: 48->48
[2021-06-03T22:31:07.873-0800][gc,heap     ] GC(236) Archive regions: 2->2
[2021-06-03T22:31:07.873-0800][gc,heap     ] GC(236) Humongous regions: 164->164
[2021-06-03T22:31:07.873-0800][gc,metaspace] GC(236) Metaspace: 69396K(71344K)->69396K(71344K) NonClass: 61574K(62896K)->61574K(62896K) Class: 7822K(8448K)->7822K(8448K)
[2021-06-03T22:31:07.873-0800][gc          ] GC(236) Pause Young (Normal) (G1 Evacuation Pause) 468M->213M(512M) 3.557ms
[2021-06-03T22:31:07.873-0800][gc,cpu      ] GC(236) User=0.01s Sys=0.00s Real=0.01s
[2021-06-03T22:33:21.291-0800][gc,start    ] GC(237) Pause Young (Normal) (G1 Evacuation Pause)
[2021-06-03T22:33:21.291-0800][gc,task     ] GC(237) Using 10 workers of 10 for evacuation
[2021-06-03T22:33:21.293-0800][gc,phases   ] GC(237)   Pre Evacuate Collection Set: 0.1ms
[2021-06-03T22:33:21.293-0800][gc,phases   ] GC(237)   Merge Heap Roots: 0.1ms
[2021-06-03T22:33:21.293-0800][gc,phases   ] GC(237)   Evacuate Collection Set: 0.7ms
[2021-06-03T22:33:21.293-0800][gc,phases   ] GC(237)   Post Evacuate Collection Set: 0.4ms
[2021-06-03T22:33:21.293-0800][gc,phases   ] GC(237)   Other: 0.8ms
[2021-06-03T22:33:21.293-0800][gc,heap     ] GC(237) Eden regions: 255->0(255)
[2021-06-03T22:33:21.293-0800][gc,heap     ] GC(237) Survivor regions: 1->1(32)
[2021-06-03T22:33:21.293-0800][gc,heap     ] GC(237) Old regions: 48->48
[2021-06-03T22:33:21.293-0800][gc,heap     ] GC(237) Archive regions: 2->2
[2021-06-03T22:33:21.293-0800][gc,heap     ] GC(237) Humongous regions: 164->164
[2021-06-03T22:33:21.293-0800][gc,metaspace] GC(237) Metaspace: 69396K(71344K)->69396K(71344K) NonClass: 61574K(62896K)->61574K(62896K) Class: 7822K(8448K)->7822K(8448K)
[2021-06-03T22:33:21.293-0800][gc          ] GC(237) Pause Young (Normal) (G1 Evacuation Pause) 468M->213M(512M) 2.162ms
[2021-06-03T22:33:21.293-0800][gc,cpu      ] GC(237) User=0.01s Sys=0.00s Real=0.00s
[2021-06-03T22:35:40.857-0800][gc,start    ] GC(238) Pause Young (Normal) (G1 Evacuation Pause)
[2021-06-03T22:35:40.857-0800][gc,task     ] GC(238) Using 10 workers of 10 for evacuation
[2021-06-03T22:35:40.859-0800][gc,phases   ] GC(238)   Pre Evacuate Collection Set: 0.1ms
[2021-06-03T22:35:40.859-0800][gc,phases   ] GC(238)   Merge Heap Roots: 0.1ms
[2021-06-03T22:35:40.859-0800][gc,phases   ] GC(238)   Evacuate Collection Set: 0.9ms
[2021-06-03T22:35:40.859-0800][gc,phases   ] GC(238)   Post Evacuate Collection Set: 0.4ms
[2021-06-03T22:35:40.859-0800][gc,phases   ] GC(238)   Other: 0.8ms
[2021-06-03T22:35:40.859-0800][gc,heap     ] GC(238) Eden regions: 255->0(255)
[2021-06-03T22:35:40.859-0800][gc,heap     ] GC(238) Survivor regions: 1->1(32)
[2021-06-03T22:35:40.859-0800][gc,heap     ] GC(238) Old regions: 48->48
[2021-06-03T22:35:40.859-0800][gc,heap     ] GC(238) Archive regions: 2->2
[2021-06-03T22:35:40.859-0800][gc,heap     ] GC(238) Humongous regions: 164->164
[2021-06-03T22:35:40.859-0800][gc,metaspace] GC(238) Metaspace: 69396K(71344K)->69396K(71344K) NonClass: 61574K(62896K)->61574K(62896K) Class: 7822K(8448K)->7822K(8448K)
[2021-06-03T22:35:40.859-0800][gc          ] GC(238) Pause Young (Normal) (G1 Evacuation Pause) 468M->213M(512M) 2.428ms
[2021-06-03T22:35:40.859-0800][gc,cpu      ] GC(238) User=0.01s Sys=0.00s Real=0.00s
[2021-06-03T22:38:00.151-0800][gc,start    ] GC(239) Pause Young (Normal) (G1 Evacuation Pause)
[2021-06-03T22:38:00.152-0800][gc,task     ] GC(239) Using 10 workers of 10 for evacuation
[2021-06-03T22:38:00.154-0800][gc,phases   ] GC(239)   Pre Evacuate Collection Set: 0.2ms
[2021-06-03T22:38:00.154-0800][gc,phases   ] GC(239)   Merge Heap Roots: 0.1ms
[2021-06-03T22:38:00.154-0800][gc,phases   ] GC(239)   Evacuate Collection Set: 1.0ms
[2021-06-03T22:38:00.154-0800][gc,phases   ] GC(239)   Post Evacuate Collection Set: 0.5ms
[2021-06-03T22:38:00.154-0800][gc,phases   ] GC(239)   Other: 1.1ms
[2021-06-03T22:38:00.154-0800][gc,heap     ] GC(239) Eden regions: 255->0(255)
[2021-06-03T22:38:00.154-0800][gc,heap     ] GC(239) Survivor regions: 1->1(32)
[2021-06-03T22:38:00.154-0800][gc,heap     ] GC(239) Old regions: 48->48
[2021-06-03T22:38:00.154-0800][gc,heap     ] GC(239) Archive regions: 2->2
[2021-06-03T22:38:00.154-0800][gc,heap     ] GC(239) Humongous regions: 164->164
[2021-06-03T22:38:00.154-0800][gc,metaspace] GC(239) Metaspace: 69396K(71344K)->69396K(71344K) NonClass: 61574K(62896K)->61574K(62896K) Class: 7822K(8448K)->7822K(8448K)
[2021-06-03T22:38:00.154-0800][gc          ] GC(239) Pause Young (Normal) (G1 Evacuation Pause) 468M->213M(512M) 2.956ms
[2021-06-03T22:38:00.154-0800][gc,cpu      ] GC(239) User=0.01s Sys=0.00s Real=0.00s
[2021-06-03T22:40:20.199-0800][gc,start    ] GC(240) Pause Young (Normal) (G1 Evacuation Pause)
[2021-06-03T22:40:20.199-0800][gc,task     ] GC(240) Using 10 workers of 10 for evacuation
[2021-06-03T22:40:20.201-0800][gc,phases   ] GC(240)   Pre Evacuate Collection Set: 0.2ms
[2021-06-03T22:40:20.201-0800][gc,phases   ] GC(240)   Merge Heap Roots: 0.1ms
[2021-06-03T22:40:20.201-0800][gc,phases   ] GC(240)   Evacuate Collection Set: 0.7ms
[2021-06-03T22:40:20.201-0800][gc,phases   ] GC(240)   Post Evacuate Collection Set: 0.4ms
[2021-06-03T22:40:20.201-0800][gc,phases   ] GC(240)   Other: 0.6ms
[2021-06-03T22:40:20.201-0800][gc,heap     ] GC(240) Eden regions: 255->0(255)
[2021-06-03T22:40:20.201-0800][gc,heap     ] GC(240) Survivor regions: 1->1(32)
[2021-06-03T22:40:20.201-0800][gc,heap     ] GC(240) Old regions: 48->48
[2021-06-03T22:40:20.201-0800][gc,heap     ] GC(240) Archive regions: 2->2
[2021-06-03T22:40:20.201-0800][gc,heap     ] GC(240) Humongous regions: 164->164
[2021-06-03T22:40:20.201-0800][gc,metaspace] GC(240) Metaspace: 69396K(71344K)->69396K(71344K) NonClass: 61574K(62896K)->61574K(62896K) Class: 7822K(8448K)->7822K(8448K)
[2021-06-03T22:40:20.201-0800][gc          ] GC(240) Pause Young (Normal) (G1 Evacuation Pause) 468M->213M(512M) 1.991ms
[2021-06-03T22:40:20.201-0800][gc,cpu      ] GC(240) User=0.01s Sys=0.00s Real=0.01s
[2021-06-03T22:42:40.272-0800][gc,start    ] GC(241) Pause Young (Normal) (G1 Evacuation Pause)
[2021-06-03T22:42:40.273-0800][gc,task     ] GC(241) Using 10 workers of 10 for evacuation
[2021-06-03T22:42:40.275-0800][gc,phases   ] GC(241)   Pre Evacuate Collection Set: 0.2ms
[2021-06-03T22:42:40.276-0800][gc,phases   ] GC(241)   Merge Heap Roots: 0.1ms
[2021-06-03T22:42:40.276-0800][gc,phases   ] GC(241)   Evacuate Collection Set: 1.8ms
[2021-06-03T22:42:40.276-0800][gc,phases   ] GC(241)   Post Evacuate Collection Set: 0.4ms
[2021-06-03T22:42:40.276-0800][gc,phases   ] GC(241)   Other: 1.2ms
[2021-06-03T22:42:40.276-0800][gc,heap     ] GC(241) Eden regions: 255->0(255)
[2021-06-03T22:42:40.276-0800][gc,heap     ] GC(241) Survivor regions: 1->1(32)
[2021-06-03T22:42:40.276-0800][gc,heap     ] GC(241) Old regions: 48->48
[2021-06-03T22:42:40.276-0800][gc,heap     ] GC(241) Archive regions: 2->2
[2021-06-03T22:42:40.276-0800][gc,heap     ] GC(241) Humongous regions: 164->164
[2021-06-03T22:42:40.276-0800][gc,metaspace] GC(241) Metaspace: 69396K(71344K)->69396K(71344K) NonClass: 61574K(62896K)->61574K(62896K) Class: 7822K(8448K)->7822K(8448K)
[2021-06-03T22:42:40.276-0800][gc          ] GC(241) Pause Young (Normal) (G1 Evacuation Pause) 468M->213M(512M) 3.831ms
[2021-06-03T22:42:40.276-0800][gc,cpu      ] GC(241) User=0.01s Sys=0.00s Real=0.00s
[2021-06-03T22:44:58.374-0800][gc,start    ] GC(242) Pause Young (Normal) (G1 Evacuation Pause)
[2021-06-03T22:44:58.374-0800][gc,task     ] GC(242) Using 10 workers of 10 for evacuation
[2021-06-03T22:44:58.376-0800][gc,phases   ] GC(242)   Pre Evacuate Collection Set: 0.2ms
[2021-06-03T22:44:58.376-0800][gc,phases   ] GC(242)   Merge Heap Roots: 0.1ms
[2021-06-03T22:44:58.376-0800][gc,phases   ] GC(242)   Evacuate Collection Set: 1.0ms
[2021-06-03T22:44:58.376-0800][gc,phases   ] GC(242)   Post Evacuate Collection Set: 0.4ms
[2021-06-03T22:44:58.376-0800][gc,phases   ] GC(242)   Other: 0.3ms
[2021-06-03T22:44:58.376-0800][gc,heap     ] GC(242) Eden regions: 255->0(255)
[2021-06-03T22:44:58.376-0800][gc,heap     ] GC(242) Survivor regions: 1->1(32)
[2021-06-03T22:44:58.376-0800][gc,heap     ] GC(242) Old regions: 48->48
[2021-06-03T22:44:58.376-0800][gc,heap     ] GC(242) Archive regions: 2->2
[2021-06-03T22:44:58.376-0800][gc,heap     ] GC(242) Humongous regions: 164->164
[2021-06-03T22:44:58.376-0800][gc,metaspace] GC(242) Metaspace: 69399K(71344K)->69399K(71344K) NonClass: 61577K(62896K)->61577K(62896K) Class: 7822K(8448K)->7822K(8448K)
[2021-06-03T22:44:58.376-0800][gc          ] GC(242) Pause Young (Normal) (G1 Evacuation Pause) 468M->213M(512M) 2.317ms
[2021-06-03T22:44:58.376-0800][gc,cpu      ] GC(242) User=0.01s Sys=0.01s Real=0.00s
[2021-06-03T22:47:13.440-0800][gc,start    ] GC(243) Pause Young (Normal) (G1 Evacuation Pause)
[2021-06-03T22:47:13.441-0800][gc,task     ] GC(243) Using 10 workers of 10 for evacuation
[2021-06-03T22:47:13.445-0800][gc,phases   ] GC(243)   Pre Evacuate Collection Set: 0.2ms
[2021-06-03T22:47:13.445-0800][gc,phases   ] GC(243)   Merge Heap Roots: 0.1ms
[2021-06-03T22:47:13.445-0800][gc,phases   ] GC(243)   Evacuate Collection Set: 3.3ms
[2021-06-03T22:47:13.445-0800][gc,phases   ] GC(243)   Post Evacuate Collection Set: 0.4ms
[2021-06-03T22:47:13.445-0800][gc,phases   ] GC(243)   Other: 0.7ms
[2021-06-03T22:47:13.445-0800][gc,heap     ] GC(243) Eden regions: 255->0(255)
[2021-06-03T22:47:13.445-0800][gc,heap     ] GC(243) Survivor regions: 1->1(32)
[2021-06-03T22:47:13.445-0800][gc,heap     ] GC(243) Old regions: 48->48
[2021-06-03T22:47:13.445-0800][gc,heap     ] GC(243) Archive regions: 2->2
[2021-06-03T22:47:13.445-0800][gc,heap     ] GC(243) Humongous regions: 164->164
[2021-06-03T22:47:13.445-0800][gc,metaspace] GC(243) Metaspace: 69400K(71344K)->69400K(71344K) NonClass: 61578K(62896K)->61578K(62896K) Class: 7822K(8448K)->7822K(8448K)
[2021-06-03T22:47:13.445-0800][gc          ] GC(243) Pause Young (Normal) (G1 Evacuation Pause) 468M->213M(512M) 4.783ms
[2021-06-03T22:47:13.445-0800][gc,cpu      ] GC(243) User=0.01s Sys=0.01s Real=0.00s
[2021-06-03T22:49:31.337-0800][gc,start    ] GC(244) Pause Young (Normal) (G1 Evacuation Pause)
[2021-06-03T22:49:31.337-0800][gc,task     ] GC(244) Using 10 workers of 10 for evacuation
[2021-06-03T22:49:31.340-0800][gc,phases   ] GC(244)   Pre Evacuate Collection Set: 0.2ms
[2021-06-03T22:49:31.340-0800][gc,phases   ] GC(244)   Merge Heap Roots: 0.1ms
[2021-06-03T22:49:31.340-0800][gc,phases   ] GC(244)   Evacuate Collection Set: 1.0ms
[2021-06-03T22:49:31.340-0800][gc,phases   ] GC(244)   Post Evacuate Collection Set: 0.4ms
[2021-06-03T22:49:31.340-0800][gc,phases   ] GC(244)   Other: 1.3ms
[2021-06-03T22:49:31.340-0800][gc,heap     ] GC(244) Eden regions: 255->0(255)
[2021-06-03T22:49:31.340-0800][gc,heap     ] GC(244) Survivor regions: 1->1(32)
[2021-06-03T22:49:31.340-0800][gc,heap     ] GC(244) Old regions: 48->48
[2021-06-03T22:49:31.340-0800][gc,heap     ] GC(244) Archive regions: 2->2
[2021-06-03T22:49:31.340-0800][gc,heap     ] GC(244) Humongous regions: 164->164
[2021-06-03T22:49:31.340-0800][gc,metaspace] GC(244) Metaspace: 69400K(71344K)->69400K(71344K) NonClass: 61578K(62896K)->61578K(62896K) Class: 7822K(8448K)->7822K(8448K)
[2021-06-03T22:49:31.340-0800][gc          ] GC(244) Pause Young (Normal) (G1 Evacuation Pause) 468M->213M(512M) 3.193ms
[2021-06-03T22:49:31.340-0800][gc,cpu      ] GC(244) User=0.01s Sys=0.00s Real=0.01s
[2021-06-03T22:51:50.638-0800][gc,start    ] GC(245) Pause Young (Normal) (G1 Evacuation Pause)
[2021-06-03T22:51:50.638-0800][gc,task     ] GC(245) Using 10 workers of 10 for evacuation
[2021-06-03T22:51:50.640-0800][gc,phases   ] GC(245)   Pre Evacuate Collection Set: 0.2ms
[2021-06-03T22:51:50.640-0800][gc,phases   ] GC(245)   Merge Heap Roots: 0.1ms
[2021-06-03T22:51:50.640-0800][gc,phases   ] GC(245)   Evacuate Collection Set: 0.9ms
[2021-06-03T22:51:50.640-0800][gc,phases   ] GC(245)   Post Evacuate Collection Set: 0.4ms
[2021-06-03T22:51:50.640-0800][gc,phases   ] GC(245)   Other: 0.8ms
[2021-06-03T22:51:50.640-0800][gc,heap     ] GC(245) Eden regions: 255->0(255)
[2021-06-03T22:51:50.640-0800][gc,heap     ] GC(245) Survivor regions: 1->1(32)
[2021-06-03T22:51:50.640-0800][gc,heap     ] GC(245) Old regions: 48->48
[2021-06-03T22:51:50.640-0800][gc,heap     ] GC(245) Archive regions: 2->2
[2021-06-03T22:51:50.640-0800][gc,heap     ] GC(245) Humongous regions: 164->164
[2021-06-03T22:51:50.640-0800][gc,metaspace] GC(245) Metaspace: 69400K(71344K)->69400K(71344K) NonClass: 61578K(62896K)->61578K(62896K) Class: 7822K(8448K)->7822K(8448K)
[2021-06-03T22:51:50.640-0800][gc          ] GC(245) Pause Young (Normal) (G1 Evacuation Pause) 468M->213M(512M) 2.436ms
[2021-06-03T22:51:50.640-0800][gc,cpu      ] GC(245) User=0.01s Sys=0.00s Real=0.01s
[2021-06-03T22:54:10.715-0800][gc,start    ] GC(246) Pause Young (Normal) (G1 Evacuation Pause)
[2021-06-03T22:54:10.716-0800][gc,task     ] GC(246) Using 10 workers of 10 for evacuation
[2021-06-03T22:54:10.721-0800][gc,phases   ] GC(246)   Pre Evacuate Collection Set: 0.2ms
[2021-06-03T22:54:10.722-0800][gc,phases   ] GC(246)   Merge Heap Roots: 0.1ms
[2021-06-03T22:54:10.722-0800][gc,phases   ] GC(246)   Evacuate Collection Set: 4.8ms
[2021-06-03T22:54:10.722-0800][gc,phases   ] GC(246)   Post Evacuate Collection Set: 0.4ms
[2021-06-03T22:54:10.722-0800][gc,phases   ] GC(246)   Other: 0.8ms
[2021-06-03T22:54:10.722-0800][gc,heap     ] GC(246) Eden regions: 255->0(255)
[2021-06-03T22:54:10.722-0800][gc,heap     ] GC(246) Survivor regions: 1->1(32)
[2021-06-03T22:54:10.722-0800][gc,heap     ] GC(246) Old regions: 48->48
[2021-06-03T22:54:10.722-0800][gc,heap     ] GC(246) Archive regions: 2->2
[2021-06-03T22:54:10.722-0800][gc,heap     ] GC(246) Humongous regions: 164->164
[2021-06-03T22:54:10.722-0800][gc,metaspace] GC(246) Metaspace: 69400K(71344K)->69400K(71344K) NonClass: 61578K(62896K)->61578K(62896K) Class: 7822K(8448K)->7822K(8448K)
[2021-06-03T22:54:10.722-0800][gc          ] GC(246) Pause Young (Normal) (G1 Evacuation Pause) 468M->213M(512M) 6.599ms
[2021-06-03T22:54:10.722-0800][gc,cpu      ] GC(246) User=0.01s Sys=0.00s Real=0.01s
[2021-06-03T22:56:30.785-0800][gc,start    ] GC(247) Pause Young (Normal) (G1 Evacuation Pause)
[2021-06-03T22:56:30.785-0800][gc,task     ] GC(247) Using 10 workers of 10 for evacuation
[2021-06-03T22:56:30.789-0800][gc,phases   ] GC(247)   Pre Evacuate Collection Set: 0.2ms
[2021-06-03T22:56:30.789-0800][gc,phases   ] GC(247)   Merge Heap Roots: 0.1ms
[2021-06-03T22:56:30.789-0800][gc,phases   ] GC(247)   Evacuate Collection Set: 2.7ms
[2021-06-03T22:56:30.789-0800][gc,phases   ] GC(247)   Post Evacuate Collection Set: 0.4ms
[2021-06-03T22:56:30.789-0800][gc,phases   ] GC(247)   Other: 0.7ms
[2021-06-03T22:56:30.789-0800][gc,heap     ] GC(247) Eden regions: 255->0(255)
[2021-06-03T22:56:30.789-0800][gc,heap     ] GC(247) Survivor regions: 1->1(32)
[2021-06-03T22:56:30.789-0800][gc,heap     ] GC(247) Old regions: 48->48
[2021-06-03T22:56:30.789-0800][gc,heap     ] GC(247) Archive regions: 2->2
[2021-06-03T22:56:30.789-0800][gc,heap     ] GC(247) Humongous regions: 164->164
[2021-06-03T22:56:30.789-0800][gc,metaspace] GC(247) Metaspace: 69400K(71344K)->69400K(71344K) NonClass: 61578K(62896K)->61578K(62896K) Class: 7822K(8448K)->7822K(8448K)
[2021-06-03T22:56:30.789-0800][gc          ] GC(247) Pause Young (Normal) (G1 Evacuation Pause) 468M->213M(512M) 4.179ms
[2021-06-03T22:56:30.789-0800][gc,cpu      ] GC(247) User=0.01s Sys=0.00s Real=0.00s
[2021-06-03T22:58:48.854-0800][gc,start    ] GC(248) Pause Young (Normal) (G1 Evacuation Pause)
[2021-06-03T22:58:48.854-0800][gc,task     ] GC(248) Using 10 workers of 10 for evacuation
[2021-06-03T22:58:48.856-0800][gc,phases   ] GC(248)   Pre Evacuate Collection Set: 0.2ms
[2021-06-03T22:58:48.856-0800][gc,phases   ] GC(248)   Merge Heap Roots: 0.1ms
[2021-06-03T22:58:48.856-0800][gc,phases   ] GC(248)   Evacuate Collection Set: 0.8ms
[2021-06-03T22:58:48.856-0800][gc,phases   ] GC(248)   Post Evacuate Collection Set: 0.4ms
[2021-06-03T22:58:48.856-0800][gc,phases   ] GC(248)   Other: 1.1ms
[2021-06-03T22:58:48.856-0800][gc,heap     ] GC(248) Eden regions: 255->0(255)
[2021-06-03T22:58:48.856-0800][gc,heap     ] GC(248) Survivor regions: 1->1(32)
[2021-06-03T22:58:48.856-0800][gc,heap     ] GC(248) Old regions: 48->48
[2021-06-03T22:58:48.856-0800][gc,heap     ] GC(248) Archive regions: 2->2
[2021-06-03T22:58:48.856-0800][gc,heap     ] GC(248) Humongous regions: 164->164
[2021-06-03T22:58:48.856-0800][gc,metaspace] GC(248) Metaspace: 69400K(71344K)->69400K(71344K) NonClass: 61578K(62896K)->61578K(62896K) Class: 7822K(8448K)->7822K(8448K)
[2021-06-03T22:58:48.856-0800][gc          ] GC(248) Pause Young (Normal) (G1 Evacuation Pause) 468M->213M(512M) 2.815ms
[2021-06-03T22:58:48.856-0800][gc,cpu      ] GC(248) User=0.01s Sys=0.00s Real=0.00s
[2021-06-03T23:01:03.934-0800][gc,start    ] GC(249) Pause Young (Normal) (G1 Evacuation Pause)
[2021-06-03T23:01:03.934-0800][gc,task     ] GC(249) Using 10 workers of 10 for evacuation
[2021-06-03T23:01:03.936-0800][gc,phases   ] GC(249)   Pre Evacuate Collection Set: 0.1ms
[2021-06-03T23:01:03.936-0800][gc,phases   ] GC(249)   Merge Heap Roots: 0.1ms
[2021-06-03T23:01:03.936-0800][gc,phases   ] GC(249)   Evacuate Collection Set: 0.8ms
[2021-06-03T23:01:03.936-0800][gc,phases   ] GC(249)   Post Evacuate Collection Set: 0.3ms
[2021-06-03T23:01:03.936-0800][gc,phases   ] GC(249)   Other: 0.6ms
[2021-06-03T23:01:03.936-0800][gc,heap     ] GC(249) Eden regions: 255->0(255)
[2021-06-03T23:01:03.936-0800][gc,heap     ] GC(249) Survivor regions: 1->1(32)
[2021-06-03T23:01:03.936-0800][gc,heap     ] GC(249) Old regions: 48->48
[2021-06-03T23:01:03.936-0800][gc,heap     ] GC(249) Archive regions: 2->2
[2021-06-03T23:01:03.936-0800][gc,heap     ] GC(249) Humongous regions: 164->164
[2021-06-03T23:01:03.936-0800][gc,metaspace] GC(249) Metaspace: 69400K(71344K)->69400K(71344K) NonClass: 61578K(62896K)->61578K(62896K) Class: 7822K(8448K)->7822K(8448K)
[2021-06-03T23:01:03.936-0800][gc          ] GC(249) Pause Young (Normal) (G1 Evacuation Pause) 468M->213M(512M) 2.001ms
[2021-06-03T23:01:03.936-0800][gc,cpu      ] GC(249) User=0.01s Sys=0.01s Real=0.00s
[2021-06-03T23:03:21.837-0800][gc,start    ] GC(250) Pause Young (Normal) (G1 Evacuation Pause)
[2021-06-03T23:03:21.838-0800][gc,task     ] GC(250) Using 10 workers of 10 for evacuation
[2021-06-03T23:03:21.840-0800][gc,phases   ] GC(250)   Pre Evacuate Collection Set: 0.2ms
[2021-06-03T23:03:21.840-0800][gc,phases   ] GC(250)   Merge Heap Roots: 0.1ms
[2021-06-03T23:03:21.840-0800][gc,phases   ] GC(250)   Evacuate Collection Set: 1.6ms
[2021-06-03T23:03:21.840-0800][gc,phases   ] GC(250)   Post Evacuate Collection Set: 0.3ms
[2021-06-03T23:03:21.840-0800][gc,phases   ] GC(250)   Other: 0.8ms
[2021-06-03T23:03:21.840-0800][gc,heap     ] GC(250) Eden regions: 255->0(255)
[2021-06-03T23:03:21.840-0800][gc,heap     ] GC(250) Survivor regions: 1->1(32)
[2021-06-03T23:03:21.840-0800][gc,heap     ] GC(250) Old regions: 48->48
[2021-06-03T23:03:21.840-0800][gc,heap     ] GC(250) Archive regions: 2->2
[2021-06-03T23:03:21.840-0800][gc,heap     ] GC(250) Humongous regions: 164->164
[2021-06-03T23:03:21.840-0800][gc,metaspace] GC(250) Metaspace: 69400K(71344K)->69400K(71344K) NonClass: 61578K(62896K)->61578K(62896K) Class: 7822K(8448K)->7822K(8448K)
[2021-06-03T23:03:21.840-0800][gc          ] GC(250) Pause Young (Normal) (G1 Evacuation Pause) 468M->213M(512M) 3.108ms
[2021-06-03T23:03:21.840-0800][gc,cpu      ] GC(250) User=0.01s Sys=0.00s Real=0.01s
[2021-06-03T23:05:41.098-0800][gc,start    ] GC(251) Pause Young (Normal) (G1 Evacuation Pause)
[2021-06-03T23:05:41.098-0800][gc,task     ] GC(251) Using 10 workers of 10 for evacuation
[2021-06-03T23:05:41.102-0800][gc,phases   ] GC(251)   Pre Evacuate Collection Set: 0.2ms
[2021-06-03T23:05:41.102-0800][gc,phases   ] GC(251)   Merge Heap Roots: 0.1ms
[2021-06-03T23:05:41.102-0800][gc,phases   ] GC(251)   Evacuate Collection Set: 2.6ms
[2021-06-03T23:05:41.102-0800][gc,phases   ] GC(251)   Post Evacuate Collection Set: 0.4ms
[2021-06-03T23:05:41.102-0800][gc,phases   ] GC(251)   Other: 1.0ms
[2021-06-03T23:05:41.102-0800][gc,heap     ] GC(251) Eden regions: 255->0(255)
[2021-06-03T23:05:41.102-0800][gc,heap     ] GC(251) Survivor regions: 1->1(32)
[2021-06-03T23:05:41.102-0800][gc,heap     ] GC(251) Old regions: 48->48
[2021-06-03T23:05:41.102-0800][gc,heap     ] GC(251) Archive regions: 2->2
[2021-06-03T23:05:41.102-0800][gc,heap     ] GC(251) Humongous regions: 164->164
[2021-06-03T23:05:41.102-0800][gc,metaspace] GC(251) Metaspace: 69400K(71344K)->69400K(71344K) NonClass: 61578K(62896K)->61578K(62896K) Class: 7822K(8448K)->7822K(8448K)
[2021-06-03T23:05:41.102-0800][gc          ] GC(251) Pause Young (Normal) (G1 Evacuation Pause) 468M->213M(512M) 4.283ms
[2021-06-03T23:05:41.102-0800][gc,cpu      ] GC(251) User=0.01s Sys=0.00s Real=0.01s
[2021-06-03T23:08:01.192-0800][gc,start    ] GC(252) Pause Young (Normal) (G1 Evacuation Pause)
[2021-06-03T23:08:01.193-0800][gc,task     ] GC(252) Using 10 workers of 10 for evacuation
[2021-06-03T23:08:01.198-0800][gc,phases   ] GC(252)   Pre Evacuate Collection Set: 0.2ms
[2021-06-03T23:08:01.198-0800][gc,phases   ] GC(252)   Merge Heap Roots: 0.1ms
[2021-06-03T23:08:01.198-0800][gc,phases   ] GC(252)   Evacuate Collection Set: 3.9ms
[2021-06-03T23:08:01.198-0800][gc,phases   ] GC(252)   Post Evacuate Collection Set: 0.4ms
[2021-06-03T23:08:01.198-0800][gc,phases   ] GC(252)   Other: 0.8ms
[2021-06-03T23:08:01.198-0800][gc,heap     ] GC(252) Eden regions: 255->0(255)
[2021-06-03T23:08:01.198-0800][gc,heap     ] GC(252) Survivor regions: 1->1(32)
[2021-06-03T23:08:01.198-0800][gc,heap     ] GC(252) Old regions: 48->48
[2021-06-03T23:08:01.198-0800][gc,heap     ] GC(252) Archive regions: 2->2
[2021-06-03T23:08:01.198-0800][gc,heap     ] GC(252) Humongous regions: 164->164
[2021-06-03T23:08:01.198-0800][gc,metaspace] GC(252) Metaspace: 69400K(71344K)->69400K(71344K) NonClass: 61578K(62896K)->61578K(62896K) Class: 7822K(8448K)->7822K(8448K)
[2021-06-03T23:08:01.198-0800][gc          ] GC(252) Pause Young (Normal) (G1 Evacuation Pause) 468M->213M(512M) 5.452ms
[2021-06-03T23:08:01.198-0800][gc,cpu      ] GC(252) User=0.01s Sys=0.00s Real=0.00s
[2021-06-03T23:10:21.299-0800][gc,start    ] GC(253) Pause Young (Normal) (G1 Evacuation Pause)
[2021-06-03T23:10:21.300-0800][gc,task     ] GC(253) Using 10 workers of 10 for evacuation
[2021-06-03T23:10:21.302-0800][gc,phases   ] GC(253)   Pre Evacuate Collection Set: 0.2ms
[2021-06-03T23:10:21.302-0800][gc,phases   ] GC(253)   Merge Heap Roots: 0.1ms
[2021-06-03T23:10:21.302-0800][gc,phases   ] GC(253)   Evacuate Collection Set: 1.6ms
[2021-06-03T23:10:21.302-0800][gc,phases   ] GC(253)   Post Evacuate Collection Set: 0.4ms
[2021-06-03T23:10:21.302-0800][gc,phases   ] GC(253)   Other: 0.9ms
[2021-06-03T23:10:21.302-0800][gc,heap     ] GC(253) Eden regions: 255->0(255)
[2021-06-03T23:10:21.302-0800][gc,heap     ] GC(253) Survivor regions: 1->1(32)
[2021-06-03T23:10:21.302-0800][gc,heap     ] GC(253) Old regions: 48->48
[2021-06-03T23:10:21.302-0800][gc,heap     ] GC(253) Archive regions: 2->2
[2021-06-03T23:10:21.302-0800][gc,heap     ] GC(253) Humongous regions: 164->164
[2021-06-03T23:10:21.302-0800][gc,metaspace] GC(253) Metaspace: 69400K(71344K)->69400K(71344K) NonClass: 61578K(62896K)->61578K(62896K) Class: 7822K(8448K)->7822K(8448K)
[2021-06-03T23:10:21.302-0800][gc          ] GC(253) Pause Young (Normal) (G1 Evacuation Pause) 468M->213M(512M) 3.413ms
[2021-06-03T23:10:21.302-0800][gc,cpu      ] GC(253) User=0.00s Sys=0.00s Real=0.01s
[2021-06-03T23:12:39.326-0800][gc,start    ] GC(254) Pause Young (Normal) (G1 Evacuation Pause)
[2021-06-03T23:12:39.327-0800][gc,task     ] GC(254) Using 10 workers of 10 for evacuation
[2021-06-03T23:12:39.328-0800][gc,phases   ] GC(254)   Pre Evacuate Collection Set: 0.1ms
[2021-06-03T23:12:39.328-0800][gc,phases   ] GC(254)   Merge Heap Roots: 0.1ms
[2021-06-03T23:12:39.328-0800][gc,phases   ] GC(254)   Evacuate Collection Set: 0.7ms
[2021-06-03T23:12:39.328-0800][gc,phases   ] GC(254)   Post Evacuate Collection Set: 0.3ms
[2021-06-03T23:12:39.328-0800][gc,phases   ] GC(254)   Other: 0.5ms
[2021-06-03T23:12:39.328-0800][gc,heap     ] GC(254) Eden regions: 255->0(255)
[2021-06-03T23:12:39.328-0800][gc,heap     ] GC(254) Survivor regions: 1->1(32)
[2021-06-03T23:12:39.328-0800][gc,heap     ] GC(254) Old regions: 48->48
[2021-06-03T23:12:39.328-0800][gc,heap     ] GC(254) Archive regions: 2->2
[2021-06-03T23:12:39.328-0800][gc,heap     ] GC(254) Humongous regions: 164->164
[2021-06-03T23:12:39.328-0800][gc,metaspace] GC(254) Metaspace: 69400K(71344K)->69400K(71344K) NonClass: 61578K(62896K)->61578K(62896K) Class: 7822K(8448K)->7822K(8448K)
[2021-06-03T23:12:39.328-0800][gc          ] GC(254) Pause Young (Normal) (G1 Evacuation Pause) 468M->213M(512M) 1.840ms
[2021-06-03T23:12:39.328-0800][gc,cpu      ] GC(254) User=0.00s Sys=0.00s Real=0.00s
[2021-06-03T23:14:53.976-0800][gc,start    ] GC(255) Pause Young (Normal) (G1 Evacuation Pause)
[2021-06-03T23:14:53.976-0800][gc,task     ] GC(255) Using 10 workers of 10 for evacuation
[2021-06-03T23:14:53.979-0800][gc,phases   ] GC(255)   Pre Evacuate Collection Set: 0.2ms
[2021-06-03T23:14:53.979-0800][gc,phases   ] GC(255)   Merge Heap Roots: 0.1ms
[2021-06-03T23:14:53.979-0800][gc,phases   ] GC(255)   Evacuate Collection Set: 2.4ms
[2021-06-03T23:14:53.979-0800][gc,phases   ] GC(255)   Post Evacuate Collection Set: 0.3ms
[2021-06-03T23:14:53.979-0800][gc,phases   ] GC(255)   Other: 0.5ms
[2021-06-03T23:14:53.979-0800][gc,heap     ] GC(255) Eden regions: 255->0(255)
[2021-06-03T23:14:53.979-0800][gc,heap     ] GC(255) Survivor regions: 1->1(32)
[2021-06-03T23:14:53.979-0800][gc,heap     ] GC(255) Old regions: 48->48
[2021-06-03T23:14:53.979-0800][gc,heap     ] GC(255) Archive regions: 2->2
[2021-06-03T23:14:53.979-0800][gc,heap     ] GC(255) Humongous regions: 164->164
[2021-06-03T23:14:53.979-0800][gc,metaspace] GC(255) Metaspace: 69400K(71344K)->69400K(71344K) NonClass: 61578K(62896K)->61578K(62896K) Class: 7822K(8448K)->7822K(8448K)
[2021-06-03T23:14:53.979-0800][gc          ] GC(255) Pause Young (Normal) (G1 Evacuation Pause) 468M->213M(512M) 3.639ms
[2021-06-03T23:14:53.979-0800][gc,cpu      ] GC(255) User=0.01s Sys=0.00s Real=0.00s
[2021-06-03T23:17:12.240-0800][gc,start    ] GC(256) Pause Young (Normal) (G1 Evacuation Pause)
[2021-06-03T23:17:12.241-0800][gc,task     ] GC(256) Using 10 workers of 10 for evacuation
[2021-06-03T23:17:12.243-0800][gc,phases   ] GC(256)   Pre Evacuate Collection Set: 0.2ms
[2021-06-03T23:17:12.243-0800][gc,phases   ] GC(256)   Merge Heap Roots: 0.1ms
[2021-06-03T23:17:12.243-0800][gc,phases   ] GC(256)   Evacuate Collection Set: 0.8ms
[2021-06-03T23:17:12.243-0800][gc,phases   ] GC(256)   Post Evacuate Collection Set: 0.4ms
[2021-06-03T23:17:12.243-0800][gc,phases   ] GC(256)   Other: 0.8ms
[2021-06-03T23:17:12.243-0800][gc,heap     ] GC(256) Eden regions: 255->0(255)
[2021-06-03T23:17:12.243-0800][gc,heap     ] GC(256) Survivor regions: 1->1(32)
[2021-06-03T23:17:12.243-0800][gc,heap     ] GC(256) Old regions: 48->48
[2021-06-03T23:17:12.243-0800][gc,heap     ] GC(256) Archive regions: 2->2
[2021-06-03T23:17:12.243-0800][gc,heap     ] GC(256) Humongous regions: 164->164
[2021-06-03T23:17:12.243-0800][gc,metaspace] GC(256) Metaspace: 69400K(71344K)->69400K(71344K) NonClass: 61578K(62896K)->61578K(62896K) Class: 7822K(8448K)->7822K(8448K)
[2021-06-03T23:17:12.243-0800][gc          ] GC(256) Pause Young (Normal) (G1 Evacuation Pause) 468M->213M(512M) 2.351ms
[2021-06-03T23:17:12.243-0800][gc,cpu      ] GC(256) User=0.00s Sys=0.00s Real=0.00s
[2021-06-04T08:09:23.116-0800][gc,start    ] GC(257) Pause Young (Normal) (G1 Evacuation Pause)
[2021-06-04T08:09:23.119-0800][gc,task     ] GC(257) Using 10 workers of 10 for evacuation
[2021-06-04T08:09:23.155-0800][gc,phases   ] GC(257)   Pre Evacuate Collection Set: 7.9ms
[2021-06-04T08:09:23.155-0800][gc,phases   ] GC(257)   Merge Heap Roots: 1.0ms
[2021-06-04T08:09:23.155-0800][gc,phases   ] GC(257)   Evacuate Collection Set: 18.3ms
[2021-06-04T08:09:23.155-0800][gc,phases   ] GC(257)   Post Evacuate Collection Set: 3.8ms
[2021-06-04T08:09:23.155-0800][gc,phases   ] GC(257)   Other: 13.6ms
[2021-06-04T08:09:23.155-0800][gc,heap     ] GC(257) Eden regions: 255->0(255)
[2021-06-04T08:09:23.155-0800][gc,heap     ] GC(257) Survivor regions: 1->1(32)
[2021-06-04T08:09:23.155-0800][gc,heap     ] GC(257) Old regions: 48->48
[2021-06-04T08:09:23.155-0800][gc,heap     ] GC(257) Archive regions: 2->2
[2021-06-04T08:09:23.155-0800][gc,heap     ] GC(257) Humongous regions: 164->164
[2021-06-04T08:09:23.156-0800][gc,metaspace] GC(257) Metaspace: 69406K(71344K)->69406K(71344K) NonClass: 61584K(62896K)->61584K(62896K) Class: 7822K(8448K)->7822K(8448K)
[2021-06-04T08:09:23.156-0800][gc          ] GC(257) Pause Young (Normal) (G1 Evacuation Pause) 468M->213M(512M) 41.121ms
[2021-06-04T08:09:23.156-0800][gc,cpu      ] GC(257) User=0.02s Sys=0.11s Real=0.04s
[2021-06-04T15:55:43.580-0800][gc,start    ] GC(258) Pause Young (Normal) (G1 Evacuation Pause)
[2021-06-04T15:55:43.580-0800][gc,task     ] GC(258) Using 10 workers of 10 for evacuation
[2021-06-04T15:55:43.586-0800][gc,phases   ] GC(258)   Pre Evacuate Collection Set: 0.4ms
[2021-06-04T15:55:43.586-0800][gc,phases   ] GC(258)   Merge Heap Roots: 0.2ms
[2021-06-04T15:55:43.586-0800][gc,phases   ] GC(258)   Evacuate Collection Set: 3.9ms
[2021-06-04T15:55:43.586-0800][gc,phases   ] GC(258)   Post Evacuate Collection Set: 1.1ms
[2021-06-04T15:55:43.587-0800][gc,phases   ] GC(258)   Other: 1.4ms
[2021-06-04T15:55:43.587-0800][gc,heap     ] GC(258) Eden regions: 255->0(255)
[2021-06-04T15:55:43.587-0800][gc,heap     ] GC(258) Survivor regions: 1->1(32)
[2021-06-04T15:55:43.587-0800][gc,heap     ] GC(258) Old regions: 48->48
[2021-06-04T15:55:43.587-0800][gc,heap     ] GC(258) Archive regions: 2->2
[2021-06-04T15:55:43.587-0800][gc,heap     ] GC(258) Humongous regions: 164->164
[2021-06-04T15:55:43.587-0800][gc,metaspace] GC(258) Metaspace: 69439K(71344K)->69439K(71344K) NonClass: 61615K(62896K)->61615K(62896K) Class: 7824K(8448K)->7824K(8448K)
[2021-06-04T15:55:43.587-0800][gc          ] GC(258) Pause Young (Normal) (G1 Evacuation Pause) 468M->213M(512M) 7.155ms
[2021-06-04T15:55:43.587-0800][gc,cpu      ] GC(258) User=0.02s Sys=0.01s Real=0.00s
[2021-06-04T18:56:45.529-0800][gc,start    ] GC(259) Pause Young (Normal) (G1 Evacuation Pause)
[2021-06-04T18:56:45.530-0800][gc,task     ] GC(259) Using 10 workers of 10 for evacuation
[2021-06-04T18:56:45.541-0800][gc,phases   ] GC(259)   Pre Evacuate Collection Set: 1.3ms
[2021-06-04T18:56:45.541-0800][gc,phases   ] GC(259)   Merge Heap Roots: 0.2ms
[2021-06-04T18:56:45.541-0800][gc,phases   ] GC(259)   Evacuate Collection Set: 8.2ms
[2021-06-04T18:56:45.541-0800][gc,phases   ] GC(259)   Post Evacuate Collection Set: 1.8ms
[2021-06-04T18:56:45.542-0800][gc,phases   ] GC(259)   Other: 1.1ms
[2021-06-04T18:56:45.542-0800][gc,heap     ] GC(259) Eden regions: 255->0(255)
[2021-06-04T18:56:45.542-0800][gc,heap     ] GC(259) Survivor regions: 1->1(32)
[2021-06-04T18:56:45.542-0800][gc,heap     ] GC(259) Old regions: 48->48
[2021-06-04T18:56:45.542-0800][gc,heap     ] GC(259) Archive regions: 2->2
[2021-06-04T18:56:45.542-0800][gc,heap     ] GC(259) Humongous regions: 164->164
[2021-06-04T18:56:45.542-0800][gc,metaspace] GC(259) Metaspace: 69493K(71344K)->69493K(71344K) NonClass: 61669K(62896K)->61669K(62896K) Class: 7824K(8448K)->7824K(8448K)
[2021-06-04T18:56:45.542-0800][gc          ] GC(259) Pause Young (Normal) (G1 Evacuation Pause) 468M->213M(512M) 13.229ms
[2021-06-04T18:56:45.542-0800][gc,cpu      ] GC(259) User=0.01s Sys=0.06s Real=0.02s
[2021-06-05T11:12:03.541-0800][gc,start    ] GC(260) Pause Young (Normal) (G1 Evacuation Pause)
[2021-06-05T11:12:03.545-0800][gc,task     ] GC(260) Using 10 workers of 10 for evacuation
[2021-06-05T11:12:03.614-0800][gc,phases   ] GC(260)   Pre Evacuate Collection Set: 8.6ms
[2021-06-05T11:12:03.614-0800][gc,phases   ] GC(260)   Merge Heap Roots: 2.6ms
[2021-06-05T11:12:03.614-0800][gc,phases   ] GC(260)   Evacuate Collection Set: 41.7ms
[2021-06-05T11:12:03.614-0800][gc,phases   ] GC(260)   Post Evacuate Collection Set: 11.3ms
[2021-06-05T11:12:03.614-0800][gc,phases   ] GC(260)   Other: 12.6ms
[2021-06-05T11:12:03.614-0800][gc,heap     ] GC(260) Eden regions: 255->0(255)
[2021-06-05T11:12:03.615-0800][gc,heap     ] GC(260) Survivor regions: 1->1(32)
[2021-06-05T11:12:03.615-0800][gc,heap     ] GC(260) Old regions: 48->48
[2021-06-05T11:12:03.615-0800][gc,heap     ] GC(260) Archive regions: 2->2
[2021-06-05T11:12:03.615-0800][gc,heap     ] GC(260) Humongous regions: 164->164
[2021-06-05T11:12:03.615-0800][gc,metaspace] GC(260) Metaspace: 69496K(71344K)->69496K(71344K) NonClass: 61672K(62896K)->61672K(62896K) Class: 7824K(8448K)->7824K(8448K)
[2021-06-05T11:12:03.615-0800][gc          ] GC(260) Pause Young (Normal) (G1 Evacuation Pause) 468M->213M(512M) 75.457ms
[2021-06-05T11:12:03.616-0800][gc,cpu      ] GC(260) User=0.05s Sys=0.28s Real=0.07s
[2021-06-05T18:12:43.252-0800][gc,start    ] GC(261) Pause Young (Normal) (G1 Evacuation Pause)
[2021-06-05T18:12:43.254-0800][gc,task     ] GC(261) Using 10 workers of 10 for evacuation
[2021-06-05T18:12:43.270-0800][gc,phases   ] GC(261)   Pre Evacuate Collection Set: 2.7ms
[2021-06-05T18:12:43.270-0800][gc,phases   ] GC(261)   Merge Heap Roots: 0.9ms
[2021-06-05T18:12:43.270-0800][gc,phases   ] GC(261)   Evacuate Collection Set: 10.3ms
[2021-06-05T18:12:43.270-0800][gc,phases   ] GC(261)   Post Evacuate Collection Set: 2.2ms
[2021-06-05T18:12:43.270-0800][gc,phases   ] GC(261)   Other: 1.8ms
[2021-06-05T18:12:43.270-0800][gc,heap     ] GC(261) Eden regions: 255->0(255)
[2021-06-05T18:12:43.270-0800][gc,heap     ] GC(261) Survivor regions: 1->1(32)
[2021-06-05T18:12:43.270-0800][gc,heap     ] GC(261) Old regions: 48->48
[2021-06-05T18:12:43.270-0800][gc,heap     ] GC(261) Archive regions: 2->2
[2021-06-05T18:12:43.270-0800][gc,heap     ] GC(261) Humongous regions: 164->164
[2021-06-05T18:12:43.270-0800][gc,metaspace] GC(261) Metaspace: 69513K(71344K)->69513K(71344K) NonClass: 61689K(62896K)->61689K(62896K) Class: 7824K(8448K)->7824K(8448K)
[2021-06-05T18:12:43.270-0800][gc          ] GC(261) Pause Young (Normal) (G1 Evacuation Pause) 468M->213M(512M) 17.870ms
[2021-06-05T18:12:43.270-0800][gc,cpu      ] GC(261) User=0.01s Sys=0.07s Real=0.02s
[2021-06-05T20:33:14.973-0800][gc,start    ] GC(262) Pause Young (Normal) (G1 Evacuation Pause)
[2021-06-05T20:33:14.975-0800][gc,task     ] GC(262) Using 10 workers of 10 for evacuation
[2021-06-05T20:33:15.037-0800][gc,phases   ] GC(262)   Pre Evacuate Collection Set: 7.8ms
[2021-06-05T20:33:15.037-0800][gc,phases   ] GC(262)   Merge Heap Roots: 2.3ms
[2021-06-05T20:33:15.037-0800][gc,phases   ] GC(262)   Evacuate Collection Set: 39.7ms
[2021-06-05T20:33:15.037-0800][gc,phases   ] GC(262)   Post Evacuate Collection Set: 9.7ms
[2021-06-05T20:33:15.038-0800][gc,phases   ] GC(262)   Other: 5.1ms
[2021-06-05T20:33:15.038-0800][gc,heap     ] GC(262) Eden regions: 255->0(255)
[2021-06-05T20:33:15.038-0800][gc,heap     ] GC(262) Survivor regions: 1->1(32)
[2021-06-05T20:33:15.038-0800][gc,heap     ] GC(262) Old regions: 48->48
[2021-06-05T20:33:15.038-0800][gc,heap     ] GC(262) Archive regions: 2->2
[2021-06-05T20:33:15.038-0800][gc,heap     ] GC(262) Humongous regions: 164->164
[2021-06-05T20:33:15.038-0800][gc,metaspace] GC(262) Metaspace: 69555K(71344K)->69555K(71344K) NonClass: 61731K(62896K)->61731K(62896K) Class: 7824K(8448K)->7824K(8448K)
[2021-06-05T20:33:15.038-0800][gc          ] GC(262) Pause Young (Normal) (G1 Evacuation Pause) 468M->213M(512M) 65.022ms
[2021-06-05T20:33:15.038-0800][gc,cpu      ] GC(262) User=0.05s Sys=0.26s Real=0.06s
[2021-06-06T12:06:25.034-0800][gc,start    ] GC(263) Pause Young (Normal) (G1 Evacuation Pause)
[2021-06-06T12:06:25.037-0800][gc,task     ] GC(263) Using 10 workers of 10 for evacuation
[2021-06-06T12:06:25.060-0800][gc,phases   ] GC(263)   Pre Evacuate Collection Set: 4.3ms
[2021-06-06T12:06:25.060-0800][gc,phases   ] GC(263)   Merge Heap Roots: 1.3ms
[2021-06-06T12:06:25.060-0800][gc,phases   ] GC(263)   Evacuate Collection Set: 10.0ms
[2021-06-06T12:06:25.060-0800][gc,phases   ] GC(263)   Post Evacuate Collection Set: 2.4ms
[2021-06-06T12:06:25.060-0800][gc,phases   ] GC(263)   Other: 11.0ms
[2021-06-06T12:06:25.060-0800][gc,heap     ] GC(263) Eden regions: 255->0(255)
[2021-06-06T12:06:25.060-0800][gc,heap     ] GC(263) Survivor regions: 1->1(32)
[2021-06-06T12:06:25.060-0800][gc,heap     ] GC(263) Old regions: 48->48
[2021-06-06T12:06:25.060-0800][gc,heap     ] GC(263) Archive regions: 2->2
[2021-06-06T12:06:25.060-0800][gc,heap     ] GC(263) Humongous regions: 164->164
[2021-06-06T12:06:25.060-0800][gc,metaspace] GC(263) Metaspace: 69570K(71600K)->69570K(71600K) NonClass: 61746K(63152K)->61746K(63152K) Class: 7824K(8448K)->7824K(8448K)
[2021-06-06T12:06:25.061-0800][gc          ] GC(263) Pause Young (Normal) (G1 Evacuation Pause) 468M->213M(512M) 26.460ms
[2021-06-06T12:06:25.061-0800][gc,cpu      ] GC(263) User=0.02s Sys=0.08s Real=0.03s
[2021-06-06T17:39:03.473-0800][gc,start    ] GC(264) Pause Young (Normal) (G1 Evacuation Pause)
[2021-06-06T17:39:03.474-0800][gc,task     ] GC(264) Using 10 workers of 10 for evacuation
[2021-06-06T17:39:03.491-0800][gc,phases   ] GC(264)   Pre Evacuate Collection Set: 2.5ms
[2021-06-06T17:39:03.491-0800][gc,phases   ] GC(264)   Merge Heap Roots: 0.8ms
[2021-06-06T17:39:03.491-0800][gc,phases   ] GC(264)   Evacuate Collection Set: 9.8ms
[2021-06-06T17:39:03.491-0800][gc,phases   ] GC(264)   Post Evacuate Collection Set: 2.9ms
[2021-06-06T17:39:03.491-0800][gc,phases   ] GC(264)   Other: 3.4ms
[2021-06-06T17:39:03.491-0800][gc,heap     ] GC(264) Eden regions: 255->0(255)
[2021-06-06T17:39:03.491-0800][gc,heap     ] GC(264) Survivor regions: 1->1(32)
[2021-06-06T17:39:03.491-0800][gc,heap     ] GC(264) Old regions: 48->48
[2021-06-06T17:39:03.491-0800][gc,heap     ] GC(264) Archive regions: 2->2
[2021-06-06T17:39:03.491-0800][gc,heap     ] GC(264) Humongous regions: 164->164
[2021-06-06T17:39:03.491-0800][gc,metaspace] GC(264) Metaspace: 69578K(71600K)->69578K(71600K) NonClass: 61754K(63152K)->61754K(63152K) Class: 7824K(8448K)->7824K(8448K)
[2021-06-06T17:39:03.492-0800][gc          ] GC(264) Pause Young (Normal) (G1 Evacuation Pause) 468M->213M(512M) 19.941ms
[2021-06-06T17:39:03.492-0800][gc,cpu      ] GC(264) User=0.02s Sys=0.08s Real=0.02s
[2021-06-06T21:14:52.296-0800][gc,start    ] GC(265) Pause Young (Normal) (G1 Evacuation Pause)
[2021-06-06T21:14:52.297-0800][gc,task     ] GC(265) Using 10 workers of 10 for evacuation
[2021-06-06T21:14:52.300-0800][gc,phases   ] GC(265)   Pre Evacuate Collection Set: 0.3ms
[2021-06-06T21:14:52.300-0800][gc,phases   ] GC(265)   Merge Heap Roots: 0.2ms
[2021-06-06T21:14:52.301-0800][gc,phases   ] GC(265)   Evacuate Collection Set: 1.4ms
[2021-06-06T21:14:52.301-0800][gc,phases   ] GC(265)   Post Evacuate Collection Set: 0.8ms
[2021-06-06T21:14:52.301-0800][gc,phases   ] GC(265)   Other: 2.0ms
[2021-06-06T21:14:52.301-0800][gc,heap     ] GC(265) Eden regions: 255->0(255)
[2021-06-06T21:14:52.301-0800][gc,heap     ] GC(265) Survivor regions: 1->1(32)
[2021-06-06T21:14:52.301-0800][gc,heap     ] GC(265) Old regions: 48->48
[2021-06-06T21:14:52.301-0800][gc,heap     ] GC(265) Archive regions: 2->2
[2021-06-06T21:14:52.301-0800][gc,heap     ] GC(265) Humongous regions: 164->164
[2021-06-06T21:14:52.301-0800][gc,metaspace] GC(265) Metaspace: 69589K(71600K)->69589K(71600K) NonClass: 61765K(63152K)->61765K(63152K) Class: 7824K(8448K)->7824K(8448K)
[2021-06-06T21:14:52.301-0800][gc          ] GC(265) Pause Young (Normal) (G1 Evacuation Pause) 468M->213M(512M) 4.989ms
[2021-06-06T21:14:52.301-0800][gc,cpu      ] GC(265) User=0.02s Sys=0.01s Real=0.01s
[2021-06-07T09:19:30.775-0800][gc,start    ] GC(266) Pause Young (Normal) (G1 Evacuation Pause)
[2021-06-07T09:19:30.777-0800][gc,task     ] GC(266) Using 10 workers of 10 for evacuation
[2021-06-07T09:19:30.799-0800][gc,phases   ] GC(266)   Pre Evacuate Collection Set: 3.1ms
[2021-06-07T09:19:30.799-0800][gc,phases   ] GC(266)   Merge Heap Roots: 0.8ms
[2021-06-07T09:19:30.799-0800][gc,phases   ] GC(266)   Evacuate Collection Set: 9.7ms
[2021-06-07T09:19:30.799-0800][gc,phases   ] GC(266)   Post Evacuate Collection Set: 3.1ms
[2021-06-07T09:19:30.799-0800][gc,phases   ] GC(266)   Other: 8.6ms
[2021-06-07T09:19:30.799-0800][gc,heap     ] GC(266) Eden regions: 255->0(255)
[2021-06-07T09:19:30.799-0800][gc,heap     ] GC(266) Survivor regions: 1->1(32)
[2021-06-07T09:19:30.799-0800][gc,heap     ] GC(266) Old regions: 48->48
[2021-06-07T09:19:30.799-0800][gc,heap     ] GC(266) Archive regions: 2->2
[2021-06-07T09:19:30.799-0800][gc,heap     ] GC(266) Humongous regions: 164->164
[2021-06-07T09:19:30.800-0800][gc,metaspace] GC(266) Metaspace: 69590K(71600K)->69590K(71600K) NonClass: 61766K(63152K)->61766K(63152K) Class: 7824K(8448K)->7824K(8448K)
[2021-06-07T09:19:30.800-0800][gc          ] GC(266) Pause Young (Normal) (G1 Evacuation Pause) 468M->213M(512M) 25.172ms
[2021-06-07T09:19:30.800-0800][gc,cpu      ] GC(266) User=0.02s Sys=0.07s Real=0.03s
[2021-06-07T16:44:34.940-0800][gc,start    ] GC(267) Pause Young (Normal) (G1 Evacuation Pause)
[2021-06-07T16:44:34.941-0800][gc,task     ] GC(267) Using 10 workers of 10 for evacuation
[2021-06-07T16:44:34.945-0800][gc,phases   ] GC(267)   Pre Evacuate Collection Set: 0.3ms
[2021-06-07T16:44:34.945-0800][gc,phases   ] GC(267)   Merge Heap Roots: 0.2ms
[2021-06-07T16:44:34.945-0800][gc,phases   ] GC(267)   Evacuate Collection Set: 2.9ms
[2021-06-07T16:44:34.945-0800][gc,phases   ] GC(267)   Post Evacuate Collection Set: 0.7ms
[2021-06-07T16:44:34.945-0800][gc,phases   ] GC(267)   Other: 1.4ms
[2021-06-07T16:44:34.945-0800][gc,heap     ] GC(267) Eden regions: 255->0(255)
[2021-06-07T16:44:34.945-0800][gc,heap     ] GC(267) Survivor regions: 1->1(32)
[2021-06-07T16:44:34.945-0800][gc,heap     ] GC(267) Old regions: 48->48
[2021-06-07T16:44:34.945-0800][gc,heap     ] GC(267) Archive regions: 2->2
[2021-06-07T16:44:34.945-0800][gc,heap     ] GC(267) Humongous regions: 164->164
[2021-06-07T16:44:34.945-0800][gc,metaspace] GC(267) Metaspace: 69593K(71600K)->69593K(71600K) NonClass: 61769K(63152K)->61769K(63152K) Class: 7824K(8448K)->7824K(8448K)
[2021-06-07T16:44:34.946-0800][gc          ] GC(267) Pause Young (Normal) (G1 Evacuation Pause) 468M->213M(512M) 6.437ms
[2021-06-07T16:44:34.946-0800][gc,cpu      ] GC(267) User=0.01s Sys=0.00s Real=0.00s
[2021-06-08T00:04:54.783-0800][gc,start    ] GC(268) Pause Young (Normal) (G1 Evacuation Pause)
[2021-06-08T00:04:54.783-0800][gc,task     ] GC(268) Using 10 workers of 10 for evacuation
[2021-06-08T00:04:54.786-0800][gc,phases   ] GC(268)   Pre Evacuate Collection Set: 0.2ms
[2021-06-08T00:04:54.786-0800][gc,phases   ] GC(268)   Merge Heap Roots: 0.1ms
[2021-06-08T00:04:54.786-0800][gc,phases   ] GC(268)   Evacuate Collection Set: 1.5ms
[2021-06-08T00:04:54.786-0800][gc,phases   ] GC(268)   Post Evacuate Collection Set: 0.6ms
[2021-06-08T00:04:54.786-0800][gc,phases   ] GC(268)   Other: 0.7ms
[2021-06-08T00:04:54.786-0800][gc,heap     ] GC(268) Eden regions: 255->0(255)
[2021-06-08T00:04:54.786-0800][gc,heap     ] GC(268) Survivor regions: 1->1(32)
[2021-06-08T00:04:54.786-0800][gc,heap     ] GC(268) Old regions: 48->48
[2021-06-08T00:04:54.786-0800][gc,heap     ] GC(268) Archive regions: 2->2
[2021-06-08T00:04:54.786-0800][gc,heap     ] GC(268) Humongous regions: 164->164
[2021-06-08T00:04:54.786-0800][gc,metaspace] GC(268) Metaspace: 69632K(71600K)->69632K(71600K) NonClass: 61808K(63152K)->61808K(63152K) Class: 7824K(8448K)->7824K(8448K)
[2021-06-08T00:04:54.786-0800][gc          ] GC(268) Pause Young (Normal) (G1 Evacuation Pause) 468M->213M(512M) 3.246ms
[2021-06-08T00:04:54.786-0800][gc,cpu      ] GC(268) User=0.01s Sys=0.00s Real=0.00s
[2021-06-08T15:10:36.744-0800][gc,start    ] GC(269) Pause Young (Normal) (G1 Evacuation Pause)
[2021-06-08T15:10:36.746-0800][gc,task     ] GC(269) Using 10 workers of 10 for evacuation
[2021-06-08T15:10:36.749-0800][gc,phases   ] GC(269)   Pre Evacuate Collection Set: 0.3ms
[2021-06-08T15:10:36.749-0800][gc,phases   ] GC(269)   Merge Heap Roots: 0.3ms
[2021-06-08T15:10:36.749-0800][gc,phases   ] GC(269)   Evacuate Collection Set: 1.2ms
[2021-06-08T15:10:36.749-0800][gc,phases   ] GC(269)   Post Evacuate Collection Set: 0.8ms
[2021-06-08T15:10:36.749-0800][gc,phases   ] GC(269)   Other: 2.2ms
[2021-06-08T15:10:36.749-0800][gc,heap     ] GC(269) Eden regions: 255->0(255)
[2021-06-08T15:10:36.749-0800][gc,heap     ] GC(269) Survivor regions: 1->1(32)
[2021-06-08T15:10:36.749-0800][gc,heap     ] GC(269) Old regions: 48->48
[2021-06-08T15:10:36.749-0800][gc,heap     ] GC(269) Archive regions: 2->2
[2021-06-08T15:10:36.749-0800][gc,heap     ] GC(269) Humongous regions: 164->164
[2021-06-08T15:10:36.749-0800][gc,metaspace] GC(269) Metaspace: 69639K(71600K)->69639K(71600K) NonClass: 61815K(63152K)->61815K(63152K) Class: 7824K(8448K)->7824K(8448K)
[2021-06-08T15:10:36.749-0800][gc          ] GC(269) Pause Young (Normal) (G1 Evacuation Pause) 468M->213M(512M) 4.897ms
[2021-06-08T15:10:36.749-0800][gc,cpu      ] GC(269) User=0.01s Sys=0.01s Real=0.00s
[2021-06-09T14:43:38.555-0800][gc,start    ] GC(270) Pause Young (Normal) (G1 Evacuation Pause)
[2021-06-09T14:43:38.557-0800][gc,task     ] GC(270) Using 10 workers of 10 for evacuation
[2021-06-09T14:43:38.595-0800][gc,phases   ] GC(270)   Pre Evacuate Collection Set: 12.3ms
[2021-06-09T14:43:38.595-0800][gc,phases   ] GC(270)   Merge Heap Roots: 1.6ms
[2021-06-09T14:43:38.595-0800][gc,phases   ] GC(270)   Evacuate Collection Set: 12.3ms
[2021-06-09T14:43:38.595-0800][gc,phases   ] GC(270)   Post Evacuate Collection Set: 5.7ms
[2021-06-09T14:43:38.595-0800][gc,phases   ] GC(270)   Other: 12.2ms
[2021-06-09T14:43:38.596-0800][gc,heap     ] GC(270) Eden regions: 255->0(255)
[2021-06-09T14:43:38.596-0800][gc,heap     ] GC(270) Survivor regions: 1->1(32)
[2021-06-09T14:43:38.596-0800][gc,heap     ] GC(270) Old regions: 48->48
[2021-06-09T14:43:38.596-0800][gc,heap     ] GC(270) Archive regions: 2->2
[2021-06-09T14:43:38.596-0800][gc,heap     ] GC(270) Humongous regions: 164->164
[2021-06-09T14:43:38.596-0800][gc,metaspace] GC(270) Metaspace: 69647K(71600K)->69647K(71600K) NonClass: 61823K(63152K)->61823K(63152K) Class: 7824K(8448K)->7824K(8448K)
[2021-06-09T14:43:38.596-0800][gc          ] GC(270) Pause Young (Normal) (G1 Evacuation Pause) 468M->213M(512M) 42.156ms
[2021-06-09T14:43:38.596-0800][gc,cpu      ] GC(270) User=0.01s Sys=0.07s Real=0.04s
[2021-06-09T18:56:27.519-0800][gc,start    ] GC(271) Pause Young (Normal) (G1 Evacuation Pause)
[2021-06-09T18:56:27.521-0800][gc,task     ] GC(271) Using 10 workers of 10 for evacuation
[2021-06-09T18:56:27.538-0800][gc,phases   ] GC(271)   Pre Evacuate Collection Set: 2.8ms
[2021-06-09T18:56:27.538-0800][gc,phases   ] GC(271)   Merge Heap Roots: 0.9ms
[2021-06-09T18:56:27.538-0800][gc,phases   ] GC(271)   Evacuate Collection Set: 10.7ms
[2021-06-09T18:56:27.538-0800][gc,phases   ] GC(271)   Post Evacuate Collection Set: 2.5ms
[2021-06-09T18:56:27.538-0800][gc,phases   ] GC(271)   Other: 3.8ms
[2021-06-09T18:56:27.538-0800][gc,heap     ] GC(271) Eden regions: 255->0(255)
[2021-06-09T18:56:27.538-0800][gc,heap     ] GC(271) Survivor regions: 1->1(32)
[2021-06-09T18:56:27.538-0800][gc,heap     ] GC(271) Old regions: 48->48
[2021-06-09T18:56:27.538-0800][gc,heap     ] GC(271) Archive regions: 2->2
[2021-06-09T18:56:27.538-0800][gc,heap     ] GC(271) Humongous regions: 164->164
[2021-06-09T18:56:27.538-0800][gc,metaspace] GC(271) Metaspace: 69647K(71600K)->69647K(71600K) NonClass: 61823K(63152K)->61823K(63152K) Class: 7824K(8448K)->7824K(8448K)
[2021-06-09T18:56:27.538-0800][gc          ] GC(271) Pause Young (Normal) (G1 Evacuation Pause) 468M->213M(512M) 19.319ms
[2021-06-09T18:56:27.538-0800][gc,cpu      ] GC(271) User=0.02s Sys=0.07s Real=0.02s
[2021-06-10T10:47:53.281-0800][gc,start    ] GC(272) Pause Young (Normal) (G1 Evacuation Pause)
[2021-06-10T10:47:53.284-0800][gc,task     ] GC(272) Using 10 workers of 10 for evacuation
[2021-06-10T10:47:53.316-0800][gc,phases   ] GC(272)   Pre Evacuate Collection Set: 3.4ms
[2021-06-10T10:47:53.316-0800][gc,phases   ] GC(272)   Merge Heap Roots: 1.5ms
[2021-06-10T10:47:53.316-0800][gc,phases   ] GC(272)   Evacuate Collection Set: 17.3ms
[2021-06-10T10:47:53.316-0800][gc,phases   ] GC(272)   Post Evacuate Collection Set: 5.0ms
[2021-06-10T10:47:53.316-0800][gc,phases   ] GC(272)   Other: 11.4ms
[2021-06-10T10:47:53.316-0800][gc,heap     ] GC(272) Eden regions: 255->0(255)
[2021-06-10T10:47:53.316-0800][gc,heap     ] GC(272) Survivor regions: 1->1(32)
[2021-06-10T10:47:53.316-0800][gc,heap     ] GC(272) Old regions: 48->49
[2021-06-10T10:47:53.316-0800][gc,heap     ] GC(272) Archive regions: 2->2
[2021-06-10T10:47:53.316-0800][gc,heap     ] GC(272) Humongous regions: 164->164
[2021-06-10T10:47:53.317-0800][gc,metaspace] GC(272) Metaspace: 69652K(71600K)->69652K(71600K) NonClass: 61828K(63152K)->61828K(63152K) Class: 7824K(8448K)->7824K(8448K)
[2021-06-10T10:47:53.317-0800][gc          ] GC(272) Pause Young (Normal) (G1 Evacuation Pause) 468M->213M(512M) 37.200ms
[2021-06-10T10:47:53.317-0800][gc,cpu      ] GC(272) User=0.01s Sys=0.08s Real=0.03s
[2021-06-10T10:50:13.341-0800][gc,start    ] GC(273) Pause Young (Normal) (G1 Evacuation Pause)
[2021-06-10T10:50:13.341-0800][gc,task     ] GC(273) Using 10 workers of 10 for evacuation
[2021-06-10T10:50:13.366-0800][gc,phases   ] GC(273)   Pre Evacuate Collection Set: 1.5ms
[2021-06-10T10:50:13.366-0800][gc,phases   ] GC(273)   Merge Heap Roots: 0.6ms
[2021-06-10T10:50:13.366-0800][gc,phases   ] GC(273)   Evacuate Collection Set: 17.6ms
[2021-06-10T10:50:13.366-0800][gc,phases   ] GC(273)   Post Evacuate Collection Set: 4.4ms
[2021-06-10T10:50:13.366-0800][gc,phases   ] GC(273)   Other: 1.0ms
[2021-06-10T10:50:13.366-0800][gc,heap     ] GC(273) Eden regions: 255->0(254)
[2021-06-10T10:50:13.366-0800][gc,heap     ] GC(273) Survivor regions: 1->2(32)
[2021-06-10T10:50:13.366-0800][gc,heap     ] GC(273) Old regions: 49->49
[2021-06-10T10:50:13.366-0800][gc,heap     ] GC(273) Archive regions: 2->2
[2021-06-10T10:50:13.366-0800][gc,heap     ] GC(273) Humongous regions: 164->164
[2021-06-10T10:50:13.366-0800][gc,metaspace] GC(273) Metaspace: 69654K(71600K)->69654K(71600K) NonClass: 61830K(63152K)->61830K(63152K) Class: 7824K(8448K)->7824K(8448K)
[2021-06-10T10:50:13.366-0800][gc          ] GC(273) Pause Young (Normal) (G1 Evacuation Pause) 468M->213M(512M) 25.673ms
[2021-06-10T10:50:13.367-0800][gc,cpu      ] GC(273) User=0.02s Sys=0.08s Real=0.02s
[2021-06-10T15:00:12.900-0800][gc,start    ] GC(274) Pause Young (Normal) (G1 Evacuation Pause)
[2021-06-10T15:00:12.900-0800][gc,task     ] GC(274) Using 10 workers of 10 for evacuation
[2021-06-10T15:00:12.915-0800][gc,phases   ] GC(274)   Pre Evacuate Collection Set: 1.8ms
[2021-06-10T15:00:12.916-0800][gc,phases   ] GC(274)   Merge Heap Roots: 0.7ms
[2021-06-10T15:00:12.916-0800][gc,phases   ] GC(274)   Evacuate Collection Set: 9.1ms
[2021-06-10T15:00:12.916-0800][gc,phases   ] GC(274)   Post Evacuate Collection Set: 3.2ms
[2021-06-10T15:00:12.916-0800][gc,phases   ] GC(274)   Other: 1.3ms
[2021-06-10T15:00:12.916-0800][gc,heap     ] GC(274) Eden regions: 254->0(254)
[2021-06-10T15:00:12.916-0800][gc,heap     ] GC(274) Survivor regions: 2->2(32)
[2021-06-10T15:00:12.916-0800][gc,heap     ] GC(274) Old regions: 49->49
[2021-06-10T15:00:12.916-0800][gc,heap     ] GC(274) Archive regions: 2->2
[2021-06-10T15:00:12.916-0800][gc,heap     ] GC(274) Humongous regions: 164->164
[2021-06-10T15:00:12.916-0800][gc,metaspace] GC(274) Metaspace: 69656K(71600K)->69656K(71600K) NonClass: 61832K(63152K)->61832K(63152K) Class: 7824K(8448K)->7824K(8448K)
[2021-06-10T15:00:12.916-0800][gc          ] GC(274) Pause Young (Normal) (G1 Evacuation Pause) 467M->214M(512M) 16.184ms
[2021-06-10T15:00:12.916-0800][gc,cpu      ] GC(274) User=0.01s Sys=0.06s Real=0.01s
[2021-06-10T15:02:32.166-0800][gc,start    ] GC(275) Pause Young (Normal) (G1 Evacuation Pause)
[2021-06-10T15:02:32.167-0800][gc,task     ] GC(275) Using 10 workers of 10 for evacuation
[2021-06-10T15:02:32.174-0800][gc,phases   ] GC(275)   Pre Evacuate Collection Set: 0.1ms
[2021-06-10T15:02:32.174-0800][gc,phases   ] GC(275)   Merge Heap Roots: 0.1ms
[2021-06-10T15:02:32.174-0800][gc,phases   ] GC(275)   Evacuate Collection Set: 4.5ms
[2021-06-10T15:02:32.174-0800][gc,phases   ] GC(275)   Post Evacuate Collection Set: 1.4ms
[2021-06-10T15:02:32.174-0800][gc,phases   ] GC(275)   Other: 1.6ms
[2021-06-10T15:02:32.174-0800][gc,heap     ] GC(275) Eden regions: 254->0(254)
[2021-06-10T15:02:32.174-0800][gc,heap     ] GC(275) Survivor regions: 2->2(32)
[2021-06-10T15:02:32.174-0800][gc,heap     ] GC(275) Old regions: 49->49
[2021-06-10T15:02:32.174-0800][gc,heap     ] GC(275) Archive regions: 2->2
[2021-06-10T15:02:32.174-0800][gc,heap     ] GC(275) Humongous regions: 164->164
[2021-06-10T15:02:32.174-0800][gc,metaspace] GC(275) Metaspace: 69660K(71600K)->69660K(71600K) NonClass: 61836K(63152K)->61836K(63152K) Class: 7824K(8448K)->7824K(8448K)
[2021-06-10T15:02:32.175-0800][gc          ] GC(275) Pause Young (Normal) (G1 Evacuation Pause) 468M->213M(512M) 8.313ms
[2021-06-10T15:02:32.175-0800][gc,cpu      ] GC(275) User=0.01s Sys=0.01s Real=0.01s
[2021-06-10T15:04:51.839-0800][gc,start    ] GC(276) Pause Young (Normal) (G1 Evacuation Pause)
[2021-06-10T15:04:51.839-0800][gc,task     ] GC(276) Using 10 workers of 10 for evacuation
[2021-06-10T15:04:51.845-0800][gc,phases   ] GC(276)   Pre Evacuate Collection Set: 1.1ms
[2021-06-10T15:04:51.845-0800][gc,phases   ] GC(276)   Merge Heap Roots: 0.1ms
[2021-06-10T15:04:51.845-0800][gc,phases   ] GC(276)   Evacuate Collection Set: 4.1ms
[2021-06-10T15:04:51.845-0800][gc,phases   ] GC(276)   Post Evacuate Collection Set: 0.4ms
[2021-06-10T15:04:51.845-0800][gc,phases   ] GC(276)   Other: 0.8ms
[2021-06-10T15:04:51.845-0800][gc,heap     ] GC(276) Eden regions: 254->0(254)
[2021-06-10T15:04:51.845-0800][gc,heap     ] GC(276) Survivor regions: 2->2(32)
[2021-06-10T15:04:51.846-0800][gc,heap     ] GC(276) Old regions: 49->49
[2021-06-10T15:04:51.846-0800][gc,heap     ] GC(276) Archive regions: 2->2
[2021-06-10T15:04:51.846-0800][gc,heap     ] GC(276) Humongous regions: 164->164
[2021-06-10T15:04:51.846-0800][gc,metaspace] GC(276) Metaspace: 69660K(71600K)->69660K(71600K) NonClass: 61836K(63152K)->61836K(63152K) Class: 7824K(8448K)->7824K(8448K)
[2021-06-10T15:04:51.846-0800][gc          ] GC(276) Pause Young (Normal) (G1 Evacuation Pause) 467M->214M(512M) 6.687ms
[2021-06-10T15:04:51.846-0800][gc,cpu      ] GC(276) User=0.02s Sys=0.00s Real=0.01s
[2021-06-10T15:07:10.229-0800][gc,start    ] GC(277) Pause Young (Normal) (G1 Evacuation Pause)
[2021-06-10T15:07:10.229-0800][gc,task     ] GC(277) Using 10 workers of 10 for evacuation
[2021-06-10T15:07:10.235-0800][gc,phases   ] GC(277)   Pre Evacuate Collection Set: 0.1ms
[2021-06-10T15:07:10.235-0800][gc,phases   ] GC(277)   Merge Heap Roots: 0.7ms
[2021-06-10T15:07:10.235-0800][gc,phases   ] GC(277)   Evacuate Collection Set: 3.6ms
[2021-06-10T15:07:10.235-0800][gc,phases   ] GC(277)   Post Evacuate Collection Set: 0.4ms
[2021-06-10T15:07:10.235-0800][gc,phases   ] GC(277)   Other: 1.7ms
[2021-06-10T15:07:10.235-0800][gc,heap     ] GC(277) Eden regions: 254->0(254)
[2021-06-10T15:07:10.235-0800][gc,heap     ] GC(277) Survivor regions: 2->2(32)
[2021-06-10T15:07:10.235-0800][gc,heap     ] GC(277) Old regions: 49->49
[2021-06-10T15:07:10.235-0800][gc,heap     ] GC(277) Archive regions: 2->2
[2021-06-10T15:07:10.235-0800][gc,heap     ] GC(277) Humongous regions: 164->164
[2021-06-10T15:07:10.235-0800][gc,metaspace] GC(277) Metaspace: 69660K(71600K)->69660K(71600K) NonClass: 61836K(63152K)->61836K(63152K) Class: 7824K(8448K)->7824K(8448K)
[2021-06-10T15:07:10.236-0800][gc          ] GC(277) Pause Young (Normal) (G1 Evacuation Pause) 468M->214M(512M) 7.259ms
[2021-06-10T15:07:10.236-0800][gc,cpu      ] GC(277) User=0.01s Sys=0.00s Real=0.01s
[2021-06-10T15:09:30.200-0800][gc,start    ] GC(278) Pause Young (Normal) (G1 Evacuation Pause)
[2021-06-10T15:09:30.201-0800][gc,task     ] GC(278) Using 10 workers of 10 for evacuation
[2021-06-10T15:09:30.206-0800][gc,phases   ] GC(278)   Pre Evacuate Collection Set: 0.1ms
[2021-06-10T15:09:30.206-0800][gc,phases   ] GC(278)   Merge Heap Roots: 0.1ms
[2021-06-10T15:09:30.206-0800][gc,phases   ] GC(278)   Evacuate Collection Set: 4.3ms
[2021-06-10T15:09:30.206-0800][gc,phases   ] GC(278)   Post Evacuate Collection Set: 0.5ms
[2021-06-10T15:09:30.206-0800][gc,phases   ] GC(278)   Other: 1.5ms
[2021-06-10T15:09:30.206-0800][gc,heap     ] GC(278) Eden regions: 254->0(254)
[2021-06-10T15:09:30.206-0800][gc,heap     ] GC(278) Survivor regions: 2->2(32)
[2021-06-10T15:09:30.206-0800][gc,heap     ] GC(278) Old regions: 49->49
[2021-06-10T15:09:30.207-0800][gc,heap     ] GC(278) Archive regions: 2->2
[2021-06-10T15:09:30.207-0800][gc,heap     ] GC(278) Humongous regions: 164->164
[2021-06-10T15:09:30.207-0800][gc,metaspace] GC(278) Metaspace: 69660K(71600K)->69660K(71600K) NonClass: 61836K(63152K)->61836K(63152K) Class: 7824K(8448K)->7824K(8448K)
[2021-06-10T15:09:30.207-0800][gc          ] GC(278) Pause Young (Normal) (G1 Evacuation Pause) 468M->214M(512M) 6.642ms
[2021-06-10T15:09:30.207-0800][gc,cpu      ] GC(278) User=0.01s Sys=0.01s Real=0.00s
[2021-06-10T15:11:48.625-0800][gc,start    ] GC(279) Pause Young (Normal) (G1 Evacuation Pause)
[2021-06-10T15:11:48.626-0800][gc,task     ] GC(279) Using 10 workers of 10 for evacuation
[2021-06-10T15:11:48.634-0800][gc,phases   ] GC(279)   Pre Evacuate Collection Set: 0.2ms
[2021-06-10T15:11:48.634-0800][gc,phases   ] GC(279)   Merge Heap Roots: 0.1ms
[2021-06-10T15:11:48.634-0800][gc,phases   ] GC(279)   Evacuate Collection Set: 7.0ms
[2021-06-10T15:11:48.634-0800][gc,phases   ] GC(279)   Post Evacuate Collection Set: 0.6ms
[2021-06-10T15:11:48.634-0800][gc,phases   ] GC(279)   Other: 1.1ms
[2021-06-10T15:11:48.634-0800][gc,heap     ] GC(279) Eden regions: 254->0(254)
[2021-06-10T15:11:48.634-0800][gc,heap     ] GC(279) Survivor regions: 2->2(32)
[2021-06-10T15:11:48.634-0800][gc,heap     ] GC(279) Old regions: 49->49
[2021-06-10T15:11:48.634-0800][gc,heap     ] GC(279) Archive regions: 2->2
[2021-06-10T15:11:48.634-0800][gc,heap     ] GC(279) Humongous regions: 164->164
[2021-06-10T15:11:48.634-0800][gc,metaspace] GC(279) Metaspace: 69660K(71600K)->69660K(71600K) NonClass: 61836K(63152K)->61836K(63152K) Class: 7824K(8448K)->7824K(8448K)
[2021-06-10T15:11:48.635-0800][gc          ] GC(279) Pause Young (Normal) (G1 Evacuation Pause) 468M->214M(512M) 9.554ms
[2021-06-10T15:11:48.635-0800][gc,cpu      ] GC(279) User=0.01s Sys=0.01s Real=0.01s
[2021-06-10T15:14:06.416-0800][gc,start    ] GC(280) Pause Young (Normal) (G1 Evacuation Pause)
[2021-06-10T15:14:06.417-0800][gc,task     ] GC(280) Using 10 workers of 10 for evacuation
[2021-06-10T15:14:06.420-0800][gc,phases   ] GC(280)   Pre Evacuate Collection Set: 0.1ms
[2021-06-10T15:14:06.420-0800][gc,phases   ] GC(280)   Merge Heap Roots: 0.1ms
[2021-06-10T15:14:06.420-0800][gc,phases   ] GC(280)   Evacuate Collection Set: 2.6ms
[2021-06-10T15:14:06.420-0800][gc,phases   ] GC(280)   Post Evacuate Collection Set: 0.5ms
[2021-06-10T15:14:06.420-0800][gc,phases   ] GC(280)   Other: 1.0ms
[2021-06-10T15:14:06.420-0800][gc,heap     ] GC(280) Eden regions: 254->0(254)
[2021-06-10T15:14:06.420-0800][gc,heap     ] GC(280) Survivor regions: 2->2(32)
[2021-06-10T15:14:06.420-0800][gc,heap     ] GC(280) Old regions: 49->49
[2021-06-10T15:14:06.420-0800][gc,heap     ] GC(280) Archive regions: 2->2
[2021-06-10T15:14:06.420-0800][gc,heap     ] GC(280) Humongous regions: 164->164
[2021-06-10T15:14:06.420-0800][gc,metaspace] GC(280) Metaspace: 69660K(71600K)->69660K(71600K) NonClass: 61836K(63152K)->61836K(63152K) Class: 7824K(8448K)->7824K(8448K)
[2021-06-10T15:14:06.420-0800][gc          ] GC(280) Pause Young (Normal) (G1 Evacuation Pause) 468M->214M(512M) 4.429ms
[2021-06-10T15:14:06.420-0800][gc,cpu      ] GC(280) User=0.01s Sys=0.00s Real=0.01s
[2021-06-10T15:16:26.300-0800][gc,start    ] GC(281) Pause Young (Normal) (G1 Evacuation Pause)
[2021-06-10T15:16:26.301-0800][gc,task     ] GC(281) Using 10 workers of 10 for evacuation
[2021-06-10T15:16:26.305-0800][gc,phases   ] GC(281)   Pre Evacuate Collection Set: 0.2ms
[2021-06-10T15:16:26.305-0800][gc,phases   ] GC(281)   Merge Heap Roots: 0.1ms
[2021-06-10T15:16:26.305-0800][gc,phases   ] GC(281)   Evacuate Collection Set: 2.4ms
[2021-06-10T15:16:26.305-0800][gc,phases   ] GC(281)   Post Evacuate Collection Set: 0.6ms
[2021-06-10T15:16:26.305-0800][gc,phases   ] GC(281)   Other: 1.6ms
[2021-06-10T15:16:26.305-0800][gc,heap     ] GC(281) Eden regions: 254->0(254)
[2021-06-10T15:16:26.305-0800][gc,heap     ] GC(281) Survivor regions: 2->2(32)
[2021-06-10T15:16:26.305-0800][gc,heap     ] GC(281) Old regions: 49->49
[2021-06-10T15:16:26.305-0800][gc,heap     ] GC(281) Archive regions: 2->2
[2021-06-10T15:16:26.305-0800][gc,heap     ] GC(281) Humongous regions: 164->164
[2021-06-10T15:16:26.305-0800][gc,metaspace] GC(281) Metaspace: 69660K(71600K)->69660K(71600K) NonClass: 61836K(63152K)->61836K(63152K) Class: 7824K(8448K)->7824K(8448K)
[2021-06-10T15:16:26.305-0800][gc          ] GC(281) Pause Young (Normal) (G1 Evacuation Pause) 468M->214M(512M) 4.484ms
[2021-06-10T15:16:26.305-0800][gc,cpu      ] GC(281) User=0.01s Sys=0.00s Real=0.00s
[2021-06-10T15:18:45.359-0800][gc,start    ] GC(282) Pause Young (Normal) (G1 Evacuation Pause)
[2021-06-10T15:18:45.360-0800][gc,task     ] GC(282) Using 10 workers of 10 for evacuation
[2021-06-10T15:18:45.365-0800][gc,phases   ] GC(282)   Pre Evacuate Collection Set: 0.2ms
[2021-06-10T15:18:45.365-0800][gc,phases   ] GC(282)   Merge Heap Roots: 0.1ms
[2021-06-10T15:18:45.365-0800][gc,phases   ] GC(282)   Evacuate Collection Set: 3.3ms
[2021-06-10T15:18:45.365-0800][gc,phases   ] GC(282)   Post Evacuate Collection Set: 0.6ms
[2021-06-10T15:18:45.365-0800][gc,phases   ] GC(282)   Other: 1.3ms
[2021-06-10T15:18:45.365-0800][gc,heap     ] GC(282) Eden regions: 254->0(254)
[2021-06-10T15:18:45.365-0800][gc,heap     ] GC(282) Survivor regions: 2->2(32)
[2021-06-10T15:18:45.365-0800][gc,heap     ] GC(282) Old regions: 49->49
[2021-06-10T15:18:45.365-0800][gc,heap     ] GC(282) Archive regions: 2->2
[2021-06-10T15:18:45.365-0800][gc,heap     ] GC(282) Humongous regions: 164->164
[2021-06-10T15:18:45.365-0800][gc,metaspace] GC(282) Metaspace: 69660K(71600K)->69660K(71600K) NonClass: 61836K(63152K)->61836K(63152K) Class: 7824K(8448K)->7824K(8448K)
[2021-06-10T15:18:45.365-0800][gc          ] GC(282) Pause Young (Normal) (G1 Evacuation Pause) 468M->214M(512M) 5.621ms
[2021-06-10T15:18:45.365-0800][gc,cpu      ] GC(282) User=0.01s Sys=0.00s Real=0.01s
[2021-06-10T15:22:55.406-0800][gc,start    ] GC(283) Pause Young (Normal) (G1 Evacuation Pause)
[2021-06-10T15:22:55.408-0800][gc,task     ] GC(283) Using 10 workers of 10 for evacuation
[2021-06-10T15:22:55.414-0800][gc,phases   ] GC(283)   Pre Evacuate Collection Set: 0.5ms
[2021-06-10T15:22:55.414-0800][gc,phases   ] GC(283)   Merge Heap Roots: 0.3ms
[2021-06-10T15:22:55.414-0800][gc,phases   ] GC(283)   Evacuate Collection Set: 3.2ms
[2021-06-10T15:22:55.414-0800][gc,phases   ] GC(283)   Post Evacuate Collection Set: 1.6ms
[2021-06-10T15:22:55.414-0800][gc,phases   ] GC(283)   Other: 2.0ms
[2021-06-10T15:22:55.414-0800][gc,heap     ] GC(283) Eden regions: 254->0(254)
[2021-06-10T15:22:55.414-0800][gc,heap     ] GC(283) Survivor regions: 2->2(32)
[2021-06-10T15:22:55.414-0800][gc,heap     ] GC(283) Old regions: 49->49
[2021-06-10T15:22:55.414-0800][gc,heap     ] GC(283) Archive regions: 2->2
[2021-06-10T15:22:55.414-0800][gc,heap     ] GC(283) Humongous regions: 164->164
[2021-06-10T15:22:55.414-0800][gc,metaspace] GC(283) Metaspace: 69697K(71600K)->69697K(71600K) NonClass: 61873K(63152K)->61873K(63152K) Class: 7824K(8448K)->7824K(8448K)
[2021-06-10T15:22:55.414-0800][gc          ] GC(283) Pause Young (Normal) (G1 Evacuation Pause) 468M->214M(512M) 8.032ms
[2021-06-10T15:22:55.414-0800][gc,cpu      ] GC(283) User=0.03s Sys=0.01s Real=0.01s
[2021-06-11T01:27:39.846-0800][gc,start    ] GC(284) Pause Young (Normal) (G1 Evacuation Pause)
[2021-06-11T01:27:39.849-0800][gc,task     ] GC(284) Using 10 workers of 10 for evacuation
[2021-06-11T01:27:39.959-0800][gc,phases   ] GC(284)   Pre Evacuate Collection Set: 10.5ms
[2021-06-11T01:27:39.959-0800][gc,phases   ] GC(284)   Merge Heap Roots: 2.8ms
[2021-06-11T01:27:39.959-0800][gc,phases   ] GC(284)   Evacuate Collection Set: 72.9ms
[2021-06-11T01:27:39.959-0800][gc,phases   ] GC(284)   Post Evacuate Collection Set: 13.5ms
[2021-06-11T01:27:39.960-0800][gc,phases   ] GC(284)   Other: 16.4ms
[2021-06-11T01:27:39.960-0800][gc,heap     ] GC(284) Eden regions: 254->0(254)
[2021-06-11T01:27:39.960-0800][gc,heap     ] GC(284) Survivor regions: 2->2(32)
[2021-06-11T01:27:39.960-0800][gc,heap     ] GC(284) Old regions: 49->49
[2021-06-11T01:27:39.960-0800][gc,heap     ] GC(284) Archive regions: 2->2
[2021-06-11T01:27:39.960-0800][gc,heap     ] GC(284) Humongous regions: 164->164
[2021-06-11T01:27:39.961-0800][gc,metaspace] GC(284) Metaspace: 69733K(71600K)->69733K(71600K) NonClass: 61909K(63152K)->61909K(63152K) Class: 7824K(8448K)->7824K(8448K)
[2021-06-11T01:27:39.961-0800][gc          ] GC(284) Pause Young (Normal) (G1 Evacuation Pause) 468M->214M(512M) 115.843ms
[2021-06-11T01:27:39.961-0800][gc,cpu      ] GC(284) User=0.07s Sys=0.40s Real=0.12s
