[2021-06-03T16:34:28.265-0800][gc,start    ] GC(149) Pause Young (Normal) (G1 Evacuation Pause)
[2021-06-03T16:34:28.265-0800][gc,task     ] GC(149) Using 10 workers of 10 for evacuation
[2021-06-03T16:34:28.268-0800][gc,phases   ] GC(149)   Pre Evacuate Collection Set: 0.1ms
[2021-06-03T16:34:28.268-0800][gc,phases   ] GC(149)   Merge Heap Roots: 0.1ms
[2021-06-03T16:34:28.268-0800][gc,phases   ] GC(149)   Evacuate Collection Set: 2.6ms
[2021-06-03T16:34:28.268-0800][gc,phases   ] GC(149)   Post Evacuate Collection Set: 0.4ms
[2021-06-03T16:34:28.269-0800][gc,phases   ] GC(149)   Other: 0.5ms
[2021-06-03T16:34:28.269-0800][gc,heap     ] GC(149) Eden regions: 255->0(255)
[2021-06-03T16:34:28.269-0800][gc,heap     ] GC(149) Survivor regions: 1->1(32)
[2021-06-03T16:34:28.269-0800][gc,heap     ] GC(149) Old regions: 45->45
[2021-06-03T16:34:28.269-0800][gc,heap     ] GC(149) Archive regions: 2->2
[2021-06-03T16:34:28.269-0800][gc,heap     ] GC(149) Humongous regions: 106->106
[2021-06-03T16:34:28.269-0800][gc,metaspace] GC(149) Metaspace: 69234K(71088K)->69234K(71088K) NonClass: 61413K(62640K)->61413K(62640K) Class: 7821K(8448K)->7821K(8448K)
[2021-06-03T16:34:28.269-0800][gc          ] GC(149) Pause Young (Normal) (G1 Evacuation Pause) 406M->151M(512M) 3.800ms
[2021-06-03T16:34:28.269-0800][gc,cpu      ] GC(149) User=0.01s Sys=0.00s Real=0.00s
[2021-06-03T16:36:39.348-0800][gc,start    ] GC(150) Pause Young (Normal) (G1 Evacuation Pause)
[2021-06-03T16:36:39.349-0800][gc,task     ] GC(150) Using 10 workers of 10 for evacuation
[2021-06-03T16:36:39.351-0800][gc,phases   ] GC(150)   Pre Evacuate Collection Set: 0.2ms
[2021-06-03T16:36:39.351-0800][gc,phases   ] GC(150)   Merge Heap Roots: 0.1ms
[2021-06-03T16:36:39.351-0800][gc,phases   ] GC(150)   Evacuate Collection Set: 1.4ms
[2021-06-03T16:36:39.351-0800][gc,phases   ] GC(150)   Post Evacuate Collection Set: 0.4ms
[2021-06-03T16:36:39.351-0800][gc,phases   ] GC(150)   Other: 1.0ms
[2021-06-03T16:36:39.351-0800][gc,heap     ] GC(150) Eden regions: 255->0(255)
[2021-06-03T16:36:39.351-0800][gc,heap     ] GC(150) Survivor regions: 1->1(32)
[2021-06-03T16:36:39.351-0800][gc,heap     ] GC(150) Old regions: 45->45
[2021-06-03T16:36:39.352-0800][gc,heap     ] GC(150) Archive regions: 2->2
[2021-06-03T16:36:39.352-0800][gc,heap     ] GC(150) Humongous regions: 106->106
[2021-06-03T16:36:39.352-0800][gc,metaspace] GC(150) Metaspace: 69234K(71088K)->69234K(71088K) NonClass: 61413K(62640K)->61413K(62640K) Class: 7821K(8448K)->7821K(8448K)
[2021-06-03T16:36:39.352-0800][gc          ] GC(150) Pause Young (Normal) (G1 Evacuation Pause) 406M->151M(512M) 3.164ms
[2021-06-03T16:36:39.352-0800][gc,cpu      ] GC(150) User=0.00s Sys=0.00s Real=0.01s
[2021-06-03T16:38:58.910-0800][gc,start    ] GC(151) Pause Young (Normal) (G1 Evacuation Pause)
[2021-06-03T16:38:58.910-0800][gc,task     ] GC(151) Using 10 workers of 10 for evacuation
[2021-06-03T16:38:58.913-0800][gc,phases   ] GC(151)   Pre Evacuate Collection Set: 0.1ms
[2021-06-03T16:38:58.913-0800][gc,phases   ] GC(151)   Merge Heap Roots: 0.1ms
[2021-06-03T16:38:58.913-0800][gc,phases   ] GC(151)   Evacuate Collection Set: 1.8ms
[2021-06-03T16:38:58.913-0800][gc,phases   ] GC(151)   Post Evacuate Collection Set: 0.3ms
[2021-06-03T16:38:58.913-0800][gc,phases   ] GC(151)   Other: 0.8ms
[2021-06-03T16:38:58.913-0800][gc,heap     ] GC(151) Eden regions: 255->0(255)
[2021-06-03T16:38:58.913-0800][gc,heap     ] GC(151) Survivor regions: 1->1(32)
[2021-06-03T16:38:58.913-0800][gc,heap     ] GC(151) Old regions: 45->45
[2021-06-03T16:38:58.913-0800][gc,heap     ] GC(151) Archive regions: 2->2
[2021-06-03T16:38:58.913-0800][gc,heap     ] GC(151) Humongous regions: 106->106
[2021-06-03T16:38:58.913-0800][gc,metaspace] GC(151) Metaspace: 69234K(71088K)->69234K(71088K) NonClass: 61413K(62640K)->61413K(62640K) Class: 7821K(8448K)->7821K(8448K)
[2021-06-03T16:38:58.913-0800][gc          ] GC(151) Pause Young (Normal) (G1 Evacuation Pause) 406M->151M(512M) 3.216ms
[2021-06-03T16:38:58.913-0800][gc,cpu      ] GC(151) User=0.01s Sys=0.00s Real=0.00s
[2021-06-03T16:41:18.910-0800][gc,start    ] GC(152) Pause Young (Normal) (G1 Evacuation Pause)
[2021-06-03T16:41:18.911-0800][gc,task     ] GC(152) Using 10 workers of 10 for evacuation
[2021-06-03T16:41:18.913-0800][gc,phases   ] GC(152)   Pre Evacuate Collection Set: 0.1ms
[2021-06-03T16:41:18.913-0800][gc,phases   ] GC(152)   Merge Heap Roots: 0.1ms
[2021-06-03T16:41:18.913-0800][gc,phases   ] GC(152)   Evacuate Collection Set: 1.6ms
[2021-06-03T16:41:18.913-0800][gc,phases   ] GC(152)   Post Evacuate Collection Set: 0.4ms
[2021-06-03T16:41:18.913-0800][gc,phases   ] GC(152)   Other: 0.7ms
[2021-06-03T16:41:18.913-0800][gc,heap     ] GC(152) Eden regions: 255->0(255)
[2021-06-03T16:41:18.913-0800][gc,heap     ] GC(152) Survivor regions: 1->1(32)
[2021-06-03T16:41:18.913-0800][gc,heap     ] GC(152) Old regions: 45->45
[2021-06-03T16:41:18.913-0800][gc,heap     ] GC(152) Archive regions: 2->2
[2021-06-03T16:41:18.913-0800][gc,heap     ] GC(152) Humongous regions: 106->106
[2021-06-03T16:41:18.913-0800][gc,metaspace] GC(152) Metaspace: 69234K(71088K)->69234K(71088K) NonClass: 61413K(62640K)->61413K(62640K) Class: 7821K(8448K)->7821K(8448K)
[2021-06-03T16:41:18.914-0800][gc          ] GC(152) Pause Young (Normal) (G1 Evacuation Pause) 406M->151M(512M) 3.079ms
[2021-06-03T16:41:18.914-0800][gc,cpu      ] GC(152) User=0.01s Sys=0.00s Real=0.00s
[2021-06-03T16:43:38.954-0800][gc,start    ] GC(153) Pause Young (Normal) (G1 Evacuation Pause)
[2021-06-03T16:43:38.954-0800][gc,task     ] GC(153) Using 10 workers of 10 for evacuation
[2021-06-03T16:43:38.956-0800][gc,phases   ] GC(153)   Pre Evacuate Collection Set: 0.2ms
[2021-06-03T16:43:38.956-0800][gc,phases   ] GC(153)   Merge Heap Roots: 0.1ms
[2021-06-03T16:43:38.956-0800][gc,phases   ] GC(153)   Evacuate Collection Set: 1.1ms
[2021-06-03T16:43:38.956-0800][gc,phases   ] GC(153)   Post Evacuate Collection Set: 0.4ms
[2021-06-03T16:43:38.956-0800][gc,phases   ] GC(153)   Other: 1.1ms
[2021-06-03T16:43:38.956-0800][gc,heap     ] GC(153) Eden regions: 255->0(255)
[2021-06-03T16:43:38.956-0800][gc,heap     ] GC(153) Survivor regions: 1->1(32)
[2021-06-03T16:43:38.956-0800][gc,heap     ] GC(153) Old regions: 45->45
[2021-06-03T16:43:38.956-0800][gc,heap     ] GC(153) Archive regions: 2->2
[2021-06-03T16:43:38.956-0800][gc,heap     ] GC(153) Humongous regions: 106->106
[2021-06-03T16:43:38.957-0800][gc,metaspace] GC(153) Metaspace: 69234K(71088K)->69234K(71088K) NonClass: 61413K(62640K)->61413K(62640K) Class: 7821K(8448K)->7821K(8448K)
[2021-06-03T16:43:38.957-0800][gc          ] GC(153) Pause Young (Normal) (G1 Evacuation Pause) 406M->151M(512M) 2.917ms
[2021-06-03T16:43:38.957-0800][gc,cpu      ] GC(153) User=0.01s Sys=0.01s Real=0.00s
[2021-06-03T16:45:59.011-0800][gc,start    ] GC(154) Pause Young (Normal) (G1 Evacuation Pause)
[2021-06-03T16:45:59.011-0800][gc,task     ] GC(154) Using 10 workers of 10 for evacuation
[2021-06-03T16:45:59.015-0800][gc,phases   ] GC(154)   Pre Evacuate Collection Set: 0.1ms
[2021-06-03T16:45:59.015-0800][gc,phases   ] GC(154)   Merge Heap Roots: 0.1ms
[2021-06-03T16:45:59.015-0800][gc,phases   ] GC(154)   Evacuate Collection Set: 2.4ms
[2021-06-03T16:45:59.015-0800][gc,phases   ] GC(154)   Post Evacuate Collection Set: 0.3ms
[2021-06-03T16:45:59.015-0800][gc,phases   ] GC(154)   Other: 0.7ms
[2021-06-03T16:45:59.015-0800][gc,heap     ] GC(154) Eden regions: 255->0(255)
[2021-06-03T16:45:59.015-0800][gc,heap     ] GC(154) Survivor regions: 1->1(32)
[2021-06-03T16:45:59.015-0800][gc,heap     ] GC(154) Old regions: 45->45
[2021-06-03T16:45:59.015-0800][gc,heap     ] GC(154) Archive regions: 2->2
[2021-06-03T16:45:59.015-0800][gc,heap     ] GC(154) Humongous regions: 106->106
[2021-06-03T16:45:59.015-0800][gc,metaspace] GC(154) Metaspace: 69234K(71088K)->69234K(71088K) NonClass: 61413K(62640K)->61413K(62640K) Class: 7821K(8448K)->7821K(8448K)
[2021-06-03T16:45:59.015-0800][gc          ] GC(154) Pause Young (Normal) (G1 Evacuation Pause) 406M->151M(512M) 3.780ms
[2021-06-03T16:45:59.015-0800][gc,cpu      ] GC(154) User=0.01s Sys=0.00s Real=0.00s
[2021-06-03T16:48:18.760-0800][gc,start    ] GC(155) Pause Young (Normal) (G1 Evacuation Pause)
[2021-06-03T16:48:18.760-0800][gc,task     ] GC(155) Using 10 workers of 10 for evacuation
[2021-06-03T16:48:18.768-0800][gc,phases   ] GC(155)   Pre Evacuate Collection Set: 1.1ms
[2021-06-03T16:48:18.768-0800][gc,phases   ] GC(155)   Merge Heap Roots: 0.2ms
[2021-06-03T16:48:18.768-0800][gc,phases   ] GC(155)   Evacuate Collection Set: 3.9ms
[2021-06-03T16:48:18.768-0800][gc,phases   ] GC(155)   Post Evacuate Collection Set: 2.1ms
[2021-06-03T16:48:18.768-0800][gc,phases   ] GC(155)   Other: 1.6ms
[2021-06-03T16:48:18.768-0800][gc,heap     ] GC(155) Eden regions: 255->0(255)
[2021-06-03T16:48:18.768-0800][gc,heap     ] GC(155) Survivor regions: 1->1(32)
[2021-06-03T16:48:18.768-0800][gc,heap     ] GC(155) Old regions: 45->45
[2021-06-03T16:48:18.768-0800][gc,heap     ] GC(155) Archive regions: 2->2
[2021-06-03T16:48:18.768-0800][gc,heap     ] GC(155) Humongous regions: 106->106
[2021-06-03T16:48:18.769-0800][gc,metaspace] GC(155) Metaspace: 69239K(71088K)->69239K(71088K) NonClass: 61417K(62640K)->61417K(62640K) Class: 7821K(8448K)->7821K(8448K)
[2021-06-03T16:48:18.769-0800][gc          ] GC(155) Pause Young (Normal) (G1 Evacuation Pause) 406M->151M(512M) 8.940ms
[2021-06-03T16:48:18.769-0800][gc,cpu      ] GC(155) User=0.01s Sys=0.03s Real=0.00s
[2021-06-03T16:50:33.841-0800][gc,start    ] GC(156) Pause Young (Normal) (G1 Evacuation Pause)
[2021-06-03T16:50:33.841-0800][gc,task     ] GC(156) Using 10 workers of 10 for evacuation
[2021-06-03T16:50:33.843-0800][gc,phases   ] GC(156)   Pre Evacuate Collection Set: 0.1ms
[2021-06-03T16:50:33.843-0800][gc,phases   ] GC(156)   Merge Heap Roots: 0.1ms
[2021-06-03T16:50:33.843-0800][gc,phases   ] GC(156)   Evacuate Collection Set: 1.1ms
[2021-06-03T16:50:33.843-0800][gc,phases   ] GC(156)   Post Evacuate Collection Set: 0.3ms
[2021-06-03T16:50:33.843-0800][gc,phases   ] GC(156)   Other: 0.2ms
[2021-06-03T16:50:33.843-0800][gc,heap     ] GC(156) Eden regions: 255->0(255)
[2021-06-03T16:50:33.843-0800][gc,heap     ] GC(156) Survivor regions: 1->1(32)
[2021-06-03T16:50:33.843-0800][gc,heap     ] GC(156) Old regions: 45->45
[2021-06-03T16:50:33.843-0800][gc,heap     ] GC(156) Archive regions: 2->2
[2021-06-03T16:50:33.843-0800][gc,heap     ] GC(156) Humongous regions: 106->106
[2021-06-03T16:50:33.843-0800][gc,metaspace] GC(156) Metaspace: 69239K(71088K)->69239K(71088K) NonClass: 61417K(62640K)->61417K(62640K) Class: 7821K(8448K)->7821K(8448K)
[2021-06-03T16:50:33.843-0800][gc          ] GC(156) Pause Young (Normal) (G1 Evacuation Pause) 406M->151M(512M) 1.897ms
[2021-06-03T16:50:33.843-0800][gc,cpu      ] GC(156) User=0.01s Sys=0.00s Real=0.00s
[2021-06-03T16:52:49.492-0800][gc,start    ] GC(157) Pause Young (Normal) (G1 Evacuation Pause)
[2021-06-03T16:52:49.493-0800][gc,task     ] GC(157) Using 10 workers of 10 for evacuation
[2021-06-03T16:52:49.495-0800][gc,phases   ] GC(157)   Pre Evacuate Collection Set: 0.1ms
[2021-06-03T16:52:49.495-0800][gc,phases   ] GC(157)   Merge Heap Roots: 0.1ms
[2021-06-03T16:52:49.495-0800][gc,phases   ] GC(157)   Evacuate Collection Set: 1.1ms
[2021-06-03T16:52:49.495-0800][gc,phases   ] GC(157)   Post Evacuate Collection Set: 0.7ms
[2021-06-03T16:52:49.495-0800][gc,phases   ] GC(157)   Other: 0.2ms
[2021-06-03T16:52:49.495-0800][gc,heap     ] GC(157) Eden regions: 255->0(255)
[2021-06-03T16:52:49.495-0800][gc,heap     ] GC(157) Survivor regions: 1->1(32)
[2021-06-03T16:52:49.495-0800][gc,heap     ] GC(157) Old regions: 45->45
[2021-06-03T16:52:49.495-0800][gc,heap     ] GC(157) Archive regions: 2->2
[2021-06-03T16:52:49.495-0800][gc,heap     ] GC(157) Humongous regions: 106->106
[2021-06-03T16:52:49.495-0800][gc,metaspace] GC(157) Metaspace: 69239K(71088K)->69239K(71088K) NonClass: 61417K(62640K)->61417K(62640K) Class: 7821K(8448K)->7821K(8448K)
[2021-06-03T16:52:49.495-0800][gc          ] GC(157) Pause Young (Normal) (G1 Evacuation Pause) 406M->151M(512M) 2.771ms
[2021-06-03T16:52:49.495-0800][gc,cpu      ] GC(157) User=0.01s Sys=0.00s Real=0.00s
[2021-06-03T16:55:09.454-0800][gc,start    ] GC(158) Pause Young (Normal) (G1 Evacuation Pause)
[2021-06-03T16:55:09.454-0800][gc,task     ] GC(158) Using 10 workers of 10 for evacuation
[2021-06-03T16:55:09.455-0800][gc,phases   ] GC(158)   Pre Evacuate Collection Set: 0.1ms
[2021-06-03T16:55:09.456-0800][gc,phases   ] GC(158)   Merge Heap Roots: 0.1ms
[2021-06-03T16:55:09.456-0800][gc,phases   ] GC(158)   Evacuate Collection Set: 0.6ms
[2021-06-03T16:55:09.456-0800][gc,phases   ] GC(158)   Post Evacuate Collection Set: 0.3ms
[2021-06-03T16:55:09.456-0800][gc,phases   ] GC(158)   Other: 0.5ms
[2021-06-03T16:55:09.456-0800][gc,heap     ] GC(158) Eden regions: 255->0(255)
[2021-06-03T16:55:09.456-0800][gc,heap     ] GC(158) Survivor regions: 1->1(32)
[2021-06-03T16:55:09.456-0800][gc,heap     ] GC(158) Old regions: 45->45
[2021-06-03T16:55:09.456-0800][gc,heap     ] GC(158) Archive regions: 2->2
[2021-06-03T16:55:09.456-0800][gc,heap     ] GC(158) Humongous regions: 106->106
[2021-06-03T16:55:09.456-0800][gc,metaspace] GC(158) Metaspace: 69239K(71088K)->69239K(71088K) NonClass: 61417K(62640K)->61417K(62640K) Class: 7821K(8448K)->7821K(8448K)
[2021-06-03T16:55:09.456-0800][gc          ] GC(158) Pause Young (Normal) (G1 Evacuation Pause) 406M->151M(512M) 1.749ms
[2021-06-03T16:55:09.456-0800][gc,cpu      ] GC(158) User=0.00s Sys=0.00s Real=0.00s
[2021-06-03T16:57:29.445-0800][gc,start    ] GC(159) Pause Young (Normal) (G1 Evacuation Pause)
[2021-06-03T16:57:29.445-0800][gc,task     ] GC(159) Using 10 workers of 10 for evacuation
[2021-06-03T16:57:29.447-0800][gc,phases   ] GC(159)   Pre Evacuate Collection Set: 0.1ms
[2021-06-03T16:57:29.447-0800][gc,phases   ] GC(159)   Merge Heap Roots: 0.1ms
[2021-06-03T16:57:29.447-0800][gc,phases   ] GC(159)   Evacuate Collection Set: 1.3ms
[2021-06-03T16:57:29.447-0800][gc,phases   ] GC(159)   Post Evacuate Collection Set: 0.3ms
[2021-06-03T16:57:29.447-0800][gc,phases   ] GC(159)   Other: 0.5ms
[2021-06-03T16:57:29.447-0800][gc,heap     ] GC(159) Eden regions: 255->0(255)
[2021-06-03T16:57:29.447-0800][gc,heap     ] GC(159) Survivor regions: 1->1(32)
[2021-06-03T16:57:29.447-0800][gc,heap     ] GC(159) Old regions: 45->45
[2021-06-03T16:57:29.447-0800][gc,heap     ] GC(159) Archive regions: 2->2
[2021-06-03T16:57:29.447-0800][gc,heap     ] GC(159) Humongous regions: 106->106
[2021-06-03T16:57:29.447-0800][gc,metaspace] GC(159) Metaspace: 69240K(71088K)->69240K(71088K) NonClass: 61419K(62640K)->61419K(62640K) Class: 7821K(8448K)->7821K(8448K)
[2021-06-03T16:57:29.447-0800][gc          ] GC(159) Pause Young (Normal) (G1 Evacuation Pause) 406M->151M(512M) 2.495ms
[2021-06-03T16:57:29.447-0800][gc,cpu      ] GC(159) User=0.01s Sys=0.00s Real=0.00s
[2021-06-03T16:59:49.512-0800][gc,start    ] GC(160) Pause Young (Normal) (G1 Evacuation Pause)
[2021-06-03T16:59:49.513-0800][gc,task     ] GC(160) Using 10 workers of 10 for evacuation
[2021-06-03T16:59:49.514-0800][gc,phases   ] GC(160)   Pre Evacuate Collection Set: 0.1ms
[2021-06-03T16:59:49.514-0800][gc,phases   ] GC(160)   Merge Heap Roots: 0.1ms
[2021-06-03T16:59:49.514-0800][gc,phases   ] GC(160)   Evacuate Collection Set: 0.9ms
[2021-06-03T16:59:49.514-0800][gc,phases   ] GC(160)   Post Evacuate Collection Set: 0.4ms
[2021-06-03T16:59:49.514-0800][gc,phases   ] GC(160)   Other: 0.6ms
[2021-06-03T16:59:49.514-0800][gc,heap     ] GC(160) Eden regions: 255->0(255)
[2021-06-03T16:59:49.514-0800][gc,heap     ] GC(160) Survivor regions: 1->1(32)
[2021-06-03T16:59:49.514-0800][gc,heap     ] GC(160) Old regions: 45->45
[2021-06-03T16:59:49.514-0800][gc,heap     ] GC(160) Archive regions: 2->2
[2021-06-03T16:59:49.514-0800][gc,heap     ] GC(160) Humongous regions: 106->106
[2021-06-03T16:59:49.514-0800][gc,metaspace] GC(160) Metaspace: 69240K(71088K)->69240K(71088K) NonClass: 61419K(62640K)->61419K(62640K) Class: 7821K(8448K)->7821K(8448K)
[2021-06-03T16:59:49.514-0800][gc          ] GC(160) Pause Young (Normal) (G1 Evacuation Pause) 406M->151M(512M) 2.296ms
[2021-06-03T16:59:49.514-0800][gc,cpu      ] GC(160) User=0.00s Sys=0.00s Real=0.00s
[2021-06-03T17:02:09.478-0800][gc,start    ] GC(161) Pause Young (Normal) (G1 Evacuation Pause)
[2021-06-03T17:02:09.478-0800][gc,task     ] GC(161) Using 10 workers of 10 for evacuation
[2021-06-03T17:02:09.480-0800][gc,phases   ] GC(161)   Pre Evacuate Collection Set: 0.2ms
[2021-06-03T17:02:09.480-0800][gc,phases   ] GC(161)   Merge Heap Roots: 0.1ms
[2021-06-03T17:02:09.480-0800][gc,phases   ] GC(161)   Evacuate Collection Set: 1.0ms
[2021-06-03T17:02:09.480-0800][gc,phases   ] GC(161)   Post Evacuate Collection Set: 0.3ms
[2021-06-03T17:02:09.480-0800][gc,phases   ] GC(161)   Other: 0.7ms
[2021-06-03T17:02:09.480-0800][gc,heap     ] GC(161) Eden regions: 255->0(255)
[2021-06-03T17:02:09.480-0800][gc,heap     ] GC(161) Survivor regions: 1->1(32)
[2021-06-03T17:02:09.480-0800][gc,heap     ] GC(161) Old regions: 45->45
[2021-06-03T17:02:09.480-0800][gc,heap     ] GC(161) Archive regions: 2->2
[2021-06-03T17:02:09.480-0800][gc,heap     ] GC(161) Humongous regions: 106->106
[2021-06-03T17:02:09.480-0800][gc,metaspace] GC(161) Metaspace: 69240K(71088K)->69240K(71088K) NonClass: 61419K(62640K)->61419K(62640K) Class: 7821K(8448K)->7821K(8448K)
[2021-06-03T17:02:09.480-0800][gc          ] GC(161) Pause Young (Normal) (G1 Evacuation Pause) 406M->151M(512M) 2.473ms
[2021-06-03T17:02:09.480-0800][gc,cpu      ] GC(161) User=0.00s Sys=0.00s Real=0.01s
[2021-06-03T17:04:29.064-0800][gc,start    ] GC(162) Pause Young (Normal) (G1 Evacuation Pause)
[2021-06-03T17:04:29.065-0800][gc,task     ] GC(162) Using 10 workers of 10 for evacuation
[2021-06-03T17:04:29.069-0800][gc,phases   ] GC(162)   Pre Evacuate Collection Set: 0.1ms
[2021-06-03T17:04:29.069-0800][gc,phases   ] GC(162)   Merge Heap Roots: 0.1ms
[2021-06-03T17:04:29.069-0800][gc,phases   ] GC(162)   Evacuate Collection Set: 3.8ms
[2021-06-03T17:04:29.069-0800][gc,phases   ] GC(162)   Post Evacuate Collection Set: 0.4ms
[2021-06-03T17:04:29.069-0800][gc,phases   ] GC(162)   Other: 0.7ms
[2021-06-03T17:04:29.069-0800][gc,heap     ] GC(162) Eden regions: 255->0(255)
[2021-06-03T17:04:29.069-0800][gc,heap     ] GC(162) Survivor regions: 1->1(32)
[2021-06-03T17:04:29.069-0800][gc,heap     ] GC(162) Old regions: 45->45
[2021-06-03T17:04:29.069-0800][gc,heap     ] GC(162) Archive regions: 2->2
[2021-06-03T17:04:29.069-0800][gc,heap     ] GC(162) Humongous regions: 106->106
[2021-06-03T17:04:29.069-0800][gc,metaspace] GC(162) Metaspace: 69240K(71088K)->69240K(71088K) NonClass: 61419K(62640K)->61419K(62640K) Class: 7821K(8448K)->7821K(8448K)
[2021-06-03T17:04:29.070-0800][gc          ] GC(162) Pause Young (Normal) (G1 Evacuation Pause) 406M->151M(512M) 5.273ms
[2021-06-03T17:04:29.070-0800][gc,cpu      ] GC(162) User=0.01s Sys=0.00s Real=0.01s
[2021-06-03T17:06:39.988-0800][gc,start    ] GC(163) Pause Young (Normal) (G1 Evacuation Pause)
[2021-06-03T17:06:39.989-0800][gc,task     ] GC(163) Using 10 workers of 10 for evacuation
[2021-06-03T17:06:40.002-0800][gc,phases   ] GC(163)   Pre Evacuate Collection Set: 1.7ms
[2021-06-03T17:06:40.002-0800][gc,phases   ] GC(163)   Merge Heap Roots: 0.2ms
[2021-06-03T17:06:40.002-0800][gc,phases   ] GC(163)   Evacuate Collection Set: 6.9ms
[2021-06-03T17:06:40.002-0800][gc,phases   ] GC(163)   Post Evacuate Collection Set: 2.7ms
[2021-06-03T17:06:40.002-0800][gc,phases   ] GC(163)   Other: 2.1ms
[2021-06-03T17:06:40.002-0800][gc,heap     ] GC(163) Eden regions: 255->0(255)
[2021-06-03T17:06:40.002-0800][gc,heap     ] GC(163) Survivor regions: 1->1(32)
[2021-06-03T17:06:40.002-0800][gc,heap     ] GC(163) Old regions: 45->45
[2021-06-03T17:06:40.002-0800][gc,heap     ] GC(163) Archive regions: 2->2
[2021-06-03T17:06:40.002-0800][gc,heap     ] GC(163) Humongous regions: 106->106
[2021-06-03T17:06:40.002-0800][gc,metaspace] GC(163) Metaspace: 69240K(71088K)->69240K(71088K) NonClass: 61419K(62640K)->61419K(62640K) Class: 7821K(8448K)->7821K(8448K)
[2021-06-03T17:06:40.002-0800][gc          ] GC(163) Pause Young (Normal) (G1 Evacuation Pause) 406M->151M(512M) 13.605ms
[2021-06-03T17:06:40.002-0800][gc,cpu      ] GC(163) User=0.01s Sys=0.04s Real=0.02s
[2021-06-03T17:09:00.006-0800][gc,start    ] GC(164) Pause Young (Normal) (G1 Evacuation Pause)
[2021-06-03T17:09:00.006-0800][gc,task     ] GC(164) Using 10 workers of 10 for evacuation
[2021-06-03T17:09:00.009-0800][gc,phases   ] GC(164)   Pre Evacuate Collection Set: 0.2ms
[2021-06-03T17:09:00.009-0800][gc,phases   ] GC(164)   Merge Heap Roots: 0.2ms
[2021-06-03T17:09:00.009-0800][gc,phases   ] GC(164)   Evacuate Collection Set: 1.6ms
[2021-06-03T17:09:00.009-0800][gc,phases   ] GC(164)   Post Evacuate Collection Set: 0.3ms
[2021-06-03T17:09:00.009-0800][gc,phases   ] GC(164)   Other: 1.1ms
[2021-06-03T17:09:00.009-0800][gc,heap     ] GC(164) Eden regions: 255->0(255)
[2021-06-03T17:09:00.009-0800][gc,heap     ] GC(164) Survivor regions: 1->1(32)
[2021-06-03T17:09:00.009-0800][gc,heap     ] GC(164) Old regions: 45->45
[2021-06-03T17:09:00.009-0800][gc,heap     ] GC(164) Archive regions: 2->2
[2021-06-03T17:09:00.009-0800][gc,heap     ] GC(164) Humongous regions: 106->106
[2021-06-03T17:09:00.009-0800][gc,metaspace] GC(164) Metaspace: 69265K(71344K)->69265K(71344K) NonClass: 61443K(62896K)->61443K(62896K) Class: 7821K(8448K)->7821K(8448K)
[2021-06-03T17:09:00.009-0800][gc          ] GC(164) Pause Young (Normal) (G1 Evacuation Pause) 406M->151M(512M) 3.441ms
[2021-06-03T17:09:00.009-0800][gc,cpu      ] GC(164) User=0.01s Sys=0.00s Real=0.00s
[2021-06-03T17:11:20.073-0800][gc,start    ] GC(165) Pause Young (Normal) (G1 Evacuation Pause)
[2021-06-03T17:11:20.073-0800][gc,task     ] GC(165) Using 10 workers of 10 for evacuation
[2021-06-03T17:11:20.077-0800][gc,phases   ] GC(165)   Pre Evacuate Collection Set: 0.7ms
[2021-06-03T17:11:20.077-0800][gc,phases   ] GC(165)   Merge Heap Roots: 0.1ms
[2021-06-03T17:11:20.077-0800][gc,phases   ] GC(165)   Evacuate Collection Set: 2.8ms
[2021-06-03T17:11:20.077-0800][gc,phases   ] GC(165)   Post Evacuate Collection Set: 0.5ms
[2021-06-03T17:11:20.077-0800][gc,phases   ] GC(165)   Other: 0.3ms
[2021-06-03T17:11:20.077-0800][gc,heap     ] GC(165) Eden regions: 255->0(255)
[2021-06-03T17:11:20.077-0800][gc,heap     ] GC(165) Survivor regions: 1->1(32)
[2021-06-03T17:11:20.077-0800][gc,heap     ] GC(165) Old regions: 45->45
[2021-06-03T17:11:20.078-0800][gc,heap     ] GC(165) Archive regions: 2->2
[2021-06-03T17:11:20.078-0800][gc,heap     ] GC(165) Humongous regions: 106->106
[2021-06-03T17:11:20.078-0800][gc,metaspace] GC(165) Metaspace: 69265K(71344K)->69265K(71344K) NonClass: 61443K(62896K)->61443K(62896K) Class: 7821K(8448K)->7821K(8448K)
[2021-06-03T17:11:20.078-0800][gc          ] GC(165) Pause Young (Normal) (G1 Evacuation Pause) 406M->151M(512M) 5.029ms
[2021-06-03T17:11:20.078-0800][gc,cpu      ] GC(165) User=0.01s Sys=0.00s Real=0.00s
[2021-06-03T17:13:40.133-0800][gc,start    ] GC(166) Pause Young (Normal) (G1 Evacuation Pause)
[2021-06-03T17:13:40.134-0800][gc,task     ] GC(166) Using 10 workers of 10 for evacuation
[2021-06-03T17:13:40.135-0800][gc,phases   ] GC(166)   Pre Evacuate Collection Set: 0.2ms
[2021-06-03T17:13:40.135-0800][gc,phases   ] GC(166)   Merge Heap Roots: 0.1ms
[2021-06-03T17:13:40.135-0800][gc,phases   ] GC(166)   Evacuate Collection Set: 0.9ms
[2021-06-03T17:13:40.135-0800][gc,phases   ] GC(166)   Post Evacuate Collection Set: 0.3ms
[2021-06-03T17:13:40.135-0800][gc,phases   ] GC(166)   Other: 0.9ms
[2021-06-03T17:13:40.135-0800][gc,heap     ] GC(166) Eden regions: 255->0(255)
[2021-06-03T17:13:40.135-0800][gc,heap     ] GC(166) Survivor regions: 1->1(32)
[2021-06-03T17:13:40.135-0800][gc,heap     ] GC(166) Old regions: 45->45
[2021-06-03T17:13:40.135-0800][gc,heap     ] GC(166) Archive regions: 2->2
[2021-06-03T17:13:40.135-0800][gc,heap     ] GC(166) Humongous regions: 106->106
[2021-06-03T17:13:40.136-0800][gc,metaspace] GC(166) Metaspace: 69265K(71344K)->69265K(71344K) NonClass: 61443K(62896K)->61443K(62896K) Class: 7821K(8448K)->7821K(8448K)
[2021-06-03T17:13:40.136-0800][gc          ] GC(166) Pause Young (Normal) (G1 Evacuation Pause) 406M->151M(512M) 2.490ms
[2021-06-03T17:13:40.136-0800][gc,cpu      ] GC(166) User=0.01s Sys=0.00s Real=0.00s
[2021-06-03T17:16:04.343-0800][gc,start    ] GC(167) Pause Young (Normal) (G1 Evacuation Pause)
[2021-06-03T17:16:04.343-0800][gc,task     ] GC(167) Using 10 workers of 10 for evacuation
[2021-06-03T17:16:04.346-0800][gc,phases   ] GC(167)   Pre Evacuate Collection Set: 0.1ms
[2021-06-03T17:16:04.346-0800][gc,phases   ] GC(167)   Merge Heap Roots: 0.1ms
[2021-06-03T17:16:04.346-0800][gc,phases   ] GC(167)   Evacuate Collection Set: 1.8ms
[2021-06-03T17:16:04.346-0800][gc,phases   ] GC(167)   Post Evacuate Collection Set: 0.8ms
[2021-06-03T17:16:04.346-0800][gc,phases   ] GC(167)   Other: 0.6ms
[2021-06-03T17:16:04.346-0800][gc,heap     ] GC(167) Eden regions: 255->0(255)
[2021-06-03T17:16:04.346-0800][gc,heap     ] GC(167) Survivor regions: 1->1(32)
[2021-06-03T17:16:04.346-0800][gc,heap     ] GC(167) Old regions: 45->45
[2021-06-03T17:16:04.346-0800][gc,heap     ] GC(167) Archive regions: 2->2
[2021-06-03T17:16:04.346-0800][gc,heap     ] GC(167) Humongous regions: 106->106
[2021-06-03T17:16:04.346-0800][gc,metaspace] GC(167) Metaspace: 69265K(71344K)->69265K(71344K) NonClass: 61443K(62896K)->61443K(62896K) Class: 7821K(8448K)->7821K(8448K)
[2021-06-03T17:16:04.346-0800][gc          ] GC(167) Pause Young (Normal) (G1 Evacuation Pause) 406M->151M(512M) 3.920ms
[2021-06-03T17:16:04.347-0800][gc,cpu      ] GC(167) User=0.01s Sys=0.01s Real=0.00s
[2021-06-03T17:18:24.510-0800][gc,start    ] GC(168) Pause Young (Normal) (G1 Evacuation Pause)
[2021-06-03T17:18:24.510-0800][gc,task     ] GC(168) Using 10 workers of 10 for evacuation
[2021-06-03T17:18:24.515-0800][gc,phases   ] GC(168)   Pre Evacuate Collection Set: 0.3ms
[2021-06-03T17:18:24.515-0800][gc,phases   ] GC(168)   Merge Heap Roots: 0.6ms
[2021-06-03T17:18:24.515-0800][gc,phases   ] GC(168)   Evacuate Collection Set: 3.7ms
[2021-06-03T17:18:24.515-0800][gc,phases   ] GC(168)   Post Evacuate Collection Set: 0.4ms
[2021-06-03T17:18:24.515-0800][gc,phases   ] GC(168)   Other: 0.4ms
[2021-06-03T17:18:24.515-0800][gc,heap     ] GC(168) Eden regions: 255->0(255)
[2021-06-03T17:18:24.515-0800][gc,heap     ] GC(168) Survivor regions: 1->1(32)
[2021-06-03T17:18:24.515-0800][gc,heap     ] GC(168) Old regions: 45->45
[2021-06-03T17:18:24.515-0800][gc,heap     ] GC(168) Archive regions: 2->2
[2021-06-03T17:18:24.515-0800][gc,heap     ] GC(168) Humongous regions: 106->106
[2021-06-03T17:18:24.515-0800][gc,metaspace] GC(168) Metaspace: 69272K(71344K)->69272K(71344K) NonClass: 61450K(62896K)->61450K(62896K) Class: 7821K(8448K)->7821K(8448K)
[2021-06-03T17:18:24.515-0800][gc          ] GC(168) Pause Young (Normal) (G1 Evacuation Pause) 406M->151M(512M) 5.507ms
[2021-06-03T17:18:24.515-0800][gc,cpu      ] GC(168) User=0.01s Sys=0.00s Real=0.00s
[2021-06-03T17:20:48.990-0800][gc,start    ] GC(169) Pause Young (Normal) (G1 Evacuation Pause)
[2021-06-03T17:20:48.990-0800][gc,task     ] GC(169) Using 10 workers of 10 for evacuation
[2021-06-03T17:20:48.993-0800][gc,phases   ] GC(169)   Pre Evacuate Collection Set: 0.1ms
[2021-06-03T17:20:48.993-0800][gc,phases   ] GC(169)   Merge Heap Roots: 0.1ms
[2021-06-03T17:20:48.993-0800][gc,phases   ] GC(169)   Evacuate Collection Set: 1.4ms
[2021-06-03T17:20:48.993-0800][gc,phases   ] GC(169)   Post Evacuate Collection Set: 0.6ms
[2021-06-03T17:20:48.993-0800][gc,phases   ] GC(169)   Other: 0.2ms
[2021-06-03T17:20:48.993-0800][gc,heap     ] GC(169) Eden regions: 255->0(255)
[2021-06-03T17:20:48.993-0800][gc,heap     ] GC(169) Survivor regions: 1->1(32)
[2021-06-03T17:20:48.993-0800][gc,heap     ] GC(169) Old regions: 45->45
[2021-06-03T17:20:48.993-0800][gc,heap     ] GC(169) Archive regions: 2->2
[2021-06-03T17:20:48.993-0800][gc,heap     ] GC(169) Humongous regions: 106->106
[2021-06-03T17:20:48.993-0800][gc,metaspace] GC(169) Metaspace: 69272K(71344K)->69272K(71344K) NonClass: 61450K(62896K)->61450K(62896K) Class: 7821K(8448K)->7821K(8448K)
[2021-06-03T17:20:48.993-0800][gc          ] GC(169) Pause Young (Normal) (G1 Evacuation Pause) 406M->151M(512M) 3.004ms
[2021-06-03T17:20:48.993-0800][gc,cpu      ] GC(169) User=0.01s Sys=0.01s Real=0.00s
[2021-06-03T17:23:06.047-0800][gc,start    ] GC(170) Pause Young (Normal) (G1 Evacuation Pause)
[2021-06-03T17:23:06.048-0800][gc,task     ] GC(170) Using 10 workers of 10 for evacuation
[2021-06-03T17:23:06.049-0800][gc,phases   ] GC(170)   Pre Evacuate Collection Set: 0.3ms
[2021-06-03T17:23:06.049-0800][gc,phases   ] GC(170)   Merge Heap Roots: 0.1ms
[2021-06-03T17:23:06.049-0800][gc,phases   ] GC(170)   Evacuate Collection Set: 0.9ms
[2021-06-03T17:23:06.049-0800][gc,phases   ] GC(170)   Post Evacuate Collection Set: 0.4ms
[2021-06-03T17:23:06.050-0800][gc,phases   ] GC(170)   Other: 0.9ms
[2021-06-03T17:23:06.050-0800][gc,heap     ] GC(170) Eden regions: 255->0(255)
[2021-06-03T17:23:06.050-0800][gc,heap     ] GC(170) Survivor regions: 1->1(32)
[2021-06-03T17:23:06.050-0800][gc,heap     ] GC(170) Old regions: 45->45
[2021-06-03T17:23:06.050-0800][gc,heap     ] GC(170) Archive regions: 2->2
[2021-06-03T17:23:06.050-0800][gc,heap     ] GC(170) Humongous regions: 106->106
[2021-06-03T17:23:06.050-0800][gc,metaspace] GC(170) Metaspace: 69272K(71344K)->69272K(71344K) NonClass: 61450K(62896K)->61450K(62896K) Class: 7821K(8448K)->7821K(8448K)
[2021-06-03T17:23:06.050-0800][gc          ] GC(170) Pause Young (Normal) (G1 Evacuation Pause) 406M->151M(512M) 2.725ms
[2021-06-03T17:23:06.050-0800][gc,cpu      ] GC(170) User=0.01s Sys=0.01s Real=0.01s
[2021-06-03T17:25:30.424-0800][gc,start    ] GC(171) Pause Young (Normal) (G1 Evacuation Pause)
[2021-06-03T17:25:30.424-0800][gc,task     ] GC(171) Using 10 workers of 10 for evacuation
[2021-06-03T17:25:30.428-0800][gc,phases   ] GC(171)   Pre Evacuate Collection Set: 0.1ms
[2021-06-03T17:25:30.428-0800][gc,phases   ] GC(171)   Merge Heap Roots: 0.1ms
[2021-06-03T17:25:30.428-0800][gc,phases   ] GC(171)   Evacuate Collection Set: 2.6ms
[2021-06-03T17:25:30.428-0800][gc,phases   ] GC(171)   Post Evacuate Collection Set: 0.4ms
[2021-06-03T17:25:30.428-0800][gc,phases   ] GC(171)   Other: 0.2ms
[2021-06-03T17:25:30.428-0800][gc,heap     ] GC(171) Eden regions: 255->0(255)
[2021-06-03T17:25:30.428-0800][gc,heap     ] GC(171) Survivor regions: 1->1(32)
[2021-06-03T17:25:30.428-0800][gc,heap     ] GC(171) Old regions: 45->45
[2021-06-03T17:25:30.428-0800][gc,heap     ] GC(171) Archive regions: 2->2
[2021-06-03T17:25:30.428-0800][gc,heap     ] GC(171) Humongous regions: 106->106
[2021-06-03T17:25:30.428-0800][gc,metaspace] GC(171) Metaspace: 69272K(71344K)->69272K(71344K) NonClass: 61450K(62896K)->61450K(62896K) Class: 7821K(8448K)->7821K(8448K)
[2021-06-03T17:25:30.428-0800][gc          ] GC(171) Pause Young (Normal) (G1 Evacuation Pause) 406M->151M(512M) 3.496ms
[2021-06-03T17:25:30.428-0800][gc,cpu      ] GC(171) User=0.01s Sys=0.00s Real=0.00s
[2021-06-03T17:27:51.143-0800][gc,start    ] GC(172) Pause Young (Normal) (G1 Evacuation Pause)
[2021-06-03T17:27:51.144-0800][gc,task     ] GC(172) Using 10 workers of 10 for evacuation
[2021-06-03T17:27:51.146-0800][gc,phases   ] GC(172)   Pre Evacuate Collection Set: 0.1ms
[2021-06-03T17:27:51.146-0800][gc,phases   ] GC(172)   Merge Heap Roots: 0.1ms
[2021-06-03T17:27:51.146-0800][gc,phases   ] GC(172)   Evacuate Collection Set: 1.5ms
[2021-06-03T17:27:51.146-0800][gc,phases   ] GC(172)   Post Evacuate Collection Set: 0.4ms
[2021-06-03T17:27:51.147-0800][gc,phases   ] GC(172)   Other: 1.0ms
[2021-06-03T17:27:51.147-0800][gc,heap     ] GC(172) Eden regions: 255->0(255)
[2021-06-03T17:27:51.147-0800][gc,heap     ] GC(172) Survivor regions: 1->1(32)
[2021-06-03T17:27:51.147-0800][gc,heap     ] GC(172) Old regions: 45->45
[2021-06-03T17:27:51.147-0800][gc,heap     ] GC(172) Archive regions: 2->2
[2021-06-03T17:27:51.147-0800][gc,heap     ] GC(172) Humongous regions: 106->106
[2021-06-03T17:27:51.147-0800][gc,metaspace] GC(172) Metaspace: 69278K(71344K)->69278K(71344K) NonClass: 61456K(62896K)->61456K(62896K) Class: 7821K(8448K)->7821K(8448K)
[2021-06-03T17:27:51.147-0800][gc          ] GC(172) Pause Young (Normal) (G1 Evacuation Pause) 406M->152M(512M) 3.174ms
[2021-06-03T17:27:51.147-0800][gc,cpu      ] GC(172) User=0.01s Sys=0.00s Real=0.00s
[2021-06-03T17:30:11.681-0800][gc,start    ] GC(173) Pause Young (Normal) (G1 Evacuation Pause)
[2021-06-03T17:30:11.682-0800][gc,task     ] GC(173) Using 10 workers of 10 for evacuation
[2021-06-03T17:30:11.684-0800][gc,phases   ] GC(173)   Pre Evacuate Collection Set: 0.2ms
[2021-06-03T17:30:11.684-0800][gc,phases   ] GC(173)   Merge Heap Roots: 0.1ms
[2021-06-03T17:30:11.684-0800][gc,phases   ] GC(173)   Evacuate Collection Set: 1.1ms
[2021-06-03T17:30:11.684-0800][gc,phases   ] GC(173)   Post Evacuate Collection Set: 0.9ms
[2021-06-03T17:30:11.684-0800][gc,phases   ] GC(173)   Other: 0.9ms
[2021-06-03T17:30:11.685-0800][gc,heap     ] GC(173) Eden regions: 255->0(255)
[2021-06-03T17:30:11.685-0800][gc,heap     ] GC(173) Survivor regions: 1->1(32)
[2021-06-03T17:30:11.685-0800][gc,heap     ] GC(173) Old regions: 45->45
[2021-06-03T17:30:11.685-0800][gc,heap     ] GC(173) Archive regions: 2->2
[2021-06-03T17:30:11.685-0800][gc,heap     ] GC(173) Humongous regions: 106->106
[2021-06-03T17:30:11.685-0800][gc,metaspace] GC(173) Metaspace: 69278K(71344K)->69278K(71344K) NonClass: 61456K(62896K)->61456K(62896K) Class: 7821K(8448K)->7821K(8448K)
[2021-06-03T17:30:11.685-0800][gc          ] GC(173) Pause Young (Normal) (G1 Evacuation Pause) 407M->151M(512M) 3.459ms
[2021-06-03T17:30:11.685-0800][gc,cpu      ] GC(173) User=0.01s Sys=0.00s Real=0.00s
[2021-06-03T17:32:40.116-0800][gc,start    ] GC(174) Pause Young (Normal) (G1 Evacuation Pause)
[2021-06-03T17:32:40.116-0800][gc,task     ] GC(174) Using 10 workers of 10 for evacuation
[2021-06-03T17:32:40.130-0800][gc,phases   ] GC(174)   Pre Evacuate Collection Set: 0.2ms
[2021-06-03T17:32:40.130-0800][gc,phases   ] GC(174)   Merge Heap Roots: 0.1ms
[2021-06-03T17:32:40.130-0800][gc,phases   ] GC(174)   Evacuate Collection Set: 12.8ms
[2021-06-03T17:32:40.130-0800][gc,phases   ] GC(174)   Post Evacuate Collection Set: 0.3ms
[2021-06-03T17:32:40.130-0800][gc,phases   ] GC(174)   Other: 0.8ms
[2021-06-03T17:32:40.130-0800][gc,heap     ] GC(174) Eden regions: 255->0(252)
[2021-06-03T17:32:40.130-0800][gc,heap     ] GC(174) Survivor regions: 1->4(32)
[2021-06-03T17:32:40.130-0800][gc,heap     ] GC(174) Old regions: 45->45
[2021-06-03T17:32:40.130-0800][gc,heap     ] GC(174) Archive regions: 2->2
[2021-06-03T17:32:40.130-0800][gc,heap     ] GC(174) Humongous regions: 164->164
[2021-06-03T17:32:40.130-0800][gc,metaspace] GC(174) Metaspace: 69280K(71344K)->69280K(71344K) NonClass: 61458K(62896K)->61458K(62896K) Class: 7821K(8448K)->7821K(8448K)
[2021-06-03T17:32:40.130-0800][gc          ] GC(174) Pause Young (Normal) (G1 Evacuation Pause) 464M->212M(512M) 14.292ms
[2021-06-03T17:32:40.130-0800][gc,cpu      ] GC(174) User=0.01s Sys=0.04s Real=0.02s
[2021-06-03T17:45:32.204-0800][gc,start    ] GC(175) Pause Young (Normal) (G1 Evacuation Pause)
[2021-06-03T17:45:32.213-0800][gc,task     ] GC(175) Using 10 workers of 10 for evacuation
[2021-06-03T17:45:32.224-0800][gc,phases   ] GC(175)   Pre Evacuate Collection Set: 0.9ms
[2021-06-03T17:45:32.224-0800][gc,phases   ] GC(175)   Merge Heap Roots: 0.3ms
[2021-06-03T17:45:32.224-0800][gc,phases   ] GC(175)   Evacuate Collection Set: 2.9ms
[2021-06-03T17:45:32.224-0800][gc,phases   ] GC(175)   Post Evacuate Collection Set: 1.5ms
[2021-06-03T17:45:32.224-0800][gc,phases   ] GC(175)   Other: 14.0ms
[2021-06-03T17:45:32.224-0800][gc,heap     ] GC(175) Eden regions: 252->0(252)
[2021-06-03T17:45:32.224-0800][gc,heap     ] GC(175) Survivor regions: 4->4(32)
[2021-06-03T17:45:32.224-0800][gc,heap     ] GC(175) Old regions: 45->45
[2021-06-03T17:45:32.224-0800][gc,heap     ] GC(175) Archive regions: 2->2
[2021-06-03T17:45:32.224-0800][gc,heap     ] GC(175) Humongous regions: 164->164
[2021-06-03T17:45:32.224-0800][gc,metaspace] GC(175) Metaspace: 69298K(71344K)->69298K(71344K) NonClass: 61476K(62896K)->61476K(62896K) Class: 7821K(8448K)->7821K(8448K)
[2021-06-03T17:45:32.224-0800][gc          ] GC(175) Pause Young (Normal) (G1 Evacuation Pause) 464M->212M(512M) 19.697ms
[2021-06-03T17:45:32.224-0800][gc,cpu      ] GC(175) User=0.01s Sys=0.00s Real=0.02s
[2021-06-03T17:47:52.916-0800][gc,start    ] GC(176) Pause Young (Normal) (G1 Evacuation Pause)
[2021-06-03T17:47:52.916-0800][gc,task     ] GC(176) Using 10 workers of 10 for evacuation
[2021-06-03T17:47:52.920-0800][gc,phases   ] GC(176)   Pre Evacuate Collection Set: 0.2ms
[2021-06-03T17:47:52.920-0800][gc,phases   ] GC(176)   Merge Heap Roots: 0.1ms
[2021-06-03T17:47:52.920-0800][gc,phases   ] GC(176)   Evacuate Collection Set: 2.9ms
[2021-06-03T17:47:52.920-0800][gc,phases   ] GC(176)   Post Evacuate Collection Set: 0.5ms
[2021-06-03T17:47:52.920-0800][gc,phases   ] GC(176)   Other: 0.5ms
[2021-06-03T17:47:52.920-0800][gc,heap     ] GC(176) Eden regions: 252->0(252)
[2021-06-03T17:47:52.920-0800][gc,heap     ] GC(176) Survivor regions: 4->4(32)
[2021-06-03T17:47:52.920-0800][gc,heap     ] GC(176) Old regions: 45->45
[2021-06-03T17:47:52.920-0800][gc,heap     ] GC(176) Archive regions: 2->2
[2021-06-03T17:47:52.920-0800][gc,heap     ] GC(176) Humongous regions: 164->164
[2021-06-03T17:47:52.920-0800][gc,metaspace] GC(176) Metaspace: 69298K(71344K)->69298K(71344K) NonClass: 61476K(62896K)->61476K(62896K) Class: 7821K(8448K)->7821K(8448K)
[2021-06-03T17:47:52.920-0800][gc          ] GC(176) Pause Young (Normal) (G1 Evacuation Pause) 464M->212M(512M) 4.242ms
[2021-06-03T17:47:52.920-0800][gc,cpu      ] GC(176) User=0.02s Sys=0.01s Real=0.01s
[2021-06-03T17:57:07.289-0800][gc,start    ] GC(177) Pause Young (Normal) (G1 Evacuation Pause)
[2021-06-03T17:57:07.289-0800][gc,task     ] GC(177) Using 10 workers of 10 for evacuation
[2021-06-03T17:57:07.291-0800][gc,phases   ] GC(177)   Pre Evacuate Collection Set: 0.2ms
[2021-06-03T17:57:07.292-0800][gc,phases   ] GC(177)   Merge Heap Roots: 0.1ms
[2021-06-03T17:57:07.292-0800][gc,phases   ] GC(177)   Evacuate Collection Set: 1.4ms
[2021-06-03T17:57:07.292-0800][gc,phases   ] GC(177)   Post Evacuate Collection Set: 0.3ms
[2021-06-03T17:57:07.292-0800][gc,phases   ] GC(177)   Other: 0.3ms
[2021-06-03T17:57:07.292-0800][gc,heap     ] GC(177) Eden regions: 252->0(252)
[2021-06-03T17:57:07.292-0800][gc,heap     ] GC(177) Survivor regions: 4->4(32)
[2021-06-03T17:57:07.292-0800][gc,heap     ] GC(177) Old regions: 45->45
[2021-06-03T17:57:07.292-0800][gc,heap     ] GC(177) Archive regions: 2->2
[2021-06-03T17:57:07.292-0800][gc,heap     ] GC(177) Humongous regions: 164->164
[2021-06-03T17:57:07.292-0800][gc,metaspace] GC(177) Metaspace: 69309K(71344K)->69309K(71344K) NonClass: 61488K(62896K)->61488K(62896K) Class: 7821K(8448K)->7821K(8448K)
[2021-06-03T17:57:07.292-0800][gc          ] GC(177) Pause Young (Normal) (G1 Evacuation Pause) 464M->212M(512M) 2.474ms
[2021-06-03T17:57:07.292-0800][gc,cpu      ] GC(177) User=0.01s Sys=0.00s Real=0.01s
[2021-06-03T17:59:32.292-0800][gc,start    ] GC(178) Pause Young (Normal) (G1 Evacuation Pause)
[2021-06-03T17:59:32.292-0800][gc,task     ] GC(178) Using 10 workers of 10 for evacuation
[2021-06-03T17:59:32.297-0800][gc,phases   ] GC(178)   Pre Evacuate Collection Set: 0.3ms
[2021-06-03T17:59:32.297-0800][gc,phases   ] GC(178)   Merge Heap Roots: 0.1ms
[2021-06-03T17:59:32.297-0800][gc,phases   ] GC(178)   Evacuate Collection Set: 3.0ms
[2021-06-03T17:59:32.297-0800][gc,phases   ] GC(178)   Post Evacuate Collection Set: 0.7ms
[2021-06-03T17:59:32.297-0800][gc,phases   ] GC(178)   Other: 0.7ms
[2021-06-03T17:59:32.297-0800][gc,heap     ] GC(178) Eden regions: 252->0(252)
[2021-06-03T17:59:32.297-0800][gc,heap     ] GC(178) Survivor regions: 4->4(32)
[2021-06-03T17:59:32.297-0800][gc,heap     ] GC(178) Old regions: 45->45
[2021-06-03T17:59:32.297-0800][gc,heap     ] GC(178) Archive regions: 2->2
[2021-06-03T17:59:32.297-0800][gc,heap     ] GC(178) Humongous regions: 164->164
[2021-06-03T17:59:32.297-0800][gc,metaspace] GC(178) Metaspace: 69315K(71344K)->69315K(71344K) NonClass: 61493K(62896K)->61493K(62896K) Class: 7821K(8448K)->7821K(8448K)
[2021-06-03T17:59:32.297-0800][gc          ] GC(178) Pause Young (Normal) (G1 Evacuation Pause) 464M->212M(512M) 4.967ms
[2021-06-03T17:59:32.297-0800][gc,cpu      ] GC(178) User=0.01s Sys=0.01s Real=0.00s
[2021-06-03T18:02:37.424-0800][gc,start    ] GC(179) Pause Young (Normal) (G1 Evacuation Pause)
[2021-06-03T18:02:37.424-0800][gc,task     ] GC(179) Using 10 workers of 10 for evacuation
[2021-06-03T18:02:37.427-0800][gc,phases   ] GC(179)   Pre Evacuate Collection Set: 0.3ms
[2021-06-03T18:02:37.427-0800][gc,phases   ] GC(179)   Merge Heap Roots: 0.2ms
[2021-06-03T18:02:37.428-0800][gc,phases   ] GC(179)   Evacuate Collection Set: 1.9ms
[2021-06-03T18:02:37.428-0800][gc,phases   ] GC(179)   Post Evacuate Collection Set: 0.6ms
[2021-06-03T18:02:37.428-0800][gc,phases   ] GC(179)   Other: 1.0ms
[2021-06-03T18:02:37.428-0800][gc,heap     ] GC(179) Eden regions: 252->0(252)
[2021-06-03T18:02:37.428-0800][gc,heap     ] GC(179) Survivor regions: 4->4(32)
[2021-06-03T18:02:37.428-0800][gc,heap     ] GC(179) Old regions: 45->45
[2021-06-03T18:02:37.428-0800][gc,heap     ] GC(179) Archive regions: 2->2
[2021-06-03T18:02:37.428-0800][gc,heap     ] GC(179) Humongous regions: 164->164
[2021-06-03T18:02:37.428-0800][gc,metaspace] GC(179) Metaspace: 69319K(71344K)->69319K(71344K) NonClass: 61498K(62896K)->61498K(62896K) Class: 7821K(8448K)->7821K(8448K)
[2021-06-03T18:02:37.428-0800][gc          ] GC(179) Pause Young (Normal) (G1 Evacuation Pause) 464M->212M(512M) 4.211ms
[2021-06-03T18:02:37.428-0800][gc,cpu      ] GC(179) User=0.01s Sys=0.00s Real=0.00s
[2021-06-03T18:05:13.113-0800][gc,start    ] GC(180) Pause Young (Normal) (G1 Evacuation Pause)
[2021-06-03T18:05:13.113-0800][gc,task     ] GC(180) Using 10 workers of 10 for evacuation
[2021-06-03T18:05:13.117-0800][gc,phases   ] GC(180)   Pre Evacuate Collection Set: 0.2ms
[2021-06-03T18:05:13.117-0800][gc,phases   ] GC(180)   Merge Heap Roots: 0.1ms
[2021-06-03T18:05:13.117-0800][gc,phases   ] GC(180)   Evacuate Collection Set: 2.2ms
[2021-06-03T18:05:13.117-0800][gc,phases   ] GC(180)   Post Evacuate Collection Set: 0.5ms
[2021-06-03T18:05:13.117-0800][gc,phases   ] GC(180)   Other: 0.7ms
[2021-06-03T18:05:13.117-0800][gc,heap     ] GC(180) Eden regions: 252->0(252)
[2021-06-03T18:05:13.117-0800][gc,heap     ] GC(180) Survivor regions: 4->4(32)
[2021-06-03T18:05:13.117-0800][gc,heap     ] GC(180) Old regions: 45->45
[2021-06-03T18:05:13.117-0800][gc,heap     ] GC(180) Archive regions: 2->2
[2021-06-03T18:05:13.117-0800][gc,heap     ] GC(180) Humongous regions: 164->164
[2021-06-03T18:05:13.117-0800][gc,metaspace] GC(180) Metaspace: 69321K(71344K)->69321K(71344K) NonClass: 61499K(62896K)->61499K(62896K) Class: 7821K(8448K)->7821K(8448K)
[2021-06-03T18:05:13.117-0800][gc          ] GC(180) Pause Young (Normal) (G1 Evacuation Pause) 464M->212M(512M) 3.892ms
[2021-06-03T18:05:13.117-0800][gc,cpu      ] GC(180) User=0.01s Sys=0.00s Real=0.00s
[2021-06-03T18:07:24.105-0800][gc,start    ] GC(181) Pause Young (Normal) (G1 Evacuation Pause)
[2021-06-03T18:07:24.106-0800][gc,task     ] GC(181) Using 10 workers of 10 for evacuation
[2021-06-03T18:07:24.115-0800][gc,phases   ] GC(181)   Pre Evacuate Collection Set: 1.0ms
[2021-06-03T18:07:24.115-0800][gc,phases   ] GC(181)   Merge Heap Roots: 0.1ms
[2021-06-03T18:07:24.115-0800][gc,phases   ] GC(181)   Evacuate Collection Set: 4.9ms
[2021-06-03T18:07:24.115-0800][gc,phases   ] GC(181)   Post Evacuate Collection Set: 2.4ms
[2021-06-03T18:07:24.115-0800][gc,phases   ] GC(181)   Other: 1.4ms
[2021-06-03T18:07:24.115-0800][gc,heap     ] GC(181) Eden regions: 252->0(252)
[2021-06-03T18:07:24.115-0800][gc,heap     ] GC(181) Survivor regions: 4->4(32)
[2021-06-03T18:07:24.115-0800][gc,heap     ] GC(181) Old regions: 45->45
[2021-06-03T18:07:24.115-0800][gc,heap     ] GC(181) Archive regions: 2->2
[2021-06-03T18:07:24.115-0800][gc,heap     ] GC(181) Humongous regions: 164->164
[2021-06-03T18:07:24.115-0800][gc,metaspace] GC(181) Metaspace: 69322K(71344K)->69322K(71344K) NonClass: 61500K(62896K)->61500K(62896K) Class: 7821K(8448K)->7821K(8448K)
[2021-06-03T18:07:24.115-0800][gc          ] GC(181) Pause Young (Normal) (G1 Evacuation Pause) 464M->212M(512M) 9.997ms
[2021-06-03T18:07:24.115-0800][gc,cpu      ] GC(181) User=0.02s Sys=0.04s Real=0.01s
[2021-06-03T18:09:45.696-0800][gc,start    ] GC(182) Pause Young (Normal) (G1 Evacuation Pause)
[2021-06-03T18:09:45.696-0800][gc,task     ] GC(182) Using 10 workers of 10 for evacuation
[2021-06-03T18:09:45.699-0800][gc,phases   ] GC(182)   Pre Evacuate Collection Set: 0.2ms
[2021-06-03T18:09:45.699-0800][gc,phases   ] GC(182)   Merge Heap Roots: 0.1ms
[2021-06-03T18:09:45.699-0800][gc,phases   ] GC(182)   Evacuate Collection Set: 2.0ms
[2021-06-03T18:09:45.699-0800][gc,phases   ] GC(182)   Post Evacuate Collection Set: 0.4ms
[2021-06-03T18:09:45.699-0800][gc,phases   ] GC(182)   Other: 0.8ms
[2021-06-03T18:09:45.699-0800][gc,heap     ] GC(182) Eden regions: 252->0(252)
[2021-06-03T18:09:45.699-0800][gc,heap     ] GC(182) Survivor regions: 4->4(32)
[2021-06-03T18:09:45.699-0800][gc,heap     ] GC(182) Old regions: 45->45
[2021-06-03T18:09:45.699-0800][gc,heap     ] GC(182) Archive regions: 2->2
[2021-06-03T18:09:45.699-0800][gc,heap     ] GC(182) Humongous regions: 164->164
[2021-06-03T18:09:45.699-0800][gc,metaspace] GC(182) Metaspace: 69322K(71344K)->69322K(71344K) NonClass: 61500K(62896K)->61500K(62896K) Class: 7821K(8448K)->7821K(8448K)
[2021-06-03T18:09:45.699-0800][gc          ] GC(182) Pause Young (Normal) (G1 Evacuation Pause) 464M->212M(512M) 3.578ms
[2021-06-03T18:09:45.699-0800][gc,cpu      ] GC(182) User=0.02s Sys=0.01s Real=0.00s
[2021-06-03T18:12:05.921-0800][gc,start    ] GC(183) Pause Young (Normal) (G1 Evacuation Pause)
[2021-06-03T18:12:05.921-0800][gc,task     ] GC(183) Using 10 workers of 10 for evacuation
[2021-06-03T18:12:05.923-0800][gc,phases   ] GC(183)   Pre Evacuate Collection Set: 0.2ms
[2021-06-03T18:12:05.923-0800][gc,phases   ] GC(183)   Merge Heap Roots: 0.1ms
[2021-06-03T18:12:05.923-0800][gc,phases   ] GC(183)   Evacuate Collection Set: 1.5ms
[2021-06-03T18:12:05.923-0800][gc,phases   ] GC(183)   Post Evacuate Collection Set: 0.4ms
[2021-06-03T18:12:05.923-0800][gc,phases   ] GC(183)   Other: 0.4ms
[2021-06-03T18:12:05.924-0800][gc,heap     ] GC(183) Eden regions: 252->0(252)
[2021-06-03T18:12:05.924-0800][gc,heap     ] GC(183) Survivor regions: 4->4(32)
[2021-06-03T18:12:05.924-0800][gc,heap     ] GC(183) Old regions: 45->45
[2021-06-03T18:12:05.924-0800][gc,heap     ] GC(183) Archive regions: 2->2
[2021-06-03T18:12:05.924-0800][gc,heap     ] GC(183) Humongous regions: 164->164
[2021-06-03T18:12:05.924-0800][gc,metaspace] GC(183) Metaspace: 69322K(71344K)->69322K(71344K) NonClass: 61500K(62896K)->61500K(62896K) Class: 7821K(8448K)->7821K(8448K)
[2021-06-03T18:12:05.924-0800][gc          ] GC(183) Pause Young (Normal) (G1 Evacuation Pause) 464M->212M(512M) 3.240ms
[2021-06-03T18:12:05.924-0800][gc,cpu      ] GC(183) User=0.01s Sys=0.00s Real=0.00s
[2021-06-03T18:14:55.293-0800][gc,start    ] GC(184) Pause Young (Normal) (G1 Evacuation Pause)
[2021-06-03T18:14:55.293-0800][gc,task     ] GC(184) Using 10 workers of 10 for evacuation
[2021-06-03T18:14:55.295-0800][gc,phases   ] GC(184)   Pre Evacuate Collection Set: 0.1ms
[2021-06-03T18:14:55.295-0800][gc,phases   ] GC(184)   Merge Heap Roots: 0.1ms
[2021-06-03T18:14:55.295-0800][gc,phases   ] GC(184)   Evacuate Collection Set: 1.1ms
[2021-06-03T18:14:55.295-0800][gc,phases   ] GC(184)   Post Evacuate Collection Set: 0.4ms
[2021-06-03T18:14:55.295-0800][gc,phases   ] GC(184)   Other: 0.2ms
[2021-06-03T18:14:55.295-0800][gc,heap     ] GC(184) Eden regions: 252->0(252)
[2021-06-03T18:14:55.295-0800][gc,heap     ] GC(184) Survivor regions: 4->4(32)
[2021-06-03T18:14:55.295-0800][gc,heap     ] GC(184) Old regions: 45->45
[2021-06-03T18:14:55.295-0800][gc,heap     ] GC(184) Archive regions: 2->2
[2021-06-03T18:14:55.295-0800][gc,heap     ] GC(184) Humongous regions: 164->164
[2021-06-03T18:14:55.295-0800][gc,metaspace] GC(184) Metaspace: 69329K(71344K)->69329K(71344K) NonClass: 61507K(62896K)->61507K(62896K) Class: 7821K(8448K)->7821K(8448K)
[2021-06-03T18:14:55.295-0800][gc          ] GC(184) Pause Young (Normal) (G1 Evacuation Pause) 464M->212M(512M) 2.116ms
[2021-06-03T18:14:55.295-0800][gc,cpu      ] GC(184) User=0.01s Sys=0.00s Real=0.00s
[2021-06-03T18:17:34.632-0800][gc,start    ] GC(185) Pause Young (Normal) (G1 Evacuation Pause)
[2021-06-03T18:17:34.633-0800][gc,task     ] GC(185) Using 10 workers of 10 for evacuation
[2021-06-03T18:17:34.635-0800][gc,phases   ] GC(185)   Pre Evacuate Collection Set: 0.1ms
[2021-06-03T18:17:34.635-0800][gc,phases   ] GC(185)   Merge Heap Roots: 0.1ms
[2021-06-03T18:17:34.635-0800][gc,phases   ] GC(185)   Evacuate Collection Set: 1.6ms
[2021-06-03T18:17:34.635-0800][gc,phases   ] GC(185)   Post Evacuate Collection Set: 0.4ms
[2021-06-03T18:17:34.635-0800][gc,phases   ] GC(185)   Other: 0.8ms
[2021-06-03T18:17:34.635-0800][gc,heap     ] GC(185) Eden regions: 252->0(252)
[2021-06-03T18:17:34.635-0800][gc,heap     ] GC(185) Survivor regions: 4->4(32)
[2021-06-03T18:17:34.635-0800][gc,heap     ] GC(185) Old regions: 45->45
[2021-06-03T18:17:34.635-0800][gc,heap     ] GC(185) Archive regions: 2->2
[2021-06-03T18:17:34.635-0800][gc,heap     ] GC(185) Humongous regions: 164->164
[2021-06-03T18:17:34.635-0800][gc,metaspace] GC(185) Metaspace: 69329K(71344K)->69329K(71344K) NonClass: 61508K(62896K)->61508K(62896K) Class: 7821K(8448K)->7821K(8448K)
[2021-06-03T18:17:34.635-0800][gc          ] GC(185) Pause Young (Normal) (G1 Evacuation Pause) 464M->212M(512M) 3.064ms
[2021-06-03T18:17:34.635-0800][gc,cpu      ] GC(185) User=0.01s Sys=0.00s Real=0.00s
[2021-06-03T18:39:56.104-0800][gc,start    ] GC(186) Pause Young (Normal) (G1 Evacuation Pause)
[2021-06-03T18:39:56.107-0800][gc,task     ] GC(186) Using 10 workers of 10 for evacuation
[2021-06-03T18:39:56.128-0800][gc,phases   ] GC(186)   Pre Evacuate Collection Set: 5.3ms
[2021-06-03T18:39:56.128-0800][gc,phases   ] GC(186)   Merge Heap Roots: 0.9ms
[2021-06-03T18:39:56.128-0800][gc,phases   ] GC(186)   Evacuate Collection Set: 10.6ms
[2021-06-03T18:39:56.128-0800][gc,phases   ] GC(186)   Post Evacuate Collection Set: 3.6ms
[2021-06-03T18:39:56.128-0800][gc,phases   ] GC(186)   Other: 5.7ms
[2021-06-03T18:39:56.128-0800][gc,heap     ] GC(186) Eden regions: 252->0(252)
[2021-06-03T18:39:56.128-0800][gc,heap     ] GC(186) Survivor regions: 4->4(32)
[2021-06-03T18:39:56.129-0800][gc,heap     ] GC(186) Old regions: 45->45
[2021-06-03T18:39:56.129-0800][gc,heap     ] GC(186) Archive regions: 2->2
[2021-06-03T18:39:56.129-0800][gc,heap     ] GC(186) Humongous regions: 164->164
[2021-06-03T18:39:56.129-0800][gc,metaspace] GC(186) Metaspace: 69332K(71344K)->69332K(71344K) NonClass: 61510K(62896K)->61510K(62896K) Class: 7821K(8448K)->7821K(8448K)
[2021-06-03T18:39:56.129-0800][gc          ] GC(186) Pause Young (Normal) (G1 Evacuation Pause) 464M->212M(512M) 25.263ms
[2021-06-03T18:39:56.129-0800][gc,cpu      ] GC(186) User=0.02s Sys=0.04s Real=0.02s
[2021-06-03T19:04:12.806-0800][gc,start    ] GC(187) Pause Young (Normal) (G1 Evacuation Pause)
[2021-06-03T19:04:12.807-0800][gc,task     ] GC(187) Using 10 workers of 10 for evacuation
[2021-06-03T19:04:12.816-0800][gc,phases   ] GC(187)   Pre Evacuate Collection Set: 1.6ms
[2021-06-03T19:04:12.817-0800][gc,phases   ] GC(187)   Merge Heap Roots: 0.3ms
[2021-06-03T19:04:12.817-0800][gc,phases   ] GC(187)   Evacuate Collection Set: 5.4ms
[2021-06-03T19:04:12.817-0800][gc,phases   ] GC(187)   Post Evacuate Collection Set: 1.5ms
[2021-06-03T19:04:12.817-0800][gc,phases   ] GC(187)   Other: 1.4ms
[2021-06-03T19:04:12.817-0800][gc,heap     ] GC(187) Eden regions: 252->0(252)
[2021-06-03T19:04:12.817-0800][gc,heap     ] GC(187) Survivor regions: 4->4(32)
[2021-06-03T19:04:12.817-0800][gc,heap     ] GC(187) Old regions: 45->45
[2021-06-03T19:04:12.817-0800][gc,heap     ] GC(187) Archive regions: 2->2
[2021-06-03T19:04:12.817-0800][gc,heap     ] GC(187) Humongous regions: 164->164
[2021-06-03T19:04:12.817-0800][gc,metaspace] GC(187) Metaspace: 69337K(71344K)->69337K(71344K) NonClass: 61515K(62896K)->61515K(62896K) Class: 7821K(8448K)->7821K(8448K)
[2021-06-03T19:04:12.817-0800][gc          ] GC(187) Pause Young (Normal) (G1 Evacuation Pause) 464M->212M(512M) 10.875ms
[2021-06-03T19:04:12.817-0800][gc,cpu      ] GC(187) User=0.04s Sys=0.02s Real=0.01s
[2021-06-03T19:16:29.441-0800][gc,start    ] GC(188) Pause Young (Normal) (G1 Evacuation Pause)
[2021-06-03T19:16:29.442-0800][gc,task     ] GC(188) Using 10 workers of 10 for evacuation
[2021-06-03T19:16:29.452-0800][gc,phases   ] GC(188)   Pre Evacuate Collection Set: 0.3ms
[2021-06-03T19:16:29.452-0800][gc,phases   ] GC(188)   Merge Heap Roots: 0.1ms
[2021-06-03T19:16:29.452-0800][gc,phases   ] GC(188)   Evacuate Collection Set: 7.7ms
[2021-06-03T19:16:29.452-0800][gc,phases   ] GC(188)   Post Evacuate Collection Set: 1.4ms
[2021-06-03T19:16:29.452-0800][gc,phases   ] GC(188)   Other: 1.2ms
[2021-06-03T19:16:29.452-0800][gc,heap     ] GC(188) Eden regions: 252->0(252)
[2021-06-03T19:16:29.452-0800][gc,heap     ] GC(188) Survivor regions: 4->4(32)
[2021-06-03T19:16:29.452-0800][gc,heap     ] GC(188) Old regions: 45->45
[2021-06-03T19:16:29.452-0800][gc,heap     ] GC(188) Archive regions: 2->2
[2021-06-03T19:16:29.452-0800][gc,heap     ] GC(188) Humongous regions: 164->164
[2021-06-03T19:16:29.452-0800][gc,metaspace] GC(188) Metaspace: 69355K(71344K)->69355K(71344K) NonClass: 61533K(62896K)->61533K(62896K) Class: 7822K(8448K)->7822K(8448K)
[2021-06-03T19:16:29.452-0800][gc          ] GC(188) Pause Young (Normal) (G1 Evacuation Pause) 464M->213M(512M) 10.970ms
[2021-06-03T19:16:29.452-0800][gc,cpu      ] GC(188) User=0.01s Sys=0.01s Real=0.01s
[2021-06-03T19:39:43.960-0800][gc,start    ] GC(189) Pause Young (Normal) (G1 Evacuation Pause)
[2021-06-03T19:39:43.963-0800][gc,task     ] GC(189) Using 10 workers of 10 for evacuation
[2021-06-03T19:39:43.992-0800][gc,phases   ] GC(189)   Pre Evacuate Collection Set: 3.0ms
[2021-06-03T19:39:43.992-0800][gc,phases   ] GC(189)   Merge Heap Roots: 0.5ms
[2021-06-03T19:39:43.992-0800][gc,phases   ] GC(189)   Evacuate Collection Set: 17.6ms
[2021-06-03T19:39:43.992-0800][gc,phases   ] GC(189)   Post Evacuate Collection Set: 6.9ms
[2021-06-03T19:39:43.992-0800][gc,phases   ] GC(189)   Other: 4.5ms
[2021-06-03T19:39:43.992-0800][gc,heap     ] GC(189) Eden regions: 252->0(254)
[2021-06-03T19:39:43.992-0800][gc,heap     ] GC(189) Survivor regions: 4->2(32)
[2021-06-03T19:39:43.992-0800][gc,heap     ] GC(189) Old regions: 45->47
[2021-06-03T19:39:43.992-0800][gc,heap     ] GC(189) Archive regions: 2->2
[2021-06-03T19:39:43.992-0800][gc,heap     ] GC(189) Humongous regions: 164->164
[2021-06-03T19:39:43.992-0800][gc,metaspace] GC(189) Metaspace: 69362K(71344K)->69362K(71344K) NonClass: 61540K(62896K)->61540K(62896K) Class: 7822K(8448K)->7822K(8448K)
[2021-06-03T19:39:43.993-0800][gc          ] GC(189) Pause Young (Normal) (G1 Evacuation Pause) 465M->212M(512M) 32.769ms
[2021-06-03T19:39:43.993-0800][gc,cpu      ] GC(189) User=0.02s Sys=0.06s Real=0.03s
[2021-06-03T19:41:58.862-0800][gc,start    ] GC(190) Pause Young (Normal) (G1 Evacuation Pause)
[2021-06-03T19:41:58.863-0800][gc,task     ] GC(190) Using 10 workers of 10 for evacuation
[2021-06-03T19:41:58.870-0800][gc,phases   ] GC(190)   Pre Evacuate Collection Set: 0.2ms
[2021-06-03T19:41:58.870-0800][gc,phases   ] GC(190)   Merge Heap Roots: 0.1ms
[2021-06-03T19:41:58.870-0800][gc,phases   ] GC(190)   Evacuate Collection Set: 5.9ms
[2021-06-03T19:41:58.870-0800][gc,phases   ] GC(190)   Post Evacuate Collection Set: 0.6ms
[2021-06-03T19:41:58.870-0800][gc,phases   ] GC(190)   Other: 0.8ms
[2021-06-03T19:41:58.870-0800][gc,heap     ] GC(190) Eden regions: 254->0(255)
[2021-06-03T19:41:58.870-0800][gc,heap     ] GC(190) Survivor regions: 2->1(32)
[2021-06-03T19:41:58.870-0800][gc,heap     ] GC(190) Old regions: 47->47
[2021-06-03T19:41:58.870-0800][gc,heap     ] GC(190) Archive regions: 2->2
[2021-06-03T19:41:58.870-0800][gc,heap     ] GC(190) Humongous regions: 164->164
[2021-06-03T19:41:58.870-0800][gc,metaspace] GC(190) Metaspace: 69362K(71344K)->69362K(71344K) NonClass: 61540K(62896K)->61540K(62896K) Class: 7822K(8448K)->7822K(8448K)
[2021-06-03T19:41:58.870-0800][gc          ] GC(190) Pause Young (Normal) (G1 Evacuation Pause) 466M->212M(512M) 7.713ms
[2021-06-03T19:41:58.870-0800][gc,cpu      ] GC(190) User=0.01s Sys=0.02s Real=0.01s
[2021-06-03T19:44:17.892-0800][gc,start    ] GC(191) Pause Young (Normal) (G1 Evacuation Pause)
[2021-06-03T19:44:17.892-0800][gc,task     ] GC(191) Using 10 workers of 10 for evacuation
[2021-06-03T19:44:17.894-0800][gc,phases   ] GC(191)   Pre Evacuate Collection Set: 0.1ms
[2021-06-03T19:44:17.895-0800][gc,phases   ] GC(191)   Merge Heap Roots: 0.2ms
[2021-06-03T19:44:17.895-0800][gc,phases   ] GC(191)   Evacuate Collection Set: 1.0ms
[2021-06-03T19:44:17.895-0800][gc,phases   ] GC(191)   Post Evacuate Collection Set: 0.6ms
[2021-06-03T19:44:17.895-0800][gc,phases   ] GC(191)   Other: 0.6ms
[2021-06-03T19:44:17.895-0800][gc,heap     ] GC(191) Eden regions: 255->0(255)
[2021-06-03T19:44:17.895-0800][gc,heap     ] GC(191) Survivor regions: 1->1(32)
[2021-06-03T19:44:17.895-0800][gc,heap     ] GC(191) Old regions: 47->47
[2021-06-03T19:44:17.895-0800][gc,heap     ] GC(191) Archive regions: 2->2
[2021-06-03T19:44:17.895-0800][gc,heap     ] GC(191) Humongous regions: 164->164
[2021-06-03T19:44:17.895-0800][gc,metaspace] GC(191) Metaspace: 69362K(71344K)->69362K(71344K) NonClass: 61540K(62896K)->61540K(62896K) Class: 7822K(8448K)->7822K(8448K)
[2021-06-03T19:44:17.895-0800][gc          ] GC(191) Pause Young (Normal) (G1 Evacuation Pause) 467M->212M(512M) 2.537ms
[2021-06-03T19:44:17.895-0800][gc,cpu      ] GC(191) User=0.01s Sys=0.00s Real=0.00s
[2021-06-03T19:46:37.963-0800][gc,start    ] GC(192) Pause Young (Normal) (G1 Evacuation Pause)
[2021-06-03T19:46:37.964-0800][gc,task     ] GC(192) Using 10 workers of 10 for evacuation
[2021-06-03T19:46:37.967-0800][gc,phases   ] GC(192)   Pre Evacuate Collection Set: 0.2ms
[2021-06-03T19:46:37.967-0800][gc,phases   ] GC(192)   Merge Heap Roots: 0.1ms
[2021-06-03T19:46:37.967-0800][gc,phases   ] GC(192)   Evacuate Collection Set: 1.7ms
[2021-06-03T19:46:37.967-0800][gc,phases   ] GC(192)   Post Evacuate Collection Set: 0.6ms
[2021-06-03T19:46:37.967-0800][gc,phases   ] GC(192)   Other: 1.2ms
[2021-06-03T19:46:37.967-0800][gc,heap     ] GC(192) Eden regions: 255->0(255)
[2021-06-03T19:46:37.967-0800][gc,heap     ] GC(192) Survivor regions: 1->1(32)
[2021-06-03T19:46:37.967-0800][gc,heap     ] GC(192) Old regions: 47->47
[2021-06-03T19:46:37.967-0800][gc,heap     ] GC(192) Archive regions: 2->2
[2021-06-03T19:46:37.967-0800][gc,heap     ] GC(192) Humongous regions: 164->164
[2021-06-03T19:46:37.967-0800][gc,metaspace] GC(192) Metaspace: 69362K(71344K)->69362K(71344K) NonClass: 61540K(62896K)->61540K(62896K) Class: 7822K(8448K)->7822K(8448K)
[2021-06-03T19:46:37.967-0800][gc          ] GC(192) Pause Young (Normal) (G1 Evacuation Pause) 467M->212M(512M) 4.015ms
[2021-06-03T19:46:37.967-0800][gc,cpu      ] GC(192) User=0.01s Sys=0.00s Real=0.00s
[2021-06-03T19:48:57.986-0800][gc,start    ] GC(193) Pause Young (Normal) (G1 Evacuation Pause)
[2021-06-03T19:48:57.986-0800][gc,task     ] GC(193) Using 10 workers of 10 for evacuation
[2021-06-03T19:48:57.988-0800][gc,phases   ] GC(193)   Pre Evacuate Collection Set: 0.1ms
[2021-06-03T19:48:57.988-0800][gc,phases   ] GC(193)   Merge Heap Roots: 0.1ms
[2021-06-03T19:48:57.988-0800][gc,phases   ] GC(193)   Evacuate Collection Set: 0.9ms
[2021-06-03T19:48:57.988-0800][gc,phases   ] GC(193)   Post Evacuate Collection Set: 0.4ms
[2021-06-03T19:48:57.988-0800][gc,phases   ] GC(193)   Other: 0.5ms
[2021-06-03T19:48:57.988-0800][gc,heap     ] GC(193) Eden regions: 255->0(255)
[2021-06-03T19:48:57.988-0800][gc,heap     ] GC(193) Survivor regions: 1->1(32)
[2021-06-03T19:48:57.988-0800][gc,heap     ] GC(193) Old regions: 47->47
[2021-06-03T19:48:57.988-0800][gc,heap     ] GC(193) Archive regions: 2->2
[2021-06-03T19:48:57.988-0800][gc,heap     ] GC(193) Humongous regions: 164->164
[2021-06-03T19:48:57.988-0800][gc,metaspace] GC(193) Metaspace: 69362K(71344K)->69362K(71344K) NonClass: 61540K(62896K)->61540K(62896K) Class: 7822K(8448K)->7822K(8448K)
[2021-06-03T19:48:57.988-0800][gc          ] GC(193) Pause Young (Normal) (G1 Evacuation Pause) 467M->212M(512M) 2.054ms
[2021-06-03T19:48:57.988-0800][gc,cpu      ] GC(193) User=0.01s Sys=0.00s Real=0.00s
[2021-06-03T19:51:17.909-0800][gc,start    ] GC(194) Pause Young (Normal) (G1 Evacuation Pause)
[2021-06-03T19:51:17.910-0800][gc,task     ] GC(194) Using 10 workers of 10 for evacuation
[2021-06-03T19:51:17.913-0800][gc,phases   ] GC(194)   Pre Evacuate Collection Set: 0.2ms
[2021-06-03T19:51:17.913-0800][gc,phases   ] GC(194)   Merge Heap Roots: 0.1ms
[2021-06-03T19:51:17.913-0800][gc,phases   ] GC(194)   Evacuate Collection Set: 1.5ms
[2021-06-03T19:51:17.913-0800][gc,phases   ] GC(194)   Post Evacuate Collection Set: 0.5ms
[2021-06-03T19:51:17.913-0800][gc,phases   ] GC(194)   Other: 1.5ms
[2021-06-03T19:51:17.913-0800][gc,heap     ] GC(194) Eden regions: 255->0(255)
[2021-06-03T19:51:17.913-0800][gc,heap     ] GC(194) Survivor regions: 1->1(32)
[2021-06-03T19:51:17.913-0800][gc,heap     ] GC(194) Old regions: 47->47
[2021-06-03T19:51:17.913-0800][gc,heap     ] GC(194) Archive regions: 2->2
[2021-06-03T19:51:17.913-0800][gc,heap     ] GC(194) Humongous regions: 164->164
[2021-06-03T19:51:17.913-0800][gc,metaspace] GC(194) Metaspace: 69362K(71344K)->69362K(71344K) NonClass: 61540K(62896K)->61540K(62896K) Class: 7822K(8448K)->7822K(8448K)
[2021-06-03T19:51:17.913-0800][gc          ] GC(194) Pause Young (Normal) (G1 Evacuation Pause) 467M->212M(512M) 3.815ms
[2021-06-03T19:51:17.913-0800][gc,cpu      ] GC(194) User=0.01s Sys=0.00s Real=0.01s
[2021-06-03T19:53:36.072-0800][gc,start    ] GC(195) Pause Young (Normal) (G1 Evacuation Pause)
[2021-06-03T19:53:36.074-0800][gc,task     ] GC(195) Using 10 workers of 10 for evacuation
[2021-06-03T19:53:36.079-0800][gc,phases   ] GC(195)   Pre Evacuate Collection Set: 0.2ms
[2021-06-03T19:53:36.079-0800][gc,phases   ] GC(195)   Merge Heap Roots: 0.1ms
[2021-06-03T19:53:36.079-0800][gc,phases   ] GC(195)   Evacuate Collection Set: 3.0ms
[2021-06-03T19:53:36.079-0800][gc,phases   ] GC(195)   Post Evacuate Collection Set: 0.6ms
[2021-06-03T19:53:36.079-0800][gc,phases   ] GC(195)   Other: 2.4ms
[2021-06-03T19:53:36.079-0800][gc,heap     ] GC(195) Eden regions: 255->0(255)
[2021-06-03T19:53:36.079-0800][gc,heap     ] GC(195) Survivor regions: 1->1(32)
[2021-06-03T19:53:36.079-0800][gc,heap     ] GC(195) Old regions: 47->47
[2021-06-03T19:53:36.079-0800][gc,heap     ] GC(195) Archive regions: 2->2
[2021-06-03T19:53:36.079-0800][gc,heap     ] GC(195) Humongous regions: 164->164
[2021-06-03T19:53:36.079-0800][gc,metaspace] GC(195) Metaspace: 69362K(71344K)->69362K(71344K) NonClass: 61540K(62896K)->61540K(62896K) Class: 7822K(8448K)->7822K(8448K)
[2021-06-03T19:53:36.079-0800][gc          ] GC(195) Pause Young (Normal) (G1 Evacuation Pause) 467M->212M(512M) 6.565ms
[2021-06-03T19:53:36.079-0800][gc,cpu      ] GC(195) User=0.01s Sys=0.00s Real=0.00s
[2021-06-03T19:55:55.583-0800][gc,start    ] GC(196) Pause Young (Normal) (G1 Evacuation Pause)
[2021-06-03T19:55:55.584-0800][gc,task     ] GC(196) Using 10 workers of 10 for evacuation
[2021-06-03T19:55:55.589-0800][gc,phases   ] GC(196)   Pre Evacuate Collection Set: 0.9ms
[2021-06-03T19:55:55.589-0800][gc,phases   ] GC(196)   Merge Heap Roots: 0.1ms
[2021-06-03T19:55:55.589-0800][gc,phases   ] GC(196)   Evacuate Collection Set: 2.8ms
[2021-06-03T19:55:55.589-0800][gc,phases   ] GC(196)   Post Evacuate Collection Set: 0.5ms
[2021-06-03T19:55:55.589-0800][gc,phases   ] GC(196)   Other: 1.5ms
[2021-06-03T19:55:55.589-0800][gc,heap     ] GC(196) Eden regions: 255->0(255)
[2021-06-03T19:55:55.589-0800][gc,heap     ] GC(196) Survivor regions: 1->1(32)
[2021-06-03T19:55:55.589-0800][gc,heap     ] GC(196) Old regions: 47->47
[2021-06-03T19:55:55.589-0800][gc,heap     ] GC(196) Archive regions: 2->2
[2021-06-03T19:55:55.589-0800][gc,heap     ] GC(196) Humongous regions: 164->164
[2021-06-03T19:55:55.589-0800][gc,metaspace] GC(196) Metaspace: 69362K(71344K)->69362K(71344K) NonClass: 61540K(62896K)->61540K(62896K) Class: 7822K(8448K)->7822K(8448K)
[2021-06-03T19:55:55.589-0800][gc          ] GC(196) Pause Young (Normal) (G1 Evacuation Pause) 467M->212M(512M) 6.068ms
[2021-06-03T19:55:55.589-0800][gc,cpu      ] GC(196) User=0.01s Sys=0.00s Real=0.00s
[2021-06-03T19:58:14.741-0800][gc,start    ] GC(197) Pause Young (Normal) (G1 Evacuation Pause)
[2021-06-03T19:58:14.742-0800][gc,task     ] GC(197) Using 10 workers of 10 for evacuation
[2021-06-03T19:58:14.746-0800][gc,phases   ] GC(197)   Pre Evacuate Collection Set: 0.2ms
[2021-06-03T19:58:14.746-0800][gc,phases   ] GC(197)   Merge Heap Roots: 0.8ms
[2021-06-03T19:58:14.746-0800][gc,phases   ] GC(197)   Evacuate Collection Set: 1.5ms
[2021-06-03T19:58:14.746-0800][gc,phases   ] GC(197)   Post Evacuate Collection Set: 0.7ms
[2021-06-03T19:58:14.746-0800][gc,phases   ] GC(197)   Other: 1.7ms
[2021-06-03T19:58:14.746-0800][gc,heap     ] GC(197) Eden regions: 255->0(255)
[2021-06-03T19:58:14.746-0800][gc,heap     ] GC(197) Survivor regions: 1->1(32)
[2021-06-03T19:58:14.746-0800][gc,heap     ] GC(197) Old regions: 47->47
[2021-06-03T19:58:14.746-0800][gc,heap     ] GC(197) Archive regions: 2->2
[2021-06-03T19:58:14.746-0800][gc,heap     ] GC(197) Humongous regions: 164->164
[2021-06-03T19:58:14.746-0800][gc,metaspace] GC(197) Metaspace: 69363K(71344K)->69363K(71344K) NonClass: 61541K(62896K)->61541K(62896K) Class: 7822K(8448K)->7822K(8448K)
[2021-06-03T19:58:14.746-0800][gc          ] GC(197) Pause Young (Normal) (G1 Evacuation Pause) 467M->212M(512M) 4.991ms
[2021-06-03T19:58:14.746-0800][gc,cpu      ] GC(197) User=0.01s Sys=0.00s Real=0.00s
[2021-06-03T20:30:13.867-0800][gc,start    ] GC(198) Pause Young (Normal) (G1 Evacuation Pause)
[2021-06-03T20:30:13.868-0800][gc,task     ] GC(198) Using 10 workers of 10 for evacuation
[2021-06-03T20:30:13.887-0800][gc,phases   ] GC(198)   Pre Evacuate Collection Set: 0.4ms
[2021-06-03T20:30:13.887-0800][gc,phases   ] GC(198)   Merge Heap Roots: 0.3ms
[2021-06-03T20:30:13.887-0800][gc,phases   ] GC(198)   Evacuate Collection Set: 15.8ms
[2021-06-03T20:30:13.887-0800][gc,phases   ] GC(198)   Post Evacuate Collection Set: 1.5ms
[2021-06-03T20:30:13.887-0800][gc,phases   ] GC(198)   Other: 1.5ms
[2021-06-03T20:30:13.887-0800][gc,heap     ] GC(198) Eden regions: 255->0(255)
[2021-06-03T20:30:13.887-0800][gc,heap     ] GC(198) Survivor regions: 1->1(32)
[2021-06-03T20:30:13.887-0800][gc,heap     ] GC(198) Old regions: 47->47
[2021-06-03T20:30:13.887-0800][gc,heap     ] GC(198) Archive regions: 2->2
[2021-06-03T20:30:13.887-0800][gc,heap     ] GC(198) Humongous regions: 164->164
[2021-06-03T20:30:13.887-0800][gc,metaspace] GC(198) Metaspace: 69367K(71344K)->69367K(71344K) NonClass: 61545K(62896K)->61545K(62896K) Class: 7822K(8448K)->7822K(8448K)
[2021-06-03T20:30:13.887-0800][gc          ] GC(198) Pause Young (Normal) (G1 Evacuation Pause) 467M->212M(512M) 20.006ms
[2021-06-03T20:30:13.888-0800][gc,cpu      ] GC(198) User=0.04s Sys=0.06s Real=0.02s
[2021-06-03T20:32:33.353-0800][gc,start    ] GC(199) Pause Young (Normal) (G1 Evacuation Pause)
[2021-06-03T20:32:33.353-0800][gc,task     ] GC(199) Using 10 workers of 10 for evacuation
[2021-06-03T20:32:33.356-0800][gc,phases   ] GC(199)   Pre Evacuate Collection Set: 0.2ms
[2021-06-03T20:32:33.356-0800][gc,phases   ] GC(199)   Merge Heap Roots: 0.1ms
[2021-06-03T20:32:33.356-0800][gc,phases   ] GC(199)   Evacuate Collection Set: 1.7ms
[2021-06-03T20:32:33.356-0800][gc,phases   ] GC(199)   Post Evacuate Collection Set: 0.5ms
[2021-06-03T20:32:33.356-0800][gc,phases   ] GC(199)   Other: 1.1ms
[2021-06-03T20:32:33.356-0800][gc,heap     ] GC(199) Eden regions: 255->0(255)
[2021-06-03T20:32:33.356-0800][gc,heap     ] GC(199) Survivor regions: 1->1(32)
[2021-06-03T20:32:33.356-0800][gc,heap     ] GC(199) Old regions: 47->47
[2021-06-03T20:32:33.356-0800][gc,heap     ] GC(199) Archive regions: 2->2
[2021-06-03T20:32:33.356-0800][gc,heap     ] GC(199) Humongous regions: 164->164
[2021-06-03T20:32:33.356-0800][gc,metaspace] GC(199) Metaspace: 69375K(71344K)->69375K(71344K) NonClass: 61553K(62896K)->61553K(62896K) Class: 7822K(8448K)->7822K(8448K)
[2021-06-03T20:32:33.356-0800][gc          ] GC(199) Pause Young (Normal) (G1 Evacuation Pause) 467M->212M(512M) 3.715ms
[2021-06-03T20:32:33.356-0800][gc,cpu      ] GC(199) User=0.01s Sys=0.01s Real=0.00s
[2021-06-03T20:34:53.424-0800][gc,start    ] GC(200) Pause Young (Normal) (G1 Evacuation Pause)
[2021-06-03T20:34:53.425-0800][gc,task     ] GC(200) Using 10 workers of 10 for evacuation
[2021-06-03T20:34:53.428-0800][gc,phases   ] GC(200)   Pre Evacuate Collection Set: 0.1ms
[2021-06-03T20:34:53.428-0800][gc,phases   ] GC(200)   Merge Heap Roots: 0.1ms
[2021-06-03T20:34:53.428-0800][gc,phases   ] GC(200)   Evacuate Collection Set: 2.5ms
[2021-06-03T20:34:53.428-0800][gc,phases   ] GC(200)   Post Evacuate Collection Set: 0.4ms
[2021-06-03T20:34:53.428-0800][gc,phases   ] GC(200)   Other: 1.2ms
[2021-06-03T20:34:53.428-0800][gc,heap     ] GC(200) Eden regions: 255->0(255)
[2021-06-03T20:34:53.428-0800][gc,heap     ] GC(200) Survivor regions: 1->1(32)
[2021-06-03T20:34:53.428-0800][gc,heap     ] GC(200) Old regions: 47->47
[2021-06-03T20:34:53.428-0800][gc,heap     ] GC(200) Archive regions: 2->2
[2021-06-03T20:34:53.428-0800][gc,heap     ] GC(200) Humongous regions: 164->164
[2021-06-03T20:34:53.428-0800][gc,metaspace] GC(200) Metaspace: 69375K(71344K)->69375K(71344K) NonClass: 61553K(62896K)->61553K(62896K) Class: 7822K(8448K)->7822K(8448K)
[2021-06-03T20:34:53.428-0800][gc          ] GC(200) Pause Young (Normal) (G1 Evacuation Pause) 467M->212M(512M) 4.374ms
[2021-06-03T20:34:53.428-0800][gc,cpu      ] GC(200) User=0.01s Sys=0.01s Real=0.00s
[2021-06-03T20:37:13.480-0800][gc,start    ] GC(201) Pause Young (Normal) (G1 Evacuation Pause)
[2021-06-03T20:37:13.482-0800][gc,task     ] GC(201) Using 10 workers of 10 for evacuation
[2021-06-03T20:37:13.484-0800][gc,phases   ] GC(201)   Pre Evacuate Collection Set: 0.2ms
[2021-06-03T20:37:13.484-0800][gc,phases   ] GC(201)   Merge Heap Roots: 0.1ms
[2021-06-03T20:37:13.484-0800][gc,phases   ] GC(201)   Evacuate Collection Set: 1.1ms
[2021-06-03T20:37:13.484-0800][gc,phases   ] GC(201)   Post Evacuate Collection Set: 0.6ms
[2021-06-03T20:37:13.484-0800][gc,phases   ] GC(201)   Other: 1.6ms
[2021-06-03T20:37:13.484-0800][gc,heap     ] GC(201) Eden regions: 255->0(255)
[2021-06-03T20:37:13.484-0800][gc,heap     ] GC(201) Survivor regions: 1->1(32)
[2021-06-03T20:37:13.484-0800][gc,heap     ] GC(201) Old regions: 47->47
[2021-06-03T20:37:13.484-0800][gc,heap     ] GC(201) Archive regions: 2->2
[2021-06-03T20:37:13.484-0800][gc,heap     ] GC(201) Humongous regions: 164->164
[2021-06-03T20:37:13.484-0800][gc,metaspace] GC(201) Metaspace: 69375K(71344K)->69375K(71344K) NonClass: 61553K(62896K)->61553K(62896K) Class: 7822K(8448K)->7822K(8448K)
[2021-06-03T20:37:13.484-0800][gc          ] GC(201) Pause Young (Normal) (G1 Evacuation Pause) 467M->212M(512M) 3.742ms
[2021-06-03T20:37:13.484-0800][gc,cpu      ] GC(201) User=0.01s Sys=0.00s Real=0.00s
[2021-06-03T20:39:33.154-0800][gc,start    ] GC(202) Pause Young (Normal) (G1 Evacuation Pause)
[2021-06-03T20:39:33.155-0800][gc,task     ] GC(202) Using 10 workers of 10 for evacuation
[2021-06-03T20:39:33.158-0800][gc,phases   ] GC(202)   Pre Evacuate Collection Set: 0.2ms
[2021-06-03T20:39:33.158-0800][gc,phases   ] GC(202)   Merge Heap Roots: 0.1ms
[2021-06-03T20:39:33.158-0800][gc,phases   ] GC(202)   Evacuate Collection Set: 1.3ms
[2021-06-03T20:39:33.158-0800][gc,phases   ] GC(202)   Post Evacuate Collection Set: 0.6ms
[2021-06-03T20:39:33.158-0800][gc,phases   ] GC(202)   Other: 1.3ms
[2021-06-03T20:39:33.158-0800][gc,heap     ] GC(202) Eden regions: 255->0(255)
[2021-06-03T20:39:33.158-0800][gc,heap     ] GC(202) Survivor regions: 1->1(32)
[2021-06-03T20:39:33.158-0800][gc,heap     ] GC(202) Old regions: 47->47
[2021-06-03T20:39:33.158-0800][gc,heap     ] GC(202) Archive regions: 2->2
[2021-06-03T20:39:33.158-0800][gc,heap     ] GC(202) Humongous regions: 164->164
[2021-06-03T20:39:33.158-0800][gc,metaspace] GC(202) Metaspace: 69375K(71344K)->69375K(71344K) NonClass: 61553K(62896K)->61553K(62896K) Class: 7822K(8448K)->7822K(8448K)
[2021-06-03T20:39:33.158-0800][gc          ] GC(202) Pause Young (Normal) (G1 Evacuation Pause) 467M->212M(512M) 3.629ms
[2021-06-03T20:39:33.158-0800][gc,cpu      ] GC(202) User=0.01s Sys=0.01s Real=0.00s
[2021-06-03T20:41:48.226-0800][gc,start    ] GC(203) Pause Young (Normal) (G1 Evacuation Pause)
[2021-06-03T20:41:48.228-0800][gc,task     ] GC(203) Using 10 workers of 10 for evacuation
[2021-06-03T20:41:48.233-0800][gc,phases   ] GC(203)   Pre Evacuate Collection Set: 0.3ms
[2021-06-03T20:41:48.233-0800][gc,phases   ] GC(203)   Merge Heap Roots: 0.2ms
[2021-06-03T20:41:48.233-0800][gc,phases   ] GC(203)   Evacuate Collection Set: 4.4ms
[2021-06-03T20:41:48.233-0800][gc,phases   ] GC(203)   Post Evacuate Collection Set: 0.5ms
[2021-06-03T20:41:48.233-0800][gc,phases   ] GC(203)   Other: 1.5ms
[2021-06-03T20:41:48.233-0800][gc,heap     ] GC(203) Eden regions: 255->0(255)
[2021-06-03T20:41:48.233-0800][gc,heap     ] GC(203) Survivor regions: 1->1(32)
[2021-06-03T20:41:48.233-0800][gc,heap     ] GC(203) Old regions: 47->47
[2021-06-03T20:41:48.233-0800][gc,heap     ] GC(203) Archive regions: 2->2
[2021-06-03T20:41:48.233-0800][gc,heap     ] GC(203) Humongous regions: 164->164
[2021-06-03T20:41:48.233-0800][gc,metaspace] GC(203) Metaspace: 69377K(71344K)->69377K(71344K) NonClass: 61555K(62896K)->61555K(62896K) Class: 7822K(8448K)->7822K(8448K)
[2021-06-03T20:41:48.234-0800][gc          ] GC(203) Pause Young (Normal) (G1 Evacuation Pause) 467M->212M(512M) 7.666ms
[2021-06-03T20:41:48.234-0800][gc,cpu      ] GC(203) User=0.02s Sys=0.00s Real=0.01s
[2021-06-03T20:44:07.880-0800][gc,start    ] GC(204) Pause Young (Normal) (G1 Evacuation Pause)
[2021-06-03T20:44:07.882-0800][gc,task     ] GC(204) Using 10 workers of 10 for evacuation
[2021-06-03T20:44:07.884-0800][gc,phases   ] GC(204)   Pre Evacuate Collection Set: 0.2ms
[2021-06-03T20:44:07.884-0800][gc,phases   ] GC(204)   Merge Heap Roots: 0.1ms
[2021-06-03T20:44:07.884-0800][gc,phases   ] GC(204)   Evacuate Collection Set: 1.0ms
[2021-06-03T20:44:07.884-0800][gc,phases   ] GC(204)   Post Evacuate Collection Set: 0.6ms
[2021-06-03T20:44:07.884-0800][gc,phases   ] GC(204)   Other: 1.7ms
[2021-06-03T20:44:07.884-0800][gc,heap     ] GC(204) Eden regions: 255->0(255)
[2021-06-03T20:44:07.884-0800][gc,heap     ] GC(204) Survivor regions: 1->1(32)
[2021-06-03T20:44:07.884-0800][gc,heap     ] GC(204) Old regions: 47->48
[2021-06-03T20:44:07.884-0800][gc,heap     ] GC(204) Archive regions: 2->2
[2021-06-03T20:44:07.884-0800][gc,heap     ] GC(204) Humongous regions: 164->164
[2021-06-03T20:44:07.884-0800][gc,metaspace] GC(204) Metaspace: 69377K(71344K)->69377K(71344K) NonClass: 61555K(62896K)->61555K(62896K) Class: 7822K(8448K)->7822K(8448K)
[2021-06-03T20:44:07.884-0800][gc          ] GC(204) Pause Young (Normal) (G1 Evacuation Pause) 467M->212M(512M) 3.801ms
[2021-06-03T20:44:07.884-0800][gc,cpu      ] GC(204) User=0.02s Sys=0.00s Real=0.00s
[2021-06-03T20:46:27.945-0800][gc,start    ] GC(205) Pause Young (Normal) (G1 Evacuation Pause)
[2021-06-03T20:46:27.946-0800][gc,task     ] GC(205) Using 10 workers of 10 for evacuation
[2021-06-03T20:46:27.949-0800][gc,phases   ] GC(205)   Pre Evacuate Collection Set: 0.1ms
[2021-06-03T20:46:27.949-0800][gc,phases   ] GC(205)   Merge Heap Roots: 0.1ms
[2021-06-03T20:46:27.949-0800][gc,phases   ] GC(205)   Evacuate Collection Set: 2.3ms
[2021-06-03T20:46:27.949-0800][gc,phases   ] GC(205)   Post Evacuate Collection Set: 0.4ms
[2021-06-03T20:46:27.949-0800][gc,phases   ] GC(205)   Other: 1.1ms
[2021-06-03T20:46:27.949-0800][gc,heap     ] GC(205) Eden regions: 255->0(255)
[2021-06-03T20:46:27.949-0800][gc,heap     ] GC(205) Survivor regions: 1->1(32)
[2021-06-03T20:46:27.949-0800][gc,heap     ] GC(205) Old regions: 48->48
[2021-06-03T20:46:27.949-0800][gc,heap     ] GC(205) Archive regions: 2->2
[2021-06-03T20:46:27.949-0800][gc,heap     ] GC(205) Humongous regions: 164->164
[2021-06-03T20:46:27.949-0800][gc,metaspace] GC(205) Metaspace: 69377K(71344K)->69377K(71344K) NonClass: 61555K(62896K)->61555K(62896K) Class: 7822K(8448K)->7822K(8448K)
[2021-06-03T20:46:27.949-0800][gc          ] GC(205) Pause Young (Normal) (G1 Evacuation Pause) 467M->212M(512M) 4.201ms
[2021-06-03T20:46:27.949-0800][gc,cpu      ] GC(205) User=0.01s Sys=0.00s Real=0.00s
[2021-06-03T20:48:45.848-0800][gc,start    ] GC(206) Pause Young (Normal) (G1 Evacuation Pause)
[2021-06-03T20:48:45.849-0800][gc,task     ] GC(206) Using 10 workers of 10 for evacuation
[2021-06-03T20:48:45.852-0800][gc,phases   ] GC(206)   Pre Evacuate Collection Set: 0.2ms
[2021-06-03T20:48:45.852-0800][gc,phases   ] GC(206)   Merge Heap Roots: 0.1ms
[2021-06-03T20:48:45.852-0800][gc,phases   ] GC(206)   Evacuate Collection Set: 2.2ms
[2021-06-03T20:48:45.852-0800][gc,phases   ] GC(206)   Post Evacuate Collection Set: 0.5ms
[2021-06-03T20:48:45.852-0800][gc,phases   ] GC(206)   Other: 1.4ms
[2021-06-03T20:48:45.852-0800][gc,heap     ] GC(206) Eden regions: 255->0(255)
[2021-06-03T20:48:45.852-0800][gc,heap     ] GC(206) Survivor regions: 1->1(32)
[2021-06-03T20:48:45.852-0800][gc,heap     ] GC(206) Old regions: 48->48
[2021-06-03T20:48:45.852-0800][gc,heap     ] GC(206) Archive regions: 2->2
[2021-06-03T20:48:45.852-0800][gc,heap     ] GC(206) Humongous regions: 164->164
[2021-06-03T20:48:45.852-0800][gc,metaspace] GC(206) Metaspace: 69377K(71344K)->69377K(71344K) NonClass: 61555K(62896K)->61555K(62896K) Class: 7822K(8448K)->7822K(8448K)
[2021-06-03T20:48:45.852-0800][gc          ] GC(206) Pause Young (Normal) (G1 Evacuation Pause) 467M->212M(512M) 4.493ms
[2021-06-03T20:48:45.852-0800][gc,cpu      ] GC(206) User=0.01s Sys=0.00s Real=0.01s
[2021-06-03T20:51:04.831-0800][gc,start    ] GC(207) Pause Young (Normal) (G1 Evacuation Pause)
[2021-06-03T20:51:04.833-0800][gc,task     ] GC(207) Using 10 workers of 10 for evacuation
[2021-06-03T20:51:04.835-0800][gc,phases   ] GC(207)   Pre Evacuate Collection Set: 0.1ms
[2021-06-03T20:51:04.835-0800][gc,phases   ] GC(207)   Merge Heap Roots: 0.1ms
[2021-06-03T20:51:04.835-0800][gc,phases   ] GC(207)   Evacuate Collection Set: 1.3ms
[2021-06-03T20:51:04.835-0800][gc,phases   ] GC(207)   Post Evacuate Collection Set: 0.4ms
[2021-06-03T20:51:04.835-0800][gc,phases   ] GC(207)   Other: 2.0ms
[2021-06-03T20:51:04.835-0800][gc,heap     ] GC(207) Eden regions: 255->0(255)
[2021-06-03T20:51:04.835-0800][gc,heap     ] GC(207) Survivor regions: 1->1(32)
[2021-06-03T20:51:04.835-0800][gc,heap     ] GC(207) Old regions: 48->48
[2021-06-03T20:51:04.835-0800][gc,heap     ] GC(207) Archive regions: 2->2
[2021-06-03T20:51:04.835-0800][gc,heap     ] GC(207) Humongous regions: 164->164
[2021-06-03T20:51:04.835-0800][gc,metaspace] GC(207) Metaspace: 69377K(71344K)->69377K(71344K) NonClass: 61555K(62896K)->61555K(62896K) Class: 7822K(8448K)->7822K(8448K)
[2021-06-03T20:51:04.835-0800][gc          ] GC(207) Pause Young (Normal) (G1 Evacuation Pause) 467M->212M(512M) 4.029ms
[2021-06-03T20:51:04.835-0800][gc,cpu      ] GC(207) User=0.01s Sys=0.00s Real=0.00s
[2021-06-03T20:53:24.494-0800][gc,start    ] GC(208) Pause Young (Normal) (G1 Evacuation Pause)
[2021-06-03T20:53:24.495-0800][gc,task     ] GC(208) Using 10 workers of 10 for evacuation
[2021-06-03T20:53:24.499-0800][gc,phases   ] GC(208)   Pre Evacuate Collection Set: 0.2ms
[2021-06-03T20:53:24.499-0800][gc,phases   ] GC(208)   Merge Heap Roots: 0.1ms
[2021-06-03T20:53:24.499-0800][gc,phases   ] GC(208)   Evacuate Collection Set: 3.3ms
[2021-06-03T20:53:24.499-0800][gc,phases   ] GC(208)   Post Evacuate Collection Set: 0.4ms
[2021-06-03T20:53:24.499-0800][gc,phases   ] GC(208)   Other: 1.1ms
[2021-06-03T20:53:24.499-0800][gc,heap     ] GC(208) Eden regions: 255->0(255)
[2021-06-03T20:53:24.499-0800][gc,heap     ] GC(208) Survivor regions: 1->1(32)
[2021-06-03T20:53:24.499-0800][gc,heap     ] GC(208) Old regions: 48->48
[2021-06-03T20:53:24.499-0800][gc,heap     ] GC(208) Archive regions: 2->2
[2021-06-03T20:53:24.499-0800][gc,heap     ] GC(208) Humongous regions: 164->164
[2021-06-03T20:53:24.499-0800][gc,metaspace] GC(208) Metaspace: 69377K(71344K)->69377K(71344K) NonClass: 61555K(62896K)->61555K(62896K) Class: 7822K(8448K)->7822K(8448K)
[2021-06-03T20:53:24.499-0800][gc          ] GC(208) Pause Young (Normal) (G1 Evacuation Pause) 467M->212M(512M) 5.142ms
[2021-06-03T20:53:24.499-0800][gc,cpu      ] GC(208) User=0.01s Sys=0.00s Real=0.00s
[2021-06-03T20:55:44.350-0800][gc,start    ] GC(209) Pause Young (Normal) (G1 Evacuation Pause)
[2021-06-03T20:55:44.352-0800][gc,task     ] GC(209) Using 10 workers of 10 for evacuation
[2021-06-03T20:55:44.354-0800][gc,phases   ] GC(209)   Pre Evacuate Collection Set: 0.2ms
[2021-06-03T20:55:44.354-0800][gc,phases   ] GC(209)   Merge Heap Roots: 0.1ms
[2021-06-03T20:55:44.354-0800][gc,phases   ] GC(209)   Evacuate Collection Set: 0.9ms
[2021-06-03T20:55:44.354-0800][gc,phases   ] GC(209)   Post Evacuate Collection Set: 0.5ms
[2021-06-03T20:55:44.354-0800][gc,phases   ] GC(209)   Other: 2.2ms
[2021-06-03T20:55:44.354-0800][gc,heap     ] GC(209) Eden regions: 255->0(255)
[2021-06-03T20:55:44.354-0800][gc,heap     ] GC(209) Survivor regions: 1->1(32)
[2021-06-03T20:55:44.354-0800][gc,heap     ] GC(209) Old regions: 48->48
[2021-06-03T20:55:44.354-0800][gc,heap     ] GC(209) Archive regions: 2->2
[2021-06-03T20:55:44.354-0800][gc,heap     ] GC(209) Humongous regions: 164->164
[2021-06-03T20:55:44.354-0800][gc,metaspace] GC(209) Metaspace: 69377K(71344K)->69377K(71344K) NonClass: 61555K(62896K)->61555K(62896K) Class: 7822K(8448K)->7822K(8448K)
[2021-06-03T20:55:44.354-0800][gc          ] GC(209) Pause Young (Normal) (G1 Evacuation Pause) 467M->212M(512M) 4.111ms
[2021-06-03T20:55:44.354-0800][gc,cpu      ] GC(209) User=0.01s Sys=0.00s Real=0.00s
[2021-06-03T20:58:04.164-0800][gc,start    ] GC(210) Pause Young (Normal) (G1 Evacuation Pause)
[2021-06-03T20:58:04.165-0800][gc,task     ] GC(210) Using 10 workers of 10 for evacuation
[2021-06-03T20:58:04.167-0800][gc,phases   ] GC(210)   Pre Evacuate Collection Set: 0.1ms
[2021-06-03T20:58:04.167-0800][gc,phases   ] GC(210)   Merge Heap Roots: 0.1ms
[2021-06-03T20:58:04.167-0800][gc,phases   ] GC(210)   Evacuate Collection Set: 0.8ms
[2021-06-03T20:58:04.167-0800][gc,phases   ] GC(210)   Post Evacuate Collection Set: 0.4ms
[2021-06-03T20:58:04.167-0800][gc,phases   ] GC(210)   Other: 0.9ms
[2021-06-03T20:58:04.167-0800][gc,heap     ] GC(210) Eden regions: 255->0(255)
[2021-06-03T20:58:04.167-0800][gc,heap     ] GC(210) Survivor regions: 1->1(32)
[2021-06-03T20:58:04.167-0800][gc,heap     ] GC(210) Old regions: 48->48
[2021-06-03T20:58:04.167-0800][gc,heap     ] GC(210) Archive regions: 2->2
[2021-06-03T20:58:04.167-0800][gc,heap     ] GC(210) Humongous regions: 164->164
[2021-06-03T20:58:04.167-0800][gc,metaspace] GC(210) Metaspace: 69377K(71344K)->69377K(71344K) NonClass: 61555K(62896K)->61555K(62896K) Class: 7822K(8448K)->7822K(8448K)
[2021-06-03T20:58:04.167-0800][gc          ] GC(210) Pause Young (Normal) (G1 Evacuation Pause) 467M->212M(512M) 2.362ms
[2021-06-03T20:58:04.167-0800][gc,cpu      ] GC(210) User=0.01s Sys=0.00s Real=0.00s
[2021-06-03T21:00:24.141-0800][gc,start    ] GC(211) Pause Young (Normal) (G1 Evacuation Pause)
[2021-06-03T21:00:24.142-0800][gc,task     ] GC(211) Using 10 workers of 10 for evacuation
[2021-06-03T21:00:24.144-0800][gc,phases   ] GC(211)   Pre Evacuate Collection Set: 0.1ms
[2021-06-03T21:00:24.145-0800][gc,phases   ] GC(211)   Merge Heap Roots: 0.1ms
[2021-06-03T21:00:24.145-0800][gc,phases   ] GC(211)   Evacuate Collection Set: 0.9ms
[2021-06-03T21:00:24.145-0800][gc,phases   ] GC(211)   Post Evacuate Collection Set: 1.0ms
[2021-06-03T21:00:24.145-0800][gc,phases   ] GC(211)   Other: 1.1ms
[2021-06-03T21:00:24.145-0800][gc,heap     ] GC(211) Eden regions: 255->0(255)
[2021-06-03T21:00:24.145-0800][gc,heap     ] GC(211) Survivor regions: 1->1(32)
[2021-06-03T21:00:24.145-0800][gc,heap     ] GC(211) Old regions: 48->48
[2021-06-03T21:00:24.145-0800][gc,heap     ] GC(211) Archive regions: 2->2
[2021-06-03T21:00:24.145-0800][gc,heap     ] GC(211) Humongous regions: 164->164
[2021-06-03T21:00:24.145-0800][gc,metaspace] GC(211) Metaspace: 69377K(71344K)->69377K(71344K) NonClass: 61555K(62896K)->61555K(62896K) Class: 7822K(8448K)->7822K(8448K)
[2021-06-03T21:00:24.145-0800][gc          ] GC(211) Pause Young (Normal) (G1 Evacuation Pause) 467M->212M(512M) 3.432ms
[2021-06-03T21:00:24.145-0800][gc,cpu      ] GC(211) User=0.00s Sys=0.00s Real=0.00s
[2021-06-03T21:02:52.024-0800][gc,start    ] GC(212) Pause Young (Normal) (G1 Evacuation Pause)
[2021-06-03T21:02:52.025-0800][gc,task     ] GC(212) Using 10 workers of 10 for evacuation
[2021-06-03T21:02:52.034-0800][gc,phases   ] GC(212)   Pre Evacuate Collection Set: 1.8ms
[2021-06-03T21:02:52.034-0800][gc,phases   ] GC(212)   Merge Heap Roots: 0.3ms
[2021-06-03T21:02:52.034-0800][gc,phases   ] GC(212)   Evacuate Collection Set: 4.9ms
[2021-06-03T21:02:52.034-0800][gc,phases   ] GC(212)   Post Evacuate Collection Set: 2.2ms
[2021-06-03T21:02:52.034-0800][gc,phases   ] GC(212)   Other: 1.4ms
[2021-06-03T21:02:52.034-0800][gc,heap     ] GC(212) Eden regions: 255->0(255)
[2021-06-03T21:02:52.034-0800][gc,heap     ] GC(212) Survivor regions: 1->1(32)
[2021-06-03T21:02:52.034-0800][gc,heap     ] GC(212) Old regions: 48->48
[2021-06-03T21:02:52.034-0800][gc,heap     ] GC(212) Archive regions: 2->2
[2021-06-03T21:02:52.034-0800][gc,heap     ] GC(212) Humongous regions: 164->164
[2021-06-03T21:02:52.034-0800][gc,metaspace] GC(212) Metaspace: 69378K(71344K)->69378K(71344K) NonClass: 61556K(62896K)->61556K(62896K) Class: 7822K(8448K)->7822K(8448K)
[2021-06-03T21:02:52.035-0800][gc          ] GC(212) Pause Young (Normal) (G1 Evacuation Pause) 467M->212M(512M) 10.715ms
[2021-06-03T21:02:52.035-0800][gc,cpu      ] GC(212) User=0.01s Sys=0.04s Real=0.01s
[2021-06-03T21:11:15.660-0800][gc,start    ] GC(213) Pause Young (Normal) (G1 Evacuation Pause)
[2021-06-03T21:11:15.660-0800][gc,task     ] GC(213) Using 10 workers of 10 for evacuation
[2021-06-03T21:11:15.665-0800][gc,phases   ] GC(213)   Pre Evacuate Collection Set: 0.2ms
[2021-06-03T21:11:15.665-0800][gc,phases   ] GC(213)   Merge Heap Roots: 0.1ms
[2021-06-03T21:11:15.665-0800][gc,phases   ] GC(213)   Evacuate Collection Set: 3.9ms
[2021-06-03T21:11:15.665-0800][gc,phases   ] GC(213)   Post Evacuate Collection Set: 0.6ms
[2021-06-03T21:11:15.665-0800][gc,phases   ] GC(213)   Other: 1.1ms
[2021-06-03T21:11:15.665-0800][gc,heap     ] GC(213) Eden regions: 255->0(254)
[2021-06-03T21:11:15.666-0800][gc,heap     ] GC(213) Survivor regions: 1->2(32)
[2021-06-03T21:11:15.666-0800][gc,heap     ] GC(213) Old regions: 48->48
[2021-06-03T21:11:15.666-0800][gc,heap     ] GC(213) Archive regions: 2->2
[2021-06-03T21:11:15.666-0800][gc,heap     ] GC(213) Humongous regions: 164->164
[2021-06-03T21:11:15.666-0800][gc,metaspace] GC(213) Metaspace: 69380K(71344K)->69380K(71344K) NonClass: 61557K(62896K)->61557K(62896K) Class: 7822K(8448K)->7822K(8448K)
[2021-06-03T21:11:15.666-0800][gc          ] GC(213) Pause Young (Normal) (G1 Evacuation Pause) 467M->212M(512M) 5.963ms
[2021-06-03T21:11:15.666-0800][gc,cpu      ] GC(213) User=0.01s Sys=0.02s Real=0.00s
[2021-06-03T21:13:35.726-0800][gc,start    ] GC(214) Pause Young (Normal) (G1 Evacuation Pause)
[2021-06-03T21:13:35.727-0800][gc,task     ] GC(214) Using 10 workers of 10 for evacuation
[2021-06-03T21:13:35.731-0800][gc,phases   ] GC(214)   Pre Evacuate Collection Set: 0.3ms
[2021-06-03T21:13:35.731-0800][gc,phases   ] GC(214)   Merge Heap Roots: 0.1ms
[2021-06-03T21:13:35.731-0800][gc,phases   ] GC(214)   Evacuate Collection Set: 2.1ms
[2021-06-03T21:13:35.731-0800][gc,phases   ] GC(214)   Post Evacuate Collection Set: 1.1ms
[2021-06-03T21:13:35.731-0800][gc,phases   ] GC(214)   Other: 1.2ms
[2021-06-03T21:13:35.731-0800][gc,heap     ] GC(214) Eden regions: 254->0(254)
[2021-06-03T21:13:35.731-0800][gc,heap     ] GC(214) Survivor regions: 2->2(32)
[2021-06-03T21:13:35.731-0800][gc,heap     ] GC(214) Old regions: 48->48
[2021-06-03T21:13:35.731-0800][gc,heap     ] GC(214) Archive regions: 2->2
[2021-06-03T21:13:35.731-0800][gc,heap     ] GC(214) Humongous regions: 164->164
[2021-06-03T21:13:35.731-0800][gc,metaspace] GC(214) Metaspace: 69380K(71344K)->69380K(71344K) NonClass: 61557K(62896K)->61557K(62896K) Class: 7822K(8448K)->7822K(8448K)
[2021-06-03T21:13:35.732-0800][gc          ] GC(214) Pause Young (Normal) (G1 Evacuation Pause) 466M->212M(512M) 5.066ms
[2021-06-03T21:13:35.732-0800][gc,cpu      ] GC(214) User=0.01s Sys=0.00s Real=0.01s
[2021-06-03T21:15:47.338-0800][gc,start    ] GC(215) Pause Young (Normal) (G1 Evacuation Pause)
[2021-06-03T21:15:47.339-0800][gc,task     ] GC(215) Using 10 workers of 10 for evacuation
[2021-06-03T21:15:47.341-0800][gc,phases   ] GC(215)   Pre Evacuate Collection Set: 0.2ms
[2021-06-03T21:15:47.341-0800][gc,phases   ] GC(215)   Merge Heap Roots: 0.1ms
[2021-06-03T21:15:47.341-0800][gc,phases   ] GC(215)   Evacuate Collection Set: 0.9ms
[2021-06-03T21:15:47.341-0800][gc,phases   ] GC(215)   Post Evacuate Collection Set: 0.5ms
[2021-06-03T21:15:47.341-0800][gc,phases   ] GC(215)   Other: 1.3ms
[2021-06-03T21:15:47.341-0800][gc,heap     ] GC(215) Eden regions: 254->0(255)
[2021-06-03T21:15:47.341-0800][gc,heap     ] GC(215) Survivor regions: 2->1(32)
[2021-06-03T21:15:47.341-0800][gc,heap     ] GC(215) Old regions: 48->48
[2021-06-03T21:15:47.341-0800][gc,heap     ] GC(215) Archive regions: 2->2
[2021-06-03T21:15:47.341-0800][gc,heap     ] GC(215) Humongous regions: 164->164
[2021-06-03T21:15:47.341-0800][gc,metaspace] GC(215) Metaspace: 69380K(71344K)->69380K(71344K) NonClass: 61557K(62896K)->61557K(62896K) Class: 7822K(8448K)->7822K(8448K)
[2021-06-03T21:15:47.341-0800][gc          ] GC(215) Pause Young (Normal) (G1 Evacuation Pause) 466M->212M(512M) 3.082ms
[2021-06-03T21:15:47.341-0800][gc,cpu      ] GC(215) User=0.01s Sys=0.00s Real=0.01s
[2021-06-03T21:18:06.936-0800][gc,start    ] GC(216) Pause Young (Normal) (G1 Evacuation Pause)
[2021-06-03T21:18:06.937-0800][gc,task     ] GC(216) Using 10 workers of 10 for evacuation
[2021-06-03T21:18:06.940-0800][gc,phases   ] GC(216)   Pre Evacuate Collection Set: 0.2ms
[2021-06-03T21:18:06.940-0800][gc,phases   ] GC(216)   Merge Heap Roots: 0.1ms
[2021-06-03T21:18:06.940-0800][gc,phases   ] GC(216)   Evacuate Collection Set: 2.2ms
[2021-06-03T21:18:06.940-0800][gc,phases   ] GC(216)   Post Evacuate Collection Set: 0.5ms
[2021-06-03T21:18:06.940-0800][gc,phases   ] GC(216)   Other: 1.3ms
[2021-06-03T21:18:06.940-0800][gc,heap     ] GC(216) Eden regions: 255->0(255)
[2021-06-03T21:18:06.940-0800][gc,heap     ] GC(216) Survivor regions: 1->1(32)
[2021-06-03T21:18:06.940-0800][gc,heap     ] GC(216) Old regions: 48->48
[2021-06-03T21:18:06.940-0800][gc,heap     ] GC(216) Archive regions: 2->2
[2021-06-03T21:18:06.940-0800][gc,heap     ] GC(216) Humongous regions: 164->164
[2021-06-03T21:18:06.940-0800][gc,metaspace] GC(216) Metaspace: 69380K(71344K)->69380K(71344K) NonClass: 61557K(62896K)->61557K(62896K) Class: 7822K(8448K)->7822K(8448K)
[2021-06-03T21:18:06.941-0800][gc          ] GC(216) Pause Young (Normal) (G1 Evacuation Pause) 467M->212M(512M) 4.526ms
[2021-06-03T21:18:06.941-0800][gc,cpu      ] GC(216) User=0.01s Sys=0.01s Real=0.01s
[2021-06-03T21:20:26.025-0800][gc,start    ] GC(217) Pause Young (Normal) (G1 Evacuation Pause)
[2021-06-03T21:20:26.027-0800][gc,task     ] GC(217) Using 10 workers of 10 for evacuation
[2021-06-03T21:20:26.028-0800][gc,phases   ] GC(217)   Pre Evacuate Collection Set: 0.2ms
[2021-06-03T21:20:26.028-0800][gc,phases   ] GC(217)   Merge Heap Roots: 0.1ms
[2021-06-03T21:20:26.028-0800][gc,phases   ] GC(217)   Evacuate Collection Set: 0.9ms
[2021-06-03T21:20:26.028-0800][gc,phases   ] GC(217)   Post Evacuate Collection Set: 0.4ms
[2021-06-03T21:20:26.029-0800][gc,phases   ] GC(217)   Other: 1.8ms
[2021-06-03T21:20:26.029-0800][gc,heap     ] GC(217) Eden regions: 255->0(254)
[2021-06-03T21:20:26.029-0800][gc,heap     ] GC(217) Survivor regions: 1->2(32)
[2021-06-03T21:20:26.029-0800][gc,heap     ] GC(217) Old regions: 48->48
[2021-06-03T21:20:26.029-0800][gc,heap     ] GC(217) Archive regions: 2->2
[2021-06-03T21:20:26.029-0800][gc,heap     ] GC(217) Humongous regions: 164->164
[2021-06-03T21:20:26.029-0800][gc,metaspace] GC(217) Metaspace: 69380K(71344K)->69380K(71344K) NonClass: 61557K(62896K)->61557K(62896K) Class: 7822K(8448K)->7822K(8448K)
[2021-06-03T21:20:26.029-0800][gc          ] GC(217) Pause Young (Normal) (G1 Evacuation Pause) 467M->212M(512M) 3.519ms
[2021-06-03T21:20:26.029-0800][gc,cpu      ] GC(217) User=0.01s Sys=0.00s Real=0.00s
[2021-06-03T21:22:46.103-0800][gc,start    ] GC(218) Pause Young (Normal) (G1 Evacuation Pause)
[2021-06-03T21:22:46.104-0800][gc,task     ] GC(218) Using 10 workers of 10 for evacuation
[2021-06-03T21:22:46.106-0800][gc,phases   ] GC(218)   Pre Evacuate Collection Set: 0.1ms
[2021-06-03T21:22:46.106-0800][gc,phases   ] GC(218)   Merge Heap Roots: 0.1ms
[2021-06-03T21:22:46.106-0800][gc,phases   ] GC(218)   Evacuate Collection Set: 0.9ms
[2021-06-03T21:22:46.106-0800][gc,phases   ] GC(218)   Post Evacuate Collection Set: 0.4ms
[2021-06-03T21:22:46.106-0800][gc,phases   ] GC(218)   Other: 0.9ms
[2021-06-03T21:22:46.106-0800][gc,heap     ] GC(218) Eden regions: 254->0(254)
[2021-06-03T21:22:46.106-0800][gc,heap     ] GC(218) Survivor regions: 2->2(32)
[2021-06-03T21:22:46.106-0800][gc,heap     ] GC(218) Old regions: 48->48
[2021-06-03T21:22:46.106-0800][gc,heap     ] GC(218) Archive regions: 2->2
[2021-06-03T21:22:46.106-0800][gc,heap     ] GC(218) Humongous regions: 164->164
[2021-06-03T21:22:46.106-0800][gc,metaspace] GC(218) Metaspace: 69380K(71344K)->69380K(71344K) NonClass: 61557K(62896K)->61557K(62896K) Class: 7822K(8448K)->7822K(8448K)
[2021-06-03T21:22:46.106-0800][gc          ] GC(218) Pause Young (Normal) (G1 Evacuation Pause) 466M->213M(512M) 2.764ms
[2021-06-03T21:22:46.106-0800][gc,cpu      ] GC(218) User=0.01s Sys=0.00s Real=0.00s
[2021-06-03T21:25:06.197-0800][gc,start    ] GC(219) Pause Young (Normal) (G1 Evacuation Pause)
[2021-06-03T21:25:06.198-0800][gc,task     ] GC(219) Using 10 workers of 10 for evacuation
[2021-06-03T21:25:06.202-0800][gc,phases   ] GC(219)   Pre Evacuate Collection Set: 0.6ms
[2021-06-03T21:25:06.202-0800][gc,phases   ] GC(219)   Merge Heap Roots: 0.1ms
[2021-06-03T21:25:06.202-0800][gc,phases   ] GC(219)   Evacuate Collection Set: 2.2ms
[2021-06-03T21:25:06.202-0800][gc,phases   ] GC(219)   Post Evacuate Collection Set: 0.6ms
[2021-06-03T21:25:06.202-0800][gc,phases   ] GC(219)   Other: 1.3ms
[2021-06-03T21:25:06.202-0800][gc,heap     ] GC(219) Eden regions: 254->0(254)
[2021-06-03T21:25:06.202-0800][gc,heap     ] GC(219) Survivor regions: 2->2(32)
[2021-06-03T21:25:06.202-0800][gc,heap     ] GC(219) Old regions: 48->48
[2021-06-03T21:25:06.202-0800][gc,heap     ] GC(219) Archive regions: 2->2
[2021-06-03T21:25:06.202-0800][gc,heap     ] GC(219) Humongous regions: 164->164
[2021-06-03T21:25:06.202-0800][gc,metaspace] GC(219) Metaspace: 69380K(71344K)->69380K(71344K) NonClass: 61557K(62896K)->61557K(62896K) Class: 7822K(8448K)->7822K(8448K)
[2021-06-03T21:25:06.202-0800][gc          ] GC(219) Pause Young (Normal) (G1 Evacuation Pause) 467M->213M(512M) 5.053ms
[2021-06-03T21:25:06.202-0800][gc,cpu      ] GC(219) User=0.01s Sys=0.01s Real=0.01s
[2021-06-03T21:27:20.730-0800][gc,start    ] GC(220) Pause Young (Normal) (G1 Evacuation Pause)
[2021-06-03T21:27:20.731-0800][gc,task     ] GC(220) Using 10 workers of 10 for evacuation
[2021-06-03T21:27:20.737-0800][gc,phases   ] GC(220)   Pre Evacuate Collection Set: 0.1ms
[2021-06-03T21:27:20.737-0800][gc,phases   ] GC(220)   Merge Heap Roots: 0.1ms
[2021-06-03T21:27:20.737-0800][gc,phases   ] GC(220)   Evacuate Collection Set: 5.4ms
[2021-06-03T21:27:20.737-0800][gc,phases   ] GC(220)   Post Evacuate Collection Set: 0.3ms
[2021-06-03T21:27:20.737-0800][gc,phases   ] GC(220)   Other: 1.1ms
[2021-06-03T21:27:20.737-0800][gc,heap     ] GC(220) Eden regions: 254->0(254)
[2021-06-03T21:27:20.737-0800][gc,heap     ] GC(220) Survivor regions: 2->2(32)
[2021-06-03T21:27:20.737-0800][gc,heap     ] GC(220) Old regions: 48->48
[2021-06-03T21:27:20.738-0800][gc,heap     ] GC(220) Archive regions: 2->2
[2021-06-03T21:27:20.738-0800][gc,heap     ] GC(220) Humongous regions: 164->164
[2021-06-03T21:27:20.738-0800][gc,metaspace] GC(220) Metaspace: 69380K(71344K)->69380K(71344K) NonClass: 61557K(62896K)->61557K(62896K) Class: 7822K(8448K)->7822K(8448K)
[2021-06-03T21:27:20.738-0800][gc          ] GC(220) Pause Young (Normal) (G1 Evacuation Pause) 467M->213M(512M) 7.120ms
[2021-06-03T21:27:20.738-0800][gc,cpu      ] GC(220) User=0.02s Sys=0.00s Real=0.00s
[2021-06-03T21:29:37.427-0800][gc,start    ] GC(221) Pause Young (Normal) (G1 Evacuation Pause)
[2021-06-03T21:29:37.428-0800][gc,task     ] GC(221) Using 10 workers of 10 for evacuation
[2021-06-03T21:29:37.433-0800][gc,phases   ] GC(221)   Pre Evacuate Collection Set: 0.4ms
[2021-06-03T21:29:37.433-0800][gc,phases   ] GC(221)   Merge Heap Roots: 0.1ms
[2021-06-03T21:29:37.433-0800][gc,phases   ] GC(221)   Evacuate Collection Set: 2.4ms
[2021-06-03T21:29:37.433-0800][gc,phases   ] GC(221)   Post Evacuate Collection Set: 1.8ms
[2021-06-03T21:29:37.433-0800][gc,phases   ] GC(221)   Other: 1.1ms
[2021-06-03T21:29:37.433-0800][gc,heap     ] GC(221) Eden regions: 254->0(255)
[2021-06-03T21:29:37.433-0800][gc,heap     ] GC(221) Survivor regions: 2->1(32)
[2021-06-03T21:29:37.433-0800][gc,heap     ] GC(221) Old regions: 48->48
[2021-06-03T21:29:37.433-0800][gc,heap     ] GC(221) Archive regions: 2->2
[2021-06-03T21:29:37.433-0800][gc,heap     ] GC(221) Humongous regions: 164->164
[2021-06-03T21:29:37.433-0800][gc,metaspace] GC(221) Metaspace: 69380K(71344K)->69380K(71344K) NonClass: 61557K(62896K)->61557K(62896K) Class: 7822K(8448K)->7822K(8448K)
[2021-06-03T21:29:37.433-0800][gc          ] GC(221) Pause Young (Normal) (G1 Evacuation Pause) 467M->212M(512M) 6.010ms
[2021-06-03T21:29:37.433-0800][gc,cpu      ] GC(221) User=0.01s Sys=0.00s Real=0.01s
[2021-06-03T21:54:41.277-0800][gc,start    ] GC(222) Pause Young (Normal) (G1 Evacuation Pause)
[2021-06-03T21:54:41.278-0800][gc,task     ] GC(222) Using 10 workers of 10 for evacuation
[2021-06-03T21:54:41.283-0800][gc,phases   ] GC(222)   Pre Evacuate Collection Set: 0.3ms
[2021-06-03T21:54:41.283-0800][gc,phases   ] GC(222)   Merge Heap Roots: 0.1ms
[2021-06-03T21:54:41.283-0800][gc,phases   ] GC(222)   Evacuate Collection Set: 3.9ms
[2021-06-03T21:54:41.283-0800][gc,phases   ] GC(222)   Post Evacuate Collection Set: 0.7ms
[2021-06-03T21:54:41.283-0800][gc,phases   ] GC(222)   Other: 1.2ms
[2021-06-03T21:54:41.283-0800][gc,heap     ] GC(222) Eden regions: 255->0(254)
[2021-06-03T21:54:41.283-0800][gc,heap     ] GC(222) Survivor regions: 1->2(32)
[2021-06-03T21:54:41.283-0800][gc,heap     ] GC(222) Old regions: 48->48
[2021-06-03T21:54:41.283-0800][gc,heap     ] GC(222) Archive regions: 2->2
[2021-06-03T21:54:41.283-0800][gc,heap     ] GC(222) Humongous regions: 164->164
[2021-06-03T21:54:41.283-0800][gc,metaspace] GC(222) Metaspace: 69385K(71344K)->69385K(71344K) NonClass: 61563K(62896K)->61563K(62896K) Class: 7822K(8448K)->7822K(8448K)
[2021-06-03T21:54:41.283-0800][gc          ] GC(222) Pause Young (Normal) (G1 Evacuation Pause) 467M->213M(512M) 6.296ms
[2021-06-03T21:54:41.283-0800][gc,cpu      ] GC(222) User=0.01s Sys=0.02s Real=0.01s
[2021-06-03T21:56:53.130-0800][gc,start    ] GC(223) Pause Young (Normal) (G1 Evacuation Pause)
[2021-06-03T21:56:53.131-0800][gc,task     ] GC(223) Using 10 workers of 10 for evacuation
[2021-06-03T21:56:53.133-0800][gc,phases   ] GC(223)   Pre Evacuate Collection Set: 0.1ms
[2021-06-03T21:56:53.133-0800][gc,phases   ] GC(223)   Merge Heap Roots: 0.1ms
[2021-06-03T21:56:53.133-0800][gc,phases   ] GC(223)   Evacuate Collection Set: 1.4ms
[2021-06-03T21:56:53.133-0800][gc,phases   ] GC(223)   Post Evacuate Collection Set: 0.3ms
[2021-06-03T21:56:53.133-0800][gc,phases   ] GC(223)   Other: 0.8ms
[2021-06-03T21:56:53.133-0800][gc,heap     ] GC(223) Eden regions: 254->0(254)
[2021-06-03T21:56:53.133-0800][gc,heap     ] GC(223) Survivor regions: 2->2(32)
[2021-06-03T21:56:53.133-0800][gc,heap     ] GC(223) Old regions: 48->48
[2021-06-03T21:56:53.133-0800][gc,heap     ] GC(223) Archive regions: 2->2
[2021-06-03T21:56:53.133-0800][gc,heap     ] GC(223) Humongous regions: 164->164
[2021-06-03T21:56:53.133-0800][gc,metaspace] GC(223) Metaspace: 69385K(71344K)->69385K(71344K) NonClass: 61563K(62896K)->61563K(62896K) Class: 7822K(8448K)->7822K(8448K)
[2021-06-03T21:56:53.133-0800][gc          ] GC(223) Pause Young (Normal) (G1 Evacuation Pause) 467M->213M(512M) 2.763ms
[2021-06-03T21:56:53.133-0800][gc,cpu      ] GC(223) User=0.00s Sys=0.01s Real=0.00s
[2021-06-03T21:59:11.750-0800][gc,start    ] GC(224) Pause Young (Normal) (G1 Evacuation Pause)
