[2021-05-28T09:17:19.913-0800][gc] Using G1
[2021-05-28T09:17:19.917-0800][gc,init] Version: 15.0.1+9-18 (release)
[2021-05-28T09:17:19.917-0800][gc,init] CPUs: 12 total, 12 available
[2021-05-28T09:17:19.917-0800][gc,init] Memory: 16384M
[2021-05-28T09:17:19.917-0800][gc,init] Large Page Support: Disabled
[2021-05-28T09:17:19.917-0800][gc,init] NUMA Support: Disabled
[2021-05-28T09:17:19.917-0800][gc,init] Compressed Oops: Enabled (Zero based)
[2021-05-28T09:17:19.917-0800][gc,init] Heap Region Size: 1M
[2021-05-28T09:17:19.917-0800][gc,init] Heap Min Capacity: 512M
[2021-05-28T09:17:19.917-0800][gc,init] Heap Initial Capacity: 512M
[2021-05-28T09:17:19.917-0800][gc,init] Heap Max Capacity: 512M
[2021-05-28T09:17:19.917-0800][gc,init] Pre-touch: Disabled
[2021-05-28T09:17:19.917-0800][gc,init] Parallel Workers: 10
[2021-05-28T09:17:19.917-0800][gc,init] Concurrent Workers: 3
[2021-05-28T09:17:19.917-0800][gc,init] Concurrent Refinement Workers: 10
[2021-05-28T09:17:19.917-0800][gc,init] Periodic GC: Disabled
[2021-05-28T09:17:19.918-0800][gc,cds ] Mark closed archive regions in map: [0x00000007fff00000, 0x00000007fff78ff8]
[2021-05-28T09:17:19.918-0800][gc,cds ] Mark open archive regions in map: [0x00000007ffe00000, 0x00000007ffe50ff8]
[2021-05-28T09:17:19.918-0800][gc,metaspace] CDS archive(s) mapped at: [0x0000000800000000-0x0000000800b2c000-0x0000000800b2c000), size 11714560, SharedBaseAddress: 0x0000000800000000, ArchiveRelocationMode: 0.
[2021-05-28T09:17:19.918-0800][gc,metaspace] Compressed class space mapped at: 0x0000000800b2c000-0x0000000840b2c000, size: 1073741824
[2021-05-28T09:17:19.918-0800][gc,metaspace] Narrow klass base: 0x0000000800000000, Narrow klass shift: 3, Narrow klass range: 0x100000000
[2021-05-28T09:17:21.251-0800][gc,start    ] GC(0) Pause Young (Normal) (G1 Evacuation Pause)
[2021-05-28T09:17:21.251-0800][gc,task     ] GC(0) Using 10 workers of 10 for evacuation
[2021-05-28T09:17:21.258-0800][gc,phases   ] GC(0)   Pre Evacuate Collection Set: 0.1ms
[2021-05-28T09:17:21.258-0800][gc,phases   ] GC(0)   Merge Heap Roots: 0.1ms
[2021-05-28T09:17:21.258-0800][gc,phases   ] GC(0)   Evacuate Collection Set: 4.6ms
[2021-05-28T09:17:21.258-0800][gc,phases   ] GC(0)   Post Evacuate Collection Set: 1.3ms
[2021-05-28T09:17:21.258-0800][gc,phases   ] GC(0)   Other: 0.6ms
[2021-05-28T09:17:21.258-0800][gc,heap     ] GC(0) Eden regions: 256->0(249)
[2021-05-28T09:17:21.258-0800][gc,heap     ] GC(0) Survivor regions: 0->7(32)
[2021-05-28T09:17:21.258-0800][gc,heap     ] GC(0) Old regions: 0->0
[2021-05-28T09:17:21.258-0800][gc,heap     ] GC(0) Archive regions: 2->2
[2021-05-28T09:17:21.258-0800][gc,heap     ] GC(0) Humongous regions: 0->0
[2021-05-28T09:17:21.258-0800][gc,metaspace] GC(0) Metaspace: 16609K(17280K)->16609K(17280K) NonClass: 14600K(15104K)->14600K(15104K) Class: 2009K(2176K)->2009K(2176K)
[2021-05-28T09:17:21.258-0800][gc          ] GC(0) Pause Young (Normal) (G1 Evacuation Pause) 256M->7M(512M) 6.834ms
[2021-05-28T09:17:21.258-0800][gc,cpu      ] GC(0) User=0.03s Sys=0.01s Real=0.00s
[2021-05-28T09:17:21.506-0800][gc,start    ] GC(1) Pause Young (Concurrent Start) (Metadata GC Threshold)
[2021-05-28T09:17:21.506-0800][gc,task     ] GC(1) Using 10 workers of 10 for evacuation
[2021-05-28T09:17:21.510-0800][gc,phases   ] GC(1)   Pre Evacuate Collection Set: 0.1ms
[2021-05-28T09:17:21.510-0800][gc,phases   ] GC(1)   Merge Heap Roots: 0.0ms
[2021-05-28T09:17:21.510-0800][gc,phases   ] GC(1)   Evacuate Collection Set: 2.9ms
[2021-05-28T09:17:21.510-0800][gc,phases   ] GC(1)   Post Evacuate Collection Set: 0.5ms
[2021-05-28T09:17:21.510-0800][gc,phases   ] GC(1)   Other: 0.2ms
[2021-05-28T09:17:21.510-0800][gc,heap     ] GC(1) Eden regions: 113->0(248)
[2021-05-28T09:17:21.510-0800][gc,heap     ] GC(1) Survivor regions: 7->8(32)
[2021-05-28T09:17:21.510-0800][gc,heap     ] GC(1) Old regions: 0->0
[2021-05-28T09:17:21.510-0800][gc,heap     ] GC(1) Archive regions: 2->2
[2021-05-28T09:17:21.510-0800][gc,heap     ] GC(1) Humongous regions: 0->0
[2021-05-28T09:17:21.510-0800][gc,metaspace] GC(1) Metaspace: 20799K(21296K)->20799K(21296K) NonClass: 18269K(18608K)->18269K(18608K) Class: 2529K(2688K)->2529K(2688K)
[2021-05-28T09:17:21.510-0800][gc          ] GC(1) Pause Young (Concurrent Start) (Metadata GC Threshold) 120M->8M(512M) 3.880ms
[2021-05-28T09:17:21.510-0800][gc,cpu      ] GC(1) User=0.03s Sys=0.00s Real=0.01s
[2021-05-28T09:17:21.510-0800][gc          ] GC(2) Concurrent Cycle
[2021-05-28T09:17:21.510-0800][gc,marking  ] GC(2) Concurrent Clear Claimed Marks
[2021-05-28T09:17:21.510-0800][gc,marking  ] GC(2) Concurrent Clear Claimed Marks 0.023ms
[2021-05-28T09:17:21.510-0800][gc,marking  ] GC(2) Concurrent Scan Root Regions
[2021-05-28T09:17:21.512-0800][gc,marking  ] GC(2) Concurrent Scan Root Regions 1.945ms
[2021-05-28T09:17:21.512-0800][gc,marking  ] GC(2) Concurrent Mark (1.609s)
[2021-05-28T09:17:21.512-0800][gc,marking  ] GC(2) Concurrent Mark From Roots
[2021-05-28T09:17:21.512-0800][gc,task     ] GC(2) Using 3 workers of 3 for marking
[2021-05-28T09:17:21.513-0800][gc,marking  ] GC(2) Concurrent Mark From Roots 0.728ms
[2021-05-28T09:17:21.513-0800][gc,marking  ] GC(2) Concurrent Preclean
[2021-05-28T09:17:21.513-0800][gc,marking  ] GC(2) Concurrent Preclean 0.040ms
[2021-05-28T09:17:21.513-0800][gc,marking  ] GC(2) Concurrent Mark (1.609s, 1.610s) 0.804ms
[2021-05-28T09:17:21.513-0800][gc,start    ] GC(2) Pause Remark
[2021-05-28T09:17:21.514-0800][gc          ] GC(2) Pause Remark 9M->9M(512M) 0.751ms
[2021-05-28T09:17:21.514-0800][gc,cpu      ] GC(2) User=0.01s Sys=0.00s Real=0.00s
[2021-05-28T09:17:21.514-0800][gc,marking  ] GC(2) Concurrent Rebuild Remembered Sets
[2021-05-28T09:17:21.514-0800][gc,marking  ] GC(2) Concurrent Rebuild Remembered Sets 0.329ms
[2021-05-28T09:17:21.514-0800][gc,start    ] GC(2) Pause Cleanup
[2021-05-28T09:17:21.514-0800][gc          ] GC(2) Pause Cleanup 9M->9M(512M) 0.078ms
[2021-05-28T09:17:21.514-0800][gc,cpu      ] GC(2) User=0.00s Sys=0.00s Real=0.00s
[2021-05-28T09:17:21.514-0800][gc,marking  ] GC(2) Concurrent Cleanup for Next Mark
[2021-05-28T09:17:21.517-0800][gc,marking  ] GC(2) Concurrent Cleanup for Next Mark 2.099ms
[2021-05-28T09:17:21.517-0800][gc          ] GC(2) Concurrent Cycle 6.560ms
[2021-05-28T09:17:22.162-0800][gc,start    ] GC(3) Pause Young (Normal) (G1 Evacuation Pause)
[2021-05-28T09:17:22.162-0800][gc,task     ] GC(3) Using 10 workers of 10 for evacuation
[2021-05-28T09:17:22.168-0800][gc,phases   ] GC(3)   Pre Evacuate Collection Set: 0.1ms
[2021-05-28T09:17:22.168-0800][gc,phases   ] GC(3)   Merge Heap Roots: 0.1ms
[2021-05-28T09:17:22.168-0800][gc,phases   ] GC(3)   Evacuate Collection Set: 5.0ms
[2021-05-28T09:17:22.168-0800][gc,phases   ] GC(3)   Post Evacuate Collection Set: 0.7ms
[2021-05-28T09:17:22.168-0800][gc,phases   ] GC(3)   Other: 0.1ms
[2021-05-28T09:17:22.168-0800][gc,heap     ] GC(3) Eden regions: 248->0(244)
[2021-05-28T09:17:22.168-0800][gc,heap     ] GC(3) Survivor regions: 8->12(32)
[2021-05-28T09:17:22.168-0800][gc,heap     ] GC(3) Old regions: 0->0
[2021-05-28T09:17:22.168-0800][gc,heap     ] GC(3) Archive regions: 2->2
[2021-05-28T09:17:22.168-0800][gc,heap     ] GC(3) Humongous regions: 0->0
[2021-05-28T09:17:22.168-0800][gc,metaspace] GC(3) Metaspace: 23631K(24240K)->23631K(24240K) NonClass: 20800K(21168K)->20800K(21168K) Class: 2830K(3072K)->2830K(3072K)
[2021-05-28T09:17:22.168-0800][gc          ] GC(3) Pause Young (Normal) (G1 Evacuation Pause) 256M->12M(512M) 6.072ms
[2021-05-28T09:17:22.168-0800][gc,cpu      ] GC(3) User=0.05s Sys=0.00s Real=0.00s
[2021-05-28T09:17:23.517-0800][gc,start    ] GC(4) Pause Young (Concurrent Start) (Metadata GC Threshold)
[2021-05-28T09:17:23.517-0800][gc,task     ] GC(4) Using 10 workers of 10 for evacuation
[2021-05-28T09:17:23.527-0800][gc,phases   ] GC(4)   Pre Evacuate Collection Set: 0.1ms
[2021-05-28T09:17:23.527-0800][gc,phases   ] GC(4)   Merge Heap Roots: 0.1ms
[2021-05-28T09:17:23.527-0800][gc,phases   ] GC(4)   Evacuate Collection Set: 8.3ms
[2021-05-28T09:17:23.527-0800][gc,phases   ] GC(4)   Post Evacuate Collection Set: 1.2ms
[2021-05-28T09:17:23.527-0800][gc,phases   ] GC(4)   Other: 0.1ms
[2021-05-28T09:17:23.527-0800][gc,heap     ] GC(4) Eden regions: 240->0(233)
[2021-05-28T09:17:23.527-0800][gc,heap     ] GC(4) Survivor regions: 12->23(32)
[2021-05-28T09:17:23.527-0800][gc,heap     ] GC(4) Old regions: 0->0
[2021-05-28T09:17:23.527-0800][gc,heap     ] GC(4) Archive regions: 2->2
[2021-05-28T09:17:23.527-0800][gc,heap     ] GC(4) Humongous regions: 0->0
[2021-05-28T09:17:23.527-0800][gc,metaspace] GC(4) Metaspace: 35109K(35888K)->35109K(35888K) NonClass: 30871K(31408K)->30871K(31408K) Class: 4238K(4480K)->4238K(4480K)
[2021-05-28T09:17:23.527-0800][gc          ] GC(4) Pause Young (Concurrent Start) (Metadata GC Threshold) 252M->22M(512M) 10.002ms
[2021-05-28T09:17:23.527-0800][gc,cpu      ] GC(4) User=0.08s Sys=0.01s Real=0.01s
[2021-05-28T09:17:23.527-0800][gc          ] GC(5) Concurrent Cycle
[2021-05-28T09:17:23.527-0800][gc,marking  ] GC(5) Concurrent Clear Claimed Marks
[2021-05-28T09:17:23.527-0800][gc,marking  ] GC(5) Concurrent Clear Claimed Marks 0.035ms
[2021-05-28T09:17:23.527-0800][gc,marking  ] GC(5) Concurrent Scan Root Regions
[2021-05-28T09:17:23.531-0800][gc,marking  ] GC(5) Concurrent Scan Root Regions 4.330ms
[2021-05-28T09:17:23.531-0800][gc,marking  ] GC(5) Concurrent Mark (3.629s)
[2021-05-28T09:17:23.531-0800][gc,marking  ] GC(5) Concurrent Mark From Roots
[2021-05-28T09:17:23.531-0800][gc,task     ] GC(5) Using 3 workers of 3 for marking
[2021-05-28T09:17:23.532-0800][gc,marking  ] GC(5) Concurrent Mark From Roots 0.781ms
[2021-05-28T09:17:23.532-0800][gc,marking  ] GC(5) Concurrent Preclean
[2021-05-28T09:17:23.532-0800][gc,marking  ] GC(5) Concurrent Preclean 0.027ms
[2021-05-28T09:17:23.532-0800][gc,marking  ] GC(5) Concurrent Mark (3.629s, 3.629s) 0.850ms
[2021-05-28T09:17:23.532-0800][gc,start    ] GC(5) Pause Remark
[2021-05-28T09:17:23.533-0800][gc          ] GC(5) Pause Remark 23M->23M(512M) 1.178ms
[2021-05-28T09:17:23.534-0800][gc,cpu      ] GC(5) User=0.01s Sys=0.00s Real=0.00s
[2021-05-28T09:17:23.534-0800][gc,marking  ] GC(5) Concurrent Rebuild Remembered Sets
[2021-05-28T09:17:23.534-0800][gc,marking  ] GC(5) Concurrent Rebuild Remembered Sets 0.353ms
[2021-05-28T09:17:23.534-0800][gc,start    ] GC(5) Pause Cleanup
[2021-05-28T09:17:23.534-0800][gc          ] GC(5) Pause Cleanup 23M->23M(512M) 0.073ms
[2021-05-28T09:17:23.534-0800][gc,cpu      ] GC(5) User=0.00s Sys=0.00s Real=0.00s
[2021-05-28T09:17:23.534-0800][gc,marking  ] GC(5) Concurrent Cleanup for Next Mark
[2021-05-28T09:17:23.537-0800][gc,marking  ] GC(5) Concurrent Cleanup for Next Mark 2.864ms
[2021-05-28T09:17:23.537-0800][gc          ] GC(5) Concurrent Cycle 10.132ms
[2021-05-28T09:17:25.292-0800][gc,start    ] GC(6) Pause Young (Normal) (G1 Evacuation Pause)
[2021-05-28T09:17:25.292-0800][gc,task     ] GC(6) Using 10 workers of 10 for evacuation
[2021-05-28T09:17:25.306-0800][gc,phases   ] GC(6)   Pre Evacuate Collection Set: 0.1ms
[2021-05-28T09:17:25.307-0800][gc,phases   ] GC(6)   Merge Heap Roots: 0.0ms
[2021-05-28T09:17:25.307-0800][gc,phases   ] GC(6)   Evacuate Collection Set: 12.7ms
[2021-05-28T09:17:25.307-0800][gc,phases   ] GC(6)   Post Evacuate Collection Set: 1.7ms
[2021-05-28T09:17:25.307-0800][gc,phases   ] GC(6)   Other: 0.1ms
[2021-05-28T09:17:25.307-0800][gc,heap     ] GC(6) Eden regions: 233->0(231)
[2021-05-28T09:17:25.307-0800][gc,heap     ] GC(6) Survivor regions: 23->25(32)
[2021-05-28T09:17:25.307-0800][gc,heap     ] GC(6) Old regions: 0->6
[2021-05-28T09:17:25.307-0800][gc,heap     ] GC(6) Archive regions: 2->2
[2021-05-28T09:17:25.307-0800][gc,heap     ] GC(6) Humongous regions: 0->0
[2021-05-28T09:17:25.307-0800][gc,metaspace] GC(6) Metaspace: 51911K(53168K)->51911K(53168K) NonClass: 45800K(46768K)->45800K(46768K) Class: 6111K(6400K)->6111K(6400K)
[2021-05-28T09:17:25.307-0800][gc          ] GC(6) Pause Young (Normal) (G1 Evacuation Pause) 255M->31M(512M) 14.805ms
[2021-05-28T09:17:25.307-0800][gc,cpu      ] GC(6) User=0.12s Sys=0.02s Real=0.01s
[2021-05-28T09:17:26.167-0800][gc,start    ] GC(7) Pause Young (Concurrent Start) (Metadata GC Threshold)
[2021-05-28T09:17:26.167-0800][gc,task     ] GC(7) Using 10 workers of 10 for evacuation
[2021-05-28T09:17:26.179-0800][gc,phases   ] GC(7)   Pre Evacuate Collection Set: 0.2ms
[2021-05-28T09:17:26.179-0800][gc,phases   ] GC(7)   Merge Heap Roots: 0.1ms
[2021-05-28T09:17:26.179-0800][gc,phases   ] GC(7)   Evacuate Collection Set: 11.1ms
[2021-05-28T09:17:26.180-0800][gc,phases   ] GC(7)   Post Evacuate Collection Set: 1.0ms
[2021-05-28T09:17:26.180-0800][gc,phases   ] GC(7)   Other: 0.2ms
[2021-05-28T09:17:26.180-0800][gc,heap     ] GC(7) Eden regions: 147->0(240)
[2021-05-28T09:17:26.180-0800][gc,heap     ] GC(7) Survivor regions: 25->16(32)
[2021-05-28T09:17:26.180-0800][gc,heap     ] GC(7) Old regions: 6->21
[2021-05-28T09:17:26.180-0800][gc,heap     ] GC(7) Archive regions: 2->2
[2021-05-28T09:17:26.180-0800][gc,heap     ] GC(7) Humongous regions: 0->0
[2021-05-28T09:17:26.180-0800][gc,metaspace] GC(7) Metaspace: 58878K(60208K)->58878K(60208K) NonClass: 51852K(52656K)->51852K(52656K) Class: 7026K(7552K)->7026K(7552K)
[2021-05-28T09:17:26.180-0800][gc          ] GC(7) Pause Young (Concurrent Start) (Metadata GC Threshold) 178M->37M(512M) 12.582ms
[2021-05-28T09:17:26.180-0800][gc,cpu      ] GC(7) User=0.09s Sys=0.02s Real=0.02s
[2021-05-28T09:17:26.180-0800][gc          ] GC(8) Concurrent Cycle
[2021-05-28T09:17:26.180-0800][gc,marking  ] GC(8) Concurrent Clear Claimed Marks
[2021-05-28T09:17:26.180-0800][gc,marking  ] GC(8) Concurrent Clear Claimed Marks 0.048ms
[2021-05-28T09:17:26.180-0800][gc,marking  ] GC(8) Concurrent Scan Root Regions
[2021-05-28T09:17:26.187-0800][gc,marking  ] GC(8) Concurrent Scan Root Regions 6.764ms
[2021-05-28T09:17:26.187-0800][gc,marking  ] GC(8) Concurrent Mark (6.284s)
[2021-05-28T09:17:26.187-0800][gc,marking  ] GC(8) Concurrent Mark From Roots
[2021-05-28T09:17:26.187-0800][gc,task     ] GC(8) Using 3 workers of 3 for marking
[2021-05-28T09:17:26.191-0800][gc,marking  ] GC(8) Concurrent Mark From Roots 3.986ms
[2021-05-28T09:17:26.191-0800][gc,marking  ] GC(8) Concurrent Preclean
[2021-05-28T09:17:26.191-0800][gc,marking  ] GC(8) Concurrent Preclean 0.046ms
[2021-05-28T09:17:26.191-0800][gc,marking  ] GC(8) Concurrent Mark (6.284s, 6.288s) 4.113ms
[2021-05-28T09:17:26.191-0800][gc,start    ] GC(8) Pause Remark
[2021-05-28T09:17:26.192-0800][gc          ] GC(8) Pause Remark 42M->42M(512M) 1.475ms
[2021-05-28T09:17:26.192-0800][gc,cpu      ] GC(8) User=0.02s Sys=0.00s Real=0.00s
[2021-05-28T09:17:26.192-0800][gc,marking  ] GC(8) Concurrent Rebuild Remembered Sets
[2021-05-28T09:17:26.199-0800][gc,marking  ] GC(8) Concurrent Rebuild Remembered Sets 6.878ms
[2021-05-28T09:17:26.200-0800][gc,start    ] GC(8) Pause Cleanup
[2021-05-28T09:17:26.200-0800][gc          ] GC(8) Pause Cleanup 43M->43M(512M) 0.104ms
[2021-05-28T09:17:26.200-0800][gc,cpu      ] GC(8) User=0.00s Sys=0.00s Real=0.00s
[2021-05-28T09:17:26.200-0800][gc,marking  ] GC(8) Concurrent Cleanup for Next Mark
[2021-05-28T09:17:26.201-0800][gc,marking  ] GC(8) Concurrent Cleanup for Next Mark 0.642ms
[2021-05-28T09:17:26.201-0800][gc          ] GC(8) Concurrent Cycle 20.999ms
[2021-05-28T09:18:45.377-0800][gc,start    ] GC(9) Pause Young (Normal) (G1 Evacuation Pause)
[2021-05-28T09:18:45.377-0800][gc,task     ] GC(9) Using 10 workers of 10 for evacuation
[2021-05-28T09:18:45.391-0800][gc,phases   ] GC(9)   Pre Evacuate Collection Set: 0.1ms
[2021-05-28T09:18:45.391-0800][gc,phases   ] GC(9)   Merge Heap Roots: 0.1ms
[2021-05-28T09:18:45.391-0800][gc,phases   ] GC(9)   Evacuate Collection Set: 12.3ms
[2021-05-28T09:18:45.391-0800][gc,phases   ] GC(9)   Post Evacuate Collection Set: 1.1ms
[2021-05-28T09:18:45.391-0800][gc,phases   ] GC(9)   Other: 0.5ms
[2021-05-28T09:18:45.391-0800][gc,heap     ] GC(9) Eden regions: 240->0(239)
[2021-05-28T09:18:45.391-0800][gc,heap     ] GC(9) Survivor regions: 16->17(32)
[2021-05-28T09:18:45.391-0800][gc,heap     ] GC(9) Old regions: 21->21
[2021-05-28T09:18:45.391-0800][gc,heap     ] GC(9) Archive regions: 2->2
[2021-05-28T09:18:45.391-0800][gc,heap     ] GC(9) Humongous regions: 12->12
[2021-05-28T09:18:45.391-0800][gc,metaspace] GC(9) Metaspace: 65913K(67504K)->65913K(67504K) NonClass: 58290K(59312K)->58290K(59312K) Class: 7622K(8192K)->7622K(8192K)
[2021-05-28T09:18:45.391-0800][gc          ] GC(9) Pause Young (Normal) (G1 Evacuation Pause) 289M->50M(512M) 14.356ms
[2021-05-28T09:18:45.391-0800][gc,cpu      ] GC(9) User=0.07s Sys=0.02s Real=0.02s
[2021-05-28T09:20:49.010-0800][gc,start    ] GC(10) Pause Young (Normal) (G1 Evacuation Pause)
[2021-05-28T09:20:49.010-0800][gc,task     ] GC(10) Using 10 workers of 10 for evacuation
[2021-05-28T09:20:49.018-0800][gc,phases   ] GC(10)   Pre Evacuate Collection Set: 0.1ms
[2021-05-28T09:20:49.018-0800][gc,phases   ] GC(10)   Merge Heap Roots: 0.1ms
[2021-05-28T09:20:49.018-0800][gc,phases   ] GC(10)   Evacuate Collection Set: 6.2ms
[2021-05-28T09:20:49.018-0800][gc,phases   ] GC(10)   Post Evacuate Collection Set: 0.8ms
[2021-05-28T09:20:49.018-0800][gc,phases   ] GC(10)   Other: 1.6ms
[2021-05-28T09:20:49.018-0800][gc,heap     ] GC(10) Eden regions: 239->0(238)
[2021-05-28T09:20:49.018-0800][gc,heap     ] GC(10) Survivor regions: 17->18(32)
[2021-05-28T09:20:49.018-0800][gc,heap     ] GC(10) Old regions: 21->21
[2021-05-28T09:20:49.018-0800][gc,heap     ] GC(10) Archive regions: 2->2
[2021-05-28T09:20:49.018-0800][gc,heap     ] GC(10) Humongous regions: 14->14
[2021-05-28T09:20:49.018-0800][gc,metaspace] GC(10) Metaspace: 66213K(68016K)->66213K(68016K) NonClass: 58589K(59824K)->58589K(59824K) Class: 7623K(8192K)->7623K(8192K)
[2021-05-28T09:20:49.018-0800][gc          ] GC(10) Pause Young (Normal) (G1 Evacuation Pause) 291M->52M(512M) 7.906ms
[2021-05-28T09:20:49.018-0800][gc,cpu      ] GC(10) User=0.06s Sys=0.00s Real=0.00s
[2021-05-28T09:22:55.463-0800][gc,start    ] GC(11) Pause Young (Normal) (G1 Evacuation Pause)
[2021-05-28T09:22:55.463-0800][gc,task     ] GC(11) Using 10 workers of 10 for evacuation
[2021-05-28T09:22:55.471-0800][gc,phases   ] GC(11)   Pre Evacuate Collection Set: 0.2ms
[2021-05-28T09:22:55.471-0800][gc,phases   ] GC(11)   Merge Heap Roots: 0.1ms
[2021-05-28T09:22:55.471-0800][gc,phases   ] GC(11)   Evacuate Collection Set: 6.7ms
[2021-05-28T09:22:55.471-0800][gc,phases   ] GC(11)   Post Evacuate Collection Set: 0.8ms
[2021-05-28T09:22:55.471-0800][gc,phases   ] GC(11)   Other: 0.7ms
[2021-05-28T09:22:55.471-0800][gc,heap     ] GC(11) Eden regions: 238->0(239)
[2021-05-28T09:22:55.471-0800][gc,heap     ] GC(11) Survivor regions: 18->17(32)
[2021-05-28T09:22:55.471-0800][gc,heap     ] GC(11) Old regions: 21->21
[2021-05-28T09:22:55.471-0800][gc,heap     ] GC(11) Archive regions: 2->2
[2021-05-28T09:22:55.471-0800][gc,heap     ] GC(11) Humongous regions: 14->14
[2021-05-28T09:22:55.471-0800][gc,metaspace] GC(11) Metaspace: 66265K(68016K)->66265K(68016K) NonClass: 58640K(59824K)->58640K(59824K) Class: 7625K(8192K)->7625K(8192K)
[2021-05-28T09:22:55.471-0800][gc          ] GC(11) Pause Young (Normal) (G1 Evacuation Pause) 290M->52M(512M) 8.597ms
[2021-05-28T09:22:55.471-0800][gc,cpu      ] GC(11) User=0.06s Sys=0.00s Real=0.01s
[2021-05-28T09:25:02.659-0800][gc,start    ] GC(12) Pause Young (Normal) (G1 Evacuation Pause)
[2021-05-28T09:25:02.660-0800][gc,task     ] GC(12) Using 10 workers of 10 for evacuation
[2021-05-28T09:25:02.669-0800][gc,phases   ] GC(12)   Pre Evacuate Collection Set: 0.1ms
[2021-05-28T09:25:02.669-0800][gc,phases   ] GC(12)   Merge Heap Roots: 0.1ms
[2021-05-28T09:25:02.669-0800][gc,phases   ] GC(12)   Evacuate Collection Set: 7.4ms
[2021-05-28T09:25:02.669-0800][gc,phases   ] GC(12)   Post Evacuate Collection Set: 0.8ms
[2021-05-28T09:25:02.669-0800][gc,phases   ] GC(12)   Other: 1.0ms
[2021-05-28T09:25:02.669-0800][gc,heap     ] GC(12) Eden regions: 239->0(238)
[2021-05-28T09:25:02.669-0800][gc,heap     ] GC(12) Survivor regions: 17->18(32)
[2021-05-28T09:25:02.669-0800][gc,heap     ] GC(12) Old regions: 21->21
[2021-05-28T09:25:02.669-0800][gc,heap     ] GC(12) Archive regions: 2->2
[2021-05-28T09:25:02.669-0800][gc,heap     ] GC(12) Humongous regions: 14->14
[2021-05-28T09:25:02.669-0800][gc,metaspace] GC(12) Metaspace: 66307K(68016K)->66307K(68016K) NonClass: 58678K(59824K)->58678K(59824K) Class: 7629K(8192K)->7629K(8192K)
[2021-05-28T09:25:02.669-0800][gc          ] GC(12) Pause Young (Normal) (G1 Evacuation Pause) 291M->52M(512M) 9.513ms
[2021-05-28T09:25:02.669-0800][gc,cpu      ] GC(12) User=0.06s Sys=0.01s Real=0.01s
[2021-05-28T09:27:10.644-0800][gc,start    ] GC(13) Pause Young (Normal) (G1 Evacuation Pause)
[2021-05-28T09:27:10.645-0800][gc,task     ] GC(13) Using 10 workers of 10 for evacuation
[2021-05-28T09:27:10.653-0800][gc,phases   ] GC(13)   Pre Evacuate Collection Set: 0.1ms
[2021-05-28T09:27:10.653-0800][gc,phases   ] GC(13)   Merge Heap Roots: 0.1ms
[2021-05-28T09:27:10.653-0800][gc,phases   ] GC(13)   Evacuate Collection Set: 6.3ms
[2021-05-28T09:27:10.653-0800][gc,phases   ] GC(13)   Post Evacuate Collection Set: 1.0ms
[2021-05-28T09:27:10.653-0800][gc,phases   ] GC(13)   Other: 1.2ms
[2021-05-28T09:27:10.653-0800][gc,heap     ] GC(13) Eden regions: 238->0(239)
[2021-05-28T09:27:10.653-0800][gc,heap     ] GC(13) Survivor regions: 18->17(32)
[2021-05-28T09:27:10.653-0800][gc,heap     ] GC(13) Old regions: 21->21
[2021-05-28T09:27:10.653-0800][gc,heap     ] GC(13) Archive regions: 2->2
[2021-05-28T09:27:10.653-0800][gc,heap     ] GC(13) Humongous regions: 14->14
[2021-05-28T09:27:10.653-0800][gc,metaspace] GC(13) Metaspace: 66340K(68272K)->66340K(68272K) NonClass: 58709K(60080K)->58709K(60080K) Class: 7631K(8192K)->7631K(8192K)
[2021-05-28T09:27:10.653-0800][gc          ] GC(13) Pause Young (Normal) (G1 Evacuation Pause) 290M->52M(512M) 8.921ms
[2021-05-28T09:27:10.653-0800][gc,cpu      ] GC(13) User=0.06s Sys=0.00s Real=0.01s
[2021-05-28T09:29:19.287-0800][gc,start    ] GC(14) Pause Young (Normal) (G1 Evacuation Pause)
[2021-05-28T09:29:19.288-0800][gc,task     ] GC(14) Using 10 workers of 10 for evacuation
[2021-05-28T09:29:19.296-0800][gc,phases   ] GC(14)   Pre Evacuate Collection Set: 0.2ms
[2021-05-28T09:29:19.296-0800][gc,phases   ] GC(14)   Merge Heap Roots: 0.1ms
[2021-05-28T09:29:19.296-0800][gc,phases   ] GC(14)   Evacuate Collection Set: 7.1ms
[2021-05-28T09:29:19.296-0800][gc,phases   ] GC(14)   Post Evacuate Collection Set: 1.0ms
[2021-05-28T09:29:19.296-0800][gc,phases   ] GC(14)   Other: 1.2ms
[2021-05-28T09:29:19.296-0800][gc,heap     ] GC(14) Eden regions: 239->0(239)
[2021-05-28T09:29:19.296-0800][gc,heap     ] GC(14) Survivor regions: 17->17(32)
[2021-05-28T09:29:19.297-0800][gc,heap     ] GC(14) Old regions: 21->21
[2021-05-28T09:29:19.297-0800][gc,heap     ] GC(14) Archive regions: 2->2
[2021-05-28T09:29:19.297-0800][gc,heap     ] GC(14) Humongous regions: 14->14
[2021-05-28T09:29:19.297-0800][gc,metaspace] GC(14) Metaspace: 66647K(68656K)->66647K(68656K) NonClass: 58977K(60336K)->58977K(60336K) Class: 7670K(8320K)->7670K(8320K)
[2021-05-28T09:29:19.297-0800][gc          ] GC(14) Pause Young (Normal) (G1 Evacuation Pause) 291M->51M(512M) 9.789ms
[2021-05-28T09:29:19.297-0800][gc,cpu      ] GC(14) User=0.07s Sys=0.00s Real=0.01s
[2021-05-28T09:31:29.197-0800][gc,start    ] GC(15) Pause Young (Normal) (G1 Evacuation Pause)
[2021-05-28T09:31:29.197-0800][gc,task     ] GC(15) Using 10 workers of 10 for evacuation
[2021-05-28T09:31:29.204-0800][gc,phases   ] GC(15)   Pre Evacuate Collection Set: 0.1ms
[2021-05-28T09:31:29.204-0800][gc,phases   ] GC(15)   Merge Heap Roots: 0.1ms
[2021-05-28T09:31:29.204-0800][gc,phases   ] GC(15)   Evacuate Collection Set: 6.1ms
[2021-05-28T09:31:29.204-0800][gc,phases   ] GC(15)   Post Evacuate Collection Set: 0.9ms
[2021-05-28T09:31:29.204-0800][gc,phases   ] GC(15)   Other: 0.4ms
[2021-05-28T09:31:29.204-0800][gc,heap     ] GC(15) Eden regions: 239->0(239)
[2021-05-28T09:31:29.204-0800][gc,heap     ] GC(15) Survivor regions: 17->17(32)
[2021-05-28T09:31:29.204-0800][gc,heap     ] GC(15) Old regions: 21->21
[2021-05-28T09:31:29.204-0800][gc,heap     ] GC(15) Archive regions: 2->2
[2021-05-28T09:31:29.204-0800][gc,heap     ] GC(15) Humongous regions: 14->14
[2021-05-28T09:31:29.204-0800][gc,metaspace] GC(15) Metaspace: 66659K(68656K)->66659K(68656K) NonClass: 58988K(60336K)->58988K(60336K) Class: 7670K(8320K)->7670K(8320K)
[2021-05-28T09:31:29.204-0800][gc          ] GC(15) Pause Young (Normal) (G1 Evacuation Pause) 290M->51M(512M) 7.698ms
[2021-05-28T09:31:29.204-0800][gc,cpu      ] GC(15) User=0.06s Sys=0.00s Real=0.01s
[2021-05-28T09:33:39.441-0800][gc,start    ] GC(16) Pause Young (Normal) (G1 Evacuation Pause)
[2021-05-28T09:33:39.442-0800][gc,task     ] GC(16) Using 10 workers of 10 for evacuation
[2021-05-28T09:33:39.464-0800][gc,phases   ] GC(16)   Pre Evacuate Collection Set: 0.4ms
[2021-05-28T09:33:39.464-0800][gc,phases   ] GC(16)   Merge Heap Roots: 0.2ms
[2021-05-28T09:33:39.464-0800][gc,phases   ] GC(16)   Evacuate Collection Set: 20.1ms
[2021-05-28T09:33:39.464-0800][gc,phases   ] GC(16)   Post Evacuate Collection Set: 0.9ms
[2021-05-28T09:33:39.464-0800][gc,phases   ] GC(16)   Other: 1.4ms
[2021-05-28T09:33:39.464-0800][gc,heap     ] GC(16) Eden regions: 239->0(239)
[2021-05-28T09:33:39.464-0800][gc,heap     ] GC(16) Survivor regions: 17->17(32)
[2021-05-28T09:33:39.464-0800][gc,heap     ] GC(16) Old regions: 21->21
[2021-05-28T09:33:39.464-0800][gc,heap     ] GC(16) Archive regions: 2->2
[2021-05-28T09:33:39.464-0800][gc,heap     ] GC(16) Humongous regions: 14->14
[2021-05-28T09:33:39.464-0800][gc,metaspace] GC(16) Metaspace: 66693K(68656K)->66693K(68656K) NonClass: 59022K(60336K)->59022K(60336K) Class: 7670K(8320K)->7670K(8320K)
[2021-05-28T09:33:39.464-0800][gc          ] GC(16) Pause Young (Normal) (G1 Evacuation Pause) 290M->52M(512M) 23.118ms
[2021-05-28T09:33:39.464-0800][gc,cpu      ] GC(16) User=0.06s Sys=0.08s Real=0.02s
[2021-05-28T09:35:48.073-0800][gc,start    ] GC(17) Pause Young (Normal) (G1 Evacuation Pause)
[2021-05-28T09:35:48.074-0800][gc,task     ] GC(17) Using 10 workers of 10 for evacuation
[2021-05-28T09:35:48.083-0800][gc,phases   ] GC(17)   Pre Evacuate Collection Set: 0.2ms
[2021-05-28T09:35:48.083-0800][gc,phases   ] GC(17)   Merge Heap Roots: 0.1ms
[2021-05-28T09:35:48.083-0800][gc,phases   ] GC(17)   Evacuate Collection Set: 6.8ms
[2021-05-28T09:35:48.083-0800][gc,phases   ] GC(17)   Post Evacuate Collection Set: 1.0ms
[2021-05-28T09:35:48.083-0800][gc,phases   ] GC(17)   Other: 1.2ms
[2021-05-28T09:35:48.083-0800][gc,heap     ] GC(17) Eden regions: 239->0(240)
[2021-05-28T09:35:48.083-0800][gc,heap     ] GC(17) Survivor regions: 17->16(32)
[2021-05-28T09:35:48.083-0800][gc,heap     ] GC(17) Old regions: 21->21
[2021-05-28T09:35:48.083-0800][gc,heap     ] GC(17) Archive regions: 2->2
[2021-05-28T09:35:48.083-0800][gc,heap     ] GC(17) Humongous regions: 14->14
[2021-05-28T09:35:48.083-0800][gc,metaspace] GC(17) Metaspace: 66712K(68656K)->66712K(68656K) NonClass: 59041K(60336K)->59041K(60336K) Class: 7670K(8320K)->7670K(8320K)
[2021-05-28T09:35:48.083-0800][gc          ] GC(17) Pause Young (Normal) (G1 Evacuation Pause) 291M->51M(512M) 9.483ms
[2021-05-28T09:35:48.083-0800][gc,cpu      ] GC(17) User=0.07s Sys=0.01s Real=0.01s
[2021-05-28T09:37:58.028-0800][gc,start    ] GC(18) Pause Young (Normal) (G1 Evacuation Pause)
[2021-05-28T09:37:58.029-0800][gc,task     ] GC(18) Using 10 workers of 10 for evacuation
[2021-05-28T09:37:58.037-0800][gc,phases   ] GC(18)   Pre Evacuate Collection Set: 0.1ms
[2021-05-28T09:37:58.037-0800][gc,phases   ] GC(18)   Merge Heap Roots: 0.1ms
[2021-05-28T09:37:58.037-0800][gc,phases   ] GC(18)   Evacuate Collection Set: 6.7ms
[2021-05-28T09:37:58.037-0800][gc,phases   ] GC(18)   Post Evacuate Collection Set: 0.9ms
[2021-05-28T09:37:58.037-0800][gc,phases   ] GC(18)   Other: 1.1ms
[2021-05-28T09:37:58.037-0800][gc,heap     ] GC(18) Eden regions: 240->0(239)
[2021-05-28T09:37:58.037-0800][gc,heap     ] GC(18) Survivor regions: 16->17(32)
[2021-05-28T09:37:58.037-0800][gc,heap     ] GC(18) Old regions: 21->21
[2021-05-28T09:37:58.037-0800][gc,heap     ] GC(18) Archive regions: 2->2
[2021-05-28T09:37:58.037-0800][gc,heap     ] GC(18) Humongous regions: 14->14
[2021-05-28T09:37:58.037-0800][gc,metaspace] GC(18) Metaspace: 66725K(68656K)->66725K(68656K) NonClass: 59054K(60336K)->59054K(60336K) Class: 7670K(8320K)->7670K(8320K)
[2021-05-28T09:37:58.037-0800][gc          ] GC(18) Pause Young (Normal) (G1 Evacuation Pause) 291M->51M(512M) 9.064ms
[2021-05-28T09:37:58.037-0800][gc,cpu      ] GC(18) User=0.06s Sys=0.00s Real=0.01s
[2021-05-28T09:40:08.091-0800][gc,start    ] GC(19) Pause Young (Normal) (G1 Evacuation Pause)
[2021-05-28T09:40:08.092-0800][gc,task     ] GC(19) Using 10 workers of 10 for evacuation
[2021-05-28T09:40:08.099-0800][gc,phases   ] GC(19)   Pre Evacuate Collection Set: 0.1ms
[2021-05-28T09:40:08.099-0800][gc,phases   ] GC(19)   Merge Heap Roots: 0.1ms
[2021-05-28T09:40:08.099-0800][gc,phases   ] GC(19)   Evacuate Collection Set: 5.6ms
[2021-05-28T09:40:08.099-0800][gc,phases   ] GC(19)   Post Evacuate Collection Set: 0.8ms
[2021-05-28T09:40:08.099-0800][gc,phases   ] GC(19)   Other: 0.8ms
[2021-05-28T09:40:08.099-0800][gc,heap     ] GC(19) Eden regions: 239->0(239)
[2021-05-28T09:40:08.099-0800][gc,heap     ] GC(19) Survivor regions: 17->17(32)
[2021-05-28T09:40:08.099-0800][gc,heap     ] GC(19) Old regions: 21->21
[2021-05-28T09:40:08.099-0800][gc,heap     ] GC(19) Archive regions: 2->2
[2021-05-28T09:40:08.099-0800][gc,heap     ] GC(19) Humongous regions: 16->16
[2021-05-28T09:40:08.099-0800][gc,metaspace] GC(19) Metaspace: 66846K(68656K)->66846K(68656K) NonClass: 59175K(60336K)->59175K(60336K) Class: 7670K(8320K)->7670K(8320K)
[2021-05-28T09:40:08.099-0800][gc          ] GC(19) Pause Young (Normal) (G1 Evacuation Pause) 292M->53M(512M) 7.420ms
[2021-05-28T09:40:08.099-0800][gc,cpu      ] GC(19) User=0.06s Sys=0.01s Real=0.00s
[2021-05-28T09:42:18.168-0800][gc,start    ] GC(20) Pause Young (Normal) (G1 Evacuation Pause)
[2021-05-28T09:42:18.169-0800][gc,task     ] GC(20) Using 10 workers of 10 for evacuation
[2021-05-28T09:42:18.177-0800][gc,phases   ] GC(20)   Pre Evacuate Collection Set: 0.2ms
[2021-05-28T09:42:18.177-0800][gc,phases   ] GC(20)   Merge Heap Roots: 0.1ms
[2021-05-28T09:42:18.177-0800][gc,phases   ] GC(20)   Evacuate Collection Set: 6.3ms
[2021-05-28T09:42:18.177-0800][gc,phases   ] GC(20)   Post Evacuate Collection Set: 0.9ms
[2021-05-28T09:42:18.177-0800][gc,phases   ] GC(20)   Other: 1.2ms
[2021-05-28T09:42:18.177-0800][gc,heap     ] GC(20) Eden regions: 239->0(239)
[2021-05-28T09:42:18.177-0800][gc,heap     ] GC(20) Survivor regions: 17->17(32)
[2021-05-28T09:42:18.177-0800][gc,heap     ] GC(20) Old regions: 21->21
[2021-05-28T09:42:18.177-0800][gc,heap     ] GC(20) Archive regions: 2->2
[2021-05-28T09:42:18.177-0800][gc,heap     ] GC(20) Humongous regions: 16->16
[2021-05-28T09:42:18.177-0800][gc,metaspace] GC(20) Metaspace: 66856K(68656K)->66856K(68656K) NonClass: 59185K(60336K)->59185K(60336K) Class: 7670K(8320K)->7670K(8320K)
[2021-05-28T09:42:18.177-0800][gc          ] GC(20) Pause Young (Normal) (G1 Evacuation Pause) 292M->53M(512M) 8.800ms
[2021-05-28T09:42:18.177-0800][gc,cpu      ] GC(20) User=0.06s Sys=0.01s Real=0.01s
[2021-05-28T09:44:27.082-0800][gc,start    ] GC(21) Pause Young (Normal) (G1 Evacuation Pause)
[2021-05-28T09:44:27.083-0800][gc,task     ] GC(21) Using 10 workers of 10 for evacuation
[2021-05-28T09:44:27.091-0800][gc,phases   ] GC(21)   Pre Evacuate Collection Set: 0.1ms
[2021-05-28T09:44:27.091-0800][gc,phases   ] GC(21)   Merge Heap Roots: 0.1ms
[2021-05-28T09:44:27.091-0800][gc,phases   ] GC(21)   Evacuate Collection Set: 7.1ms
[2021-05-28T09:44:27.091-0800][gc,phases   ] GC(21)   Post Evacuate Collection Set: 1.3ms
[2021-05-28T09:44:27.092-0800][gc,phases   ] GC(21)   Other: 0.9ms
[2021-05-28T09:44:27.092-0800][gc,heap     ] GC(21) Eden regions: 239->0(239)
[2021-05-28T09:44:27.092-0800][gc,heap     ] GC(21) Survivor regions: 17->17(32)
[2021-05-28T09:44:27.092-0800][gc,heap     ] GC(21) Old regions: 21->21
[2021-05-28T09:44:27.092-0800][gc,heap     ] GC(21) Archive regions: 2->2
[2021-05-28T09:44:27.092-0800][gc,heap     ] GC(21) Humongous regions: 16->16
[2021-05-28T09:44:27.092-0800][gc,metaspace] GC(21) Metaspace: 66860K(68656K)->66860K(68656K) NonClass: 59189K(60336K)->59189K(60336K) Class: 7670K(8320K)->7670K(8320K)
[2021-05-28T09:44:27.092-0800][gc          ] GC(21) Pause Young (Normal) (G1 Evacuation Pause) 292M->53M(512M) 9.770ms
[2021-05-28T09:44:27.092-0800][gc,cpu      ] GC(21) User=0.08s Sys=0.00s Real=0.01s
[2021-05-28T09:46:37.147-0800][gc,start    ] GC(22) Pause Young (Normal) (G1 Evacuation Pause)
[2021-05-28T09:46:37.148-0800][gc,task     ] GC(22) Using 10 workers of 10 for evacuation
[2021-05-28T09:46:37.158-0800][gc,phases   ] GC(22)   Pre Evacuate Collection Set: 0.2ms
[2021-05-28T09:46:37.158-0800][gc,phases   ] GC(22)   Merge Heap Roots: 0.2ms
[2021-05-28T09:46:37.158-0800][gc,phases   ] GC(22)   Evacuate Collection Set: 8.9ms
[2021-05-28T09:46:37.158-0800][gc,phases   ] GC(22)   Post Evacuate Collection Set: 1.0ms
[2021-05-28T09:46:37.158-0800][gc,phases   ] GC(22)   Other: 1.2ms
[2021-05-28T09:46:37.158-0800][gc,heap     ] GC(22) Eden regions: 239->0(246)
[2021-05-28T09:46:37.158-0800][gc,heap     ] GC(22) Survivor regions: 17->10(32)
[2021-05-28T09:46:37.158-0800][gc,heap     ] GC(22) Old regions: 21->28
[2021-05-28T09:46:37.158-0800][gc,heap     ] GC(22) Archive regions: 2->2
[2021-05-28T09:46:37.158-0800][gc,heap     ] GC(22) Humongous regions: 16->16
[2021-05-28T09:46:37.158-0800][gc,metaspace] GC(22) Metaspace: 66864K(68656K)->66864K(68656K) NonClass: 59193K(60336K)->59193K(60336K) Class: 7670K(8320K)->7670K(8320K)
[2021-05-28T09:46:37.158-0800][gc          ] GC(22) Pause Young (Normal) (G1 Evacuation Pause) 292M->54M(512M) 11.651ms
[2021-05-28T09:46:37.159-0800][gc,cpu      ] GC(22) User=0.07s Sys=0.02s Real=0.01s
[2021-05-28T09:48:50.334-0800][gc,start    ] GC(23) Pause Young (Normal) (G1 Evacuation Pause)
[2021-05-28T09:48:50.336-0800][gc,task     ] GC(23) Using 10 workers of 10 for evacuation
[2021-05-28T09:48:50.341-0800][gc,phases   ] GC(23)   Pre Evacuate Collection Set: 0.1ms
[2021-05-28T09:48:50.341-0800][gc,phases   ] GC(23)   Merge Heap Roots: 0.1ms
[2021-05-28T09:48:50.341-0800][gc,phases   ] GC(23)   Evacuate Collection Set: 4.4ms
[2021-05-28T09:48:50.341-0800][gc,phases   ] GC(23)   Post Evacuate Collection Set: 0.7ms
[2021-05-28T09:48:50.341-0800][gc,phases   ] GC(23)   Other: 1.5ms
[2021-05-28T09:48:50.341-0800][gc,heap     ] GC(23) Eden regions: 246->0(251)
[2021-05-28T09:48:50.341-0800][gc,heap     ] GC(23) Survivor regions: 10->5(32)
[2021-05-28T09:48:50.341-0800][gc,heap     ] GC(23) Old regions: 28->33
[2021-05-28T09:48:50.341-0800][gc,heap     ] GC(23) Archive regions: 2->2
[2021-05-28T09:48:50.341-0800][gc,heap     ] GC(23) Humongous regions: 16->16
[2021-05-28T09:48:50.341-0800][gc,metaspace] GC(23) Metaspace: 66887K(68656K)->66887K(68656K) NonClass: 59216K(60336K)->59216K(60336K) Class: 7670K(8320K)->7670K(8320K)
[2021-05-28T09:48:50.341-0800][gc          ] GC(23) Pause Young (Normal) (G1 Evacuation Pause) 300M->54M(512M) 6.875ms
[2021-05-28T09:48:50.341-0800][gc,cpu      ] GC(23) User=0.04s Sys=0.00s Real=0.01s
[2021-05-28T09:51:07.010-0800][gc,start    ] GC(24) Pause Young (Normal) (G1 Evacuation Pause)
[2021-05-28T09:51:07.011-0800][gc,task     ] GC(24) Using 10 workers of 10 for evacuation
[2021-05-28T09:51:07.022-0800][gc,phases   ] GC(24)   Pre Evacuate Collection Set: 0.2ms
[2021-05-28T09:51:07.022-0800][gc,phases   ] GC(24)   Merge Heap Roots: 0.1ms
[2021-05-28T09:51:07.022-0800][gc,phases   ] GC(24)   Evacuate Collection Set: 10.0ms
[2021-05-28T09:51:07.022-0800][gc,phases   ] GC(24)   Post Evacuate Collection Set: 0.4ms
[2021-05-28T09:51:07.022-0800][gc,phases   ] GC(24)   Other: 1.2ms
[2021-05-28T09:51:07.022-0800][gc,heap     ] GC(24) Eden regions: 251->0(254)
[2021-05-28T09:51:07.022-0800][gc,heap     ] GC(24) Survivor regions: 5->2(32)
[2021-05-28T09:51:07.022-0800][gc,heap     ] GC(24) Old regions: 33->36
[2021-05-28T09:51:07.022-0800][gc,heap     ] GC(24) Archive regions: 2->2
[2021-05-28T09:51:07.022-0800][gc,heap     ] GC(24) Humongous regions: 16->16
[2021-05-28T09:51:07.022-0800][gc,metaspace] GC(24) Metaspace: 66934K(68912K)->66934K(68912K) NonClass: 59263K(60592K)->59263K(60592K) Class: 7670K(8320K)->7670K(8320K)
[2021-05-28T09:51:07.022-0800][gc          ] GC(24) Pause Young (Normal) (G1 Evacuation Pause) 305M->54M(512M) 12.080ms
[2021-05-28T09:51:07.022-0800][gc,cpu      ] GC(24) User=0.03s Sys=0.04s Real=0.01s
[2021-05-28T09:53:24.814-0800][gc,start    ] GC(25) Pause Young (Normal) (G1 Evacuation Pause)
[2021-05-28T09:53:24.815-0800][gc,task     ] GC(25) Using 10 workers of 10 for evacuation
[2021-05-28T09:53:24.820-0800][gc,phases   ] GC(25)   Pre Evacuate Collection Set: 0.2ms
[2021-05-28T09:53:24.820-0800][gc,phases   ] GC(25)   Merge Heap Roots: 0.1ms
[2021-05-28T09:53:24.820-0800][gc,phases   ] GC(25)   Evacuate Collection Set: 4.0ms
[2021-05-28T09:53:24.820-0800][gc,phases   ] GC(25)   Post Evacuate Collection Set: 0.5ms
[2021-05-28T09:53:24.820-0800][gc,phases   ] GC(25)   Other: 1.1ms
[2021-05-28T09:53:24.820-0800][gc,heap     ] GC(25) Eden regions: 254->0(254)
[2021-05-28T09:53:24.820-0800][gc,heap     ] GC(25) Survivor regions: 2->2(32)
[2021-05-28T09:53:24.820-0800][gc,heap     ] GC(25) Old regions: 36->37
[2021-05-28T09:53:24.820-0800][gc,heap     ] GC(25) Archive regions: 2->2
[2021-05-28T09:53:24.820-0800][gc,heap     ] GC(25) Humongous regions: 16->16
[2021-05-28T09:53:24.820-0800][gc,metaspace] GC(25) Metaspace: 66941K(68912K)->66941K(68912K) NonClass: 59270K(60592K)->59270K(60592K) Class: 7670K(8320K)->7670K(8320K)
[2021-05-28T09:53:24.820-0800][gc          ] GC(25) Pause Young (Normal) (G1 Evacuation Pause) 308M->54M(512M) 6.044ms
[2021-05-28T09:53:24.820-0800][gc,cpu      ] GC(25) User=0.02s Sys=0.01s Real=0.01s
[2021-05-28T09:55:42.095-0800][gc,start    ] GC(26) Pause Young (Normal) (G1 Evacuation Pause)
[2021-05-28T09:55:42.095-0800][gc,task     ] GC(26) Using 10 workers of 10 for evacuation
[2021-05-28T09:55:42.098-0800][gc,phases   ] GC(26)   Pre Evacuate Collection Set: 0.2ms
[2021-05-28T09:55:42.098-0800][gc,phases   ] GC(26)   Merge Heap Roots: 0.1ms
[2021-05-28T09:55:42.098-0800][gc,phases   ] GC(26)   Evacuate Collection Set: 1.1ms
[2021-05-28T09:55:42.098-0800][gc,phases   ] GC(26)   Post Evacuate Collection Set: 0.4ms
[2021-05-28T09:55:42.098-0800][gc,phases   ] GC(26)   Other: 0.9ms
[2021-05-28T09:55:42.098-0800][gc,heap     ] GC(26) Eden regions: 254->0(255)
[2021-05-28T09:55:42.098-0800][gc,heap     ] GC(26) Survivor regions: 2->1(32)
[2021-05-28T09:55:42.098-0800][gc,heap     ] GC(26) Old regions: 37->37
[2021-05-28T09:55:42.098-0800][gc,heap     ] GC(26) Archive regions: 2->2
[2021-05-28T09:55:42.098-0800][gc,heap     ] GC(26) Humongous regions: 16->16
[2021-05-28T09:55:42.098-0800][gc,metaspace] GC(26) Metaspace: 66941K(68912K)->66941K(68912K) NonClass: 59270K(60592K)->59270K(60592K) Class: 7670K(8320K)->7670K(8320K)
[2021-05-28T09:55:42.098-0800][gc          ] GC(26) Pause Young (Normal) (G1 Evacuation Pause) 308M->54M(512M) 2.907ms
[2021-05-28T09:55:42.098-0800][gc,cpu      ] GC(26) User=0.01s Sys=0.00s Real=0.00s
[2021-05-28T09:58:00.609-0800][gc,start    ] GC(27) Pause Young (Normal) (G1 Evacuation Pause)
[2021-05-28T09:58:00.610-0800][gc,task     ] GC(27) Using 10 workers of 10 for evacuation
[2021-05-28T09:58:00.611-0800][gc,phases   ] GC(27)   Pre Evacuate Collection Set: 0.1ms
[2021-05-28T09:58:00.611-0800][gc,phases   ] GC(27)   Merge Heap Roots: 0.1ms
[2021-05-28T09:58:00.611-0800][gc,phases   ] GC(27)   Evacuate Collection Set: 0.8ms
[2021-05-28T09:58:00.611-0800][gc,phases   ] GC(27)   Post Evacuate Collection Set: 0.4ms
[2021-05-28T09:58:00.611-0800][gc,phases   ] GC(27)   Other: 0.6ms
[2021-05-28T09:58:00.611-0800][gc,heap     ] GC(27) Eden regions: 255->0(255)
[2021-05-28T09:58:00.611-0800][gc,heap     ] GC(27) Survivor regions: 1->1(32)
[2021-05-28T09:58:00.611-0800][gc,heap     ] GC(27) Old regions: 37->37
[2021-05-28T09:58:00.611-0800][gc,heap     ] GC(27) Archive regions: 2->2
[2021-05-28T09:58:00.612-0800][gc,heap     ] GC(27) Humongous regions: 16->16
[2021-05-28T09:58:00.612-0800][gc,metaspace] GC(27) Metaspace: 66955K(68912K)->66955K(68912K) NonClass: 59284K(60592K)->59284K(60592K) Class: 7670K(8320K)->7670K(8320K)
[2021-05-28T09:58:00.612-0800][gc          ] GC(27) Pause Young (Normal) (G1 Evacuation Pause) 309M->54M(512M) 2.118ms
[2021-05-28T09:58:00.612-0800][gc,cpu      ] GC(27) User=0.00s Sys=0.01s Real=0.01s
[2021-05-28T10:00:17.700-0800][gc,start    ] GC(28) Pause Young (Normal) (G1 Evacuation Pause)
[2021-05-28T10:00:17.701-0800][gc,task     ] GC(28) Using 10 workers of 10 for evacuation
[2021-05-28T10:00:17.704-0800][gc,phases   ] GC(28)   Pre Evacuate Collection Set: 0.2ms
[2021-05-28T10:00:17.704-0800][gc,phases   ] GC(28)   Merge Heap Roots: 0.1ms
[2021-05-28T10:00:17.704-0800][gc,phases   ] GC(28)   Evacuate Collection Set: 2.0ms
[2021-05-28T10:00:17.704-0800][gc,phases   ] GC(28)   Post Evacuate Collection Set: 0.5ms
[2021-05-28T10:00:17.704-0800][gc,phases   ] GC(28)   Other: 1.1ms
[2021-05-28T10:00:17.704-0800][gc,heap     ] GC(28) Eden regions: 255->0(255)
[2021-05-28T10:00:17.704-0800][gc,heap     ] GC(28) Survivor regions: 1->1(32)
[2021-05-28T10:00:17.704-0800][gc,heap     ] GC(28) Old regions: 37->37
[2021-05-28T10:00:17.704-0800][gc,heap     ] GC(28) Archive regions: 2->2
[2021-05-28T10:00:17.704-0800][gc,heap     ] GC(28) Humongous regions: 18->18
[2021-05-28T10:00:17.704-0800][gc,metaspace] GC(28) Metaspace: 67081K(68912K)->67081K(68912K) NonClass: 59411K(60592K)->59411K(60592K) Class: 7670K(8320K)->7670K(8320K)
[2021-05-28T10:00:17.704-0800][gc          ] GC(28) Pause Young (Normal) (G1 Evacuation Pause) 311M->56M(512M) 4.032ms
[2021-05-28T10:00:17.704-0800][gc,cpu      ] GC(28) User=0.01s Sys=0.01s Real=0.00s
[2021-05-28T10:02:37.091-0800][gc,start    ] GC(29) Pause Young (Normal) (G1 Evacuation Pause)
[2021-05-28T10:02:37.092-0800][gc,task     ] GC(29) Using 10 workers of 10 for evacuation
[2021-05-28T10:02:37.094-0800][gc,phases   ] GC(29)   Pre Evacuate Collection Set: 0.2ms
[2021-05-28T10:02:37.094-0800][gc,phases   ] GC(29)   Merge Heap Roots: 0.1ms
[2021-05-28T10:02:37.094-0800][gc,phases   ] GC(29)   Evacuate Collection Set: 1.1ms
[2021-05-28T10:02:37.094-0800][gc,phases   ] GC(29)   Post Evacuate Collection Set: 0.4ms
[2021-05-28T10:02:37.094-0800][gc,phases   ] GC(29)   Other: 1.4ms
[2021-05-28T10:02:37.094-0800][gc,heap     ] GC(29) Eden regions: 255->0(255)
[2021-05-28T10:02:37.094-0800][gc,heap     ] GC(29) Survivor regions: 1->1(32)
[2021-05-28T10:02:37.094-0800][gc,heap     ] GC(29) Old regions: 37->37
[2021-05-28T10:02:37.094-0800][gc,heap     ] GC(29) Archive regions: 2->2
[2021-05-28T10:02:37.094-0800][gc,heap     ] GC(29) Humongous regions: 18->18
[2021-05-28T10:02:37.094-0800][gc,metaspace] GC(29) Metaspace: 67165K(68912K)->67165K(68912K) NonClass: 59495K(60592K)->59495K(60592K) Class: 7670K(8320K)->7670K(8320K)
[2021-05-28T10:02:37.094-0800][gc          ] GC(29) Pause Young (Normal) (G1 Evacuation Pause) 311M->56M(512M) 3.337ms
[2021-05-28T10:02:37.094-0800][gc,cpu      ] GC(29) User=0.01s Sys=0.00s Real=0.00s
[2021-05-28T10:04:54.395-0800][gc,start    ] GC(30) Pause Young (Normal) (G1 Evacuation Pause)
[2021-05-28T10:04:54.396-0800][gc,task     ] GC(30) Using 10 workers of 10 for evacuation
[2021-05-28T10:04:54.398-0800][gc,phases   ] GC(30)   Pre Evacuate Collection Set: 0.2ms
[2021-05-28T10:04:54.398-0800][gc,phases   ] GC(30)   Merge Heap Roots: 0.1ms
[2021-05-28T10:04:54.398-0800][gc,phases   ] GC(30)   Evacuate Collection Set: 1.1ms
[2021-05-28T10:04:54.398-0800][gc,phases   ] GC(30)   Post Evacuate Collection Set: 0.9ms
[2021-05-28T10:04:54.398-0800][gc,phases   ] GC(30)   Other: 1.0ms
[2021-05-28T10:04:54.398-0800][gc,heap     ] GC(30) Eden regions: 255->0(255)
[2021-05-28T10:04:54.398-0800][gc,heap     ] GC(30) Survivor regions: 1->1(32)
[2021-05-28T10:04:54.398-0800][gc,heap     ] GC(30) Old regions: 37->37
[2021-05-28T10:04:54.398-0800][gc,heap     ] GC(30) Archive regions: 2->2
[2021-05-28T10:04:54.398-0800][gc,heap     ] GC(30) Humongous regions: 18->18
[2021-05-28T10:04:54.398-0800][gc,metaspace] GC(30) Metaspace: 67165K(68912K)->67165K(68912K) NonClass: 59495K(60592K)->59495K(60592K) Class: 7670K(8320K)->7670K(8320K)
[2021-05-28T10:04:54.398-0800][gc          ] GC(30) Pause Young (Normal) (G1 Evacuation Pause) 311M->56M(512M) 3.341ms
[2021-05-28T10:04:54.398-0800][gc,cpu      ] GC(30) User=0.01s Sys=0.00s Real=0.00s
[2021-05-28T10:07:10.595-0800][gc,start    ] GC(31) Pause Young (Normal) (G1 Evacuation Pause)
[2021-05-28T10:07:10.595-0800][gc,task     ] GC(31) Using 10 workers of 10 for evacuation
[2021-05-28T10:07:10.604-0800][gc,phases   ] GC(31)   Pre Evacuate Collection Set: 1.0ms
[2021-05-28T10:07:10.604-0800][gc,phases   ] GC(31)   Merge Heap Roots: 0.2ms
[2021-05-28T10:07:10.604-0800][gc,phases   ] GC(31)   Evacuate Collection Set: 5.1ms
[2021-05-28T10:07:10.604-0800][gc,phases   ] GC(31)   Post Evacuate Collection Set: 2.2ms
[2021-05-28T10:07:10.604-0800][gc,phases   ] GC(31)   Other: 1.1ms
[2021-05-28T10:07:10.604-0800][gc,heap     ] GC(31) Eden regions: 255->0(255)
[2021-05-28T10:07:10.604-0800][gc,heap     ] GC(31) Survivor regions: 1->1(32)
[2021-05-28T10:07:10.604-0800][gc,heap     ] GC(31) Old regions: 37->37
[2021-05-28T10:07:10.604-0800][gc,heap     ] GC(31) Archive regions: 2->2
[2021-05-28T10:07:10.604-0800][gc,heap     ] GC(31) Humongous regions: 18->18
[2021-05-28T10:07:10.605-0800][gc,metaspace] GC(31) Metaspace: 67187K(68912K)->67187K(68912K) NonClass: 59516K(60592K)->59516K(60592K) Class: 7670K(8320K)->7670K(8320K)
[2021-05-28T10:07:10.605-0800][gc          ] GC(31) Pause Young (Normal) (G1 Evacuation Pause) 311M->56M(512M) 9.851ms
[2021-05-28T10:07:10.605-0800][gc,cpu      ] GC(31) User=0.01s Sys=0.03s Real=0.01s
[2021-05-28T10:09:27.951-0800][gc,start    ] GC(32) Pause Young (Normal) (G1 Evacuation Pause)
[2021-05-28T10:09:27.951-0800][gc,task     ] GC(32) Using 10 workers of 10 for evacuation
[2021-05-28T10:09:27.955-0800][gc,phases   ] GC(32)   Pre Evacuate Collection Set: 0.2ms
[2021-05-28T10:09:27.955-0800][gc,phases   ] GC(32)   Merge Heap Roots: 0.1ms
[2021-05-28T10:09:27.955-0800][gc,phases   ] GC(32)   Evacuate Collection Set: 2.0ms
[2021-05-28T10:09:27.955-0800][gc,phases   ] GC(32)   Post Evacuate Collection Set: 1.0ms
[2021-05-28T10:09:27.955-0800][gc,phases   ] GC(32)   Other: 0.5ms
[2021-05-28T10:09:27.955-0800][gc,heap     ] GC(32) Eden regions: 255->0(255)
[2021-05-28T10:09:27.955-0800][gc,heap     ] GC(32) Survivor regions: 1->1(32)
[2021-05-28T10:09:27.955-0800][gc,heap     ] GC(32) Old regions: 37->37
[2021-05-28T10:09:27.955-0800][gc,heap     ] GC(32) Archive regions: 2->2
[2021-05-28T10:09:27.955-0800][gc,heap     ] GC(32) Humongous regions: 18->18
[2021-05-28T10:09:27.955-0800][gc,metaspace] GC(32) Metaspace: 67190K(68912K)->67190K(68912K) NonClass: 59519K(60592K)->59519K(60592K) Class: 7670K(8320K)->7670K(8320K)
[2021-05-28T10:09:27.955-0800][gc          ] GC(32) Pause Young (Normal) (G1 Evacuation Pause) 311M->56M(512M) 3.854ms
[2021-05-28T10:09:27.955-0800][gc,cpu      ] GC(32) User=0.01s Sys=0.01s Real=0.00s
[2021-05-28T10:11:47.561-0800][gc,start    ] GC(33) Pause Young (Normal) (G1 Evacuation Pause)
[2021-05-28T10:11:47.561-0800][gc,task     ] GC(33) Using 10 workers of 10 for evacuation
[2021-05-28T10:11:47.563-0800][gc,phases   ] GC(33)   Pre Evacuate Collection Set: 0.2ms
[2021-05-28T10:11:47.563-0800][gc,phases   ] GC(33)   Merge Heap Roots: 0.1ms
[2021-05-28T10:11:47.563-0800][gc,phases   ] GC(33)   Evacuate Collection Set: 0.8ms
[2021-05-28T10:11:47.563-0800][gc,phases   ] GC(33)   Post Evacuate Collection Set: 0.4ms
[2021-05-28T10:11:47.563-0800][gc,phases   ] GC(33)   Other: 0.6ms
[2021-05-28T10:11:47.563-0800][gc,heap     ] GC(33) Eden regions: 255->0(255)
[2021-05-28T10:11:47.563-0800][gc,heap     ] GC(33) Survivor regions: 1->1(32)
[2021-05-28T10:11:47.563-0800][gc,heap     ] GC(33) Old regions: 37->37
[2021-05-28T10:11:47.563-0800][gc,heap     ] GC(33) Archive regions: 2->2
[2021-05-28T10:11:47.563-0800][gc,heap     ] GC(33) Humongous regions: 18->18
[2021-05-28T10:11:47.563-0800][gc,metaspace] GC(33) Metaspace: 67196K(68912K)->67196K(68912K) NonClass: 59525K(60592K)->59525K(60592K) Class: 7671K(8320K)->7671K(8320K)
[2021-05-28T10:11:47.563-0800][gc          ] GC(33) Pause Young (Normal) (G1 Evacuation Pause) 311M->56M(512M) 2.135ms
[2021-05-28T10:11:47.563-0800][gc,cpu      ] GC(33) User=0.00s Sys=0.00s Real=0.00s
[2021-05-28T10:14:04.595-0800][gc,start    ] GC(34) Pause Young (Normal) (G1 Evacuation Pause)
[2021-05-28T10:14:04.596-0800][gc,task     ] GC(34) Using 10 workers of 10 for evacuation
[2021-05-28T10:14:04.598-0800][gc,phases   ] GC(34)   Pre Evacuate Collection Set: 0.2ms
[2021-05-28T10:14:04.599-0800][gc,phases   ] GC(34)   Merge Heap Roots: 0.1ms
[2021-05-28T10:14:04.599-0800][gc,phases   ] GC(34)   Evacuate Collection Set: 1.7ms
[2021-05-28T10:14:04.599-0800][gc,phases   ] GC(34)   Post Evacuate Collection Set: 0.6ms
[2021-05-28T10:14:04.599-0800][gc,phases   ] GC(34)   Other: 1.1ms
[2021-05-28T10:14:04.599-0800][gc,heap     ] GC(34) Eden regions: 255->0(255)
[2021-05-28T10:14:04.599-0800][gc,heap     ] GC(34) Survivor regions: 1->1(32)
[2021-05-28T10:14:04.599-0800][gc,heap     ] GC(34) Old regions: 37->37
[2021-05-28T10:14:04.599-0800][gc,heap     ] GC(34) Archive regions: 2->2
[2021-05-28T10:14:04.599-0800][gc,heap     ] GC(34) Humongous regions: 18->18
[2021-05-28T10:14:04.599-0800][gc,metaspace] GC(34) Metaspace: 67201K(68912K)->67201K(68912K) NonClass: 59529K(60592K)->59529K(60592K) Class: 7671K(8320K)->7671K(8320K)
[2021-05-28T10:14:04.599-0800][gc          ] GC(34) Pause Young (Normal) (G1 Evacuation Pause) 311M->56M(512M) 3.702ms
[2021-05-28T10:14:04.599-0800][gc,cpu      ] GC(34) User=0.01s Sys=0.01s Real=0.00s
[2021-05-28T10:16:23.205-0800][gc,start    ] GC(35) Pause Young (Normal) (G1 Evacuation Pause)
[2021-05-28T10:16:23.205-0800][gc,task     ] GC(35) Using 10 workers of 10 for evacuation
[2021-05-28T10:16:23.207-0800][gc,phases   ] GC(35)   Pre Evacuate Collection Set: 0.1ms
[2021-05-28T10:16:23.207-0800][gc,phases   ] GC(35)   Merge Heap Roots: 0.1ms
[2021-05-28T10:16:23.207-0800][gc,phases   ] GC(35)   Evacuate Collection Set: 1.1ms
[2021-05-28T10:16:23.207-0800][gc,phases   ] GC(35)   Post Evacuate Collection Set: 0.4ms
[2021-05-28T10:16:23.207-0800][gc,phases   ] GC(35)   Other: 0.5ms
[2021-05-28T10:16:23.207-0800][gc,heap     ] GC(35) Eden regions: 255->0(255)
[2021-05-28T10:16:23.207-0800][gc,heap     ] GC(35) Survivor regions: 1->1(32)
[2021-05-28T10:16:23.207-0800][gc,heap     ] GC(35) Old regions: 37->37
[2021-05-28T10:16:23.207-0800][gc,heap     ] GC(35) Archive regions: 2->2
[2021-05-28T10:16:23.207-0800][gc,heap     ] GC(35) Humongous regions: 18->18
[2021-05-28T10:16:23.207-0800][gc,metaspace] GC(35) Metaspace: 67201K(68912K)->67201K(68912K) NonClass: 59529K(60592K)->59529K(60592K) Class: 7671K(8320K)->7671K(8320K)
[2021-05-28T10:16:23.207-0800][gc          ] GC(35) Pause Young (Normal) (G1 Evacuation Pause) 311M->56M(512M) 2.227ms
[2021-05-28T10:16:23.207-0800][gc,cpu      ] GC(35) User=0.01s Sys=0.01s Real=0.00s
[2021-05-28T10:18:42.436-0800][gc,start    ] GC(36) Pause Young (Normal) (G1 Evacuation Pause)
[2021-05-28T10:18:42.436-0800][gc,task     ] GC(36) Using 10 workers of 10 for evacuation
[2021-05-28T10:18:42.438-0800][gc,phases   ] GC(36)   Pre Evacuate Collection Set: 0.1ms
[2021-05-28T10:18:42.438-0800][gc,phases   ] GC(36)   Merge Heap Roots: 0.1ms
[2021-05-28T10:18:42.438-0800][gc,phases   ] GC(36)   Evacuate Collection Set: 0.9ms
[2021-05-28T10:18:42.438-0800][gc,phases   ] GC(36)   Post Evacuate Collection Set: 0.4ms
[2021-05-28T10:18:42.438-0800][gc,phases   ] GC(36)   Other: 0.5ms
[2021-05-28T10:18:42.438-0800][gc,heap     ] GC(36) Eden regions: 255->0(255)
[2021-05-28T10:18:42.438-0800][gc,heap     ] GC(36) Survivor regions: 1->1(32)
[2021-05-28T10:18:42.438-0800][gc,heap     ] GC(36) Old regions: 37->37
[2021-05-28T10:18:42.438-0800][gc,heap     ] GC(36) Archive regions: 2->2
[2021-05-28T10:18:42.438-0800][gc,heap     ] GC(36) Humongous regions: 18->18
[2021-05-28T10:18:42.438-0800][gc,metaspace] GC(36) Metaspace: 67208K(69168K)->67208K(69168K) NonClass: 59537K(60848K)->59537K(60848K) Class: 7671K(8320K)->7671K(8320K)
[2021-05-28T10:18:42.438-0800][gc          ] GC(36) Pause Young (Normal) (G1 Evacuation Pause) 311M->56M(512M) 2.178ms
[2021-05-28T10:18:42.438-0800][gc,cpu      ] GC(36) User=0.01s Sys=0.00s Real=0.00s
[2021-05-28T10:21:01.033-0800][gc,start    ] GC(37) Pause Young (Normal) (G1 Evacuation Pause)
[2021-05-28T10:21:01.034-0800][gc,task     ] GC(37) Using 10 workers of 10 for evacuation
[2021-05-28T10:21:01.036-0800][gc,phases   ] GC(37)   Pre Evacuate Collection Set: 0.1ms
[2021-05-28T10:21:01.036-0800][gc,phases   ] GC(37)   Merge Heap Roots: 0.1ms
[2021-05-28T10:21:01.036-0800][gc,phases   ] GC(37)   Evacuate Collection Set: 1.0ms
[2021-05-28T10:21:01.036-0800][gc,phases   ] GC(37)   Post Evacuate Collection Set: 0.4ms
[2021-05-28T10:21:01.036-0800][gc,phases   ] GC(37)   Other: 1.0ms
[2021-05-28T10:21:01.036-0800][gc,heap     ] GC(37) Eden regions: 255->0(255)
[2021-05-28T10:21:01.036-0800][gc,heap     ] GC(37) Survivor regions: 1->1(32)
[2021-05-28T10:21:01.036-0800][gc,heap     ] GC(37) Old regions: 37->37
[2021-05-28T10:21:01.036-0800][gc,heap     ] GC(37) Archive regions: 2->2
[2021-05-28T10:21:01.036-0800][gc,heap     ] GC(37) Humongous regions: 18->18
[2021-05-28T10:21:01.036-0800][gc,metaspace] GC(37) Metaspace: 67227K(69168K)->67227K(69168K) NonClass: 59556K(60848K)->59556K(60848K) Class: 7671K(8320K)->7671K(8320K)
[2021-05-28T10:21:01.036-0800][gc          ] GC(37) Pause Young (Normal) (G1 Evacuation Pause) 311M->56M(512M) 2.755ms
[2021-05-28T10:21:01.036-0800][gc,cpu      ] GC(37) User=0.01s Sys=0.01s Real=0.00s
[2021-05-28T10:23:18.374-0800][gc,start    ] GC(38) Pause Young (Normal) (G1 Evacuation Pause)
[2021-05-28T10:23:18.375-0800][gc,task     ] GC(38) Using 10 workers of 10 for evacuation
[2021-05-28T10:23:18.378-0800][gc,phases   ] GC(38)   Pre Evacuate Collection Set: 0.5ms
[2021-05-28T10:23:18.378-0800][gc,phases   ] GC(38)   Merge Heap Roots: 0.1ms
[2021-05-28T10:23:18.378-0800][gc,phases   ] GC(38)   Evacuate Collection Set: 0.7ms
[2021-05-28T10:23:18.378-0800][gc,phases   ] GC(38)   Post Evacuate Collection Set: 1.9ms
[2021-05-28T10:23:18.378-0800][gc,phases   ] GC(38)   Other: 0.7ms
[2021-05-28T10:23:18.378-0800][gc,heap     ] GC(38) Eden regions: 255->0(255)
[2021-05-28T10:23:18.378-0800][gc,heap     ] GC(38) Survivor regions: 1->1(32)
[2021-05-28T10:23:18.378-0800][gc,heap     ] GC(38) Old regions: 37->37
[2021-05-28T10:23:18.378-0800][gc,heap     ] GC(38) Archive regions: 2->2
[2021-05-28T10:23:18.378-0800][gc,heap     ] GC(38) Humongous regions: 18->18
[2021-05-28T10:23:18.379-0800][gc,metaspace] GC(38) Metaspace: 67250K(69168K)->67250K(69168K) NonClass: 59578K(60848K)->59578K(60848K) Class: 7671K(8320K)->7671K(8320K)
[2021-05-28T10:23:18.379-0800][gc          ] GC(38) Pause Young (Normal) (G1 Evacuation Pause) 311M->56M(512M) 4.098ms
[2021-05-28T10:23:18.379-0800][gc,cpu      ] GC(38) User=0.00s Sys=0.00s Real=0.00s
[2021-05-28T10:25:37.972-0800][gc,start    ] GC(39) Pause Young (Normal) (G1 Evacuation Pause)
[2021-05-28T10:25:37.972-0800][gc,task     ] GC(39) Using 10 workers of 10 for evacuation
[2021-05-28T10:25:37.974-0800][gc,phases   ] GC(39)   Pre Evacuate Collection Set: 0.1ms
[2021-05-28T10:25:37.974-0800][gc,phases   ] GC(39)   Merge Heap Roots: 0.1ms
[2021-05-28T10:25:37.974-0800][gc,phases   ] GC(39)   Evacuate Collection Set: 0.7ms
[2021-05-28T10:25:37.974-0800][gc,phases   ] GC(39)   Post Evacuate Collection Set: 0.4ms
[2021-05-28T10:25:37.974-0800][gc,phases   ] GC(39)   Other: 0.5ms
[2021-05-28T10:25:37.974-0800][gc,heap     ] GC(39) Eden regions: 255->0(255)
[2021-05-28T10:25:37.974-0800][gc,heap     ] GC(39) Survivor regions: 1->1(32)
[2021-05-28T10:25:37.974-0800][gc,heap     ] GC(39) Old regions: 37->38
[2021-05-28T10:25:37.974-0800][gc,heap     ] GC(39) Archive regions: 2->2
[2021-05-28T10:25:37.974-0800][gc,heap     ] GC(39) Humongous regions: 18->18
[2021-05-28T10:25:37.974-0800][gc,metaspace] GC(39) Metaspace: 67258K(69168K)->67258K(69168K) NonClass: 59587K(60848K)->59587K(60848K) Class: 7671K(8320K)->7671K(8320K)
[2021-05-28T10:25:37.974-0800][gc          ] GC(39) Pause Young (Normal) (G1 Evacuation Pause) 311M->56M(512M) 1.996ms
[2021-05-28T10:25:37.974-0800][gc,cpu      ] GC(39) User=0.01s Sys=0.00s Real=0.00s
[2021-05-28T10:27:55.005-0800][gc,start    ] GC(40) Pause Young (Normal) (G1 Evacuation Pause)
[2021-05-28T10:27:55.005-0800][gc,task     ] GC(40) Using 10 workers of 10 for evacuation
[2021-05-28T10:27:55.009-0800][gc,phases   ] GC(40)   Pre Evacuate Collection Set: 0.2ms
[2021-05-28T10:27:55.009-0800][gc,phases   ] GC(40)   Merge Heap Roots: 0.1ms
[2021-05-28T10:27:55.009-0800][gc,phases   ] GC(40)   Evacuate Collection Set: 2.1ms
[2021-05-28T10:27:55.009-0800][gc,phases   ] GC(40)   Post Evacuate Collection Set: 0.5ms
[2021-05-28T10:27:55.009-0800][gc,phases   ] GC(40)   Other: 0.9ms
[2021-05-28T10:27:55.009-0800][gc,heap     ] GC(40) Eden regions: 255->0(255)
[2021-05-28T10:27:55.009-0800][gc,heap     ] GC(40) Survivor regions: 1->1(32)
[2021-05-28T10:27:55.009-0800][gc,heap     ] GC(40) Old regions: 38->38
[2021-05-28T10:27:55.009-0800][gc,heap     ] GC(40) Archive regions: 2->2
[2021-05-28T10:27:55.009-0800][gc,heap     ] GC(40) Humongous regions: 18->18
[2021-05-28T10:27:55.009-0800][gc,metaspace] GC(40) Metaspace: 67269K(69168K)->67269K(69168K) NonClass: 59598K(60848K)->59598K(60848K) Class: 7671K(8320K)->7671K(8320K)
[2021-05-28T10:27:55.009-0800][gc          ] GC(40) Pause Young (Normal) (G1 Evacuation Pause) 311M->56M(512M) 3.929ms
[2021-05-28T10:27:55.009-0800][gc,cpu      ] GC(40) User=0.01s Sys=0.01s Real=0.00s
[2021-05-28T10:30:13.236-0800][gc,start    ] GC(41) Pause Young (Normal) (G1 Evacuation Pause)
[2021-05-28T10:30:13.236-0800][gc,task     ] GC(41) Using 10 workers of 10 for evacuation
[2021-05-28T10:30:13.237-0800][gc,phases   ] GC(41)   Pre Evacuate Collection Set: 0.1ms
[2021-05-28T10:30:13.237-0800][gc,phases   ] GC(41)   Merge Heap Roots: 0.0ms
[2021-05-28T10:30:13.237-0800][gc,phases   ] GC(41)   Evacuate Collection Set: 0.7ms
[2021-05-28T10:30:13.237-0800][gc,phases   ] GC(41)   Post Evacuate Collection Set: 0.4ms
[2021-05-28T10:30:13.237-0800][gc,phases   ] GC(41)   Other: 0.2ms
[2021-05-28T10:30:13.237-0800][gc,heap     ] GC(41) Eden regions: 255->0(255)
[2021-05-28T10:30:13.237-0800][gc,heap     ] GC(41) Survivor regions: 1->1(32)
[2021-05-28T10:30:13.237-0800][gc,heap     ] GC(41) Old regions: 38->38
[2021-05-28T10:30:13.237-0800][gc,heap     ] GC(41) Archive regions: 2->2
[2021-05-28T10:30:13.237-0800][gc,heap     ] GC(41) Humongous regions: 18->18
[2021-05-28T10:30:13.237-0800][gc,metaspace] GC(41) Metaspace: 67269K(69168K)->67269K(69168K) NonClass: 59598K(60848K)->59598K(60848K) Class: 7671K(8320K)->7671K(8320K)
[2021-05-28T10:30:13.237-0800][gc          ] GC(41) Pause Young (Normal) (G1 Evacuation Pause) 311M->56M(512M) 1.587ms
[2021-05-28T10:30:13.237-0800][gc,cpu      ] GC(41) User=0.01s Sys=0.00s Real=0.00s
[2021-05-28T10:32:32.795-0800][gc,start    ] GC(42) Pause Young (Normal) (G1 Evacuation Pause)
[2021-05-28T10:32:32.796-0800][gc,task     ] GC(42) Using 10 workers of 10 for evacuation
[2021-05-28T10:32:32.799-0800][gc,phases   ] GC(42)   Pre Evacuate Collection Set: 0.2ms
[2021-05-28T10:32:32.799-0800][gc,phases   ] GC(42)   Merge Heap Roots: 0.1ms
[2021-05-28T10:32:32.799-0800][gc,phases   ] GC(42)   Evacuate Collection Set: 2.3ms
[2021-05-28T10:32:32.799-0800][gc,phases   ] GC(42)   Post Evacuate Collection Set: 0.5ms
[2021-05-28T10:32:32.799-0800][gc,phases   ] GC(42)   Other: 0.7ms
[2021-05-28T10:32:32.799-0800][gc,heap     ] GC(42) Eden regions: 255->0(255)
[2021-05-28T10:32:32.799-0800][gc,heap     ] GC(42) Survivor regions: 1->1(32)
[2021-05-28T10:32:32.799-0800][gc,heap     ] GC(42) Old regions: 38->38
[2021-05-28T10:32:32.799-0800][gc,heap     ] GC(42) Archive regions: 2->2
[2021-05-28T10:32:32.799-0800][gc,heap     ] GC(42) Humongous regions: 18->18
[2021-05-28T10:32:32.799-0800][gc,metaspace] GC(42) Metaspace: 67281K(69168K)->67281K(69168K) NonClass: 59610K(60848K)->59610K(60848K) Class: 7671K(8320K)->7671K(8320K)
[2021-05-28T10:32:32.799-0800][gc          ] GC(42) Pause Young (Normal) (G1 Evacuation Pause) 311M->56M(512M) 3.853ms
[2021-05-28T10:32:32.799-0800][gc,cpu      ] GC(42) User=0.01s Sys=0.01s Real=0.00s
[2021-05-28T10:34:51.211-0800][gc,start    ] GC(43) Pause Young (Normal) (G1 Evacuation Pause)
[2021-05-28T10:34:51.212-0800][gc,task     ] GC(43) Using 10 workers of 10 for evacuation
[2021-05-28T10:34:51.215-0800][gc,phases   ] GC(43)   Pre Evacuate Collection Set: 0.3ms
[2021-05-28T10:34:51.215-0800][gc,phases   ] GC(43)   Merge Heap Roots: 0.1ms
[2021-05-28T10:34:51.215-0800][gc,phases   ] GC(43)   Evacuate Collection Set: 1.3ms
[2021-05-28T10:34:51.215-0800][gc,phases   ] GC(43)   Post Evacuate Collection Set: 0.6ms
[2021-05-28T10:34:51.215-0800][gc,phases   ] GC(43)   Other: 1.2ms
[2021-05-28T10:34:51.215-0800][gc,heap     ] GC(43) Eden regions: 255->0(255)
[2021-05-28T10:34:51.215-0800][gc,heap     ] GC(43) Survivor regions: 1->1(32)
[2021-05-28T10:34:51.215-0800][gc,heap     ] GC(43) Old regions: 38->38
[2021-05-28T10:34:51.215-0800][gc,heap     ] GC(43) Archive regions: 2->2
[2021-05-28T10:34:51.215-0800][gc,heap     ] GC(43) Humongous regions: 18->18
[2021-05-28T10:34:51.215-0800][gc,metaspace] GC(43) Metaspace: 67289K(69168K)->67289K(69168K) NonClass: 59617K(60848K)->59617K(60848K) Class: 7671K(8320K)->7671K(8320K)
[2021-05-28T10:34:51.215-0800][gc          ] GC(43) Pause Young (Normal) (G1 Evacuation Pause) 311M->56M(512M) 3.713ms
[2021-05-28T10:34:51.215-0800][gc,cpu      ] GC(43) User=0.01s Sys=0.01s Real=0.00s
[2021-05-28T10:37:08.589-0800][gc,start    ] GC(44) Pause Young (Normal) (G1 Evacuation Pause)
[2021-05-28T10:37:08.589-0800][gc,task     ] GC(44) Using 10 workers of 10 for evacuation
[2021-05-28T10:37:08.597-0800][gc,phases   ] GC(44)   Pre Evacuate Collection Set: 0.7ms
[2021-05-28T10:37:08.597-0800][gc,phases   ] GC(44)   Merge Heap Roots: 0.3ms
[2021-05-28T10:37:08.597-0800][gc,phases   ] GC(44)   Evacuate Collection Set: 4.6ms
[2021-05-28T10:37:08.597-0800][gc,phases   ] GC(44)   Post Evacuate Collection Set: 1.8ms
[2021-05-28T10:37:08.597-0800][gc,phases   ] GC(44)   Other: 0.8ms
[2021-05-28T10:37:08.597-0800][gc,heap     ] GC(44) Eden regions: 255->0(255)
[2021-05-28T10:37:08.597-0800][gc,heap     ] GC(44) Survivor regions: 1->1(32)
[2021-05-28T10:37:08.597-0800][gc,heap     ] GC(44) Old regions: 38->38
[2021-05-28T10:37:08.597-0800][gc,heap     ] GC(44) Archive regions: 2->2
[2021-05-28T10:37:08.597-0800][gc,heap     ] GC(44) Humongous regions: 18->18
[2021-05-28T10:37:08.597-0800][gc,metaspace] GC(44) Metaspace: 67289K(69168K)->67289K(69168K) NonClass: 59617K(60848K)->59617K(60848K) Class: 7671K(8320K)->7671K(8320K)
[2021-05-28T10:37:08.597-0800][gc          ] GC(44) Pause Young (Normal) (G1 Evacuation Pause) 311M->56M(512M) 8.261ms
[2021-05-28T10:37:08.597-0800][gc,cpu      ] GC(44) User=0.01s Sys=0.03s Real=0.01s
[2021-05-28T10:39:26.873-0800][gc,start    ] GC(45) Pause Young (Normal) (G1 Evacuation Pause)
[2021-05-28T10:39:26.874-0800][gc,task     ] GC(45) Using 10 workers of 10 for evacuation
[2021-05-28T10:39:26.877-0800][gc,phases   ] GC(45)   Pre Evacuate Collection Set: 0.2ms
[2021-05-28T10:39:26.877-0800][gc,phases   ] GC(45)   Merge Heap Roots: 0.1ms
[2021-05-28T10:39:26.877-0800][gc,phases   ] GC(45)   Evacuate Collection Set: 2.1ms
[2021-05-28T10:39:26.877-0800][gc,phases   ] GC(45)   Post Evacuate Collection Set: 0.5ms
[2021-05-28T10:39:26.877-0800][gc,phases   ] GC(45)   Other: 0.9ms
[2021-05-28T10:39:26.877-0800][gc,heap     ] GC(45) Eden regions: 255->0(255)
[2021-05-28T10:39:26.877-0800][gc,heap     ] GC(45) Survivor regions: 1->1(32)
[2021-05-28T10:39:26.877-0800][gc,heap     ] GC(45) Old regions: 38->38
[2021-05-28T10:39:26.877-0800][gc,heap     ] GC(45) Archive regions: 2->2
[2021-05-28T10:39:26.877-0800][gc,heap     ] GC(45) Humongous regions: 18->18
[2021-05-28T10:39:26.877-0800][gc,metaspace] GC(45) Metaspace: 67290K(69168K)->67290K(69168K) NonClass: 59618K(60848K)->59618K(60848K) Class: 7671K(8320K)->7671K(8320K)
[2021-05-28T10:39:26.877-0800][gc          ] GC(45) Pause Young (Normal) (G1 Evacuation Pause) 311M->56M(512M) 3.867ms
[2021-05-28T10:39:26.877-0800][gc,cpu      ] GC(45) User=0.01s Sys=0.01s Real=0.00s
[2021-05-28T10:41:44.570-0800][gc,start    ] GC(46) Pause Young (Normal) (G1 Evacuation Pause)
[2021-05-28T10:41:44.571-0800][gc,task     ] GC(46) Using 10 workers of 10 for evacuation
[2021-05-28T10:41:44.573-0800][gc,phases   ] GC(46)   Pre Evacuate Collection Set: 0.2ms
[2021-05-28T10:41:44.573-0800][gc,phases   ] GC(46)   Merge Heap Roots: 0.1ms
[2021-05-28T10:41:44.573-0800][gc,phases   ] GC(46)   Evacuate Collection Set: 1.1ms
[2021-05-28T10:41:44.573-0800][gc,phases   ] GC(46)   Post Evacuate Collection Set: 0.4ms
[2021-05-28T10:41:44.573-0800][gc,phases   ] GC(46)   Other: 1.3ms
[2021-05-28T10:41:44.573-0800][gc,heap     ] GC(46) Eden regions: 255->0(255)
[2021-05-28T10:41:44.573-0800][gc,heap     ] GC(46) Survivor regions: 1->1(32)
[2021-05-28T10:41:44.573-0800][gc,heap     ] GC(46) Old regions: 38->38
[2021-05-28T10:41:44.573-0800][gc,heap     ] GC(46) Archive regions: 2->2
[2021-05-28T10:41:44.573-0800][gc,heap     ] GC(46) Humongous regions: 18->18
[2021-05-28T10:41:44.573-0800][gc,metaspace] GC(46) Metaspace: 67290K(69168K)->67290K(69168K) NonClass: 59618K(60848K)->59618K(60848K) Class: 7671K(8320K)->7671K(8320K)
[2021-05-28T10:41:44.573-0800][gc          ] GC(46) Pause Young (Normal) (G1 Evacuation Pause) 311M->56M(512M) 3.273ms
[2021-05-28T10:41:44.573-0800][gc,cpu      ] GC(46) User=0.01s Sys=0.00s Real=0.00s
[2021-05-28T10:44:03.551-0800][gc,start    ] GC(47) Pause Young (Normal) (G1 Evacuation Pause)
[2021-05-28T10:44:03.551-0800][gc,task     ] GC(47) Using 10 workers of 10 for evacuation
[2021-05-28T10:44:03.553-0800][gc,phases   ] GC(47)   Pre Evacuate Collection Set: 0.1ms
[2021-05-28T10:44:03.553-0800][gc,phases   ] GC(47)   Merge Heap Roots: 0.1ms
[2021-05-28T10:44:03.553-0800][gc,phases   ] GC(47)   Evacuate Collection Set: 0.8ms
[2021-05-28T10:44:03.553-0800][gc,phases   ] GC(47)   Post Evacuate Collection Set: 0.3ms
[2021-05-28T10:44:03.553-0800][gc,phases   ] GC(47)   Other: 0.8ms
[2021-05-28T10:44:03.553-0800][gc,heap     ] GC(47) Eden regions: 255->0(255)
[2021-05-28T10:44:03.553-0800][gc,heap     ] GC(47) Survivor regions: 1->1(32)
[2021-05-28T10:44:03.553-0800][gc,heap     ] GC(47) Old regions: 38->38
[2021-05-28T10:44:03.553-0800][gc,heap     ] GC(47) Archive regions: 2->2
[2021-05-28T10:44:03.553-0800][gc,heap     ] GC(47) Humongous regions: 18->18
[2021-05-28T10:44:03.553-0800][gc,metaspace] GC(47) Metaspace: 67301K(69168K)->67301K(69168K) NonClass: 59629K(60848K)->59629K(60848K) Class: 7671K(8320K)->7671K(8320K)
[2021-05-28T10:44:03.553-0800][gc          ] GC(47) Pause Young (Normal) (G1 Evacuation Pause) 311M->56M(512M) 2.220ms
[2021-05-28T10:44:03.553-0800][gc,cpu      ] GC(47) User=0.00s Sys=0.00s Real=0.00s
[2021-05-28T10:46:22.423-0800][gc,start    ] GC(48) Pause Young (Normal) (G1 Evacuation Pause)
[2021-05-28T10:46:22.423-0800][gc,task     ] GC(48) Using 10 workers of 10 for evacuation
[2021-05-28T10:46:22.426-0800][gc,phases   ] GC(48)   Pre Evacuate Collection Set: 0.3ms
[2021-05-28T10:46:22.426-0800][gc,phases   ] GC(48)   Merge Heap Roots: 0.1ms
[2021-05-28T10:46:22.426-0800][gc,phases   ] GC(48)   Evacuate Collection Set: 1.4ms
[2021-05-28T10:46:22.426-0800][gc,phases   ] GC(48)   Post Evacuate Collection Set: 0.6ms
[2021-05-28T10:46:22.426-0800][gc,phases   ] GC(48)   Other: 0.8ms
[2021-05-28T10:46:22.426-0800][gc,heap     ] GC(48) Eden regions: 255->0(255)
[2021-05-28T10:46:22.426-0800][gc,heap     ] GC(48) Survivor regions: 1->1(32)
[2021-05-28T10:46:22.426-0800][gc,heap     ] GC(48) Old regions: 38->38
[2021-05-28T10:46:22.426-0800][gc,heap     ] GC(48) Archive regions: 2->2
[2021-05-28T10:46:22.426-0800][gc,heap     ] GC(48) Humongous regions: 18->18
[2021-05-28T10:46:22.426-0800][gc,metaspace] GC(48) Metaspace: 67301K(69168K)->67301K(69168K) NonClass: 59629K(60848K)->59629K(60848K) Class: 7671K(8320K)->7671K(8320K)
[2021-05-28T10:46:22.426-0800][gc          ] GC(48) Pause Young (Normal) (G1 Evacuation Pause) 311M->56M(512M) 3.272ms
[2021-05-28T10:46:22.426-0800][gc,cpu      ] GC(48) User=0.01s Sys=0.01s Real=0.00s
[2021-05-28T10:48:40.319-0800][gc,start    ] GC(49) Pause Young (Normal) (G1 Evacuation Pause)
[2021-05-28T10:48:40.320-0800][gc,task     ] GC(49) Using 10 workers of 10 for evacuation
[2021-05-28T10:48:40.322-0800][gc,phases   ] GC(49)   Pre Evacuate Collection Set: 0.2ms
[2021-05-28T10:48:40.322-0800][gc,phases   ] GC(49)   Merge Heap Roots: 0.1ms
[2021-05-28T10:48:40.322-0800][gc,phases   ] GC(49)   Evacuate Collection Set: 1.5ms
[2021-05-28T10:48:40.322-0800][gc,phases   ] GC(49)   Post Evacuate Collection Set: 0.5ms
[2021-05-28T10:48:40.322-0800][gc,phases   ] GC(49)   Other: 0.6ms
[2021-05-28T10:48:40.322-0800][gc,heap     ] GC(49) Eden regions: 255->0(255)
[2021-05-28T10:48:40.322-0800][gc,heap     ] GC(49) Survivor regions: 1->1(32)
[2021-05-28T10:48:40.322-0800][gc,heap     ] GC(49) Old regions: 38->38
[2021-05-28T10:48:40.322-0800][gc,heap     ] GC(49) Archive regions: 2->2
[2021-05-28T10:48:40.322-0800][gc,heap     ] GC(49) Humongous regions: 18->18
[2021-05-28T10:48:40.322-0800][gc,metaspace] GC(49) Metaspace: 67310K(69168K)->67310K(69168K) NonClass: 59636K(60848K)->59636K(60848K) Class: 7673K(8320K)->7673K(8320K)
[2021-05-28T10:48:40.322-0800][gc          ] GC(49) Pause Young (Normal) (G1 Evacuation Pause) 311M->56M(512M) 3.063ms
[2021-05-28T10:48:40.322-0800][gc,cpu      ] GC(49) User=0.01s Sys=0.00s Real=0.01s
[2021-05-28T10:50:59.025-0800][gc,start    ] GC(50) Pause Young (Normal) (G1 Evacuation Pause)
[2021-05-28T10:50:59.026-0800][gc,task     ] GC(50) Using 10 workers of 10 for evacuation
[2021-05-28T10:50:59.028-0800][gc,phases   ] GC(50)   Pre Evacuate Collection Set: 0.1ms
[2021-05-28T10:50:59.028-0800][gc,phases   ] GC(50)   Merge Heap Roots: 0.1ms
[2021-05-28T10:50:59.028-0800][gc,phases   ] GC(50)   Evacuate Collection Set: 1.2ms
[2021-05-28T10:50:59.028-0800][gc,phases   ] GC(50)   Post Evacuate Collection Set: 0.4ms
[2021-05-28T10:50:59.028-0800][gc,phases   ] GC(50)   Other: 1.0ms
[2021-05-28T10:50:59.028-0800][gc,heap     ] GC(50) Eden regions: 255->0(255)
[2021-05-28T10:50:59.028-0800][gc,heap     ] GC(50) Survivor regions: 1->1(32)
[2021-05-28T10:50:59.028-0800][gc,heap     ] GC(50) Old regions: 38->38
[2021-05-28T10:50:59.028-0800][gc,heap     ] GC(50) Archive regions: 2->2
[2021-05-28T10:50:59.028-0800][gc,heap     ] GC(50) Humongous regions: 22->22
[2021-05-28T10:50:59.028-0800][gc,metaspace] GC(50) Metaspace: 67311K(69168K)->67311K(69168K) NonClass: 59637K(60848K)->59637K(60848K) Class: 7673K(8320K)->7673K(8320K)
[2021-05-28T10:50:59.028-0800][gc          ] GC(50) Pause Young (Normal) (G1 Evacuation Pause) 315M->60M(512M) 2.774ms
[2021-05-28T10:50:59.028-0800][gc,cpu      ] GC(50) User=0.00s Sys=0.00s Real=0.00s
[2021-05-28T10:53:15.981-0800][gc,start    ] GC(51) Pause Young (Normal) (G1 Evacuation Pause)
[2021-05-28T10:53:15.981-0800][gc,task     ] GC(51) Using 10 workers of 10 for evacuation
[2021-05-28T10:53:15.983-0800][gc,phases   ] GC(51)   Pre Evacuate Collection Set: 0.1ms
[2021-05-28T10:53:15.983-0800][gc,phases   ] GC(51)   Merge Heap Roots: 0.1ms
[2021-05-28T10:53:15.983-0800][gc,phases   ] GC(51)   Evacuate Collection Set: 1.1ms
[2021-05-28T10:53:15.983-0800][gc,phases   ] GC(51)   Post Evacuate Collection Set: 0.4ms
[2021-05-28T10:53:15.983-0800][gc,phases   ] GC(51)   Other: 1.0ms
[2021-05-28T10:53:15.983-0800][gc,heap     ] GC(51) Eden regions: 255->0(255)
[2021-05-28T10:53:15.983-0800][gc,heap     ] GC(51) Survivor regions: 1->1(32)
[2021-05-28T10:53:15.983-0800][gc,heap     ] GC(51) Old regions: 38->38
[2021-05-28T10:53:15.983-0800][gc,heap     ] GC(51) Archive regions: 2->2
[2021-05-28T10:53:15.983-0800][gc,heap     ] GC(51) Humongous regions: 22->22
[2021-05-28T10:53:15.983-0800][gc,metaspace] GC(51) Metaspace: 67313K(69168K)->67313K(69168K) NonClass: 59640K(60848K)->59640K(60848K) Class: 7673K(8320K)->7673K(8320K)
[2021-05-28T10:53:15.983-0800][gc          ] GC(51) Pause Young (Normal) (G1 Evacuation Pause) 315M->60M(512M) 2.909ms
[2021-05-28T10:53:15.983-0800][gc,cpu      ] GC(51) User=0.01s Sys=0.00s Real=0.00s
[2021-05-28T10:55:34.465-0800][gc,start    ] GC(52) Pause Young (Normal) (G1 Evacuation Pause)
[2021-05-28T10:55:34.466-0800][gc,task     ] GC(52) Using 10 workers of 10 for evacuation
[2021-05-28T10:55:34.473-0800][gc,phases   ] GC(52)   Pre Evacuate Collection Set: 0.3ms
[2021-05-28T10:55:34.473-0800][gc,phases   ] GC(52)   Merge Heap Roots: 0.2ms
[2021-05-28T10:55:34.473-0800][gc,phases   ] GC(52)   Evacuate Collection Set: 5.3ms
[2021-05-28T10:55:34.473-0800][gc,phases   ] GC(52)   Post Evacuate Collection Set: 0.4ms
[2021-05-28T10:55:34.473-0800][gc,phases   ] GC(52)   Other: 1.4ms
[2021-05-28T10:55:34.473-0800][gc,heap     ] GC(52) Eden regions: 255->0(255)
[2021-05-28T10:55:34.473-0800][gc,heap     ] GC(52) Survivor regions: 1->1(32)
[2021-05-28T10:55:34.473-0800][gc,heap     ] GC(52) Old regions: 38->38
[2021-05-28T10:55:34.473-0800][gc,heap     ] GC(52) Archive regions: 2->2
[2021-05-28T10:55:34.473-0800][gc,heap     ] GC(52) Humongous regions: 22->22
[2021-05-28T10:55:34.473-0800][gc,metaspace] GC(52) Metaspace: 67314K(69168K)->67314K(69168K) NonClass: 59641K(60848K)->59641K(60848K) Class: 7673K(8320K)->7673K(8320K)
[2021-05-28T10:55:34.473-0800][gc          ] GC(52) Pause Young (Normal) (G1 Evacuation Pause) 315M->60M(512M) 7.658ms
[2021-05-28T10:55:34.473-0800][gc,cpu      ] GC(52) User=0.02s Sys=0.01s Real=0.01s
[2021-05-28T10:57:52.832-0800][gc,start    ] GC(53) Pause Young (Normal) (G1 Evacuation Pause)
[2021-05-28T10:57:52.833-0800][gc,task     ] GC(53) Using 10 workers of 10 for evacuation
[2021-05-28T10:57:52.835-0800][gc,phases   ] GC(53)   Pre Evacuate Collection Set: 0.1ms
[2021-05-28T10:57:52.835-0800][gc,phases   ] GC(53)   Merge Heap Roots: 0.1ms
[2021-05-28T10:57:52.835-0800][gc,phases   ] GC(53)   Evacuate Collection Set: 0.7ms
[2021-05-28T10:57:52.835-0800][gc,phases   ] GC(53)   Post Evacuate Collection Set: 0.4ms
[2021-05-28T10:57:52.835-0800][gc,phases   ] GC(53)   Other: 0.7ms
[2021-05-28T10:57:52.835-0800][gc,heap     ] GC(53) Eden regions: 255->0(255)
[2021-05-28T10:57:52.835-0800][gc,heap     ] GC(53) Survivor regions: 1->1(32)
[2021-05-28T10:57:52.835-0800][gc,heap     ] GC(53) Old regions: 38->38
[2021-05-28T10:57:52.835-0800][gc,heap     ] GC(53) Archive regions: 2->2
[2021-05-28T10:57:52.835-0800][gc,heap     ] GC(53) Humongous regions: 22->22
[2021-05-28T10:57:52.835-0800][gc,metaspace] GC(53) Metaspace: 67320K(69168K)->67320K(69168K) NonClass: 59647K(60848K)->59647K(60848K) Class: 7673K(8320K)->7673K(8320K)
[2021-05-28T10:57:52.835-0800][gc          ] GC(53) Pause Young (Normal) (G1 Evacuation Pause) 315M->60M(512M) 2.232ms
[2021-05-28T10:57:52.835-0800][gc,cpu      ] GC(53) User=0.01s Sys=0.00s Real=0.00s
[2021-05-28T11:00:11.969-0800][gc,start    ] GC(54) Pause Young (Normal) (G1 Evacuation Pause)
[2021-05-28T11:00:11.969-0800][gc,task     ] GC(54) Using 10 workers of 10 for evacuation
[2021-05-28T11:00:11.971-0800][gc,phases   ] GC(54)   Pre Evacuate Collection Set: 0.2ms
[2021-05-28T11:00:11.971-0800][gc,phases   ] GC(54)   Merge Heap Roots: 0.1ms
[2021-05-28T11:00:11.971-0800][gc,phases   ] GC(54)   Evacuate Collection Set: 0.9ms
[2021-05-28T11:00:11.971-0800][gc,phases   ] GC(54)   Post Evacuate Collection Set: 0.5ms
[2021-05-28T11:00:11.971-0800][gc,phases   ] GC(54)   Other: 0.6ms
[2021-05-28T11:00:11.972-0800][gc,heap     ] GC(54) Eden regions: 255->0(255)
[2021-05-28T11:00:11.972-0800][gc,heap     ] GC(54) Survivor regions: 1->1(32)
[2021-05-28T11:00:11.972-0800][gc,heap     ] GC(54) Old regions: 38->38
[2021-05-28T11:00:11.972-0800][gc,heap     ] GC(54) Archive regions: 2->2
[2021-05-28T11:00:11.972-0800][gc,heap     ] GC(54) Humongous regions: 22->22
[2021-05-28T11:00:11.972-0800][gc,metaspace] GC(54) Metaspace: 67320K(69168K)->67320K(69168K) NonClass: 59647K(60848K)->59647K(60848K) Class: 7673K(8320K)->7673K(8320K)
[2021-05-28T11:00:11.972-0800][gc          ] GC(54) Pause Young (Normal) (G1 Evacuation Pause) 315M->60M(512M) 2.550ms
[2021-05-28T11:00:11.972-0800][gc,cpu      ] GC(54) User=0.01s Sys=0.00s Real=0.01s
[2021-05-28T11:02:29.870-0800][gc,start    ] GC(55) Pause Young (Normal) (G1 Evacuation Pause)
[2021-05-28T11:02:29.871-0800][gc,task     ] GC(55) Using 10 workers of 10 for evacuation
[2021-05-28T11:02:29.873-0800][gc,phases   ] GC(55)   Pre Evacuate Collection Set: 0.2ms
[2021-05-28T11:02:29.873-0800][gc,phases   ] GC(55)   Merge Heap Roots: 0.1ms
[2021-05-28T11:02:29.873-0800][gc,phases   ] GC(55)   Evacuate Collection Set: 1.0ms
[2021-05-28T11:02:29.873-0800][gc,phases   ] GC(55)   Post Evacuate Collection Set: 0.6ms
[2021-05-28T11:02:29.873-0800][gc,phases   ] GC(55)   Other: 0.8ms
[2021-05-28T11:02:29.873-0800][gc,heap     ] GC(55) Eden regions: 255->0(255)
[2021-05-28T11:02:29.873-0800][gc,heap     ] GC(55) Survivor regions: 1->1(32)
[2021-05-28T11:02:29.873-0800][gc,heap     ] GC(55) Old regions: 38->38
[2021-05-28T11:02:29.873-0800][gc,heap     ] GC(55) Archive regions: 2->2
[2021-05-28T11:02:29.873-0800][gc,heap     ] GC(55) Humongous regions: 22->22
[2021-05-28T11:02:29.873-0800][gc,metaspace] GC(55) Metaspace: 67321K(69168K)->67321K(69168K) NonClass: 59648K(60848K)->59648K(60848K) Class: 7673K(8320K)->7673K(8320K)
[2021-05-28T11:02:29.873-0800][gc          ] GC(55) Pause Young (Normal) (G1 Evacuation Pause) 315M->60M(512M) 2.929ms
[2021-05-28T11:02:29.873-0800][gc,cpu      ] GC(55) User=0.01s Sys=0.00s Real=0.00s
[2021-05-28T11:04:49.057-0800][gc,start    ] GC(56) Pause Young (Normal) (G1 Evacuation Pause)
[2021-05-28T11:04:49.058-0800][gc,task     ] GC(56) Using 10 workers of 10 for evacuation
[2021-05-28T11:04:49.060-0800][gc,phases   ] GC(56)   Pre Evacuate Collection Set: 0.2ms
[2021-05-28T11:04:49.060-0800][gc,phases   ] GC(56)   Merge Heap Roots: 0.1ms
[2021-05-28T11:04:49.060-0800][gc,phases   ] GC(56)   Evacuate Collection Set: 1.1ms
[2021-05-28T11:04:49.060-0800][gc,phases   ] GC(56)   Post Evacuate Collection Set: 0.6ms
[2021-05-28T11:04:49.060-0800][gc,phases   ] GC(56)   Other: 1.2ms
[2021-05-28T11:04:49.060-0800][gc,heap     ] GC(56) Eden regions: 255->0(255)
[2021-05-28T11:04:49.060-0800][gc,heap     ] GC(56) Survivor regions: 1->1(32)
[2021-05-28T11:04:49.060-0800][gc,heap     ] GC(56) Old regions: 38->38
[2021-05-28T11:04:49.060-0800][gc,heap     ] GC(56) Archive regions: 2->2
[2021-05-28T11:04:49.060-0800][gc,heap     ] GC(56) Humongous regions: 24->24
[2021-05-28T11:04:49.060-0800][gc,metaspace] GC(56) Metaspace: 67321K(69168K)->67321K(69168K) NonClass: 59648K(60848K)->59648K(60848K) Class: 7673K(8320K)->7673K(8320K)
[2021-05-28T11:04:49.060-0800][gc          ] GC(56) Pause Young (Normal) (G1 Evacuation Pause) 317M->62M(512M) 3.413ms
[2021-05-28T11:04:49.060-0800][gc,cpu      ] GC(56) User=0.01s Sys=0.01s Real=0.01s
[2021-05-28T11:13:54.066-0800][gc,start    ] GC(57) Pause Young (Normal) (G1 Evacuation Pause)
[2021-05-28T11:13:54.067-0800][gc,task     ] GC(57) Using 10 workers of 10 for evacuation
[2021-05-28T11:13:54.077-0800][gc,phases   ] GC(57)   Pre Evacuate Collection Set: 1.1ms
[2021-05-28T11:13:54.077-0800][gc,phases   ] GC(57)   Merge Heap Roots: 0.3ms
[2021-05-28T11:13:54.077-0800][gc,phases   ] GC(57)   Evacuate Collection Set: 7.2ms
[2021-05-28T11:13:54.077-0800][gc,phases   ] GC(57)   Post Evacuate Collection Set: 0.8ms
[2021-05-28T11:13:54.077-0800][gc,phases   ] GC(57)   Other: 1.3ms
[2021-05-28T11:13:54.077-0800][gc,heap     ] GC(57) Eden regions: 255->0(253)
[2021-05-28T11:13:54.077-0800][gc,heap     ] GC(57) Survivor regions: 1->3(32)
[2021-05-28T11:13:54.077-0800][gc,heap     ] GC(57) Old regions: 38->38
[2021-05-28T11:13:54.077-0800][gc,heap     ] GC(57) Archive regions: 2->2
[2021-05-28T11:13:54.077-0800][gc,heap     ] GC(57) Humongous regions: 24->24
[2021-05-28T11:13:54.077-0800][gc,metaspace] GC(57) Metaspace: 68532K(70320K)->68532K(70320K) NonClass: 60715K(61872K)->60715K(61872K) Class: 7816K(8448K)->7816K(8448K)
[2021-05-28T11:13:54.077-0800][gc          ] GC(57) Pause Young (Normal) (G1 Evacuation Pause) 317M->64M(512M) 10.874ms
[2021-05-28T11:13:54.077-0800][gc,cpu      ] GC(57) User=0.02s Sys=0.04s Real=0.01s
[2021-05-28T11:16:07.358-0800][gc,start    ] GC(58) Pause Young (Normal) (G1 Evacuation Pause)
[2021-05-28T11:16:07.359-0800][gc,task     ] GC(58) Using 10 workers of 10 for evacuation
[2021-05-28T11:16:07.363-0800][gc,phases   ] GC(58)   Pre Evacuate Collection Set: 0.2ms
[2021-05-28T11:16:07.363-0800][gc,phases   ] GC(58)   Merge Heap Roots: 0.1ms
[2021-05-28T11:16:07.363-0800][gc,phases   ] GC(58)   Evacuate Collection Set: 2.8ms
[2021-05-28T11:16:07.363-0800][gc,phases   ] GC(58)   Post Evacuate Collection Set: 0.5ms
[2021-05-28T11:16:07.363-0800][gc,phases   ] GC(58)   Other: 1.2ms
[2021-05-28T11:16:07.363-0800][gc,heap     ] GC(58) Eden regions: 253->0(253)
[2021-05-28T11:16:07.363-0800][gc,heap     ] GC(58) Survivor regions: 3->3(32)
[2021-05-28T11:16:07.363-0800][gc,heap     ] GC(58) Old regions: 38->38
[2021-05-28T11:16:07.363-0800][gc,heap     ] GC(58) Archive regions: 2->2
[2021-05-28T11:16:07.363-0800][gc,heap     ] GC(58) Humongous regions: 24->24
[2021-05-28T11:16:07.363-0800][gc,metaspace] GC(58) Metaspace: 68532K(70320K)->68532K(70320K) NonClass: 60715K(61872K)->60715K(61872K) Class: 7816K(8448K)->7816K(8448K)
[2021-05-28T11:16:07.363-0800][gc          ] GC(58) Pause Young (Normal) (G1 Evacuation Pause) 317M->64M(512M) 5.065ms
[2021-05-28T11:16:07.363-0800][gc,cpu      ] GC(58) User=0.01s Sys=0.01s Real=0.01s
[2021-05-28T11:18:24.754-0800][gc,start    ] GC(59) Pause Young (Normal) (G1 Evacuation Pause)
[2021-05-28T11:18:24.754-0800][gc,task     ] GC(59) Using 10 workers of 10 for evacuation
[2021-05-28T11:18:24.761-0800][gc,phases   ] GC(59)   Pre Evacuate Collection Set: 0.3ms
[2021-05-28T11:18:24.761-0800][gc,phases   ] GC(59)   Merge Heap Roots: 0.1ms
[2021-05-28T11:18:24.761-0800][gc,phases   ] GC(59)   Evacuate Collection Set: 5.8ms
[2021-05-28T11:18:24.761-0800][gc,phases   ] GC(59)   Post Evacuate Collection Set: 0.4ms
[2021-05-28T11:18:24.761-0800][gc,phases   ] GC(59)   Other: 0.8ms
[2021-05-28T11:18:24.761-0800][gc,heap     ] GC(59) Eden regions: 253->0(253)
[2021-05-28T11:18:24.761-0800][gc,heap     ] GC(59) Survivor regions: 3->3(32)
[2021-05-28T11:18:24.761-0800][gc,heap     ] GC(59) Old regions: 38->38
[2021-05-28T11:18:24.761-0800][gc,heap     ] GC(59) Archive regions: 2->2
[2021-05-28T11:18:24.761-0800][gc,heap     ] GC(59) Humongous regions: 30->30
[2021-05-28T11:18:24.761-0800][gc,metaspace] GC(59) Metaspace: 68532K(70320K)->68532K(70320K) NonClass: 60715K(61872K)->60715K(61872K) Class: 7816K(8448K)->7816K(8448K)
[2021-05-28T11:18:24.761-0800][gc          ] GC(59) Pause Young (Normal) (G1 Evacuation Pause) 323M->70M(512M) 7.623ms
[2021-05-28T11:18:24.762-0800][gc,cpu      ] GC(59) User=0.01s Sys=0.03s Real=0.01s
[2021-05-28T11:20:44.329-0800][gc,start    ] GC(60) Pause Young (Normal) (G1 Evacuation Pause)
[2021-05-28T11:20:44.329-0800][gc,task     ] GC(60) Using 10 workers of 10 for evacuation
[2021-05-28T11:20:44.331-0800][gc,phases   ] GC(60)   Pre Evacuate Collection Set: 0.2ms
[2021-05-28T11:20:44.331-0800][gc,phases   ] GC(60)   Merge Heap Roots: 0.1ms
[2021-05-28T11:20:44.331-0800][gc,phases   ] GC(60)   Evacuate Collection Set: 1.4ms
[2021-05-28T11:20:44.331-0800][gc,phases   ] GC(60)   Post Evacuate Collection Set: 0.5ms
[2021-05-28T11:20:44.331-0800][gc,phases   ] GC(60)   Other: 0.6ms
[2021-05-28T11:20:44.331-0800][gc,heap     ] GC(60) Eden regions: 253->0(253)
[2021-05-28T11:20:44.331-0800][gc,heap     ] GC(60) Survivor regions: 3->3(32)
[2021-05-28T11:20:44.331-0800][gc,heap     ] GC(60) Old regions: 38->38
[2021-05-28T11:20:44.331-0800][gc,heap     ] GC(60) Archive regions: 2->2
[2021-05-28T11:20:44.331-0800][gc,heap     ] GC(60) Humongous regions: 30->30
[2021-05-28T11:20:44.331-0800][gc,metaspace] GC(60) Metaspace: 68532K(70320K)->68532K(70320K) NonClass: 60715K(61872K)->60715K(61872K) Class: 7816K(8448K)->7816K(8448K)
[2021-05-28T11:20:44.331-0800][gc          ] GC(60) Pause Young (Normal) (G1 Evacuation Pause) 323M->70M(512M) 2.762ms
[2021-05-28T11:20:44.331-0800][gc,cpu      ] GC(60) User=0.01s Sys=0.00s Real=0.01s
[2021-05-28T11:22:57.498-0800][gc,start    ] GC(61) Pause Young (Normal) (G1 Evacuation Pause)
[2021-05-28T11:22:57.499-0800][gc,task     ] GC(61) Using 10 workers of 10 for evacuation
[2021-05-28T11:22:57.501-0800][gc,phases   ] GC(61)   Pre Evacuate Collection Set: 0.1ms
[2021-05-28T11:22:57.501-0800][gc,phases   ] GC(61)   Merge Heap Roots: 0.1ms
[2021-05-28T11:22:57.501-0800][gc,phases   ] GC(61)   Evacuate Collection Set: 1.5ms
[2021-05-28T11:22:57.501-0800][gc,phases   ] GC(61)   Post Evacuate Collection Set: 0.4ms
[2021-05-28T11:22:57.501-0800][gc,phases   ] GC(61)   Other: 0.9ms
[2021-05-28T11:22:57.501-0800][gc,heap     ] GC(61) Eden regions: 253->0(253)
[2021-05-28T11:22:57.501-0800][gc,heap     ] GC(61) Survivor regions: 3->3(32)
[2021-05-28T11:22:57.501-0800][gc,heap     ] GC(61) Old regions: 38->38
[2021-05-28T11:22:57.501-0800][gc,heap     ] GC(61) Archive regions: 2->2
[2021-05-28T11:22:57.501-0800][gc,heap     ] GC(61) Humongous regions: 30->30
[2021-05-28T11:22:57.501-0800][gc,metaspace] GC(61) Metaspace: 68532K(70320K)->68532K(70320K) NonClass: 60715K(61872K)->60715K(61872K) Class: 7816K(8448K)->7816K(8448K)
[2021-05-28T11:22:57.501-0800][gc          ] GC(61) Pause Young (Normal) (G1 Evacuation Pause) 323M->70M(512M) 3.101ms
[2021-05-28T11:22:57.501-0800][gc,cpu      ] GC(61) User=0.01s Sys=0.00s Real=0.01s
[2021-05-28T11:25:14.814-0800][gc,start    ] GC(62) Pause Young (Normal) (G1 Evacuation Pause)
[2021-05-28T11:25:14.814-0800][gc,task     ] GC(62) Using 10 workers of 10 for evacuation
[2021-05-28T11:25:14.816-0800][gc,phases   ] GC(62)   Pre Evacuate Collection Set: 0.1ms
[2021-05-28T11:25:14.816-0800][gc,phases   ] GC(62)   Merge Heap Roots: 0.1ms
[2021-05-28T11:25:14.816-0800][gc,phases   ] GC(62)   Evacuate Collection Set: 0.9ms
[2021-05-28T11:25:14.816-0800][gc,phases   ] GC(62)   Post Evacuate Collection Set: 0.3ms
[2021-05-28T11:25:14.816-0800][gc,phases   ] GC(62)   Other: 0.5ms
[2021-05-28T11:25:14.816-0800][gc,heap     ] GC(62) Eden regions: 253->0(253)
[2021-05-28T11:25:14.816-0800][gc,heap     ] GC(62) Survivor regions: 3->3(32)
[2021-05-28T11:25:14.816-0800][gc,heap     ] GC(62) Old regions: 38->38
[2021-05-28T11:25:14.816-0800][gc,heap     ] GC(62) Archive regions: 2->2
[2021-05-28T11:25:14.816-0800][gc,heap     ] GC(62) Humongous regions: 30->30
[2021-05-28T11:25:14.816-0800][gc,metaspace] GC(62) Metaspace: 68536K(70320K)->68536K(70320K) NonClass: 60719K(61872K)->60719K(61872K) Class: 7816K(8448K)->7816K(8448K)
[2021-05-28T11:25:14.816-0800][gc          ] GC(62) Pause Young (Normal) (G1 Evacuation Pause) 323M->70M(512M) 2.078ms
[2021-05-28T11:25:14.816-0800][gc,cpu      ] GC(62) User=0.01s Sys=0.00s Real=0.00s
[2021-05-28T11:27:34.183-0800][gc,start    ] GC(63) Pause Young (Normal) (G1 Evacuation Pause)
[2021-05-28T11:27:34.183-0800][gc,task     ] GC(63) Using 10 workers of 10 for evacuation
[2021-05-28T11:27:34.186-0800][gc,phases   ] GC(63)   Pre Evacuate Collection Set: 0.1ms
[2021-05-28T11:27:34.186-0800][gc,phases   ] GC(63)   Merge Heap Roots: 0.1ms
[2021-05-28T11:27:34.187-0800][gc,phases   ] GC(63)   Evacuate Collection Set: 2.5ms
[2021-05-28T11:27:34.187-0800][gc,phases   ] GC(63)   Post Evacuate Collection Set: 0.5ms
[2021-05-28T11:27:34.187-0800][gc,phases   ] GC(63)   Other: 0.6ms
[2021-05-28T11:27:34.187-0800][gc,heap     ] GC(63) Eden regions: 253->0(253)
[2021-05-28T11:27:34.187-0800][gc,heap     ] GC(63) Survivor regions: 3->3(32)
[2021-05-28T11:27:34.187-0800][gc,heap     ] GC(63) Old regions: 38->38
[2021-05-28T11:27:34.187-0800][gc,heap     ] GC(63) Archive regions: 2->2
[2021-05-28T11:27:34.187-0800][gc,heap     ] GC(63) Humongous regions: 30->30
[2021-05-28T11:27:34.187-0800][gc,metaspace] GC(63) Metaspace: 68536K(70320K)->68536K(70320K) NonClass: 60719K(61872K)->60719K(61872K) Class: 7816K(8448K)->7816K(8448K)
[2021-05-28T11:27:34.187-0800][gc          ] GC(63) Pause Young (Normal) (G1 Evacuation Pause) 323M->70M(512M) 3.982ms
[2021-05-28T11:27:34.187-0800][gc,cpu      ] GC(63) User=0.01s Sys=0.01s Real=0.00s
[2021-05-28T11:29:47.290-0800][gc,start    ] GC(64) Pause Young (Normal) (G1 Evacuation Pause)
[2021-05-28T11:29:47.291-0800][gc,task     ] GC(64) Using 10 workers of 10 for evacuation
[2021-05-28T11:29:47.299-0800][gc,phases   ] GC(64)   Pre Evacuate Collection Set: 0.8ms
[2021-05-28T11:29:47.299-0800][gc,phases   ] GC(64)   Merge Heap Roots: 0.3ms
[2021-05-28T11:29:47.299-0800][gc,phases   ] GC(64)   Evacuate Collection Set: 6.4ms
[2021-05-28T11:29:47.299-0800][gc,phases   ] GC(64)   Post Evacuate Collection Set: 0.6ms
[2021-05-28T11:29:47.299-0800][gc,phases   ] GC(64)   Other: 1.5ms
[2021-05-28T11:29:47.299-0800][gc,heap     ] GC(64) Eden regions: 253->0(253)
[2021-05-28T11:29:47.299-0800][gc,heap     ] GC(64) Survivor regions: 3->3(32)
[2021-05-28T11:29:47.299-0800][gc,heap     ] GC(64) Old regions: 38->38
[2021-05-28T11:29:47.299-0800][gc,heap     ] GC(64) Archive regions: 2->2
[2021-05-28T11:29:47.299-0800][gc,heap     ] GC(64) Humongous regions: 30->30
[2021-05-28T11:29:47.299-0800][gc,metaspace] GC(64) Metaspace: 68536K(70320K)->68536K(70320K) NonClass: 60719K(61872K)->60719K(61872K) Class: 7816K(8448K)->7816K(8448K)
[2021-05-28T11:29:47.299-0800][gc          ] GC(64) Pause Young (Normal) (G1 Evacuation Pause) 323M->70M(512M) 9.696ms
[2021-05-28T11:29:47.299-0800][gc,cpu      ] GC(64) User=0.02s Sys=0.03s Real=0.00s
[2021-05-28T11:32:05.022-0800][gc,start    ] GC(65) Pause Young (Normal) (G1 Evacuation Pause)
[2021-05-28T11:32:05.022-0800][gc,task     ] GC(65) Using 10 workers of 10 for evacuation
[2021-05-28T11:32:05.026-0800][gc,phases   ] GC(65)   Pre Evacuate Collection Set: 0.1ms
[2021-05-28T11:32:05.026-0800][gc,phases   ] GC(65)   Merge Heap Roots: 0.1ms
[2021-05-28T11:32:05.026-0800][gc,phases   ] GC(65)   Evacuate Collection Set: 2.7ms
[2021-05-28T11:32:05.026-0800][gc,phases   ] GC(65)   Post Evacuate Collection Set: 0.4ms
[2021-05-28T11:32:05.026-0800][gc,phases   ] GC(65)   Other: 0.6ms
[2021-05-28T11:32:05.026-0800][gc,heap     ] GC(65) Eden regions: 253->0(253)
[2021-05-28T11:32:05.026-0800][gc,heap     ] GC(65) Survivor regions: 3->3(32)
[2021-05-28T11:32:05.026-0800][gc,heap     ] GC(65) Old regions: 38->38
[2021-05-28T11:32:05.026-0800][gc,heap     ] GC(65) Archive regions: 2->2
[2021-05-28T11:32:05.026-0800][gc,heap     ] GC(65) Humongous regions: 42->42
[2021-05-28T11:32:05.026-0800][gc,metaspace] GC(65) Metaspace: 68536K(70320K)->68536K(70320K) NonClass: 60719K(61872K)->60719K(61872K) Class: 7816K(8448K)->7816K(8448K)
[2021-05-28T11:32:05.026-0800][gc          ] GC(65) Pause Young (Normal) (G1 Evacuation Pause) 335M->82M(512M) 4.093ms
[2021-05-28T11:32:05.026-0800][gc,cpu      ] GC(65) User=0.01s Sys=0.01s Real=0.00s
[2021-05-28T11:34:19.509-0800][gc,start    ] GC(66) Pause Young (Normal) (G1 Evacuation Pause)
[2021-05-28T11:34:19.509-0800][gc,task     ] GC(66) Using 10 workers of 10 for evacuation
[2021-05-28T11:34:19.513-0800][gc,phases   ] GC(66)   Pre Evacuate Collection Set: 0.2ms
[2021-05-28T11:34:19.513-0800][gc,phases   ] GC(66)   Merge Heap Roots: 0.1ms
[2021-05-28T11:34:19.513-0800][gc,phases   ] GC(66)   Evacuate Collection Set: 2.4ms
[2021-05-28T11:34:19.513-0800][gc,phases   ] GC(66)   Post Evacuate Collection Set: 0.8ms
[2021-05-28T11:34:19.513-0800][gc,phases   ] GC(66)   Other: 0.6ms
[2021-05-28T11:34:19.513-0800][gc,heap     ] GC(66) Eden regions: 253->0(253)
[2021-05-28T11:34:19.513-0800][gc,heap     ] GC(66) Survivor regions: 3->3(32)
[2021-05-28T11:34:19.513-0800][gc,heap     ] GC(66) Old regions: 38->38
[2021-05-28T11:34:19.513-0800][gc,heap     ] GC(66) Archive regions: 2->2
[2021-05-28T11:34:19.513-0800][gc,heap     ] GC(66) Humongous regions: 42->42
[2021-05-28T11:34:19.513-0800][gc,metaspace] GC(66) Metaspace: 68536K(70320K)->68536K(70320K) NonClass: 60719K(61872K)->60719K(61872K) Class: 7816K(8448K)->7816K(8448K)
[2021-05-28T11:34:19.513-0800][gc          ] GC(66) Pause Young (Normal) (G1 Evacuation Pause) 335M->82M(512M) 4.232ms
[2021-05-28T11:34:19.513-0800][gc,cpu      ] GC(66) User=0.02s Sys=0.00s Real=0.01s
[2021-05-28T11:36:36.882-0800][gc,start    ] GC(67) Pause Young (Normal) (G1 Evacuation Pause)
[2021-05-28T11:36:36.883-0800][gc,task     ] GC(67) Using 10 workers of 10 for evacuation
[2021-05-28T11:36:36.885-0800][gc,phases   ] GC(67)   Pre Evacuate Collection Set: 0.1ms
[2021-05-28T11:36:36.885-0800][gc,phases   ] GC(67)   Merge Heap Roots: 0.1ms
[2021-05-28T11:36:36.885-0800][gc,phases   ] GC(67)   Evacuate Collection Set: 2.1ms
[2021-05-28T11:36:36.885-0800][gc,phases   ] GC(67)   Post Evacuate Collection Set: 0.3ms
[2021-05-28T11:36:36.886-0800][gc,phases   ] GC(67)   Other: 0.5ms
[2021-05-28T11:36:36.886-0800][gc,heap     ] GC(67) Eden regions: 253->0(253)
[2021-05-28T11:36:36.886-0800][gc,heap     ] GC(67) Survivor regions: 3->3(32)
[2021-05-28T11:36:36.886-0800][gc,heap     ] GC(67) Old regions: 38->38
[2021-05-28T11:36:36.886-0800][gc,heap     ] GC(67) Archive regions: 2->2
[2021-05-28T11:36:36.886-0800][gc,heap     ] GC(67) Humongous regions: 42->42
[2021-05-28T11:36:36.886-0800][gc,metaspace] GC(67) Metaspace: 68540K(70320K)->68540K(70320K) NonClass: 60723K(61872K)->60723K(61872K) Class: 7816K(8448K)->7816K(8448K)
[2021-05-28T11:36:36.886-0800][gc          ] GC(67) Pause Young (Normal) (G1 Evacuation Pause) 335M->82M(512M) 3.260ms
[2021-05-28T11:36:36.886-0800][gc,cpu      ] GC(67) User=0.01s Sys=0.00s Real=0.00s
[2021-05-28T11:38:55.030-0800][gc,start    ] GC(68) Pause Young (Normal) (G1 Evacuation Pause)
[2021-05-28T11:38:55.030-0800][gc,task     ] GC(68) Using 10 workers of 10 for evacuation
[2021-05-28T11:38:55.032-0800][gc,phases   ] GC(68)   Pre Evacuate Collection Set: 0.1ms
[2021-05-28T11:38:55.032-0800][gc,phases   ] GC(68)   Merge Heap Roots: 0.1ms
[2021-05-28T11:38:55.032-0800][gc,phases   ] GC(68)   Evacuate Collection Set: 1.2ms
[2021-05-28T11:38:55.032-0800][gc,phases   ] GC(68)   Post Evacuate Collection Set: 0.4ms
[2021-05-28T11:38:55.032-0800][gc,phases   ] GC(68)   Other: 0.6ms
[2021-05-28T11:38:55.032-0800][gc,heap     ] GC(68) Eden regions: 253->0(253)
[2021-05-28T11:38:55.032-0800][gc,heap     ] GC(68) Survivor regions: 3->3(32)
[2021-05-28T11:38:55.032-0800][gc,heap     ] GC(68) Old regions: 38->38
[2021-05-28T11:38:55.032-0800][gc,heap     ] GC(68) Archive regions: 2->2
[2021-05-28T11:38:55.032-0800][gc,heap     ] GC(68) Humongous regions: 42->42
[2021-05-28T11:38:55.032-0800][gc,metaspace] GC(68) Metaspace: 68540K(70320K)->68540K(70320K) NonClass: 60723K(61872K)->60723K(61872K) Class: 7816K(8448K)->7816K(8448K)
[2021-05-28T11:38:55.032-0800][gc          ] GC(68) Pause Young (Normal) (G1 Evacuation Pause) 335M->82M(512M) 2.467ms
[2021-05-28T11:38:55.032-0800][gc,cpu      ] GC(68) User=0.01s Sys=0.00s Real=0.00s
[2021-05-28T11:41:08.778-0800][gc,start    ] GC(69) Pause Young (Normal) (G1 Evacuation Pause)
[2021-05-28T11:41:08.779-0800][gc,task     ] GC(69) Using 10 workers of 10 for evacuation
[2021-05-28T11:41:08.791-0800][gc,phases   ] GC(69)   Pre Evacuate Collection Set: 1.2ms
[2021-05-28T11:41:08.791-0800][gc,phases   ] GC(69)   Merge Heap Roots: 0.3ms
[2021-05-28T11:41:08.791-0800][gc,phases   ] GC(69)   Evacuate Collection Set: 8.4ms
[2021-05-28T11:41:08.791-0800][gc,phases   ] GC(69)   Post Evacuate Collection Set: 2.0ms
[2021-05-28T11:41:08.791-0800][gc,phases   ] GC(69)   Other: 1.1ms
[2021-05-28T11:41:08.791-0800][gc,heap     ] GC(69) Eden regions: 253->0(253)
[2021-05-28T11:41:08.791-0800][gc,heap     ] GC(69) Survivor regions: 3->3(32)
[2021-05-28T11:41:08.791-0800][gc,heap     ] GC(69) Old regions: 38->38
[2021-05-28T11:41:08.791-0800][gc,heap     ] GC(69) Archive regions: 2->2
[2021-05-28T11:41:08.791-0800][gc,heap     ] GC(69) Humongous regions: 42->42
[2021-05-28T11:41:08.791-0800][gc,metaspace] GC(69) Metaspace: 68540K(70320K)->68540K(70320K) NonClass: 60723K(61872K)->60723K(61872K) Class: 7816K(8448K)->7816K(8448K)
[2021-05-28T11:41:08.791-0800][gc          ] GC(69) Pause Young (Normal) (G1 Evacuation Pause) 335M->82M(512M) 13.181ms
[2021-05-28T11:41:08.791-0800][gc,cpu      ] GC(69) User=0.02s Sys=0.05s Real=0.02s
[2021-05-28T11:43:26.758-0800][gc,start    ] GC(70) Pause Young (Normal) (G1 Evacuation Pause)
[2021-05-28T11:43:26.758-0800][gc,task     ] GC(70) Using 10 workers of 10 for evacuation
[2021-05-28T11:43:26.761-0800][gc,phases   ] GC(70)   Pre Evacuate Collection Set: 0.2ms
[2021-05-28T11:43:26.761-0800][gc,phases   ] GC(70)   Merge Heap Roots: 0.1ms
[2021-05-28T11:43:26.762-0800][gc,phases   ] GC(70)   Evacuate Collection Set: 2.2ms
[2021-05-28T11:43:26.762-0800][gc,phases   ] GC(70)   Post Evacuate Collection Set: 0.4ms
[2021-05-28T11:43:26.762-0800][gc,phases   ] GC(70)   Other: 0.8ms
[2021-05-28T11:43:26.762-0800][gc,heap     ] GC(70) Eden regions: 253->0(253)
[2021-05-28T11:43:26.762-0800][gc,heap     ] GC(70) Survivor regions: 3->3(32)
[2021-05-28T11:43:26.762-0800][gc,heap     ] GC(70) Old regions: 38->38
[2021-05-28T11:43:26.762-0800][gc,heap     ] GC(70) Archive regions: 2->2
[2021-05-28T11:43:26.762-0800][gc,heap     ] GC(70) Humongous regions: 42->42
[2021-05-28T11:43:26.762-0800][gc,metaspace] GC(70) Metaspace: 68541K(70320K)->68541K(70320K) NonClass: 60724K(61872K)->60724K(61872K) Class: 7816K(8448K)->7816K(8448K)
[2021-05-28T11:43:26.762-0800][gc          ] GC(70) Pause Young (Normal) (G1 Evacuation Pause) 335M->82M(512M) 3.991ms
[2021-05-28T11:43:26.762-0800][gc,cpu      ] GC(70) User=0.01s Sys=0.00s Real=0.01s
[2021-05-28T11:45:45.343-0800][gc,start    ] GC(71) Pause Young (Normal) (G1 Evacuation Pause)
[2021-05-28T11:45:45.344-0800][gc,task     ] GC(71) Using 10 workers of 10 for evacuation
[2021-05-28T11:45:45.347-0800][gc,phases   ] GC(71)   Pre Evacuate Collection Set: 0.1ms
[2021-05-28T11:45:45.347-0800][gc,phases   ] GC(71)   Merge Heap Roots: 0.1ms
[2021-05-28T11:45:45.347-0800][gc,phases   ] GC(71)   Evacuate Collection Set: 2.1ms
[2021-05-28T11:45:45.347-0800][gc,phases   ] GC(71)   Post Evacuate Collection Set: 0.4ms
[2021-05-28T11:45:45.347-0800][gc,phases   ] GC(71)   Other: 1.3ms
[2021-05-28T11:45:45.347-0800][gc,heap     ] GC(71) Eden regions: 253->0(253)
[2021-05-28T11:45:45.347-0800][gc,heap     ] GC(71) Survivor regions: 3->3(32)
[2021-05-28T11:45:45.347-0800][gc,heap     ] GC(71) Old regions: 38->38
[2021-05-28T11:45:45.347-0800][gc,heap     ] GC(71) Archive regions: 2->2
[2021-05-28T11:45:45.347-0800][gc,heap     ] GC(71) Humongous regions: 42->42
[2021-05-28T11:45:45.347-0800][gc,metaspace] GC(71) Metaspace: 68545K(70320K)->68545K(70320K) NonClass: 60728K(61872K)->60728K(61872K) Class: 7816K(8448K)->7816K(8448K)
[2021-05-28T11:45:45.347-0800][gc          ] GC(71) Pause Young (Normal) (G1 Evacuation Pause) 335M->82M(512M) 4.110ms
[2021-05-28T11:45:45.347-0800][gc,cpu      ] GC(71) User=0.01s Sys=0.01s Real=0.00s
[2021-05-28T11:47:59.130-0800][gc,start    ] GC(72) Pause Young (Normal) (G1 Evacuation Pause)
[2021-05-28T11:47:59.130-0800][gc,task     ] GC(72) Using 10 workers of 10 for evacuation
[2021-05-28T11:47:59.133-0800][gc,phases   ] GC(72)   Pre Evacuate Collection Set: 0.1ms
[2021-05-28T11:47:59.133-0800][gc,phases   ] GC(72)   Merge Heap Roots: 0.1ms
[2021-05-28T11:47:59.133-0800][gc,phases   ] GC(72)   Evacuate Collection Set: 1.5ms
[2021-05-28T11:47:59.133-0800][gc,phases   ] GC(72)   Post Evacuate Collection Set: 0.4ms
[2021-05-28T11:47:59.133-0800][gc,phases   ] GC(72)   Other: 0.9ms
[2021-05-28T11:47:59.133-0800][gc,heap     ] GC(72) Eden regions: 253->0(254)
[2021-05-28T11:47:59.133-0800][gc,heap     ] GC(72) Survivor regions: 3->2(32)
[2021-05-28T11:47:59.133-0800][gc,heap     ] GC(72) Old regions: 38->39
[2021-05-28T11:47:59.133-0800][gc,heap     ] GC(72) Archive regions: 2->2
[2021-05-28T11:47:59.133-0800][gc,heap     ] GC(72) Humongous regions: 42->42
[2021-05-28T11:47:59.133-0800][gc,metaspace] GC(72) Metaspace: 68546K(70320K)->68546K(70320K) NonClass: 60729K(61872K)->60729K(61872K) Class: 7816K(8448K)->7816K(8448K)
[2021-05-28T11:47:59.133-0800][gc          ] GC(72) Pause Young (Normal) (G1 Evacuation Pause) 335M->82M(512M) 3.164ms
[2021-05-28T11:47:59.133-0800][gc,cpu      ] GC(72) User=0.01s Sys=0.00s Real=0.00s
[2021-05-28T11:50:17.542-0800][gc,start    ] GC(73) Pause Young (Normal) (G1 Evacuation Pause)
[2021-05-28T11:50:17.543-0800][gc,task     ] GC(73) Using 10 workers of 10 for evacuation
[2021-05-28T11:50:17.544-0800][gc,phases   ] GC(73)   Pre Evacuate Collection Set: 0.2ms
[2021-05-28T11:50:17.544-0800][gc,phases   ] GC(73)   Merge Heap Roots: 0.1ms
[2021-05-28T11:50:17.544-0800][gc,phases   ] GC(73)   Evacuate Collection Set: 0.8ms
[2021-05-28T11:50:17.544-0800][gc,phases   ] GC(73)   Post Evacuate Collection Set: 0.5ms
[2021-05-28T11:50:17.544-0800][gc,phases   ] GC(73)   Other: 0.7ms
[2021-05-28T11:50:17.544-0800][gc,heap     ] GC(73) Eden regions: 254->0(254)
[2021-05-28T11:50:17.544-0800][gc,heap     ] GC(73) Survivor regions: 2->2(32)
