[2021-05-29T11:00:18.973-0800][gc,task     ] GC(149) Using 10 workers of 10 for evacuation
[2021-05-29T11:00:18.976-0800][gc,phases   ] GC(149)   Pre Evacuate Collection Set: 0.2ms
[2021-05-29T11:00:18.976-0800][gc,phases   ] GC(149)   Merge Heap Roots: 0.1ms
[2021-05-29T11:00:18.976-0800][gc,phases   ] GC(149)   Evacuate Collection Set: 1.9ms
[2021-05-29T11:00:18.976-0800][gc,phases   ] GC(149)   Post Evacuate Collection Set: 0.4ms
[2021-05-29T11:00:18.976-0800][gc,phases   ] GC(149)   Other: 7.5ms
[2021-05-29T11:00:18.976-0800][gc,heap     ] GC(149) Eden regions: 255->0(255)
[2021-05-29T11:00:18.976-0800][gc,heap     ] GC(149) Survivor regions: 1->1(32)
[2021-05-29T11:00:18.976-0800][gc,heap     ] GC(149) Old regions: 44->44
[2021-05-29T11:00:18.976-0800][gc,heap     ] GC(149) Archive regions: 2->2
[2021-05-29T11:00:18.976-0800][gc,heap     ] GC(149) Humongous regions: 84->84
[2021-05-29T11:00:18.976-0800][gc,metaspace] GC(149) Metaspace: 70571K(72496K)->70571K(72496K) NonClass: 62545K(63664K)->62545K(63664K) Class: 8025K(8832K)->8025K(8832K)
[2021-05-29T11:00:18.976-0800][gc          ] GC(149) Pause Young (Normal) (G1 Evacuation Pause) 384M->129M(512M) 10.134ms
[2021-05-29T11:00:18.976-0800][gc,cpu      ] GC(149) User=0.01s Sys=0.01s Real=0.01s
[2021-05-29T11:02:55.991-0800][gc,start    ] GC(150) Pause Young (Normal) (G1 Evacuation Pause)
[2021-05-29T11:02:55.992-0800][gc,task     ] GC(150) Using 10 workers of 10 for evacuation
[2021-05-29T11:02:55.994-0800][gc,phases   ] GC(150)   Pre Evacuate Collection Set: 0.2ms
[2021-05-29T11:02:55.994-0800][gc,phases   ] GC(150)   Merge Heap Roots: 0.1ms
[2021-05-29T11:02:55.994-0800][gc,phases   ] GC(150)   Evacuate Collection Set: 1.0ms
[2021-05-29T11:02:55.994-0800][gc,phases   ] GC(150)   Post Evacuate Collection Set: 0.4ms
[2021-05-29T11:02:55.994-0800][gc,phases   ] GC(150)   Other: 1.1ms
[2021-05-29T11:02:55.994-0800][gc,heap     ] GC(150) Eden regions: 255->0(255)
[2021-05-29T11:02:55.994-0800][gc,heap     ] GC(150) Survivor regions: 1->1(32)
[2021-05-29T11:02:55.994-0800][gc,heap     ] GC(150) Old regions: 44->44
[2021-05-29T11:02:55.994-0800][gc,heap     ] GC(150) Archive regions: 2->2
[2021-05-29T11:02:55.994-0800][gc,heap     ] GC(150) Humongous regions: 84->84
[2021-05-29T11:02:55.994-0800][gc,metaspace] GC(150) Metaspace: 70571K(72496K)->70571K(72496K) NonClass: 62545K(63664K)->62545K(63664K) Class: 8025K(8832K)->8025K(8832K)
[2021-05-29T11:02:55.995-0800][gc          ] GC(150) Pause Young (Normal) (G1 Evacuation Pause) 384M->129M(512M) 3.628ms
[2021-05-29T11:02:55.995-0800][gc,cpu      ] GC(150) User=0.01s Sys=0.00s Real=0.00s
[2021-05-29T11:11:50.347-0800][gc,start    ] GC(151) Pause Young (Normal) (G1 Evacuation Pause)
[2021-05-29T11:11:50.348-0800][gc,task     ] GC(151) Using 10 workers of 10 for evacuation
[2021-05-29T11:11:50.360-0800][gc,phases   ] GC(151)   Pre Evacuate Collection Set: 2.1ms
[2021-05-29T11:11:50.360-0800][gc,phases   ] GC(151)   Merge Heap Roots: 0.4ms
[2021-05-29T11:11:50.360-0800][gc,phases   ] GC(151)   Evacuate Collection Set: 6.6ms
[2021-05-29T11:11:50.360-0800][gc,phases   ] GC(151)   Post Evacuate Collection Set: 2.8ms
[2021-05-29T11:11:50.360-0800][gc,phases   ] GC(151)   Other: 2.5ms
[2021-05-29T11:11:50.360-0800][gc,heap     ] GC(151) Eden regions: 255->0(255)
[2021-05-29T11:11:50.360-0800][gc,heap     ] GC(151) Survivor regions: 1->1(32)
[2021-05-29T11:11:50.360-0800][gc,heap     ] GC(151) Old regions: 44->44
[2021-05-29T11:11:50.360-0800][gc,heap     ] GC(151) Archive regions: 2->2
[2021-05-29T11:11:50.360-0800][gc,heap     ] GC(151) Humongous regions: 84->84
[2021-05-29T11:11:50.360-0800][gc,metaspace] GC(151) Metaspace: 70584K(72496K)->70584K(72496K) NonClass: 62559K(63664K)->62559K(63664K) Class: 8025K(8832K)->8025K(8832K)
[2021-05-29T11:11:50.360-0800][gc          ] GC(151) Pause Young (Normal) (G1 Evacuation Pause) 384M->129M(512M) 13.527ms
[2021-05-29T11:11:50.360-0800][gc,cpu      ] GC(151) User=0.01s Sys=0.06s Real=0.02s
[2021-05-29T11:14:00.430-0800][gc,start    ] GC(152) Pause Young (Normal) (G1 Evacuation Pause)
[2021-05-29T11:14:00.430-0800][gc,task     ] GC(152) Using 10 workers of 10 for evacuation
[2021-05-29T11:14:00.432-0800][gc,phases   ] GC(152)   Pre Evacuate Collection Set: 0.1ms
[2021-05-29T11:14:00.432-0800][gc,phases   ] GC(152)   Merge Heap Roots: 0.1ms
[2021-05-29T11:14:00.432-0800][gc,phases   ] GC(152)   Evacuate Collection Set: 1.4ms
[2021-05-29T11:14:00.432-0800][gc,phases   ] GC(152)   Post Evacuate Collection Set: 0.4ms
[2021-05-29T11:14:00.432-0800][gc,phases   ] GC(152)   Other: 0.8ms
[2021-05-29T11:14:00.432-0800][gc,heap     ] GC(152) Eden regions: 255->0(255)
[2021-05-29T11:14:00.432-0800][gc,heap     ] GC(152) Survivor regions: 1->1(32)
[2021-05-29T11:14:00.433-0800][gc,heap     ] GC(152) Old regions: 44->44
[2021-05-29T11:14:00.433-0800][gc,heap     ] GC(152) Archive regions: 2->2
[2021-05-29T11:14:00.433-0800][gc,heap     ] GC(152) Humongous regions: 84->84
[2021-05-29T11:14:00.433-0800][gc,metaspace] GC(152) Metaspace: 70584K(72496K)->70584K(72496K) NonClass: 62559K(63664K)->62559K(63664K) Class: 8025K(8832K)->8025K(8832K)
[2021-05-29T11:14:00.433-0800][gc          ] GC(152) Pause Young (Normal) (G1 Evacuation Pause) 384M->129M(512M) 2.844ms
[2021-05-29T11:14:00.433-0800][gc,cpu      ] GC(152) User=0.01s Sys=0.00s Real=0.00s
[2021-05-29T11:16:08.515-0800][gc,start    ] GC(153) Pause Young (Normal) (G1 Evacuation Pause)
[2021-05-29T11:16:08.516-0800][gc,task     ] GC(153) Using 10 workers of 10 for evacuation
[2021-05-29T11:16:08.518-0800][gc,phases   ] GC(153)   Pre Evacuate Collection Set: 0.2ms
[2021-05-29T11:16:08.518-0800][gc,phases   ] GC(153)   Merge Heap Roots: 0.1ms
[2021-05-29T11:16:08.518-0800][gc,phases   ] GC(153)   Evacuate Collection Set: 1.0ms
[2021-05-29T11:16:08.518-0800][gc,phases   ] GC(153)   Post Evacuate Collection Set: 0.9ms
[2021-05-29T11:16:08.518-0800][gc,phases   ] GC(153)   Other: 0.8ms
[2021-05-29T11:16:08.518-0800][gc,heap     ] GC(153) Eden regions: 255->0(255)
[2021-05-29T11:16:08.518-0800][gc,heap     ] GC(153) Survivor regions: 1->1(32)
[2021-05-29T11:16:08.518-0800][gc,heap     ] GC(153) Old regions: 44->44
[2021-05-29T11:16:08.518-0800][gc,heap     ] GC(153) Archive regions: 2->2
[2021-05-29T11:16:08.518-0800][gc,heap     ] GC(153) Humongous regions: 84->84
[2021-05-29T11:16:08.518-0800][gc,metaspace] GC(153) Metaspace: 70584K(72496K)->70584K(72496K) NonClass: 62559K(63664K)->62559K(63664K) Class: 8025K(8832K)->8025K(8832K)
[2021-05-29T11:16:08.518-0800][gc          ] GC(153) Pause Young (Normal) (G1 Evacuation Pause) 384M->129M(512M) 3.051ms
[2021-05-29T11:16:08.518-0800][gc,cpu      ] GC(153) User=0.01s Sys=0.01s Real=0.00s
[2021-05-29T11:18:17.941-0800][gc,start    ] GC(154) Pause Young (Normal) (G1 Evacuation Pause)
[2021-05-29T11:18:17.942-0800][gc,task     ] GC(154) Using 10 workers of 10 for evacuation
[2021-05-29T11:18:17.944-0800][gc,phases   ] GC(154)   Pre Evacuate Collection Set: 0.2ms
[2021-05-29T11:18:17.944-0800][gc,phases   ] GC(154)   Merge Heap Roots: 0.1ms
[2021-05-29T11:18:17.944-0800][gc,phases   ] GC(154)   Evacuate Collection Set: 1.1ms
[2021-05-29T11:18:17.944-0800][gc,phases   ] GC(154)   Post Evacuate Collection Set: 0.5ms
[2021-05-29T11:18:17.945-0800][gc,phases   ] GC(154)   Other: 1.2ms
[2021-05-29T11:18:17.945-0800][gc,heap     ] GC(154) Eden regions: 255->0(255)
[2021-05-29T11:18:17.945-0800][gc,heap     ] GC(154) Survivor regions: 1->1(32)
[2021-05-29T11:18:17.945-0800][gc,heap     ] GC(154) Old regions: 44->44
[2021-05-29T11:18:17.945-0800][gc,heap     ] GC(154) Archive regions: 2->2
[2021-05-29T11:18:17.945-0800][gc,heap     ] GC(154) Humongous regions: 84->84
[2021-05-29T11:18:17.945-0800][gc,metaspace] GC(154) Metaspace: 70584K(72496K)->70584K(72496K) NonClass: 62559K(63664K)->62559K(63664K) Class: 8025K(8832K)->8025K(8832K)
[2021-05-29T11:18:17.945-0800][gc          ] GC(154) Pause Young (Normal) (G1 Evacuation Pause) 384M->129M(512M) 3.211ms
[2021-05-29T11:18:17.945-0800][gc,cpu      ] GC(154) User=0.01s Sys=0.00s Real=0.00s
[2021-05-29T11:20:27.533-0800][gc,start    ] GC(155) Pause Young (Normal) (G1 Evacuation Pause)
[2021-05-29T11:20:27.534-0800][gc,task     ] GC(155) Using 10 workers of 10 for evacuation
[2021-05-29T11:20:27.536-0800][gc,phases   ] GC(155)   Pre Evacuate Collection Set: 0.2ms
[2021-05-29T11:20:27.536-0800][gc,phases   ] GC(155)   Merge Heap Roots: 0.1ms
[2021-05-29T11:20:27.536-0800][gc,phases   ] GC(155)   Evacuate Collection Set: 1.5ms
[2021-05-29T11:20:27.536-0800][gc,phases   ] GC(155)   Post Evacuate Collection Set: 0.4ms
[2021-05-29T11:20:27.536-0800][gc,phases   ] GC(155)   Other: 0.8ms
[2021-05-29T11:20:27.536-0800][gc,heap     ] GC(155) Eden regions: 255->0(255)
[2021-05-29T11:20:27.536-0800][gc,heap     ] GC(155) Survivor regions: 1->1(32)
[2021-05-29T11:20:27.536-0800][gc,heap     ] GC(155) Old regions: 44->44
[2021-05-29T11:20:27.536-0800][gc,heap     ] GC(155) Archive regions: 2->2
[2021-05-29T11:20:27.536-0800][gc,heap     ] GC(155) Humongous regions: 84->84
[2021-05-29T11:20:27.536-0800][gc,metaspace] GC(155) Metaspace: 70590K(72496K)->70590K(72496K) NonClass: 62565K(63664K)->62565K(63664K) Class: 8025K(8832K)->8025K(8832K)
[2021-05-29T11:20:27.537-0800][gc          ] GC(155) Pause Young (Normal) (G1 Evacuation Pause) 384M->129M(512M) 3.113ms
[2021-05-29T11:20:27.537-0800][gc,cpu      ] GC(155) User=0.01s Sys=0.01s Real=0.00s
[2021-05-29T11:22:37.091-0800][gc,start    ] GC(156) Pause Young (Normal) (G1 Evacuation Pause)
[2021-05-29T11:22:37.091-0800][gc,task     ] GC(156) Using 10 workers of 10 for evacuation
[2021-05-29T11:22:37.092-0800][gc,phases   ] GC(156)   Pre Evacuate Collection Set: 0.1ms
[2021-05-29T11:22:37.092-0800][gc,phases   ] GC(156)   Merge Heap Roots: 0.1ms
[2021-05-29T11:22:37.092-0800][gc,phases   ] GC(156)   Evacuate Collection Set: 0.6ms
[2021-05-29T11:22:37.092-0800][gc,phases   ] GC(156)   Post Evacuate Collection Set: 0.3ms
[2021-05-29T11:22:37.092-0800][gc,phases   ] GC(156)   Other: 0.5ms
[2021-05-29T11:22:37.092-0800][gc,heap     ] GC(156) Eden regions: 255->0(255)
[2021-05-29T11:22:37.092-0800][gc,heap     ] GC(156) Survivor regions: 1->1(32)
[2021-05-29T11:22:37.092-0800][gc,heap     ] GC(156) Old regions: 44->44
[2021-05-29T11:22:37.092-0800][gc,heap     ] GC(156) Archive regions: 2->2
[2021-05-29T11:22:37.092-0800][gc,heap     ] GC(156) Humongous regions: 84->84
[2021-05-29T11:22:37.092-0800][gc,metaspace] GC(156) Metaspace: 70590K(72496K)->70590K(72496K) NonClass: 62565K(63664K)->62565K(63664K) Class: 8025K(8832K)->8025K(8832K)
[2021-05-29T11:22:37.092-0800][gc          ] GC(156) Pause Young (Normal) (G1 Evacuation Pause) 384M->129M(512M) 1.698ms
[2021-05-29T11:22:37.092-0800][gc,cpu      ] GC(156) User=0.00s Sys=0.00s Real=0.00s
[2021-05-29T11:24:46.233-0800][gc,start    ] GC(157) Pause Young (Normal) (G1 Evacuation Pause)
[2021-05-29T11:24:46.234-0800][gc,task     ] GC(157) Using 10 workers of 10 for evacuation
[2021-05-29T11:24:46.236-0800][gc,phases   ] GC(157)   Pre Evacuate Collection Set: 0.2ms
[2021-05-29T11:24:46.236-0800][gc,phases   ] GC(157)   Merge Heap Roots: 0.1ms
[2021-05-29T11:24:46.236-0800][gc,phases   ] GC(157)   Evacuate Collection Set: 1.7ms
[2021-05-29T11:24:46.236-0800][gc,phases   ] GC(157)   Post Evacuate Collection Set: 0.4ms
[2021-05-29T11:24:46.236-0800][gc,phases   ] GC(157)   Other: 0.8ms
[2021-05-29T11:24:46.236-0800][gc,heap     ] GC(157) Eden regions: 255->0(255)
[2021-05-29T11:24:46.236-0800][gc,heap     ] GC(157) Survivor regions: 1->1(32)
[2021-05-29T11:24:46.236-0800][gc,heap     ] GC(157) Old regions: 44->44
[2021-05-29T11:24:46.237-0800][gc,heap     ] GC(157) Archive regions: 2->2
[2021-05-29T11:24:46.237-0800][gc,heap     ] GC(157) Humongous regions: 84->84
[2021-05-29T11:24:46.237-0800][gc,metaspace] GC(157) Metaspace: 70590K(72496K)->70590K(72496K) NonClass: 62565K(63664K)->62565K(63664K) Class: 8025K(8832K)->8025K(8832K)
[2021-05-29T11:24:46.237-0800][gc          ] GC(157) Pause Young (Normal) (G1 Evacuation Pause) 384M->129M(512M) 4.133ms
[2021-05-29T11:24:46.237-0800][gc,cpu      ] GC(157) User=0.01s Sys=0.00s Real=0.00s
[2021-05-29T11:26:56.020-0800][gc,start    ] GC(158) Pause Young (Normal) (G1 Evacuation Pause)
[2021-05-29T11:26:56.020-0800][gc,task     ] GC(158) Using 10 workers of 10 for evacuation
[2021-05-29T11:26:56.025-0800][gc,phases   ] GC(158)   Pre Evacuate Collection Set: 0.1ms
[2021-05-29T11:26:56.025-0800][gc,phases   ] GC(158)   Merge Heap Roots: 0.1ms
[2021-05-29T11:26:56.026-0800][gc,phases   ] GC(158)   Evacuate Collection Set: 4.5ms
[2021-05-29T11:26:56.026-0800][gc,phases   ] GC(158)   Post Evacuate Collection Set: 0.4ms
[2021-05-29T11:26:56.026-0800][gc,phases   ] GC(158)   Other: 0.7ms
[2021-05-29T11:26:56.026-0800][gc,heap     ] GC(158) Eden regions: 255->0(255)
[2021-05-29T11:26:56.026-0800][gc,heap     ] GC(158) Survivor regions: 1->1(32)
[2021-05-29T11:26:56.026-0800][gc,heap     ] GC(158) Old regions: 44->44
[2021-05-29T11:26:56.026-0800][gc,heap     ] GC(158) Archive regions: 2->2
[2021-05-29T11:26:56.026-0800][gc,heap     ] GC(158) Humongous regions: 84->84
[2021-05-29T11:26:56.026-0800][gc,metaspace] GC(158) Metaspace: 70590K(72496K)->70590K(72496K) NonClass: 62565K(63664K)->62565K(63664K) Class: 8025K(8832K)->8025K(8832K)
[2021-05-29T11:26:56.026-0800][gc          ] GC(158) Pause Young (Normal) (G1 Evacuation Pause) 384M->129M(512M) 5.971ms
[2021-05-29T11:26:56.026-0800][gc,cpu      ] GC(158) User=0.01s Sys=0.00s Real=0.00s
[2021-05-29T11:35:46.515-0800][gc,start    ] GC(159) Pause Young (Normal) (G1 Evacuation Pause)
[2021-05-29T11:35:46.515-0800][gc,task     ] GC(159) Using 10 workers of 10 for evacuation
[2021-05-29T11:35:46.525-0800][gc,phases   ] GC(159)   Pre Evacuate Collection Set: 1.8ms
[2021-05-29T11:35:46.525-0800][gc,phases   ] GC(159)   Merge Heap Roots: 0.3ms
[2021-05-29T11:35:46.525-0800][gc,phases   ] GC(159)   Evacuate Collection Set: 4.9ms
[2021-05-29T11:35:46.525-0800][gc,phases   ] GC(159)   Post Evacuate Collection Set: 2.6ms
[2021-05-29T11:35:46.525-0800][gc,phases   ] GC(159)   Other: 1.1ms
[2021-05-29T11:35:46.526-0800][gc,heap     ] GC(159) Eden regions: 255->0(254)
[2021-05-29T11:35:46.526-0800][gc,heap     ] GC(159) Survivor regions: 1->2(32)
[2021-05-29T11:35:46.526-0800][gc,heap     ] GC(159) Old regions: 44->44
[2021-05-29T11:35:46.526-0800][gc,heap     ] GC(159) Archive regions: 2->2
[2021-05-29T11:35:46.526-0800][gc,heap     ] GC(159) Humongous regions: 84->84
[2021-05-29T11:35:46.526-0800][gc,metaspace] GC(159) Metaspace: 70599K(72496K)->70599K(72496K) NonClass: 62573K(63664K)->62573K(63664K) Class: 8025K(8832K)->8025K(8832K)
[2021-05-29T11:35:46.526-0800][gc          ] GC(159) Pause Young (Normal) (G1 Evacuation Pause) 384M->129M(512M) 11.063ms
[2021-05-29T11:35:46.526-0800][gc,cpu      ] GC(159) User=0.01s Sys=0.04s Real=0.01s
[2021-05-29T11:37:49.796-0800][gc,start    ] GC(160) Pause Young (Normal) (G1 Evacuation Pause)
[2021-05-29T11:37:49.796-0800][gc,task     ] GC(160) Using 10 workers of 10 for evacuation
[2021-05-29T11:37:49.798-0800][gc,phases   ] GC(160)   Pre Evacuate Collection Set: 0.1ms
[2021-05-29T11:37:49.798-0800][gc,phases   ] GC(160)   Merge Heap Roots: 0.1ms
[2021-05-29T11:37:49.798-0800][gc,phases   ] GC(160)   Evacuate Collection Set: 1.3ms
[2021-05-29T11:37:49.798-0800][gc,phases   ] GC(160)   Post Evacuate Collection Set: 0.3ms
[2021-05-29T11:37:49.799-0800][gc,phases   ] GC(160)   Other: 0.9ms
[2021-05-29T11:37:49.799-0800][gc,heap     ] GC(160) Eden regions: 254->0(255)
[2021-05-29T11:37:49.799-0800][gc,heap     ] GC(160) Survivor regions: 2->1(32)
[2021-05-29T11:37:49.799-0800][gc,heap     ] GC(160) Old regions: 44->44
[2021-05-29T11:37:49.799-0800][gc,heap     ] GC(160) Archive regions: 2->2
[2021-05-29T11:37:49.799-0800][gc,heap     ] GC(160) Humongous regions: 84->84
[2021-05-29T11:37:49.799-0800][gc,metaspace] GC(160) Metaspace: 70603K(72496K)->70603K(72496K) NonClass: 62578K(63664K)->62578K(63664K) Class: 8025K(8832K)->8025K(8832K)
[2021-05-29T11:37:49.799-0800][gc          ] GC(160) Pause Young (Normal) (G1 Evacuation Pause) 383M->129M(512M) 2.965ms
[2021-05-29T11:37:49.799-0800][gc,cpu      ] GC(160) User=0.01s Sys=0.00s Real=0.00s
[2021-05-29T11:39:58.879-0800][gc,start    ] GC(161) Pause Young (Normal) (G1 Evacuation Pause)
[2021-05-29T11:39:58.880-0800][gc,task     ] GC(161) Using 10 workers of 10 for evacuation
[2021-05-29T11:39:58.884-0800][gc,phases   ] GC(161)   Pre Evacuate Collection Set: 1.0ms
[2021-05-29T11:39:58.884-0800][gc,phases   ] GC(161)   Merge Heap Roots: 0.1ms
[2021-05-29T11:39:58.884-0800][gc,phases   ] GC(161)   Evacuate Collection Set: 2.4ms
[2021-05-29T11:39:58.884-0800][gc,phases   ] GC(161)   Post Evacuate Collection Set: 0.4ms
[2021-05-29T11:39:58.884-0800][gc,phases   ] GC(161)   Other: 1.3ms
[2021-05-29T11:39:58.884-0800][gc,heap     ] GC(161) Eden regions: 255->0(255)
[2021-05-29T11:39:58.884-0800][gc,heap     ] GC(161) Survivor regions: 1->1(32)
[2021-05-29T11:39:58.884-0800][gc,heap     ] GC(161) Old regions: 44->44
[2021-05-29T11:39:58.884-0800][gc,heap     ] GC(161) Archive regions: 2->2
[2021-05-29T11:39:58.884-0800][gc,heap     ] GC(161) Humongous regions: 84->84
[2021-05-29T11:39:58.884-0800][gc,metaspace] GC(161) Metaspace: 70603K(72496K)->70603K(72496K) NonClass: 62578K(63664K)->62578K(63664K) Class: 8025K(8832K)->8025K(8832K)
[2021-05-29T11:39:58.884-0800][gc          ] GC(161) Pause Young (Normal) (G1 Evacuation Pause) 384M->129M(512M) 5.436ms
[2021-05-29T11:39:58.884-0800][gc,cpu      ] GC(161) User=0.01s Sys=0.01s Real=0.01s
[2021-05-29T11:42:07.240-0800][gc,start    ] GC(162) Pause Young (Normal) (G1 Evacuation Pause)
[2021-05-29T11:42:07.241-0800][gc,task     ] GC(162) Using 10 workers of 10 for evacuation
[2021-05-29T11:42:07.243-0800][gc,phases   ] GC(162)   Pre Evacuate Collection Set: 0.1ms
[2021-05-29T11:42:07.243-0800][gc,phases   ] GC(162)   Merge Heap Roots: 0.1ms
[2021-05-29T11:42:07.243-0800][gc,phases   ] GC(162)   Evacuate Collection Set: 1.8ms
[2021-05-29T11:42:07.243-0800][gc,phases   ] GC(162)   Post Evacuate Collection Set: 0.4ms
[2021-05-29T11:42:07.243-0800][gc,phases   ] GC(162)   Other: 0.9ms
[2021-05-29T11:42:07.244-0800][gc,heap     ] GC(162) Eden regions: 255->0(254)
[2021-05-29T11:42:07.244-0800][gc,heap     ] GC(162) Survivor regions: 1->2(32)
[2021-05-29T11:42:07.244-0800][gc,heap     ] GC(162) Old regions: 44->44
[2021-05-29T11:42:07.244-0800][gc,heap     ] GC(162) Archive regions: 2->2
[2021-05-29T11:42:07.244-0800][gc,heap     ] GC(162) Humongous regions: 84->84
[2021-05-29T11:42:07.244-0800][gc,metaspace] GC(162) Metaspace: 70611K(72496K)->70611K(72496K) NonClass: 62586K(63664K)->62586K(63664K) Class: 8025K(8832K)->8025K(8832K)
[2021-05-29T11:42:07.244-0800][gc          ] GC(162) Pause Young (Normal) (G1 Evacuation Pause) 384M->129M(512M) 3.452ms
[2021-05-29T11:42:07.244-0800][gc,cpu      ] GC(162) User=0.01s Sys=0.00s Real=0.00s
[2021-05-29T11:44:16.866-0800][gc,start    ] GC(163) Pause Young (Normal) (G1 Evacuation Pause)
[2021-05-29T11:44:16.867-0800][gc,task     ] GC(163) Using 10 workers of 10 for evacuation
[2021-05-29T11:44:16.868-0800][gc,phases   ] GC(163)   Pre Evacuate Collection Set: 0.1ms
[2021-05-29T11:44:16.868-0800][gc,phases   ] GC(163)   Merge Heap Roots: 0.1ms
[2021-05-29T11:44:16.868-0800][gc,phases   ] GC(163)   Evacuate Collection Set: 0.7ms
[2021-05-29T11:44:16.868-0800][gc,phases   ] GC(163)   Post Evacuate Collection Set: 0.4ms
[2021-05-29T11:44:16.868-0800][gc,phases   ] GC(163)   Other: 1.2ms
[2021-05-29T11:44:16.868-0800][gc,heap     ] GC(163) Eden regions: 254->0(255)
[2021-05-29T11:44:16.869-0800][gc,heap     ] GC(163) Survivor regions: 2->1(32)
[2021-05-29T11:44:16.869-0800][gc,heap     ] GC(163) Old regions: 44->44
[2021-05-29T11:44:16.869-0800][gc,heap     ] GC(163) Archive regions: 2->2
[2021-05-29T11:44:16.869-0800][gc,heap     ] GC(163) Humongous regions: 84->84
[2021-05-29T11:44:16.869-0800][gc,metaspace] GC(163) Metaspace: 70611K(72496K)->70611K(72496K) NonClass: 62586K(63664K)->62586K(63664K) Class: 8025K(8832K)->8025K(8832K)
[2021-05-29T11:44:16.869-0800][gc          ] GC(163) Pause Young (Normal) (G1 Evacuation Pause) 383M->129M(512M) 2.678ms
[2021-05-29T11:44:16.869-0800][gc,cpu      ] GC(163) User=0.01s Sys=0.01s Real=0.00s
[2021-05-29T11:46:26.967-0800][gc,start    ] GC(164) Pause Young (Normal) (G1 Evacuation Pause)
[2021-05-29T11:46:26.968-0800][gc,task     ] GC(164) Using 10 workers of 10 for evacuation
[2021-05-29T11:46:26.971-0800][gc,phases   ] GC(164)   Pre Evacuate Collection Set: 0.2ms
[2021-05-29T11:46:26.971-0800][gc,phases   ] GC(164)   Merge Heap Roots: 0.1ms
[2021-05-29T11:46:26.971-0800][gc,phases   ] GC(164)   Evacuate Collection Set: 1.9ms
[2021-05-29T11:46:26.971-0800][gc,phases   ] GC(164)   Post Evacuate Collection Set: 0.6ms
[2021-05-29T11:46:26.971-0800][gc,phases   ] GC(164)   Other: 1.2ms
[2021-05-29T11:46:26.971-0800][gc,heap     ] GC(164) Eden regions: 255->0(254)
[2021-05-29T11:46:26.971-0800][gc,heap     ] GC(164) Survivor regions: 1->2(32)
[2021-05-29T11:46:26.971-0800][gc,heap     ] GC(164) Old regions: 44->44
[2021-05-29T11:46:26.971-0800][gc,heap     ] GC(164) Archive regions: 2->2
[2021-05-29T11:46:26.971-0800][gc,heap     ] GC(164) Humongous regions: 84->84
[2021-05-29T11:46:26.971-0800][gc,metaspace] GC(164) Metaspace: 70611K(72496K)->70611K(72496K) NonClass: 62586K(63664K)->62586K(63664K) Class: 8025K(8832K)->8025K(8832K)
[2021-05-29T11:46:26.971-0800][gc          ] GC(164) Pause Young (Normal) (G1 Evacuation Pause) 384M->129M(512M) 4.118ms
[2021-05-29T11:46:26.971-0800][gc,cpu      ] GC(164) User=0.01s Sys=0.00s Real=0.01s
[2021-05-29T11:48:37.071-0800][gc,start    ] GC(165) Pause Young (Normal) (G1 Evacuation Pause)
[2021-05-29T11:48:37.072-0800][gc,task     ] GC(165) Using 10 workers of 10 for evacuation
[2021-05-29T11:48:37.074-0800][gc,phases   ] GC(165)   Pre Evacuate Collection Set: 0.2ms
[2021-05-29T11:48:37.074-0800][gc,phases   ] GC(165)   Merge Heap Roots: 0.1ms
[2021-05-29T11:48:37.074-0800][gc,phases   ] GC(165)   Evacuate Collection Set: 1.6ms
[2021-05-29T11:48:37.074-0800][gc,phases   ] GC(165)   Post Evacuate Collection Set: 0.4ms
[2021-05-29T11:48:37.074-0800][gc,phases   ] GC(165)   Other: 1.2ms
[2021-05-29T11:48:37.074-0800][gc,heap     ] GC(165) Eden regions: 254->0(254)
[2021-05-29T11:48:37.074-0800][gc,heap     ] GC(165) Survivor regions: 2->2(32)
[2021-05-29T11:48:37.074-0800][gc,heap     ] GC(165) Old regions: 44->44
[2021-05-29T11:48:37.074-0800][gc,heap     ] GC(165) Archive regions: 2->2
[2021-05-29T11:48:37.074-0800][gc,heap     ] GC(165) Humongous regions: 84->84
[2021-05-29T11:48:37.074-0800][gc,metaspace] GC(165) Metaspace: 70611K(72496K)->70611K(72496K) NonClass: 62586K(63664K)->62586K(63664K) Class: 8025K(8832K)->8025K(8832K)
[2021-05-29T11:48:37.075-0800][gc          ] GC(165) Pause Young (Normal) (G1 Evacuation Pause) 383M->129M(512M) 3.701ms
[2021-05-29T11:48:37.075-0800][gc,cpu      ] GC(165) User=0.01s Sys=0.00s Real=0.00s
[2021-05-29T11:50:41.704-0800][gc,start    ] GC(166) Pause Young (Normal) (G1 Evacuation Pause)
[2021-05-29T11:50:41.705-0800][gc,task     ] GC(166) Using 10 workers of 10 for evacuation
[2021-05-29T11:50:41.708-0800][gc,phases   ] GC(166)   Pre Evacuate Collection Set: 0.2ms
[2021-05-29T11:50:41.708-0800][gc,phases   ] GC(166)   Merge Heap Roots: 0.1ms
[2021-05-29T11:50:41.708-0800][gc,phases   ] GC(166)   Evacuate Collection Set: 2.5ms
[2021-05-29T11:50:41.708-0800][gc,phases   ] GC(166)   Post Evacuate Collection Set: 0.5ms
[2021-05-29T11:50:41.708-0800][gc,phases   ] GC(166)   Other: 1.1ms
[2021-05-29T11:50:41.708-0800][gc,heap     ] GC(166) Eden regions: 254->0(255)
[2021-05-29T11:50:41.709-0800][gc,heap     ] GC(166) Survivor regions: 2->1(32)
[2021-05-29T11:50:41.709-0800][gc,heap     ] GC(166) Old regions: 44->44
[2021-05-29T11:50:41.709-0800][gc,heap     ] GC(166) Archive regions: 2->2
[2021-05-29T11:50:41.709-0800][gc,heap     ] GC(166) Humongous regions: 84->84
[2021-05-29T11:50:41.709-0800][gc,metaspace] GC(166) Metaspace: 70611K(72496K)->70611K(72496K) NonClass: 62586K(63664K)->62586K(63664K) Class: 8025K(8832K)->8025K(8832K)
[2021-05-29T11:50:41.709-0800][gc          ] GC(166) Pause Young (Normal) (G1 Evacuation Pause) 383M->129M(512M) 4.657ms
[2021-05-29T11:50:41.709-0800][gc,cpu      ] GC(166) User=0.01s Sys=0.00s Real=0.00s
[2021-05-29T11:52:50.334-0800][gc,start    ] GC(167) Pause Young (Normal) (G1 Evacuation Pause)
[2021-05-29T11:52:50.335-0800][gc,task     ] GC(167) Using 10 workers of 10 for evacuation
[2021-05-29T11:52:50.338-0800][gc,phases   ] GC(167)   Pre Evacuate Collection Set: 0.2ms
[2021-05-29T11:52:50.338-0800][gc,phases   ] GC(167)   Merge Heap Roots: 0.1ms
[2021-05-29T11:52:50.338-0800][gc,phases   ] GC(167)   Evacuate Collection Set: 1.5ms
[2021-05-29T11:52:50.338-0800][gc,phases   ] GC(167)   Post Evacuate Collection Set: 0.4ms
[2021-05-29T11:52:50.338-0800][gc,phases   ] GC(167)   Other: 0.8ms
[2021-05-29T11:52:50.338-0800][gc,heap     ] GC(167) Eden regions: 255->0(255)
[2021-05-29T11:52:50.338-0800][gc,heap     ] GC(167) Survivor regions: 1->1(32)
[2021-05-29T11:52:50.338-0800][gc,heap     ] GC(167) Old regions: 44->44
[2021-05-29T11:52:50.338-0800][gc,heap     ] GC(167) Archive regions: 2->2
[2021-05-29T11:52:50.338-0800][gc,heap     ] GC(167) Humongous regions: 84->84
[2021-05-29T11:52:50.338-0800][gc,metaspace] GC(167) Metaspace: 70611K(72496K)->70611K(72496K) NonClass: 62586K(63664K)->62586K(63664K) Class: 8025K(8832K)->8025K(8832K)
[2021-05-29T11:52:50.338-0800][gc          ] GC(167) Pause Young (Normal) (G1 Evacuation Pause) 384M->129M(512M) 3.237ms
[2021-05-29T11:52:50.338-0800][gc,cpu      ] GC(167) User=0.01s Sys=0.01s Real=0.00s
[2021-05-29T11:54:58.402-0800][gc,start    ] GC(168) Pause Young (Normal) (G1 Evacuation Pause)
[2021-05-29T11:54:58.403-0800][gc,task     ] GC(168) Using 10 workers of 10 for evacuation
[2021-05-29T11:54:58.404-0800][gc,phases   ] GC(168)   Pre Evacuate Collection Set: 0.1ms
[2021-05-29T11:54:58.404-0800][gc,phases   ] GC(168)   Merge Heap Roots: 0.1ms
[2021-05-29T11:54:58.404-0800][gc,phases   ] GC(168)   Evacuate Collection Set: 0.8ms
[2021-05-29T11:54:58.404-0800][gc,phases   ] GC(168)   Post Evacuate Collection Set: 0.3ms
[2021-05-29T11:54:58.405-0800][gc,phases   ] GC(168)   Other: 0.8ms
[2021-05-29T11:54:58.405-0800][gc,heap     ] GC(168) Eden regions: 255->0(255)
[2021-05-29T11:54:58.405-0800][gc,heap     ] GC(168) Survivor regions: 1->1(32)
[2021-05-29T11:54:58.405-0800][gc,heap     ] GC(168) Old regions: 44->44
[2021-05-29T11:54:58.405-0800][gc,heap     ] GC(168) Archive regions: 2->2
[2021-05-29T11:54:58.405-0800][gc,heap     ] GC(168) Humongous regions: 84->84
[2021-05-29T11:54:58.405-0800][gc,metaspace] GC(168) Metaspace: 70611K(72496K)->70611K(72496K) NonClass: 62586K(63664K)->62586K(63664K) Class: 8025K(8832K)->8025K(8832K)
[2021-05-29T11:54:58.405-0800][gc          ] GC(168) Pause Young (Normal) (G1 Evacuation Pause) 384M->129M(512M) 2.295ms
[2021-05-29T11:54:58.405-0800][gc,cpu      ] GC(168) User=0.00s Sys=0.00s Real=0.00s
[2021-05-29T11:57:07.926-0800][gc,start    ] GC(169) Pause Young (Normal) (G1 Evacuation Pause)
[2021-05-29T11:57:07.927-0800][gc,task     ] GC(169) Using 10 workers of 10 for evacuation
[2021-05-29T11:57:07.936-0800][gc,phases   ] GC(169)   Pre Evacuate Collection Set: 1.6ms
[2021-05-29T11:57:07.936-0800][gc,phases   ] GC(169)   Merge Heap Roots: 0.2ms
[2021-05-29T11:57:07.936-0800][gc,phases   ] GC(169)   Evacuate Collection Set: 4.1ms
[2021-05-29T11:57:07.936-0800][gc,phases   ] GC(169)   Post Evacuate Collection Set: 2.6ms
[2021-05-29T11:57:07.936-0800][gc,phases   ] GC(169)   Other: 1.1ms
[2021-05-29T11:57:07.936-0800][gc,heap     ] GC(169) Eden regions: 255->0(254)
[2021-05-29T11:57:07.936-0800][gc,heap     ] GC(169) Survivor regions: 1->2(32)
[2021-05-29T11:57:07.936-0800][gc,heap     ] GC(169) Old regions: 44->44
[2021-05-29T11:57:07.936-0800][gc,heap     ] GC(169) Archive regions: 2->2
[2021-05-29T11:57:07.936-0800][gc,heap     ] GC(169) Humongous regions: 84->84
[2021-05-29T11:57:07.936-0800][gc,metaspace] GC(169) Metaspace: 70612K(72496K)->70612K(72496K) NonClass: 62586K(63664K)->62586K(63664K) Class: 8025K(8832K)->8025K(8832K)
[2021-05-29T11:57:07.936-0800][gc          ] GC(169) Pause Young (Normal) (G1 Evacuation Pause) 384M->129M(512M) 9.745ms
[2021-05-29T11:57:07.936-0800][gc,cpu      ] GC(169) User=0.02s Sys=0.04s Real=0.01s
[2021-05-29T11:59:17.596-0800][gc,start    ] GC(170) Pause Young (Normal) (G1 Evacuation Pause)
[2021-05-29T11:59:17.596-0800][gc,task     ] GC(170) Using 10 workers of 10 for evacuation
[2021-05-29T11:59:17.600-0800][gc,phases   ] GC(170)   Pre Evacuate Collection Set: 0.2ms
[2021-05-29T11:59:17.600-0800][gc,phases   ] GC(170)   Merge Heap Roots: 0.1ms
[2021-05-29T11:59:17.600-0800][gc,phases   ] GC(170)   Evacuate Collection Set: 2.8ms
[2021-05-29T11:59:17.600-0800][gc,phases   ] GC(170)   Post Evacuate Collection Set: 0.5ms
[2021-05-29T11:59:17.600-0800][gc,phases   ] GC(170)   Other: 0.8ms
[2021-05-29T11:59:17.600-0800][gc,heap     ] GC(170) Eden regions: 254->0(255)
[2021-05-29T11:59:17.600-0800][gc,heap     ] GC(170) Survivor regions: 2->1(32)
[2021-05-29T11:59:17.600-0800][gc,heap     ] GC(170) Old regions: 44->44
[2021-05-29T11:59:17.600-0800][gc,heap     ] GC(170) Archive regions: 2->2
[2021-05-29T11:59:17.600-0800][gc,heap     ] GC(170) Humongous regions: 84->84
[2021-05-29T11:59:17.600-0800][gc,metaspace] GC(170) Metaspace: 70612K(72496K)->70612K(72496K) NonClass: 62586K(63664K)->62586K(63664K) Class: 8025K(8832K)->8025K(8832K)
[2021-05-29T11:59:17.600-0800][gc          ] GC(170) Pause Young (Normal) (G1 Evacuation Pause) 383M->129M(512M) 4.480ms
[2021-05-29T11:59:17.600-0800][gc,cpu      ] GC(170) User=0.01s Sys=0.00s Real=0.01s
[2021-05-29T12:13:07.252-0800][gc,start    ] GC(171) Pause Young (Normal) (G1 Evacuation Pause)
[2021-05-29T12:13:07.252-0800][gc,task     ] GC(171) Using 10 workers of 10 for evacuation
[2021-05-29T12:13:07.256-0800][gc,phases   ] GC(171)   Pre Evacuate Collection Set: 0.1ms
[2021-05-29T12:13:07.256-0800][gc,phases   ] GC(171)   Merge Heap Roots: 0.1ms
[2021-05-29T12:13:07.256-0800][gc,phases   ] GC(171)   Evacuate Collection Set: 2.6ms
[2021-05-29T12:13:07.256-0800][gc,phases   ] GC(171)   Post Evacuate Collection Set: 0.4ms
[2021-05-29T12:13:07.256-0800][gc,phases   ] GC(171)   Other: 0.5ms
[2021-05-29T12:13:07.256-0800][gc,heap     ] GC(171) Eden regions: 255->0(254)
[2021-05-29T12:13:07.256-0800][gc,heap     ] GC(171) Survivor regions: 1->2(32)
[2021-05-29T12:13:07.256-0800][gc,heap     ] GC(171) Old regions: 44->44
[2021-05-29T12:13:07.256-0800][gc,heap     ] GC(171) Archive regions: 2->2
[2021-05-29T12:13:07.256-0800][gc,heap     ] GC(171) Humongous regions: 84->84
[2021-05-29T12:13:07.256-0800][gc,metaspace] GC(171) Metaspace: 70615K(72496K)->70615K(72496K) NonClass: 62589K(63664K)->62589K(63664K) Class: 8025K(8832K)->8025K(8832K)
[2021-05-29T12:13:07.256-0800][gc          ] GC(171) Pause Young (Normal) (G1 Evacuation Pause) 384M->129M(512M) 3.857ms
[2021-05-29T12:13:07.256-0800][gc,cpu      ] GC(171) User=0.01s Sys=0.01s Real=0.00s
[2021-05-29T12:15:11.363-0800][gc,start    ] GC(172) Pause Young (Normal) (G1 Evacuation Pause)
[2021-05-29T12:15:11.363-0800][gc,task     ] GC(172) Using 10 workers of 10 for evacuation
[2021-05-29T12:15:11.366-0800][gc,phases   ] GC(172)   Pre Evacuate Collection Set: 0.2ms
[2021-05-29T12:15:11.366-0800][gc,phases   ] GC(172)   Merge Heap Roots: 0.1ms
[2021-05-29T12:15:11.366-0800][gc,phases   ] GC(172)   Evacuate Collection Set: 2.2ms
[2021-05-29T12:15:11.366-0800][gc,phases   ] GC(172)   Post Evacuate Collection Set: 0.4ms
[2021-05-29T12:15:11.366-0800][gc,phases   ] GC(172)   Other: 0.8ms
[2021-05-29T12:15:11.366-0800][gc,heap     ] GC(172) Eden regions: 254->0(254)
[2021-05-29T12:15:11.366-0800][gc,heap     ] GC(172) Survivor regions: 2->2(32)
[2021-05-29T12:15:11.366-0800][gc,heap     ] GC(172) Old regions: 44->44
[2021-05-29T12:15:11.366-0800][gc,heap     ] GC(172) Archive regions: 2->2
[2021-05-29T12:15:11.366-0800][gc,heap     ] GC(172) Humongous regions: 84->84
[2021-05-29T12:15:11.366-0800][gc,metaspace] GC(172) Metaspace: 70615K(72496K)->70615K(72496K) NonClass: 62589K(63664K)->62589K(63664K) Class: 8025K(8832K)->8025K(8832K)
[2021-05-29T12:15:11.366-0800][gc          ] GC(172) Pause Young (Normal) (G1 Evacuation Pause) 383M->129M(512M) 3.812ms
[2021-05-29T12:15:11.367-0800][gc,cpu      ] GC(172) User=0.01s Sys=0.00s Real=0.00s
[2021-05-29T12:17:20.583-0800][gc,start    ] GC(173) Pause Young (Normal) (G1 Evacuation Pause)
[2021-05-29T12:17:20.584-0800][gc,task     ] GC(173) Using 10 workers of 10 for evacuation
[2021-05-29T12:17:20.586-0800][gc,phases   ] GC(173)   Pre Evacuate Collection Set: 0.2ms
[2021-05-29T12:17:20.586-0800][gc,phases   ] GC(173)   Merge Heap Roots: 0.1ms
[2021-05-29T12:17:20.586-0800][gc,phases   ] GC(173)   Evacuate Collection Set: 2.0ms
[2021-05-29T12:17:20.586-0800][gc,phases   ] GC(173)   Post Evacuate Collection Set: 0.4ms
[2021-05-29T12:17:20.587-0800][gc,phases   ] GC(173)   Other: 0.7ms
[2021-05-29T12:17:20.587-0800][gc,heap     ] GC(173) Eden regions: 254->0(254)
[2021-05-29T12:17:20.587-0800][gc,heap     ] GC(173) Survivor regions: 2->2(32)
[2021-05-29T12:17:20.587-0800][gc,heap     ] GC(173) Old regions: 44->44
[2021-05-29T12:17:20.587-0800][gc,heap     ] GC(173) Archive regions: 2->2
[2021-05-29T12:17:20.587-0800][gc,heap     ] GC(173) Humongous regions: 84->84
[2021-05-29T12:17:20.587-0800][gc,metaspace] GC(173) Metaspace: 70615K(72496K)->70615K(72496K) NonClass: 62589K(63664K)->62589K(63664K) Class: 8025K(8832K)->8025K(8832K)
[2021-05-29T12:17:20.587-0800][gc          ] GC(173) Pause Young (Normal) (G1 Evacuation Pause) 383M->129M(512M) 3.364ms
[2021-05-29T12:17:20.587-0800][gc,cpu      ] GC(173) User=0.01s Sys=0.01s Real=0.00s
[2021-05-29T12:19:30.581-0800][gc,start    ] GC(174) Pause Young (Normal) (G1 Evacuation Pause)
[2021-05-29T12:19:30.582-0800][gc,task     ] GC(174) Using 10 workers of 10 for evacuation
[2021-05-29T12:19:30.584-0800][gc,phases   ] GC(174)   Pre Evacuate Collection Set: 0.1ms
[2021-05-29T12:19:30.584-0800][gc,phases   ] GC(174)   Merge Heap Roots: 0.1ms
[2021-05-29T12:19:30.584-0800][gc,phases   ] GC(174)   Evacuate Collection Set: 1.6ms
[2021-05-29T12:19:30.584-0800][gc,phases   ] GC(174)   Post Evacuate Collection Set: 0.5ms
[2021-05-29T12:19:30.584-0800][gc,phases   ] GC(174)   Other: 0.6ms
[2021-05-29T12:19:30.584-0800][gc,heap     ] GC(174) Eden regions: 254->0(255)
[2021-05-29T12:19:30.584-0800][gc,heap     ] GC(174) Survivor regions: 2->1(32)
[2021-05-29T12:19:30.584-0800][gc,heap     ] GC(174) Old regions: 44->44
[2021-05-29T12:19:30.584-0800][gc,heap     ] GC(174) Archive regions: 2->2
[2021-05-29T12:19:30.584-0800][gc,heap     ] GC(174) Humongous regions: 84->84
[2021-05-29T12:19:30.584-0800][gc,metaspace] GC(174) Metaspace: 70617K(72496K)->70617K(72496K) NonClass: 62592K(63664K)->62592K(63664K) Class: 8025K(8832K)->8025K(8832K)
[2021-05-29T12:19:30.584-0800][gc          ] GC(174) Pause Young (Normal) (G1 Evacuation Pause) 383M->129M(512M) 3.145ms
[2021-05-29T12:19:30.584-0800][gc,cpu      ] GC(174) User=0.01s Sys=0.00s Real=0.00s
[2021-05-29T12:21:40.603-0800][gc,start    ] GC(175) Pause Young (Normal) (G1 Evacuation Pause)
[2021-05-29T12:21:40.604-0800][gc,task     ] GC(175) Using 10 workers of 10 for evacuation
[2021-05-29T12:21:40.607-0800][gc,phases   ] GC(175)   Pre Evacuate Collection Set: 0.2ms
[2021-05-29T12:21:40.607-0800][gc,phases   ] GC(175)   Merge Heap Roots: 0.1ms
[2021-05-29T12:21:40.607-0800][gc,phases   ] GC(175)   Evacuate Collection Set: 1.2ms
[2021-05-29T12:21:40.607-0800][gc,phases   ] GC(175)   Post Evacuate Collection Set: 0.6ms
[2021-05-29T12:21:40.607-0800][gc,phases   ] GC(175)   Other: 1.3ms
[2021-05-29T12:21:40.607-0800][gc,heap     ] GC(175) Eden regions: 255->0(255)
[2021-05-29T12:21:40.607-0800][gc,heap     ] GC(175) Survivor regions: 1->1(32)
[2021-05-29T12:21:40.607-0800][gc,heap     ] GC(175) Old regions: 44->44
[2021-05-29T12:21:40.607-0800][gc,heap     ] GC(175) Archive regions: 2->2
[2021-05-29T12:21:40.607-0800][gc,heap     ] GC(175) Humongous regions: 84->84
[2021-05-29T12:21:40.607-0800][gc,metaspace] GC(175) Metaspace: 70617K(72496K)->70617K(72496K) NonClass: 62592K(63664K)->62592K(63664K) Class: 8025K(8832K)->8025K(8832K)
[2021-05-29T12:21:40.607-0800][gc          ] GC(175) Pause Young (Normal) (G1 Evacuation Pause) 384M->129M(512M) 3.654ms
[2021-05-29T12:21:40.607-0800][gc,cpu      ] GC(175) User=0.01s Sys=0.00s Real=0.00s
[2021-05-29T12:23:48.093-0800][gc,start    ] GC(176) Pause Young (Normal) (G1 Evacuation Pause)
[2021-05-29T12:23:48.093-0800][gc,task     ] GC(176) Using 10 workers of 10 for evacuation
[2021-05-29T12:23:48.095-0800][gc,phases   ] GC(176)   Pre Evacuate Collection Set: 0.2ms
[2021-05-29T12:23:48.095-0800][gc,phases   ] GC(176)   Merge Heap Roots: 0.1ms
[2021-05-29T12:23:48.095-0800][gc,phases   ] GC(176)   Evacuate Collection Set: 1.0ms
[2021-05-29T12:23:48.095-0800][gc,phases   ] GC(176)   Post Evacuate Collection Set: 0.5ms
[2021-05-29T12:23:48.096-0800][gc,phases   ] GC(176)   Other: 0.9ms
[2021-05-29T12:23:48.096-0800][gc,heap     ] GC(176) Eden regions: 255->0(255)
[2021-05-29T12:23:48.096-0800][gc,heap     ] GC(176) Survivor regions: 1->1(32)
[2021-05-29T12:23:48.096-0800][gc,heap     ] GC(176) Old regions: 44->44
[2021-05-29T12:23:48.096-0800][gc,heap     ] GC(176) Archive regions: 2->2
[2021-05-29T12:23:48.096-0800][gc,heap     ] GC(176) Humongous regions: 84->84
[2021-05-29T12:23:48.096-0800][gc,metaspace] GC(176) Metaspace: 70617K(72496K)->70617K(72496K) NonClass: 62592K(63664K)->62592K(63664K) Class: 8025K(8832K)->8025K(8832K)
[2021-05-29T12:23:48.096-0800][gc          ] GC(176) Pause Young (Normal) (G1 Evacuation Pause) 384M->129M(512M) 2.811ms
[2021-05-29T12:23:48.096-0800][gc,cpu      ] GC(176) User=0.01s Sys=0.00s Real=0.00s
[2021-05-29T12:25:58.142-0800][gc,start    ] GC(177) Pause Young (Normal) (G1 Evacuation Pause)
[2021-05-29T12:25:58.143-0800][gc,task     ] GC(177) Using 10 workers of 10 for evacuation
[2021-05-29T12:25:58.147-0800][gc,phases   ] GC(177)   Pre Evacuate Collection Set: 0.2ms
[2021-05-29T12:25:58.147-0800][gc,phases   ] GC(177)   Merge Heap Roots: 0.1ms
[2021-05-29T12:25:58.147-0800][gc,phases   ] GC(177)   Evacuate Collection Set: 2.2ms
[2021-05-29T12:25:58.147-0800][gc,phases   ] GC(177)   Post Evacuate Collection Set: 1.2ms
[2021-05-29T12:25:58.147-0800][gc,phases   ] GC(177)   Other: 1.2ms
[2021-05-29T12:25:58.147-0800][gc,heap     ] GC(177) Eden regions: 255->0(254)
[2021-05-29T12:25:58.147-0800][gc,heap     ] GC(177) Survivor regions: 1->2(32)
[2021-05-29T12:25:58.147-0800][gc,heap     ] GC(177) Old regions: 44->44
[2021-05-29T12:25:58.147-0800][gc,heap     ] GC(177) Archive regions: 2->2
[2021-05-29T12:25:58.147-0800][gc,heap     ] GC(177) Humongous regions: 84->84
[2021-05-29T12:25:58.147-0800][gc,metaspace] GC(177) Metaspace: 70617K(72496K)->70617K(72496K) NonClass: 62592K(63664K)->62592K(63664K) Class: 8025K(8832K)->8025K(8832K)
[2021-05-29T12:25:58.147-0800][gc          ] GC(177) Pause Young (Normal) (G1 Evacuation Pause) 384M->129M(512M) 5.127ms
[2021-05-29T12:25:58.147-0800][gc,cpu      ] GC(177) User=0.01s Sys=0.00s Real=0.00s
[2021-05-29T12:28:07.361-0800][gc,start    ] GC(178) Pause Young (Normal) (G1 Evacuation Pause)
[2021-05-29T12:28:07.363-0800][gc,task     ] GC(178) Using 10 workers of 10 for evacuation
[2021-05-29T12:28:07.366-0800][gc,phases   ] GC(178)   Pre Evacuate Collection Set: 0.2ms
[2021-05-29T12:28:07.366-0800][gc,phases   ] GC(178)   Merge Heap Roots: 0.1ms
[2021-05-29T12:28:07.366-0800][gc,phases   ] GC(178)   Evacuate Collection Set: 2.5ms
[2021-05-29T12:28:07.366-0800][gc,phases   ] GC(178)   Post Evacuate Collection Set: 0.4ms
[2021-05-29T12:28:07.366-0800][gc,phases   ] GC(178)   Other: 1.7ms
[2021-05-29T12:28:07.366-0800][gc,heap     ] GC(178) Eden regions: 254->0(255)
[2021-05-29T12:28:07.366-0800][gc,heap     ] GC(178) Survivor regions: 2->1(32)
[2021-05-29T12:28:07.366-0800][gc,heap     ] GC(178) Old regions: 44->44
[2021-05-29T12:28:07.366-0800][gc,heap     ] GC(178) Archive regions: 2->2
[2021-05-29T12:28:07.366-0800][gc,heap     ] GC(178) Humongous regions: 84->84
[2021-05-29T12:28:07.366-0800][gc,metaspace] GC(178) Metaspace: 70619K(72496K)->70619K(72496K) NonClass: 62593K(63664K)->62593K(63664K) Class: 8025K(8832K)->8025K(8832K)
[2021-05-29T12:28:07.366-0800][gc          ] GC(178) Pause Young (Normal) (G1 Evacuation Pause) 383M->129M(512M) 5.171ms
[2021-05-29T12:28:07.366-0800][gc,cpu      ] GC(178) User=0.01s Sys=0.01s Real=0.00s
[2021-05-29T12:30:12.024-0800][gc,start    ] GC(179) Pause Young (Normal) (G1 Evacuation Pause)
[2021-05-29T12:30:12.024-0800][gc,task     ] GC(179) Using 10 workers of 10 for evacuation
[2021-05-29T12:30:12.027-0800][gc,phases   ] GC(179)   Pre Evacuate Collection Set: 0.2ms
[2021-05-29T12:30:12.027-0800][gc,phases   ] GC(179)   Merge Heap Roots: 0.1ms
[2021-05-29T12:30:12.027-0800][gc,phases   ] GC(179)   Evacuate Collection Set: 2.3ms
[2021-05-29T12:30:12.027-0800][gc,phases   ] GC(179)   Post Evacuate Collection Set: 0.4ms
[2021-05-29T12:30:12.027-0800][gc,phases   ] GC(179)   Other: 0.7ms
[2021-05-29T12:30:12.027-0800][gc,heap     ] GC(179) Eden regions: 255->0(255)
[2021-05-29T12:30:12.027-0800][gc,heap     ] GC(179) Survivor regions: 1->1(32)
[2021-05-29T12:30:12.027-0800][gc,heap     ] GC(179) Old regions: 44->45
[2021-05-29T12:30:12.027-0800][gc,heap     ] GC(179) Archive regions: 2->2
[2021-05-29T12:30:12.027-0800][gc,heap     ] GC(179) Humongous regions: 84->84
[2021-05-29T12:30:12.027-0800][gc,metaspace] GC(179) Metaspace: 70619K(72496K)->70619K(72496K) NonClass: 62593K(63664K)->62593K(63664K) Class: 8025K(8832K)->8025K(8832K)
[2021-05-29T12:30:12.027-0800][gc          ] GC(179) Pause Young (Normal) (G1 Evacuation Pause) 384M->129M(512M) 3.780ms
[2021-05-29T12:30:12.027-0800][gc,cpu      ] GC(179) User=0.01s Sys=0.01s Real=0.00s
[2021-05-29T12:32:21.520-0800][gc,start    ] GC(180) Pause Young (Normal) (G1 Evacuation Pause)
[2021-05-29T12:32:21.521-0800][gc,task     ] GC(180) Using 10 workers of 10 for evacuation
[2021-05-29T12:32:21.523-0800][gc,phases   ] GC(180)   Pre Evacuate Collection Set: 0.2ms
[2021-05-29T12:32:21.523-0800][gc,phases   ] GC(180)   Merge Heap Roots: 0.1ms
[2021-05-29T12:32:21.523-0800][gc,phases   ] GC(180)   Evacuate Collection Set: 0.8ms
[2021-05-29T12:32:21.523-0800][gc,phases   ] GC(180)   Post Evacuate Collection Set: 0.9ms
[2021-05-29T12:32:21.523-0800][gc,phases   ] GC(180)   Other: 0.8ms
[2021-05-29T12:32:21.523-0800][gc,heap     ] GC(180) Eden regions: 255->0(255)
[2021-05-29T12:32:21.523-0800][gc,heap     ] GC(180) Survivor regions: 1->1(32)
[2021-05-29T12:32:21.523-0800][gc,heap     ] GC(180) Old regions: 45->45
[2021-05-29T12:32:21.523-0800][gc,heap     ] GC(180) Archive regions: 2->2
[2021-05-29T12:32:21.523-0800][gc,heap     ] GC(180) Humongous regions: 84->84
[2021-05-29T12:32:21.523-0800][gc,metaspace] GC(180) Metaspace: 70619K(72496K)->70619K(72496K) NonClass: 62593K(63664K)->62593K(63664K) Class: 8025K(8832K)->8025K(8832K)
[2021-05-29T12:32:21.523-0800][gc          ] GC(180) Pause Young (Normal) (G1 Evacuation Pause) 384M->129M(512M) 2.919ms
[2021-05-29T12:32:21.523-0800][gc,cpu      ] GC(180) User=0.00s Sys=0.00s Real=0.00s
[2021-05-29T12:34:31.216-0800][gc,start    ] GC(181) Pause Young (Normal) (G1 Evacuation Pause)
[2021-05-29T12:34:31.217-0800][gc,task     ] GC(181) Using 10 workers of 10 for evacuation
[2021-05-29T12:34:31.219-0800][gc,phases   ] GC(181)   Pre Evacuate Collection Set: 0.2ms
[2021-05-29T12:34:31.219-0800][gc,phases   ] GC(181)   Merge Heap Roots: 0.1ms
[2021-05-29T12:34:31.219-0800][gc,phases   ] GC(181)   Evacuate Collection Set: 1.6ms
[2021-05-29T12:34:31.219-0800][gc,phases   ] GC(181)   Post Evacuate Collection Set: 0.4ms
[2021-05-29T12:34:31.219-0800][gc,phases   ] GC(181)   Other: 0.9ms
[2021-05-29T12:34:31.219-0800][gc,heap     ] GC(181) Eden regions: 255->0(255)
[2021-05-29T12:34:31.219-0800][gc,heap     ] GC(181) Survivor regions: 1->1(32)
[2021-05-29T12:34:31.219-0800][gc,heap     ] GC(181) Old regions: 45->45
[2021-05-29T12:34:31.219-0800][gc,heap     ] GC(181) Archive regions: 2->2
[2021-05-29T12:34:31.219-0800][gc,heap     ] GC(181) Humongous regions: 84->84
[2021-05-29T12:34:31.219-0800][gc,metaspace] GC(181) Metaspace: 70619K(72496K)->70619K(72496K) NonClass: 62593K(63664K)->62593K(63664K) Class: 8025K(8832K)->8025K(8832K)
[2021-05-29T12:34:31.219-0800][gc          ] GC(181) Pause Young (Normal) (G1 Evacuation Pause) 384M->129M(512M) 3.413ms
[2021-05-29T12:34:31.219-0800][gc,cpu      ] GC(181) User=0.01s Sys=0.00s Real=0.00s
[2021-05-29T12:36:41.204-0800][gc,start    ] GC(182) Pause Young (Normal) (G1 Evacuation Pause)
[2021-05-29T12:36:41.205-0800][gc,task     ] GC(182) Using 10 workers of 10 for evacuation
[2021-05-29T12:36:41.206-0800][gc,phases   ] GC(182)   Pre Evacuate Collection Set: 0.2ms
[2021-05-29T12:36:41.206-0800][gc,phases   ] GC(182)   Merge Heap Roots: 0.1ms
[2021-05-29T12:36:41.206-0800][gc,phases   ] GC(182)   Evacuate Collection Set: 0.8ms
[2021-05-29T12:36:41.206-0800][gc,phases   ] GC(182)   Post Evacuate Collection Set: 0.4ms
[2021-05-29T12:36:41.206-0800][gc,phases   ] GC(182)   Other: 0.7ms
[2021-05-29T12:36:41.206-0800][gc,heap     ] GC(182) Eden regions: 255->0(255)
[2021-05-29T12:36:41.206-0800][gc,heap     ] GC(182) Survivor regions: 1->1(32)
[2021-05-29T12:36:41.206-0800][gc,heap     ] GC(182) Old regions: 45->45
[2021-05-29T12:36:41.206-0800][gc,heap     ] GC(182) Archive regions: 2->2
[2021-05-29T12:36:41.206-0800][gc,heap     ] GC(182) Humongous regions: 84->84
[2021-05-29T12:36:41.206-0800][gc,metaspace] GC(182) Metaspace: 70619K(72496K)->70619K(72496K) NonClass: 62593K(63664K)->62593K(63664K) Class: 8025K(8832K)->8025K(8832K)
[2021-05-29T12:36:41.206-0800][gc          ] GC(182) Pause Young (Normal) (G1 Evacuation Pause) 384M->129M(512M) 2.205ms
[2021-05-29T12:36:41.206-0800][gc,cpu      ] GC(182) User=0.01s Sys=0.00s Real=0.00s
[2021-05-29T12:38:51.251-0800][gc,start    ] GC(183) Pause Young (Normal) (G1 Evacuation Pause)
[2021-05-29T12:38:51.252-0800][gc,task     ] GC(183) Using 10 workers of 10 for evacuation
[2021-05-29T12:38:51.254-0800][gc,phases   ] GC(183)   Pre Evacuate Collection Set: 0.2ms
[2021-05-29T12:38:51.254-0800][gc,phases   ] GC(183)   Merge Heap Roots: 0.1ms
[2021-05-29T12:38:51.254-0800][gc,phases   ] GC(183)   Evacuate Collection Set: 0.9ms
[2021-05-29T12:38:51.254-0800][gc,phases   ] GC(183)   Post Evacuate Collection Set: 0.5ms
[2021-05-29T12:38:51.254-0800][gc,phases   ] GC(183)   Other: 0.9ms
[2021-05-29T12:38:51.254-0800][gc,heap     ] GC(183) Eden regions: 255->0(255)
[2021-05-29T12:38:51.254-0800][gc,heap     ] GC(183) Survivor regions: 1->1(32)
[2021-05-29T12:38:51.254-0800][gc,heap     ] GC(183) Old regions: 45->45
[2021-05-29T12:38:51.254-0800][gc,heap     ] GC(183) Archive regions: 2->2
[2021-05-29T12:38:51.254-0800][gc,heap     ] GC(183) Humongous regions: 84->84
[2021-05-29T12:38:51.254-0800][gc,metaspace] GC(183) Metaspace: 70636K(72496K)->70636K(72496K) NonClass: 62611K(63664K)->62611K(63664K) Class: 8025K(8832K)->8025K(8832K)
[2021-05-29T12:38:51.254-0800][gc          ] GC(183) Pause Young (Normal) (G1 Evacuation Pause) 384M->129M(512M) 2.735ms
[2021-05-29T12:38:51.254-0800][gc,cpu      ] GC(183) User=0.01s Sys=0.00s Real=0.00s
[2021-05-29T12:40:58.829-0800][gc,start    ] GC(184) Pause Young (Normal) (G1 Evacuation Pause)
[2021-05-29T12:40:58.830-0800][gc,task     ] GC(184) Using 10 workers of 10 for evacuation
[2021-05-29T12:40:58.831-0800][gc,phases   ] GC(184)   Pre Evacuate Collection Set: 0.1ms
[2021-05-29T12:40:58.831-0800][gc,phases   ] GC(184)   Merge Heap Roots: 0.1ms
[2021-05-29T12:40:58.832-0800][gc,phases   ] GC(184)   Evacuate Collection Set: 0.9ms
[2021-05-29T12:40:58.832-0800][gc,phases   ] GC(184)   Post Evacuate Collection Set: 0.4ms
[2021-05-29T12:40:58.832-0800][gc,phases   ] GC(184)   Other: 1.1ms
[2021-05-29T12:40:58.832-0800][gc,heap     ] GC(184) Eden regions: 255->0(255)
[2021-05-29T12:40:58.832-0800][gc,heap     ] GC(184) Survivor regions: 1->1(32)
[2021-05-29T12:40:58.832-0800][gc,heap     ] GC(184) Old regions: 45->45
[2021-05-29T12:40:58.832-0800][gc,heap     ] GC(184) Archive regions: 2->2
[2021-05-29T12:40:58.832-0800][gc,heap     ] GC(184) Humongous regions: 84->84
[2021-05-29T12:40:58.832-0800][gc,metaspace] GC(184) Metaspace: 70636K(72496K)->70636K(72496K) NonClass: 62611K(63664K)->62611K(63664K) Class: 8025K(8832K)->8025K(8832K)
[2021-05-29T12:40:58.832-0800][gc          ] GC(184) Pause Young (Normal) (G1 Evacuation Pause) 384M->129M(512M) 2.642ms
[2021-05-29T12:40:58.832-0800][gc,cpu      ] GC(184) User=0.01s Sys=0.01s Real=0.01s
[2021-05-29T12:43:08.843-0800][gc,start    ] GC(185) Pause Young (Normal) (G1 Evacuation Pause)
[2021-05-29T12:43:08.844-0800][gc,task     ] GC(185) Using 10 workers of 10 for evacuation
[2021-05-29T12:43:08.850-0800][gc,phases   ] GC(185)   Pre Evacuate Collection Set: 0.2ms
[2021-05-29T12:43:08.850-0800][gc,phases   ] GC(185)   Merge Heap Roots: 0.1ms
[2021-05-29T12:43:08.850-0800][gc,phases   ] GC(185)   Evacuate Collection Set: 4.2ms
[2021-05-29T12:43:08.850-0800][gc,phases   ] GC(185)   Post Evacuate Collection Set: 0.5ms
[2021-05-29T12:43:08.850-0800][gc,phases   ] GC(185)   Other: 1.3ms
[2021-05-29T12:43:08.850-0800][gc,heap     ] GC(185) Eden regions: 255->0(255)
[2021-05-29T12:43:08.850-0800][gc,heap     ] GC(185) Survivor regions: 1->1(32)
[2021-05-29T12:43:08.850-0800][gc,heap     ] GC(185) Old regions: 45->45
[2021-05-29T12:43:08.850-0800][gc,heap     ] GC(185) Archive regions: 2->2
[2021-05-29T12:43:08.850-0800][gc,heap     ] GC(185) Humongous regions: 84->84
[2021-05-29T12:43:08.850-0800][gc,metaspace] GC(185) Metaspace: 70636K(72496K)->70636K(72496K) NonClass: 62611K(63664K)->62611K(63664K) Class: 8025K(8832K)->8025K(8832K)
[2021-05-29T12:43:08.850-0800][gc          ] GC(185) Pause Young (Normal) (G1 Evacuation Pause) 384M->129M(512M) 6.438ms
[2021-05-29T12:43:08.850-0800][gc,cpu      ] GC(185) User=0.01s Sys=0.01s Real=0.01s
[2021-05-29T12:45:18.323-0800][gc,start    ] GC(186) Pause Young (Normal) (G1 Evacuation Pause)
[2021-05-29T12:45:18.324-0800][gc,task     ] GC(186) Using 10 workers of 10 for evacuation
[2021-05-29T12:45:18.328-0800][gc,phases   ] GC(186)   Pre Evacuate Collection Set: 0.2ms
[2021-05-29T12:45:18.328-0800][gc,phases   ] GC(186)   Merge Heap Roots: 0.1ms
[2021-05-29T12:45:18.328-0800][gc,phases   ] GC(186)   Evacuate Collection Set: 3.8ms
[2021-05-29T12:45:18.328-0800][gc,phases   ] GC(186)   Post Evacuate Collection Set: 0.4ms
[2021-05-29T12:45:18.328-0800][gc,phases   ] GC(186)   Other: 0.9ms
[2021-05-29T12:45:18.328-0800][gc,heap     ] GC(186) Eden regions: 255->0(255)
[2021-05-29T12:45:18.328-0800][gc,heap     ] GC(186) Survivor regions: 1->1(32)
[2021-05-29T12:45:18.328-0800][gc,heap     ] GC(186) Old regions: 45->45
[2021-05-29T12:45:18.328-0800][gc,heap     ] GC(186) Archive regions: 2->2
[2021-05-29T12:45:18.328-0800][gc,heap     ] GC(186) Humongous regions: 84->84
[2021-05-29T12:45:18.329-0800][gc,metaspace] GC(186) Metaspace: 70636K(72496K)->70636K(72496K) NonClass: 62611K(63664K)->62611K(63664K) Class: 8025K(8832K)->8025K(8832K)
[2021-05-29T12:45:18.329-0800][gc          ] GC(186) Pause Young (Normal) (G1 Evacuation Pause) 384M->129M(512M) 5.591ms
[2021-05-29T12:45:18.329-0800][gc,cpu      ] GC(186) User=0.01s Sys=0.01s Real=0.00s
[2021-05-29T12:47:23.366-0800][gc,start    ] GC(187) Pause Young (Normal) (G1 Evacuation Pause)
[2021-05-29T12:47:23.367-0800][gc,task     ] GC(187) Using 10 workers of 10 for evacuation
[2021-05-29T12:47:23.369-0800][gc,phases   ] GC(187)   Pre Evacuate Collection Set: 0.2ms
[2021-05-29T12:47:23.369-0800][gc,phases   ] GC(187)   Merge Heap Roots: 0.1ms
[2021-05-29T12:47:23.369-0800][gc,phases   ] GC(187)   Evacuate Collection Set: 0.9ms
[2021-05-29T12:47:23.369-0800][gc,phases   ] GC(187)   Post Evacuate Collection Set: 0.5ms
[2021-05-29T12:47:23.369-0800][gc,phases   ] GC(187)   Other: 0.8ms
[2021-05-29T12:47:23.369-0800][gc,heap     ] GC(187) Eden regions: 255->0(255)
[2021-05-29T12:47:23.369-0800][gc,heap     ] GC(187) Survivor regions: 1->1(32)
[2021-05-29T12:47:23.369-0800][gc,heap     ] GC(187) Old regions: 45->45
[2021-05-29T12:47:23.369-0800][gc,heap     ] GC(187) Archive regions: 2->2
[2021-05-29T12:47:23.369-0800][gc,heap     ] GC(187) Humongous regions: 84->84
[2021-05-29T12:47:23.369-0800][gc,metaspace] GC(187) Metaspace: 70637K(72496K)->70637K(72496K) NonClass: 62611K(63664K)->62611K(63664K) Class: 8025K(8832K)->8025K(8832K)
[2021-05-29T12:47:23.369-0800][gc          ] GC(187) Pause Young (Normal) (G1 Evacuation Pause) 384M->129M(512M) 2.636ms
[2021-05-29T12:47:23.369-0800][gc,cpu      ] GC(187) User=0.01s Sys=0.00s Real=0.00s
[2021-05-29T12:49:32.005-0800][gc,start    ] GC(188) Pause Young (Normal) (G1 Evacuation Pause)
[2021-05-29T12:49:32.006-0800][gc,task     ] GC(188) Using 10 workers of 10 for evacuation
[2021-05-29T12:49:32.007-0800][gc,phases   ] GC(188)   Pre Evacuate Collection Set: 0.1ms
[2021-05-29T12:49:32.007-0800][gc,phases   ] GC(188)   Merge Heap Roots: 0.1ms
[2021-05-29T12:49:32.007-0800][gc,phases   ] GC(188)   Evacuate Collection Set: 0.7ms
[2021-05-29T12:49:32.007-0800][gc,phases   ] GC(188)   Post Evacuate Collection Set: 0.4ms
[2021-05-29T12:49:32.007-0800][gc,phases   ] GC(188)   Other: 0.9ms
[2021-05-29T12:49:32.007-0800][gc,heap     ] GC(188) Eden regions: 255->0(255)
[2021-05-29T12:49:32.007-0800][gc,heap     ] GC(188) Survivor regions: 1->1(32)
[2021-05-29T12:49:32.007-0800][gc,heap     ] GC(188) Old regions: 45->45
[2021-05-29T12:49:32.007-0800][gc,heap     ] GC(188) Archive regions: 2->2
[2021-05-29T12:49:32.007-0800][gc,heap     ] GC(188) Humongous regions: 84->84
[2021-05-29T12:49:32.007-0800][gc,metaspace] GC(188) Metaspace: 70639K(72496K)->70639K(72496K) NonClass: 62613K(63664K)->62613K(63664K) Class: 8025K(8832K)->8025K(8832K)
[2021-05-29T12:49:32.007-0800][gc          ] GC(188) Pause Young (Normal) (G1 Evacuation Pause) 384M->129M(512M) 2.344ms
[2021-05-29T12:49:32.007-0800][gc,cpu      ] GC(188) User=0.01s Sys=0.00s Real=0.00s
[2021-05-29T12:51:41.763-0800][gc,start    ] GC(189) Pause Young (Normal) (G1 Evacuation Pause)
[2021-05-29T12:51:41.763-0800][gc,task     ] GC(189) Using 10 workers of 10 for evacuation
[2021-05-29T12:51:41.765-0800][gc,phases   ] GC(189)   Pre Evacuate Collection Set: 0.1ms
[2021-05-29T12:51:41.765-0800][gc,phases   ] GC(189)   Merge Heap Roots: 0.1ms
[2021-05-29T12:51:41.765-0800][gc,phases   ] GC(189)   Evacuate Collection Set: 1.2ms
[2021-05-29T12:51:41.765-0800][gc,phases   ] GC(189)   Post Evacuate Collection Set: 0.3ms
[2021-05-29T12:51:41.765-0800][gc,phases   ] GC(189)   Other: 0.6ms
[2021-05-29T12:51:41.765-0800][gc,heap     ] GC(189) Eden regions: 255->0(255)
[2021-05-29T12:51:41.765-0800][gc,heap     ] GC(189) Survivor regions: 1->1(32)
[2021-05-29T12:51:41.765-0800][gc,heap     ] GC(189) Old regions: 45->45
[2021-05-29T12:51:41.765-0800][gc,heap     ] GC(189) Archive regions: 2->2
[2021-05-29T12:51:41.765-0800][gc,heap     ] GC(189) Humongous regions: 84->84
[2021-05-29T12:51:41.765-0800][gc,metaspace] GC(189) Metaspace: 70639K(72496K)->70639K(72496K) NonClass: 62613K(63664K)->62613K(63664K) Class: 8025K(8832K)->8025K(8832K)
[2021-05-29T12:51:41.765-0800][gc          ] GC(189) Pause Young (Normal) (G1 Evacuation Pause) 384M->129M(512M) 2.294ms
[2021-05-29T12:51:41.765-0800][gc,cpu      ] GC(189) User=0.00s Sys=0.00s Real=0.00s
[2021-05-29T12:53:51.745-0800][gc,start    ] GC(190) Pause Young (Normal) (G1 Evacuation Pause)
[2021-05-29T12:53:51.745-0800][gc,task     ] GC(190) Using 10 workers of 10 for evacuation
[2021-05-29T12:53:51.747-0800][gc,phases   ] GC(190)   Pre Evacuate Collection Set: 0.2ms
[2021-05-29T12:53:51.747-0800][gc,phases   ] GC(190)   Merge Heap Roots: 0.1ms
[2021-05-29T12:53:51.747-0800][gc,phases   ] GC(190)   Evacuate Collection Set: 0.7ms
[2021-05-29T12:53:51.747-0800][gc,phases   ] GC(190)   Post Evacuate Collection Set: 0.3ms
[2021-05-29T12:53:51.747-0800][gc,phases   ] GC(190)   Other: 0.6ms
[2021-05-29T12:53:51.747-0800][gc,heap     ] GC(190) Eden regions: 255->0(255)
[2021-05-29T12:53:51.747-0800][gc,heap     ] GC(190) Survivor regions: 1->1(32)
[2021-05-29T12:53:51.747-0800][gc,heap     ] GC(190) Old regions: 45->45
[2021-05-29T12:53:51.747-0800][gc,heap     ] GC(190) Archive regions: 2->2
[2021-05-29T12:53:51.747-0800][gc,heap     ] GC(190) Humongous regions: 84->84
[2021-05-29T12:53:51.747-0800][gc,metaspace] GC(190) Metaspace: 70639K(72496K)->70639K(72496K) NonClass: 62613K(63664K)->62613K(63664K) Class: 8025K(8832K)->8025K(8832K)
[2021-05-29T12:53:51.747-0800][gc          ] GC(190) Pause Young (Normal) (G1 Evacuation Pause) 384M->129M(512M) 2.047ms
[2021-05-29T12:53:51.747-0800][gc,cpu      ] GC(190) User=0.01s Sys=0.00s Real=0.00s
[2021-05-29T12:56:01.852-0800][gc,start    ] GC(191) Pause Young (Normal) (G1 Evacuation Pause)
[2021-05-29T12:56:01.853-0800][gc,task     ] GC(191) Using 10 workers of 10 for evacuation
[2021-05-29T12:56:01.857-0800][gc,phases   ] GC(191)   Pre Evacuate Collection Set: 0.2ms
[2021-05-29T12:56:01.857-0800][gc,phases   ] GC(191)   Merge Heap Roots: 0.1ms
[2021-05-29T12:56:01.857-0800][gc,phases   ] GC(191)   Evacuate Collection Set: 2.4ms
[2021-05-29T12:56:01.857-0800][gc,phases   ] GC(191)   Post Evacuate Collection Set: 0.4ms
[2021-05-29T12:56:01.857-0800][gc,phases   ] GC(191)   Other: 1.9ms
[2021-05-29T12:56:01.857-0800][gc,heap     ] GC(191) Eden regions: 255->0(255)
[2021-05-29T12:56:01.857-0800][gc,heap     ] GC(191) Survivor regions: 1->1(32)
[2021-05-29T12:56:01.857-0800][gc,heap     ] GC(191) Old regions: 45->45
[2021-05-29T12:56:01.857-0800][gc,heap     ] GC(191) Archive regions: 2->2
[2021-05-29T12:56:01.857-0800][gc,heap     ] GC(191) Humongous regions: 84->84
[2021-05-29T12:56:01.857-0800][gc,metaspace] GC(191) Metaspace: 70639K(72496K)->70639K(72496K) NonClass: 62613K(63664K)->62613K(63664K) Class: 8025K(8832K)->8025K(8832K)
[2021-05-29T12:56:01.857-0800][gc          ] GC(191) Pause Young (Normal) (G1 Evacuation Pause) 384M->129M(512M) 5.234ms
[2021-05-29T12:56:01.857-0800][gc,cpu      ] GC(191) User=0.01s Sys=0.01s Real=0.00s
[2021-05-29T12:59:48.790-0800][gc,start    ] GC(192) Pause Young (Normal) (G1 Evacuation Pause)
[2021-05-29T12:59:48.791-0800][gc,task     ] GC(192) Using 10 workers of 10 for evacuation
[2021-05-29T12:59:48.811-0800][gc,phases   ] GC(192)   Pre Evacuate Collection Set: 1.7ms
[2021-05-29T12:59:48.811-0800][gc,phases   ] GC(192)   Merge Heap Roots: 0.1ms
[2021-05-29T12:59:48.811-0800][gc,phases   ] GC(192)   Evacuate Collection Set: 14.1ms
[2021-05-29T12:59:48.811-0800][gc,phases   ] GC(192)   Post Evacuate Collection Set: 3.0ms
[2021-05-29T12:59:48.811-0800][gc,phases   ] GC(192)   Other: 1.5ms
[2021-05-29T12:59:48.811-0800][gc,heap     ] GC(192) Eden regions: 255->0(255)
[2021-05-29T12:59:48.811-0800][gc,heap     ] GC(192) Survivor regions: 1->1(32)
[2021-05-29T12:59:48.811-0800][gc,heap     ] GC(192) Old regions: 45->45
[2021-05-29T12:59:48.811-0800][gc,heap     ] GC(192) Archive regions: 2->2
[2021-05-29T12:59:48.811-0800][gc,heap     ] GC(192) Humongous regions: 84->84
[2021-05-29T12:59:48.811-0800][gc,metaspace] GC(192) Metaspace: 70653K(72496K)->70653K(72496K) NonClass: 62628K(63664K)->62628K(63664K) Class: 8025K(8832K)->8025K(8832K)
[2021-05-29T12:59:48.811-0800][gc          ] GC(192) Pause Young (Normal) (G1 Evacuation Pause) 384M->129M(512M) 20.456ms
[2021-05-29T12:59:48.811-0800][gc,cpu      ] GC(192) User=0.01s Sys=0.04s Real=0.02s
[2021-05-29T13:01:58.799-0800][gc,start    ] GC(193) Pause Young (Normal) (G1 Evacuation Pause)
[2021-05-29T13:01:58.799-0800][gc,task     ] GC(193) Using 10 workers of 10 for evacuation
[2021-05-29T13:01:58.803-0800][gc,phases   ] GC(193)   Pre Evacuate Collection Set: 0.3ms
[2021-05-29T13:01:58.804-0800][gc,phases   ] GC(193)   Merge Heap Roots: 0.9ms
[2021-05-29T13:01:58.804-0800][gc,phases   ] GC(193)   Evacuate Collection Set: 2.3ms
[2021-05-29T13:01:58.804-0800][gc,phases   ] GC(193)   Post Evacuate Collection Set: 0.6ms
[2021-05-29T13:01:58.804-0800][gc,phases   ] GC(193)   Other: 1.0ms
[2021-05-29T13:01:58.804-0800][gc,heap     ] GC(193) Eden regions: 255->0(255)
[2021-05-29T13:01:58.804-0800][gc,heap     ] GC(193) Survivor regions: 1->1(32)
[2021-05-29T13:01:58.804-0800][gc,heap     ] GC(193) Old regions: 45->45
[2021-05-29T13:01:58.804-0800][gc,heap     ] GC(193) Archive regions: 2->2
[2021-05-29T13:01:58.804-0800][gc,heap     ] GC(193) Humongous regions: 84->84
[2021-05-29T13:01:58.804-0800][gc,metaspace] GC(193) Metaspace: 70676K(72496K)->70676K(72496K) NonClass: 62650K(63664K)->62650K(63664K) Class: 8025K(8832K)->8025K(8832K)
[2021-05-29T13:01:58.804-0800][gc          ] GC(193) Pause Young (Normal) (G1 Evacuation Pause) 384M->129M(512M) 5.212ms
[2021-05-29T13:01:58.804-0800][gc,cpu      ] GC(193) User=0.01s Sys=0.01s Real=0.01s
[2021-05-29T13:04:08.437-0800][gc,start    ] GC(194) Pause Young (Normal) (G1 Evacuation Pause)
[2021-05-29T13:04:08.438-0800][gc,task     ] GC(194) Using 10 workers of 10 for evacuation
[2021-05-29T13:04:08.442-0800][gc,phases   ] GC(194)   Pre Evacuate Collection Set: 0.2ms
[2021-05-29T13:04:08.442-0800][gc,phases   ] GC(194)   Merge Heap Roots: 0.2ms
[2021-05-29T13:04:08.442-0800][gc,phases   ] GC(194)   Evacuate Collection Set: 3.0ms
[2021-05-29T13:04:08.442-0800][gc,phases   ] GC(194)   Post Evacuate Collection Set: 0.4ms
[2021-05-29T13:04:08.442-0800][gc,phases   ] GC(194)   Other: 1.0ms
[2021-05-29T13:04:08.442-0800][gc,heap     ] GC(194) Eden regions: 255->0(255)
[2021-05-29T13:04:08.442-0800][gc,heap     ] GC(194) Survivor regions: 1->1(32)
[2021-05-29T13:04:08.442-0800][gc,heap     ] GC(194) Old regions: 45->45
[2021-05-29T13:04:08.442-0800][gc,heap     ] GC(194) Archive regions: 2->2
[2021-05-29T13:04:08.442-0800][gc,heap     ] GC(194) Humongous regions: 84->84
[2021-05-29T13:04:08.442-0800][gc,metaspace] GC(194) Metaspace: 70676K(72496K)->70676K(72496K) NonClass: 62650K(63664K)->62650K(63664K) Class: 8025K(8832K)->8025K(8832K)
[2021-05-29T13:04:08.442-0800][gc          ] GC(194) Pause Young (Normal) (G1 Evacuation Pause) 384M->129M(512M) 4.889ms
[2021-05-29T13:04:08.442-0800][gc,cpu      ] GC(194) User=0.02s Sys=0.00s Real=0.01s
[2021-05-29T13:06:13.490-0800][gc,start    ] GC(195) Pause Young (Normal) (G1 Evacuation Pause)
[2021-05-29T13:06:13.490-0800][gc,task     ] GC(195) Using 10 workers of 10 for evacuation
[2021-05-29T13:06:13.492-0800][gc,phases   ] GC(195)   Pre Evacuate Collection Set: 0.2ms
[2021-05-29T13:06:13.492-0800][gc,phases   ] GC(195)   Merge Heap Roots: 0.1ms
[2021-05-29T13:06:13.492-0800][gc,phases   ] GC(195)   Evacuate Collection Set: 0.9ms
[2021-05-29T13:06:13.492-0800][gc,phases   ] GC(195)   Post Evacuate Collection Set: 0.5ms
[2021-05-29T13:06:13.492-0800][gc,phases   ] GC(195)   Other: 0.8ms
[2021-05-29T13:06:13.492-0800][gc,heap     ] GC(195) Eden regions: 255->0(255)
[2021-05-29T13:06:13.492-0800][gc,heap     ] GC(195) Survivor regions: 1->1(32)
[2021-05-29T13:06:13.492-0800][gc,heap     ] GC(195) Old regions: 45->45
[2021-05-29T13:06:13.492-0800][gc,heap     ] GC(195) Archive regions: 2->2
[2021-05-29T13:06:13.492-0800][gc,heap     ] GC(195) Humongous regions: 84->84
[2021-05-29T13:06:13.492-0800][gc,metaspace] GC(195) Metaspace: 70676K(72496K)->70676K(72496K) NonClass: 62650K(63664K)->62650K(63664K) Class: 8025K(8832K)->8025K(8832K)
[2021-05-29T13:06:13.492-0800][gc          ] GC(195) Pause Young (Normal) (G1 Evacuation Pause) 384M->129M(512M) 2.542ms
[2021-05-29T13:06:13.492-0800][gc,cpu      ] GC(195) User=0.01s Sys=0.01s Real=0.00s
[2021-05-29T13:08:19.353-0800][gc,start    ] GC(196) Pause Young (Normal) (G1 Evacuation Pause)
[2021-05-29T13:08:19.354-0800][gc,task     ] GC(196) Using 10 workers of 10 for evacuation
[2021-05-29T13:08:19.363-0800][gc,phases   ] GC(196)   Pre Evacuate Collection Set: 0.2ms
[2021-05-29T13:08:19.363-0800][gc,phases   ] GC(196)   Merge Heap Roots: 0.1ms
[2021-05-29T13:08:19.363-0800][gc,phases   ] GC(196)   Evacuate Collection Set: 7.3ms
[2021-05-29T13:08:19.363-0800][gc,phases   ] GC(196)   Post Evacuate Collection Set: 0.4ms
[2021-05-29T13:08:19.363-0800][gc,phases   ] GC(196)   Other: 1.6ms
[2021-05-29T13:08:19.363-0800][gc,heap     ] GC(196) Eden regions: 255->0(255)
[2021-05-29T13:08:19.363-0800][gc,heap     ] GC(196) Survivor regions: 1->1(32)
[2021-05-29T13:08:19.363-0800][gc,heap     ] GC(196) Old regions: 45->45
[2021-05-29T13:08:19.363-0800][gc,heap     ] GC(196) Archive regions: 2->2
[2021-05-29T13:08:19.363-0800][gc,heap     ] GC(196) Humongous regions: 84->84
[2021-05-29T13:08:19.363-0800][gc,metaspace] GC(196) Metaspace: 70680K(72496K)->70680K(72496K) NonClass: 62654K(63664K)->62654K(63664K) Class: 8026K(8832K)->8026K(8832K)
[2021-05-29T13:08:19.363-0800][gc          ] GC(196) Pause Young (Normal) (G1 Evacuation Pause) 384M->129M(512M) 9.708ms
[2021-05-29T13:08:19.363-0800][gc,cpu      ] GC(196) User=0.01s Sys=0.01s Real=0.01s
[2021-05-29T13:10:29.309-0800][gc,start    ] GC(197) Pause Young (Normal) (G1 Evacuation Pause)
[2021-05-29T13:10:29.310-0800][gc,task     ] GC(197) Using 10 workers of 10 for evacuation
[2021-05-29T13:10:29.312-0800][gc,phases   ] GC(197)   Pre Evacuate Collection Set: 0.1ms
[2021-05-29T13:10:29.312-0800][gc,phases   ] GC(197)   Merge Heap Roots: 0.1ms
[2021-05-29T13:10:29.312-0800][gc,phases   ] GC(197)   Evacuate Collection Set: 1.6ms
[2021-05-29T13:10:29.312-0800][gc,phases   ] GC(197)   Post Evacuate Collection Set: 0.8ms
[2021-05-29T13:10:29.312-0800][gc,phases   ] GC(197)   Other: 0.7ms
[2021-05-29T13:10:29.312-0800][gc,heap     ] GC(197) Eden regions: 255->0(255)
[2021-05-29T13:10:29.312-0800][gc,heap     ] GC(197) Survivor regions: 1->1(32)
[2021-05-29T13:10:29.312-0800][gc,heap     ] GC(197) Old regions: 45->45
[2021-05-29T13:10:29.313-0800][gc,heap     ] GC(197) Archive regions: 2->2
[2021-05-29T13:10:29.313-0800][gc,heap     ] GC(197) Humongous regions: 84->84
[2021-05-29T13:10:29.313-0800][gc,metaspace] GC(197) Metaspace: 70682K(72496K)->70682K(72496K) NonClass: 62656K(63664K)->62656K(63664K) Class: 8026K(8832K)->8026K(8832K)
[2021-05-29T13:10:29.313-0800][gc          ] GC(197) Pause Young (Normal) (G1 Evacuation Pause) 384M->129M(512M) 3.477ms
[2021-05-29T13:10:29.313-0800][gc,cpu      ] GC(197) User=0.01s Sys=0.00s Real=0.01s
[2021-05-29T13:12:39.301-0800][gc,start    ] GC(198) Pause Young (Normal) (G1 Evacuation Pause)
[2021-05-29T13:12:39.301-0800][gc,task     ] GC(198) Using 10 workers of 10 for evacuation
[2021-05-29T13:12:39.302-0800][gc,phases   ] GC(198)   Pre Evacuate Collection Set: 0.1ms
[2021-05-29T13:12:39.302-0800][gc,phases   ] GC(198)   Merge Heap Roots: 0.1ms
[2021-05-29T13:12:39.302-0800][gc,phases   ] GC(198)   Evacuate Collection Set: 0.6ms
[2021-05-29T13:12:39.302-0800][gc,phases   ] GC(198)   Post Evacuate Collection Set: 0.2ms
[2021-05-29T13:12:39.302-0800][gc,phases   ] GC(198)   Other: 0.4ms
[2021-05-29T13:12:39.302-0800][gc,heap     ] GC(198) Eden regions: 255->0(255)
[2021-05-29T13:12:39.302-0800][gc,heap     ] GC(198) Survivor regions: 1->1(32)
[2021-05-29T13:12:39.302-0800][gc,heap     ] GC(198) Old regions: 45->45
[2021-05-29T13:12:39.302-0800][gc,heap     ] GC(198) Archive regions: 2->2
[2021-05-29T13:12:39.302-0800][gc,heap     ] GC(198) Humongous regions: 84->84
[2021-05-29T13:12:39.302-0800][gc,metaspace] GC(198) Metaspace: 70682K(72496K)->70682K(72496K) NonClass: 62656K(63664K)->62656K(63664K) Class: 8026K(8832K)->8026K(8832K)
[2021-05-29T13:12:39.302-0800][gc          ] GC(198) Pause Young (Normal) (G1 Evacuation Pause) 384M->129M(512M) 1.534ms
[2021-05-29T13:12:39.302-0800][gc,cpu      ] GC(198) User=0.01s Sys=0.00s Real=0.00s
[2021-05-29T14:02:34.417-0800][gc,start    ] GC(199) Pause Young (Normal) (G1 Evacuation Pause)
[2021-05-29T14:02:34.418-0800][gc,task     ] GC(199) Using 10 workers of 10 for evacuation
[2021-05-29T14:02:34.429-0800][gc,phases   ] GC(199)   Pre Evacuate Collection Set: 0.6ms
[2021-05-29T14:02:34.429-0800][gc,phases   ] GC(199)   Merge Heap Roots: 0.3ms
[2021-05-29T14:02:34.429-0800][gc,phases   ] GC(199)   Evacuate Collection Set: 4.6ms
[2021-05-29T14:02:34.429-0800][gc,phases   ] GC(199)   Post Evacuate Collection Set: 3.4ms
[2021-05-29T14:02:34.429-0800][gc,phases   ] GC(199)   Other: 2.8ms
[2021-05-29T14:02:34.429-0800][gc,heap     ] GC(199) Eden regions: 255->0(255)
[2021-05-29T14:02:34.429-0800][gc,heap     ] GC(199) Survivor regions: 1->1(32)
[2021-05-29T14:02:34.429-0800][gc,heap     ] GC(199) Old regions: 45->45
[2021-05-29T14:02:34.429-0800][gc,heap     ] GC(199) Archive regions: 2->2
[2021-05-29T14:02:34.429-0800][gc,heap     ] GC(199) Humongous regions: 84->84
[2021-05-29T14:02:34.429-0800][gc,metaspace] GC(199) Metaspace: 70692K(72496K)->70692K(72496K) NonClass: 62666K(63664K)->62666K(63664K) Class: 8026K(8832K)->8026K(8832K)
[2021-05-29T14:02:34.430-0800][gc          ] GC(199) Pause Young (Normal) (G1 Evacuation Pause) 384M->129M(512M) 13.452ms
[2021-05-29T14:02:34.431-0800][gc,cpu      ] GC(199) User=0.02s Sys=0.01s Real=0.02s
[2021-05-29T14:16:26.661-0800][gc,start    ] GC(200) Pause Young (Normal) (G1 Evacuation Pause)
[2021-05-29T14:16:26.662-0800][gc,task     ] GC(200) Using 10 workers of 10 for evacuation
[2021-05-29T14:16:26.688-0800][gc,phases   ] GC(200)   Pre Evacuate Collection Set: 0.4ms
[2021-05-29T14:16:26.688-0800][gc,phases   ] GC(200)   Merge Heap Roots: 0.1ms
[2021-05-29T14:16:26.688-0800][gc,phases   ] GC(200)   Evacuate Collection Set: 25.5ms
[2021-05-29T14:16:26.688-0800][gc,phases   ] GC(200)   Post Evacuate Collection Set: 0.4ms
[2021-05-29T14:16:26.688-0800][gc,phases   ] GC(200)   Other: 0.7ms
[2021-05-29T14:16:26.688-0800][gc,heap     ] GC(200) Eden regions: 255->0(255)
[2021-05-29T14:16:26.688-0800][gc,heap     ] GC(200) Survivor regions: 1->1(32)
[2021-05-29T14:16:26.688-0800][gc,heap     ] GC(200) Old regions: 45->45
[2021-05-29T14:16:26.688-0800][gc,heap     ] GC(200) Archive regions: 2->2
[2021-05-29T14:16:26.688-0800][gc,heap     ] GC(200) Humongous regions: 84->84
[2021-05-29T14:16:26.688-0800][gc,metaspace] GC(200) Metaspace: 70716K(72496K)->70716K(72496K) NonClass: 62688K(63664K)->62688K(63664K) Class: 8027K(8832K)->8027K(8832K)
[2021-05-29T14:16:26.688-0800][gc          ] GC(200) Pause Young (Normal) (G1 Evacuation Pause) 384M->129M(512M) 27.243ms
[2021-05-29T14:16:26.688-0800][gc,cpu      ] GC(200) User=0.03s Sys=0.01s Real=0.02s
[2021-05-29T14:18:35.111-0800][gc,start    ] GC(201) Pause Young (Normal) (G1 Evacuation Pause)
[2021-05-29T14:18:35.112-0800][gc,task     ] GC(201) Using 10 workers of 10 for evacuation
[2021-05-29T14:18:35.123-0800][gc,phases   ] GC(201)   Pre Evacuate Collection Set: 1.9ms
[2021-05-29T14:18:35.123-0800][gc,phases   ] GC(201)   Merge Heap Roots: 0.2ms
[2021-05-29T14:18:35.123-0800][gc,phases   ] GC(201)   Evacuate Collection Set: 6.2ms
[2021-05-29T14:18:35.123-0800][gc,phases   ] GC(201)   Post Evacuate Collection Set: 2.5ms
[2021-05-29T14:18:35.123-0800][gc,phases   ] GC(201)   Other: 1.8ms
[2021-05-29T14:18:35.123-0800][gc,heap     ] GC(201) Eden regions: 255->0(255)
[2021-05-29T14:18:35.123-0800][gc,heap     ] GC(201) Survivor regions: 1->1(32)
[2021-05-29T14:18:35.123-0800][gc,heap     ] GC(201) Old regions: 45->45
[2021-05-29T14:18:35.123-0800][gc,heap     ] GC(201) Archive regions: 2->2
[2021-05-29T14:18:35.123-0800][gc,heap     ] GC(201) Humongous regions: 84->84
[2021-05-29T14:18:35.123-0800][gc,metaspace] GC(201) Metaspace: 70716K(72496K)->70716K(72496K) NonClass: 62688K(63664K)->62688K(63664K) Class: 8027K(8832K)->8027K(8832K)
[2021-05-29T14:18:35.123-0800][gc          ] GC(201) Pause Young (Normal) (G1 Evacuation Pause) 384M->129M(512M) 12.200ms
[2021-05-29T14:18:35.123-0800][gc,cpu      ] GC(201) User=0.01s Sys=0.04s Real=0.01s
[2021-05-29T14:20:45.087-0800][gc,start    ] GC(202) Pause Young (Normal) (G1 Evacuation Pause)
[2021-05-29T14:20:45.087-0800][gc,task     ] GC(202) Using 10 workers of 10 for evacuation
[2021-05-29T14:20:45.092-0800][gc,phases   ] GC(202)   Pre Evacuate Collection Set: 0.1ms
[2021-05-29T14:20:45.092-0800][gc,phases   ] GC(202)   Merge Heap Roots: 0.1ms
[2021-05-29T14:20:45.092-0800][gc,phases   ] GC(202)   Evacuate Collection Set: 3.3ms
[2021-05-29T14:20:45.092-0800][gc,phases   ] GC(202)   Post Evacuate Collection Set: 0.3ms
[2021-05-29T14:20:45.092-0800][gc,phases   ] GC(202)   Other: 0.9ms
[2021-05-29T14:20:45.092-0800][gc,heap     ] GC(202) Eden regions: 255->0(255)
[2021-05-29T14:20:45.092-0800][gc,heap     ] GC(202) Survivor regions: 1->1(32)
[2021-05-29T14:20:45.092-0800][gc,heap     ] GC(202) Old regions: 45->45
[2021-05-29T14:20:45.092-0800][gc,heap     ] GC(202) Archive regions: 2->2
[2021-05-29T14:20:45.092-0800][gc,heap     ] GC(202) Humongous regions: 84->84
[2021-05-29T14:20:45.092-0800][gc,metaspace] GC(202) Metaspace: 70718K(72496K)->70718K(72496K) NonClass: 62691K(63664K)->62691K(63664K) Class: 8027K(8832K)->8027K(8832K)
[2021-05-29T14:20:45.092-0800][gc          ] GC(202) Pause Young (Normal) (G1 Evacuation Pause) 384M->129M(512M) 4.887ms
[2021-05-29T14:20:45.092-0800][gc,cpu      ] GC(202) User=0.01s Sys=0.01s Real=0.01s
[2021-05-29T14:22:55.138-0800][gc,start    ] GC(203) Pause Young (Normal) (G1 Evacuation Pause)
[2021-05-29T14:22:55.139-0800][gc,task     ] GC(203) Using 10 workers of 10 for evacuation
[2021-05-29T14:22:55.147-0800][gc,phases   ] GC(203)   Pre Evacuate Collection Set: 3.2ms
[2021-05-29T14:22:55.147-0800][gc,phases   ] GC(203)   Merge Heap Roots: 0.1ms
[2021-05-29T14:22:55.147-0800][gc,phases   ] GC(203)   Evacuate Collection Set: 3.8ms
[2021-05-29T14:22:55.147-0800][gc,phases   ] GC(203)   Post Evacuate Collection Set: 0.3ms
[2021-05-29T14:22:55.147-0800][gc,phases   ] GC(203)   Other: 1.6ms
[2021-05-29T14:22:55.147-0800][gc,heap     ] GC(203) Eden regions: 255->0(255)
[2021-05-29T14:22:55.147-0800][gc,heap     ] GC(203) Survivor regions: 1->1(32)
[2021-05-29T14:22:55.147-0800][gc,heap     ] GC(203) Old regions: 45->45
[2021-05-29T14:22:55.147-0800][gc,heap     ] GC(203) Archive regions: 2->2
[2021-05-29T14:22:55.147-0800][gc,heap     ] GC(203) Humongous regions: 84->84
[2021-05-29T14:22:55.147-0800][gc,metaspace] GC(203) Metaspace: 70718K(72496K)->70718K(72496K) NonClass: 62691K(63664K)->62691K(63664K) Class: 8027K(8832K)->8027K(8832K)
[2021-05-29T14:22:55.147-0800][gc          ] GC(203) Pause Young (Normal) (G1 Evacuation Pause) 384M->129M(512M) 9.015ms
[2021-05-29T14:22:55.147-0800][gc,cpu      ] GC(203) User=0.01s Sys=0.00s Real=0.01s
[2021-05-29T14:25:05.181-0800][gc,start    ] GC(204) Pause Young (Normal) (G1 Evacuation Pause)
[2021-05-29T14:25:05.182-0800][gc,task     ] GC(204) Using 10 workers of 10 for evacuation
[2021-05-29T14:25:05.189-0800][gc,phases   ] GC(204)   Pre Evacuate Collection Set: 0.5ms
[2021-05-29T14:25:05.189-0800][gc,phases   ] GC(204)   Merge Heap Roots: 0.7ms
[2021-05-29T14:25:05.189-0800][gc,phases   ] GC(204)   Evacuate Collection Set: 4.6ms
[2021-05-29T14:25:05.189-0800][gc,phases   ] GC(204)   Post Evacuate Collection Set: 0.7ms
[2021-05-29T14:25:05.189-0800][gc,phases   ] GC(204)   Other: 0.7ms
[2021-05-29T14:25:05.189-0800][gc,heap     ] GC(204) Eden regions: 255->0(255)
[2021-05-29T14:25:05.189-0800][gc,heap     ] GC(204) Survivor regions: 1->1(32)
[2021-05-29T14:25:05.189-0800][gc,heap     ] GC(204) Old regions: 45->45
[2021-05-29T14:25:05.189-0800][gc,heap     ] GC(204) Archive regions: 2->2
[2021-05-29T14:25:05.189-0800][gc,heap     ] GC(204) Humongous regions: 84->84
[2021-05-29T14:25:05.189-0800][gc,metaspace] GC(204) Metaspace: 70719K(72496K)->70719K(72496K) NonClass: 62692K(63664K)->62692K(63664K) Class: 8027K(8832K)->8027K(8832K)
[2021-05-29T14:25:05.189-0800][gc          ] GC(204) Pause Young (Normal) (G1 Evacuation Pause) 384M->129M(512M) 7.362ms
[2021-05-29T14:25:05.189-0800][gc,cpu      ] GC(204) User=0.02s Sys=0.02s Real=0.00s
[2021-05-29T14:27:15.157-0800][gc,start    ] GC(205) Pause Young (Normal) (G1 Evacuation Pause)
[2021-05-29T14:27:15.157-0800][gc,task     ] GC(205) Using 10 workers of 10 for evacuation
[2021-05-29T14:27:15.161-0800][gc,phases   ] GC(205)   Pre Evacuate Collection Set: 0.1ms
[2021-05-29T14:27:15.161-0800][gc,phases   ] GC(205)   Merge Heap Roots: 0.1ms
[2021-05-29T14:27:15.161-0800][gc,phases   ] GC(205)   Evacuate Collection Set: 2.8ms
[2021-05-29T14:27:15.162-0800][gc,phases   ] GC(205)   Post Evacuate Collection Set: 0.4ms
[2021-05-29T14:27:15.162-0800][gc,phases   ] GC(205)   Other: 0.8ms
[2021-05-29T14:27:15.162-0800][gc,heap     ] GC(205) Eden regions: 255->0(255)
[2021-05-29T14:27:15.162-0800][gc,heap     ] GC(205) Survivor regions: 1->1(32)
[2021-05-29T14:27:15.162-0800][gc,heap     ] GC(205) Old regions: 45->45
[2021-05-29T14:27:15.162-0800][gc,heap     ] GC(205) Archive regions: 2->2
[2021-05-29T14:27:15.162-0800][gc,heap     ] GC(205) Humongous regions: 84->84
[2021-05-29T14:27:15.162-0800][gc,metaspace] GC(205) Metaspace: 70719K(72496K)->70719K(72496K) NonClass: 62692K(63664K)->62692K(63664K) Class: 8027K(8832K)->8027K(8832K)
[2021-05-29T14:27:15.162-0800][gc          ] GC(205) Pause Young (Normal) (G1 Evacuation Pause) 384M->129M(512M) 4.472ms
[2021-05-29T14:27:15.162-0800][gc,cpu      ] GC(205) User=0.01s Sys=0.01s Real=0.01s
[2021-05-29T14:29:25.230-0800][gc,start    ] GC(206) Pause Young (Normal) (G1 Evacuation Pause)
[2021-05-29T14:29:25.230-0800][gc,task     ] GC(206) Using 10 workers of 10 for evacuation
[2021-05-29T14:29:25.233-0800][gc,phases   ] GC(206)   Pre Evacuate Collection Set: 0.2ms
[2021-05-29T14:29:25.233-0800][gc,phases   ] GC(206)   Merge Heap Roots: 0.1ms
[2021-05-29T14:29:25.233-0800][gc,phases   ] GC(206)   Evacuate Collection Set: 1.8ms
[2021-05-29T14:29:25.233-0800][gc,phases   ] GC(206)   Post Evacuate Collection Set: 0.4ms
[2021-05-29T14:29:25.233-0800][gc,phases   ] GC(206)   Other: 0.5ms
[2021-05-29T14:29:25.233-0800][gc,heap     ] GC(206) Eden regions: 255->0(255)
[2021-05-29T14:29:25.233-0800][gc,heap     ] GC(206) Survivor regions: 1->1(32)
[2021-05-29T14:29:25.233-0800][gc,heap     ] GC(206) Old regions: 45->45
[2021-05-29T14:29:25.233-0800][gc,heap     ] GC(206) Archive regions: 2->2
[2021-05-29T14:29:25.233-0800][gc,heap     ] GC(206) Humongous regions: 84->84
[2021-05-29T14:29:25.233-0800][gc,metaspace] GC(206) Metaspace: 70719K(72496K)->70719K(72496K) NonClass: 62692K(63664K)->62692K(63664K) Class: 8027K(8832K)->8027K(8832K)
[2021-05-29T14:29:25.233-0800][gc          ] GC(206) Pause Young (Normal) (G1 Evacuation Pause) 384M->129M(512M) 3.108ms
[2021-05-29T14:29:25.233-0800][gc,cpu      ] GC(206) User=0.01s Sys=0.00s Real=0.00s
[2021-05-29T14:31:32.129-0800][gc,start    ] GC(207) Pause Young (Normal) (G1 Evacuation Pause)
[2021-05-29T14:31:32.130-0800][gc,task     ] GC(207) Using 10 workers of 10 for evacuation
[2021-05-29T14:31:32.151-0800][gc,phases   ] GC(207)   Pre Evacuate Collection Set: 5.2ms
[2021-05-29T14:31:32.151-0800][gc,phases   ] GC(207)   Merge Heap Roots: 1.9ms
[2021-05-29T14:31:32.151-0800][gc,phases   ] GC(207)   Evacuate Collection Set: 9.4ms
[2021-05-29T14:31:32.151-0800][gc,phases   ] GC(207)   Post Evacuate Collection Set: 4.6ms
[2021-05-29T14:31:32.151-0800][gc,phases   ] GC(207)   Other: 1.4ms
[2021-05-29T14:31:32.151-0800][gc,heap     ] GC(207) Eden regions: 255->0(255)
[2021-05-29T14:31:32.151-0800][gc,heap     ] GC(207) Survivor regions: 1->1(32)
[2021-05-29T14:31:32.151-0800][gc,heap     ] GC(207) Old regions: 45->45
[2021-05-29T14:31:32.151-0800][gc,heap     ] GC(207) Archive regions: 2->2
[2021-05-29T14:31:32.151-0800][gc,heap     ] GC(207) Humongous regions: 84->84
[2021-05-29T14:31:32.151-0800][gc,metaspace] GC(207) Metaspace: 70719K(72496K)->70719K(72496K) NonClass: 62692K(63664K)->62692K(63664K) Class: 8027K(8832K)->8027K(8832K)
[2021-05-29T14:31:32.152-0800][gc          ] GC(207) Pause Young (Normal) (G1 Evacuation Pause) 384M->129M(512M) 23.127ms
[2021-05-29T14:31:32.152-0800][gc,cpu      ] GC(207) User=0.02s Sys=0.06s Real=0.03s
[2021-05-29T14:33:35.971-0800][gc,start    ] GC(208) Pause Young (Normal) (G1 Evacuation Pause)
[2021-05-29T14:33:35.971-0800][gc,task     ] GC(208) Using 10 workers of 10 for evacuation
[2021-05-29T14:33:35.974-0800][gc,phases   ] GC(208)   Pre Evacuate Collection Set: 0.2ms
[2021-05-29T14:33:35.974-0800][gc,phases   ] GC(208)   Merge Heap Roots: 0.1ms
[2021-05-29T14:33:35.974-0800][gc,phases   ] GC(208)   Evacuate Collection Set: 1.8ms
[2021-05-29T14:33:35.974-0800][gc,phases   ] GC(208)   Post Evacuate Collection Set: 0.6ms
[2021-05-29T14:33:35.975-0800][gc,phases   ] GC(208)   Other: 0.7ms
[2021-05-29T14:33:35.975-0800][gc,heap     ] GC(208) Eden regions: 255->0(255)
[2021-05-29T14:33:35.975-0800][gc,heap     ] GC(208) Survivor regions: 1->1(32)
[2021-05-29T14:33:35.975-0800][gc,heap     ] GC(208) Old regions: 45->45
[2021-05-29T14:33:35.975-0800][gc,heap     ] GC(208) Archive regions: 2->2
[2021-05-29T14:33:35.975-0800][gc,heap     ] GC(208) Humongous regions: 84->84
[2021-05-29T14:33:35.975-0800][gc,metaspace] GC(208) Metaspace: 70719K(72496K)->70719K(72496K) NonClass: 62692K(63664K)->62692K(63664K) Class: 8027K(8832K)->8027K(8832K)
[2021-05-29T14:33:35.975-0800][gc          ] GC(208) Pause Young (Normal) (G1 Evacuation Pause) 384M->129M(512M) 3.806ms
[2021-05-29T14:33:35.975-0800][gc,cpu      ] GC(208) User=0.01s Sys=0.01s Real=0.00s
[2021-05-29T14:35:45.832-0800][gc,start    ] GC(209) Pause Young (Normal) (G1 Evacuation Pause)
[2021-05-29T14:35:45.832-0800][gc,task     ] GC(209) Using 10 workers of 10 for evacuation
[2021-05-29T14:35:45.836-0800][gc,phases   ] GC(209)   Pre Evacuate Collection Set: 0.5ms
[2021-05-29T14:35:45.836-0800][gc,phases   ] GC(209)   Merge Heap Roots: 0.1ms
[2021-05-29T14:35:45.836-0800][gc,phases   ] GC(209)   Evacuate Collection Set: 2.4ms
[2021-05-29T14:35:45.836-0800][gc,phases   ] GC(209)   Post Evacuate Collection Set: 0.7ms
[2021-05-29T14:35:45.836-0800][gc,phases   ] GC(209)   Other: 0.4ms
[2021-05-29T14:35:45.836-0800][gc,heap     ] GC(209) Eden regions: 255->0(255)
[2021-05-29T14:35:45.836-0800][gc,heap     ] GC(209) Survivor regions: 1->1(32)
[2021-05-29T14:35:45.836-0800][gc,heap     ] GC(209) Old regions: 45->45
[2021-05-29T14:35:45.836-0800][gc,heap     ] GC(209) Archive regions: 2->2
[2021-05-29T14:35:45.836-0800][gc,heap     ] GC(209) Humongous regions: 84->84
[2021-05-29T14:35:45.836-0800][gc,metaspace] GC(209) Metaspace: 70719K(72496K)->70719K(72496K) NonClass: 62692K(63664K)->62692K(63664K) Class: 8027K(8832K)->8027K(8832K)
[2021-05-29T14:35:45.836-0800][gc          ] GC(209) Pause Young (Normal) (G1 Evacuation Pause) 384M->129M(512M) 4.159ms
[2021-05-29T14:35:45.836-0800][gc,cpu      ] GC(209) User=0.01s Sys=0.01s Real=0.00s
[2021-05-29T14:37:55.883-0800][gc,start    ] GC(210) Pause Young (Normal) (G1 Evacuation Pause)
[2021-05-29T14:37:55.884-0800][gc,task     ] GC(210) Using 10 workers of 10 for evacuation
[2021-05-29T14:37:55.890-0800][gc,phases   ] GC(210)   Pre Evacuate Collection Set: 0.2ms
[2021-05-29T14:37:55.890-0800][gc,phases   ] GC(210)   Merge Heap Roots: 0.1ms
[2021-05-29T14:37:55.890-0800][gc,phases   ] GC(210)   Evacuate Collection Set: 5.6ms
[2021-05-29T14:37:55.890-0800][gc,phases   ] GC(210)   Post Evacuate Collection Set: 0.4ms
[2021-05-29T14:37:55.890-0800][gc,phases   ] GC(210)   Other: 0.8ms
[2021-05-29T14:37:55.890-0800][gc,heap     ] GC(210) Eden regions: 255->0(255)
[2021-05-29T14:37:55.890-0800][gc,heap     ] GC(210) Survivor regions: 1->1(32)
[2021-05-29T14:37:55.891-0800][gc,heap     ] GC(210) Old regions: 45->45
[2021-05-29T14:37:55.891-0800][gc,heap     ] GC(210) Archive regions: 2->2
[2021-05-29T14:37:55.891-0800][gc,heap     ] GC(210) Humongous regions: 84->84
[2021-05-29T14:37:55.891-0800][gc,metaspace] GC(210) Metaspace: 70719K(72496K)->70719K(72496K) NonClass: 62692K(63664K)->62692K(63664K) Class: 8027K(8832K)->8027K(8832K)
[2021-05-29T14:37:55.891-0800][gc          ] GC(210) Pause Young (Normal) (G1 Evacuation Pause) 384M->130M(512M) 7.289ms
[2021-05-29T14:37:55.891-0800][gc,cpu      ] GC(210) User=0.02s Sys=0.00s Real=0.01s
[2021-05-29T14:40:05.909-0800][gc,start    ] GC(211) Pause Young (Normal) (G1 Evacuation Pause)
[2021-05-29T14:40:05.910-0800][gc,task     ] GC(211) Using 10 workers of 10 for evacuation
[2021-05-29T14:40:05.912-0800][gc,phases   ] GC(211)   Pre Evacuate Collection Set: 0.1ms
[2021-05-29T14:40:05.912-0800][gc,phases   ] GC(211)   Merge Heap Roots: 0.1ms
[2021-05-29T14:40:05.912-0800][gc,phases   ] GC(211)   Evacuate Collection Set: 1.3ms
[2021-05-29T14:40:05.912-0800][gc,phases   ] GC(211)   Post Evacuate Collection Set: 0.4ms
[2021-05-29T14:40:05.912-0800][gc,phases   ] GC(211)   Other: 0.5ms
[2021-05-29T14:40:05.912-0800][gc,heap     ] GC(211) Eden regions: 255->0(255)
[2021-05-29T14:40:05.912-0800][gc,heap     ] GC(211) Survivor regions: 1->1(32)
[2021-05-29T14:40:05.912-0800][gc,heap     ] GC(211) Old regions: 45->45
[2021-05-29T14:40:05.912-0800][gc,heap     ] GC(211) Archive regions: 2->2
[2021-05-29T14:40:05.912-0800][gc,heap     ] GC(211) Humongous regions: 84->84
[2021-05-29T14:40:05.912-0800][gc,metaspace] GC(211) Metaspace: 70729K(72496K)->70729K(72496K) NonClass: 62702K(63664K)->62702K(63664K) Class: 8027K(8832K)->8027K(8832K)
[2021-05-29T14:40:05.912-0800][gc          ] GC(211) Pause Young (Normal) (G1 Evacuation Pause) 385M->130M(512M) 2.528ms
[2021-05-29T14:40:05.912-0800][gc,cpu      ] GC(211) User=0.01s Sys=0.00s Real=0.01s
[2021-05-29T14:42:15.962-0800][gc,start    ] GC(212) Pause Young (Normal) (G1 Evacuation Pause)
[2021-05-29T14:42:15.962-0800][gc,task     ] GC(212) Using 10 workers of 10 for evacuation
[2021-05-29T14:42:15.965-0800][gc,phases   ] GC(212)   Pre Evacuate Collection Set: 0.2ms
[2021-05-29T14:42:15.965-0800][gc,phases   ] GC(212)   Merge Heap Roots: 0.1ms
[2021-05-29T14:42:15.965-0800][gc,phases   ] GC(212)   Evacuate Collection Set: 1.7ms
[2021-05-29T14:42:15.965-0800][gc,phases   ] GC(212)   Post Evacuate Collection Set: 0.4ms
[2021-05-29T14:42:15.965-0800][gc,phases   ] GC(212)   Other: 0.5ms
[2021-05-29T14:42:15.965-0800][gc,heap     ] GC(212) Eden regions: 255->0(255)
[2021-05-29T14:42:15.965-0800][gc,heap     ] GC(212) Survivor regions: 1->1(32)
[2021-05-29T14:42:15.965-0800][gc,heap     ] GC(212) Old regions: 45->45
[2021-05-29T14:42:15.965-0800][gc,heap     ] GC(212) Archive regions: 2->2
[2021-05-29T14:42:15.965-0800][gc,heap     ] GC(212) Humongous regions: 84->84
[2021-05-29T14:42:15.965-0800][gc,metaspace] GC(212) Metaspace: 70729K(72496K)->70729K(72496K) NonClass: 62702K(63664K)->62702K(63664K) Class: 8027K(8832K)->8027K(8832K)
[2021-05-29T14:42:15.965-0800][gc          ] GC(212) Pause Young (Normal) (G1 Evacuation Pause) 385M->129M(512M) 3.057ms
[2021-05-29T14:42:15.965-0800][gc,cpu      ] GC(212) User=0.01s Sys=0.00s Real=0.00s
[2021-05-29T14:44:26.042-0800][gc,start    ] GC(213) Pause Young (Normal) (G1 Evacuation Pause)
[2021-05-29T14:44:26.042-0800][gc,task     ] GC(213) Using 10 workers of 10 for evacuation
[2021-05-29T14:44:26.046-0800][gc,phases   ] GC(213)   Pre Evacuate Collection Set: 0.2ms
[2021-05-29T14:44:26.046-0800][gc,phases   ] GC(213)   Merge Heap Roots: 0.1ms
[2021-05-29T14:44:26.046-0800][gc,phases   ] GC(213)   Evacuate Collection Set: 3.3ms
[2021-05-29T14:44:26.046-0800][gc,phases   ] GC(213)   Post Evacuate Collection Set: 0.4ms
[2021-05-29T14:44:26.046-0800][gc,phases   ] GC(213)   Other: 0.6ms
[2021-05-29T14:44:26.046-0800][gc,heap     ] GC(213) Eden regions: 255->0(255)
[2021-05-29T14:44:26.046-0800][gc,heap     ] GC(213) Survivor regions: 1->1(32)
[2021-05-29T14:44:26.046-0800][gc,heap     ] GC(213) Old regions: 45->45
[2021-05-29T14:44:26.046-0800][gc,heap     ] GC(213) Archive regions: 2->2
[2021-05-29T14:44:26.046-0800][gc,heap     ] GC(213) Humongous regions: 84->84
[2021-05-29T14:44:26.046-0800][gc,metaspace] GC(213) Metaspace: 70729K(72496K)->70729K(72496K) NonClass: 62702K(63664K)->62702K(63664K) Class: 8027K(8832K)->8027K(8832K)
[2021-05-29T14:44:26.047-0800][gc          ] GC(213) Pause Young (Normal) (G1 Evacuation Pause) 384M->130M(512M) 5.289ms
[2021-05-29T14:44:26.047-0800][gc,cpu      ] GC(213) User=0.01s Sys=0.00s Real=0.00s
[2021-05-29T14:46:36.111-0800][gc,start    ] GC(214) Pause Young (Normal) (G1 Evacuation Pause)
[2021-05-29T14:46:36.111-0800][gc,task     ] GC(214) Using 10 workers of 10 for evacuation
[2021-05-29T14:46:36.114-0800][gc,phases   ] GC(214)   Pre Evacuate Collection Set: 0.1ms
[2021-05-29T14:46:36.114-0800][gc,phases   ] GC(214)   Merge Heap Roots: 0.1ms
[2021-05-29T14:46:36.114-0800][gc,phases   ] GC(214)   Evacuate Collection Set: 1.7ms
[2021-05-29T14:46:36.114-0800][gc,phases   ] GC(214)   Post Evacuate Collection Set: 0.5ms
[2021-05-29T14:46:36.114-0800][gc,phases   ] GC(214)   Other: 0.5ms
[2021-05-29T14:46:36.114-0800][gc,heap     ] GC(214) Eden regions: 255->0(255)
[2021-05-29T14:46:36.114-0800][gc,heap     ] GC(214) Survivor regions: 1->1(32)
[2021-05-29T14:46:36.114-0800][gc,heap     ] GC(214) Old regions: 45->45
[2021-05-29T14:46:36.114-0800][gc,heap     ] GC(214) Archive regions: 2->2
[2021-05-29T14:46:36.114-0800][gc,heap     ] GC(214) Humongous regions: 84->84
[2021-05-29T14:46:36.114-0800][gc,metaspace] GC(214) Metaspace: 70730K(72496K)->70730K(72496K) NonClass: 62702K(63664K)->62702K(63664K) Class: 8027K(8832K)->8027K(8832K)
[2021-05-29T14:46:36.114-0800][gc          ] GC(214) Pause Young (Normal) (G1 Evacuation Pause) 385M->129M(512M) 3.058ms
[2021-05-29T14:46:36.114-0800][gc,cpu      ] GC(214) User=0.01s Sys=0.01s Real=0.00s
[2021-05-29T14:48:46.175-0800][gc,start    ] GC(215) Pause Young (Normal) (G1 Evacuation Pause)
[2021-05-29T14:48:46.175-0800][gc,task     ] GC(215) Using 10 workers of 10 for evacuation
[2021-05-29T14:48:46.177-0800][gc,phases   ] GC(215)   Pre Evacuate Collection Set: 0.1ms
[2021-05-29T14:48:46.177-0800][gc,phases   ] GC(215)   Merge Heap Roots: 0.1ms
[2021-05-29T14:48:46.177-0800][gc,phases   ] GC(215)   Evacuate Collection Set: 1.2ms
[2021-05-29T14:48:46.177-0800][gc,phases   ] GC(215)   Post Evacuate Collection Set: 0.4ms
[2021-05-29T14:48:46.177-0800][gc,phases   ] GC(215)   Other: 0.4ms
[2021-05-29T14:48:46.177-0800][gc,heap     ] GC(215) Eden regions: 255->0(255)
[2021-05-29T14:48:46.177-0800][gc,heap     ] GC(215) Survivor regions: 1->1(32)
[2021-05-29T14:48:46.177-0800][gc,heap     ] GC(215) Old regions: 45->45
[2021-05-29T14:48:46.177-0800][gc,heap     ] GC(215) Archive regions: 2->2
[2021-05-29T14:48:46.177-0800][gc,heap     ] GC(215) Humongous regions: 84->84
[2021-05-29T14:48:46.177-0800][gc,metaspace] GC(215) Metaspace: 70730K(72496K)->70730K(72496K) NonClass: 62702K(63664K)->62702K(63664K) Class: 8027K(8832K)->8027K(8832K)
[2021-05-29T14:48:46.177-0800][gc          ] GC(215) Pause Young (Normal) (G1 Evacuation Pause) 384M->130M(512M) 2.282ms
[2021-05-29T14:48:46.177-0800][gc,cpu      ] GC(215) User=0.00s Sys=0.01s Real=0.00s
[2021-05-29T14:50:47.771-0800][gc,start    ] GC(216) Pause Young (Normal) (G1 Evacuation Pause)
[2021-05-29T14:50:47.771-0800][gc,task     ] GC(216) Using 10 workers of 10 for evacuation
[2021-05-29T14:50:47.773-0800][gc,phases   ] GC(216)   Pre Evacuate Collection Set: 0.1ms
[2021-05-29T14:50:47.773-0800][gc,phases   ] GC(216)   Merge Heap Roots: 0.1ms
[2021-05-29T14:50:47.773-0800][gc,phases   ] GC(216)   Evacuate Collection Set: 1.1ms
[2021-05-29T14:50:47.773-0800][gc,phases   ] GC(216)   Post Evacuate Collection Set: 0.4ms
[2021-05-29T14:50:47.773-0800][gc,phases   ] GC(216)   Other: 0.4ms
[2021-05-29T14:50:47.773-0800][gc,heap     ] GC(216) Eden regions: 255->0(255)
[2021-05-29T14:50:47.773-0800][gc,heap     ] GC(216) Survivor regions: 1->1(32)
[2021-05-29T14:50:47.773-0800][gc,heap     ] GC(216) Old regions: 45->45
[2021-05-29T14:50:47.773-0800][gc,heap     ] GC(216) Archive regions: 2->2
[2021-05-29T14:50:47.773-0800][gc,heap     ] GC(216) Humongous regions: 84->84
[2021-05-29T14:50:47.773-0800][gc,metaspace] GC(216) Metaspace: 70730K(72496K)->70730K(72496K) NonClass: 62702K(63664K)->62702K(63664K) Class: 8027K(8832K)->8027K(8832K)
[2021-05-29T14:50:47.773-0800][gc          ] GC(216) Pause Young (Normal) (G1 Evacuation Pause) 385M->129M(512M) 2.464ms
[2021-05-29T14:50:47.773-0800][gc,cpu      ] GC(216) User=0.01s Sys=0.00s Real=0.00s
[2021-05-29T14:52:56.949-0800][gc,start    ] GC(217) Pause Young (Normal) (G1 Evacuation Pause)
[2021-05-29T14:52:56.950-0800][gc,task     ] GC(217) Using 10 workers of 10 for evacuation
[2021-05-29T14:52:56.951-0800][gc,phases   ] GC(217)   Pre Evacuate Collection Set: 0.1ms
[2021-05-29T14:52:56.952-0800][gc,phases   ] GC(217)   Merge Heap Roots: 0.1ms
[2021-05-29T14:52:56.952-0800][gc,phases   ] GC(217)   Evacuate Collection Set: 0.7ms
[2021-05-29T14:52:56.952-0800][gc,phases   ] GC(217)   Post Evacuate Collection Set: 0.9ms
[2021-05-29T14:52:56.952-0800][gc,phases   ] GC(217)   Other: 0.4ms
[2021-05-29T14:52:56.952-0800][gc,heap     ] GC(217) Eden regions: 255->0(255)
[2021-05-29T14:52:56.952-0800][gc,heap     ] GC(217) Survivor regions: 1->1(32)
[2021-05-29T14:52:56.952-0800][gc,heap     ] GC(217) Old regions: 45->45
[2021-05-29T14:52:56.952-0800][gc,heap     ] GC(217) Archive regions: 2->2
[2021-05-29T14:52:56.952-0800][gc,heap     ] GC(217) Humongous regions: 84->84
[2021-05-29T14:52:56.952-0800][gc,metaspace] GC(217) Metaspace: 70730K(72496K)->70730K(72496K) NonClass: 62702K(63664K)->62702K(63664K) Class: 8027K(8832K)->8027K(8832K)
[2021-05-29T14:52:56.952-0800][gc          ] GC(217) Pause Young (Normal) (G1 Evacuation Pause) 384M->129M(512M) 2.839ms
[2021-05-29T14:52:56.952-0800][gc,cpu      ] GC(217) User=0.00s Sys=0.00s Real=0.01s
[2021-05-29T14:55:06.880-0800][gc,start    ] GC(218) Pause Young (Normal) (G1 Evacuation Pause)
[2021-05-29T14:55:06.880-0800][gc,task     ] GC(218) Using 10 workers of 10 for evacuation
[2021-05-29T14:55:06.885-0800][gc,phases   ] GC(218)   Pre Evacuate Collection Set: 0.2ms
[2021-05-29T14:55:06.885-0800][gc,phases   ] GC(218)   Merge Heap Roots: 0.1ms
[2021-05-29T14:55:06.885-0800][gc,phases   ] GC(218)   Evacuate Collection Set: 3.1ms
[2021-05-29T14:55:06.885-0800][gc,phases   ] GC(218)   Post Evacuate Collection Set: 1.6ms
[2021-05-29T14:55:06.886-0800][gc,phases   ] GC(218)   Other: 1.0ms
[2021-05-29T14:55:06.886-0800][gc,heap     ] GC(218) Eden regions: 255->0(255)
[2021-05-29T14:55:06.886-0800][gc,heap     ] GC(218) Survivor regions: 1->1(32)
[2021-05-29T14:55:06.886-0800][gc,heap     ] GC(218) Old regions: 45->45
[2021-05-29T14:55:06.886-0800][gc,heap     ] GC(218) Archive regions: 2->2
[2021-05-29T14:55:06.886-0800][gc,heap     ] GC(218) Humongous regions: 84->84
[2021-05-29T14:55:06.886-0800][gc,metaspace] GC(218) Metaspace: 70730K(72496K)->70730K(72496K) NonClass: 62702K(63664K)->62702K(63664K) Class: 8027K(8832K)->8027K(8832K)
[2021-05-29T14:55:06.886-0800][gc          ] GC(218) Pause Young (Normal) (G1 Evacuation Pause) 384M->130M(512M) 6.071ms
[2021-05-29T14:55:06.886-0800][gc,cpu      ] GC(218) User=0.01s Sys=0.00s Real=0.00s
[2021-05-29T14:57:16.751-0800][gc,start    ] GC(219) Pause Young (Normal) (G1 Evacuation Pause)
[2021-05-29T14:57:16.752-0800][gc,task     ] GC(219) Using 10 workers of 10 for evacuation
[2021-05-29T14:57:16.755-0800][gc,phases   ] GC(219)   Pre Evacuate Collection Set: 0.2ms
[2021-05-29T14:57:16.755-0800][gc,phases   ] GC(219)   Merge Heap Roots: 0.1ms
[2021-05-29T14:57:16.755-0800][gc,phases   ] GC(219)   Evacuate Collection Set: 1.8ms
[2021-05-29T14:57:16.755-0800][gc,phases   ] GC(219)   Post Evacuate Collection Set: 0.4ms
[2021-05-29T14:57:16.755-0800][gc,phases   ] GC(219)   Other: 0.9ms
[2021-05-29T14:57:16.755-0800][gc,heap     ] GC(219) Eden regions: 255->0(255)
[2021-05-29T14:57:16.755-0800][gc,heap     ] GC(219) Survivor regions: 1->1(32)
[2021-05-29T14:57:16.755-0800][gc,heap     ] GC(219) Old regions: 45->45
[2021-05-29T14:57:16.755-0800][gc,heap     ] GC(219) Archive regions: 2->2
[2021-05-29T14:57:16.755-0800][gc,heap     ] GC(219) Humongous regions: 84->84
[2021-05-29T14:57:16.755-0800][gc,metaspace] GC(219) Metaspace: 70730K(72496K)->70730K(72496K) NonClass: 62702K(63664K)->62702K(63664K) Class: 8027K(8832K)->8027K(8832K)
[2021-05-29T14:57:16.755-0800][gc          ] GC(219) Pause Young (Normal) (G1 Evacuation Pause) 385M->130M(512M) 4.001ms
[2021-05-29T14:57:16.755-0800][gc,cpu      ] GC(219) User=0.01s Sys=0.00s Real=0.00s
[2021-05-29T14:59:26.700-0800][gc,start    ] GC(220) Pause Young (Normal) (G1 Evacuation Pause)
[2021-05-29T14:59:26.701-0800][gc,task     ] GC(220) Using 10 workers of 10 for evacuation
[2021-05-29T14:59:26.706-0800][gc,phases   ] GC(220)   Pre Evacuate Collection Set: 0.4ms
[2021-05-29T14:59:26.706-0800][gc,phases   ] GC(220)   Merge Heap Roots: 0.2ms
[2021-05-29T14:59:26.706-0800][gc,phases   ] GC(220)   Evacuate Collection Set: 3.8ms
[2021-05-29T14:59:26.706-0800][gc,phases   ] GC(220)   Post Evacuate Collection Set: 0.6ms
[2021-05-29T14:59:26.706-0800][gc,phases   ] GC(220)   Other: 1.6ms
[2021-05-29T14:59:26.706-0800][gc,heap     ] GC(220) Eden regions: 255->0(255)
[2021-05-29T14:59:26.706-0800][gc,heap     ] GC(220) Survivor regions: 1->1(32)
[2021-05-29T14:59:26.706-0800][gc,heap     ] GC(220) Old regions: 45->45
[2021-05-29T14:59:26.706-0800][gc,heap     ] GC(220) Archive regions: 2->2
[2021-05-29T14:59:26.706-0800][gc,heap     ] GC(220) Humongous regions: 84->84
[2021-05-29T14:59:26.706-0800][gc,metaspace] GC(220) Metaspace: 70730K(72496K)->70730K(72496K) NonClass: 62702K(63664K)->62702K(63664K) Class: 8027K(8832K)->8027K(8832K)
[2021-05-29T14:59:26.706-0800][gc          ] GC(220) Pause Young (Normal) (G1 Evacuation Pause) 385M->130M(512M) 6.687ms
[2021-05-29T14:59:26.707-0800][gc,cpu      ] GC(220) User=0.01s Sys=0.00s Real=0.00s
[2021-05-29T15:01:36.706-0800][gc,start    ] GC(221) Pause Young (Normal) (G1 Evacuation Pause)
[2021-05-29T15:01:36.706-0800][gc,task     ] GC(221) Using 10 workers of 10 for evacuation
[2021-05-29T15:01:36.710-0800][gc,phases   ] GC(221)   Pre Evacuate Collection Set: 0.2ms
[2021-05-29T15:01:36.710-0800][gc,phases   ] GC(221)   Merge Heap Roots: 0.1ms
[2021-05-29T15:01:36.710-0800][gc,phases   ] GC(221)   Evacuate Collection Set: 1.7ms
[2021-05-29T15:01:36.710-0800][gc,phases   ] GC(221)   Post Evacuate Collection Set: 0.3ms
[2021-05-29T15:01:36.710-0800][gc,phases   ] GC(221)   Other: 1.8ms
[2021-05-29T15:01:36.710-0800][gc,heap     ] GC(221) Eden regions: 255->0(255)
[2021-05-29T15:01:36.710-0800][gc,heap     ] GC(221) Survivor regions: 1->1(32)
[2021-05-29T15:01:36.710-0800][gc,heap     ] GC(221) Old regions: 45->45
[2021-05-29T15:01:36.710-0800][gc,heap     ] GC(221) Archive regions: 2->2
[2021-05-29T15:01:36.710-0800][gc,heap     ] GC(221) Humongous regions: 84->84
[2021-05-29T15:01:36.710-0800][gc,metaspace] GC(221) Metaspace: 70734K(72496K)->70734K(72496K) NonClass: 62707K(63664K)->62707K(63664K) Class: 8027K(8832K)->8027K(8832K)
[2021-05-29T15:01:36.710-0800][gc          ] GC(221) Pause Young (Normal) (G1 Evacuation Pause) 385M->130M(512M) 3.794ms
[2021-05-29T15:01:36.710-0800][gc,cpu      ] GC(221) User=0.00s Sys=0.00s Real=0.01s
[2021-05-29T15:03:46.768-0800][gc,start    ] GC(222) Pause Young (Normal) (G1 Evacuation Pause)
[2021-05-29T15:03:46.769-0800][gc,task     ] GC(222) Using 10 workers of 10 for evacuation
[2021-05-29T15:03:46.771-0800][gc,phases   ] GC(222)   Pre Evacuate Collection Set: 0.2ms
[2021-05-29T15:03:46.771-0800][gc,phases   ] GC(222)   Merge Heap Roots: 0.1ms
[2021-05-29T15:03:46.771-0800][gc,phases   ] GC(222)   Evacuate Collection Set: 1.6ms
[2021-05-29T15:03:46.771-0800][gc,phases   ] GC(222)   Post Evacuate Collection Set: 0.5ms
[2021-05-29T15:03:46.772-0800][gc,phases   ] GC(222)   Other: 0.7ms
[2021-05-29T15:03:46.772-0800][gc,heap     ] GC(222) Eden regions: 255->0(255)
[2021-05-29T15:03:46.772-0800][gc,heap     ] GC(222) Survivor regions: 1->1(32)
[2021-05-29T15:03:46.772-0800][gc,heap     ] GC(222) Old regions: 45->45
[2021-05-29T15:03:46.772-0800][gc,heap     ] GC(222) Archive regions: 2->2
[2021-05-29T15:03:46.772-0800][gc,heap     ] GC(222) Humongous regions: 84->84
[2021-05-29T15:03:46.772-0800][gc,metaspace] GC(222) Metaspace: 70734K(72496K)->70734K(72496K) NonClass: 62707K(63664K)->62707K(63664K) Class: 8027K(8832K)->8027K(8832K)
[2021-05-29T15:03:46.772-0800][gc          ] GC(222) Pause Young (Normal) (G1 Evacuation Pause) 385M->130M(512M) 3.481ms
[2021-05-29T15:03:46.772-0800][gc,cpu      ] GC(222) User=0.01s Sys=0.00s Real=0.01s
[2021-05-29T15:05:56.825-0800][gc,start    ] GC(223) Pause Young (Normal) (G1 Evacuation Pause)
[2021-05-29T15:05:56.826-0800][gc,task     ] GC(223) Using 10 workers of 10 for evacuation
[2021-05-29T15:05:56.829-0800][gc,phases   ] GC(223)   Pre Evacuate Collection Set: 0.1ms
[2021-05-29T15:05:56.829-0800][gc,phases   ] GC(223)   Merge Heap Roots: 0.1ms
[2021-05-29T15:05:56.829-0800][gc,phases   ] GC(223)   Evacuate Collection Set: 2.1ms
[2021-05-29T15:05:56.829-0800][gc,phases   ] GC(223)   Post Evacuate Collection Set: 0.5ms
[2021-05-29T15:05:56.829-0800][gc,phases   ] GC(223)   Other: 0.9ms
[2021-05-29T15:05:56.829-0800][gc,heap     ] GC(223) Eden regions: 255->0(255)
[2021-05-29T15:05:56.829-0800][gc,heap     ] GC(223) Survivor regions: 1->1(32)
[2021-05-29T15:05:56.829-0800][gc,heap     ] GC(223) Old regions: 45->45
[2021-05-29T15:05:56.829-0800][gc,heap     ] GC(223) Archive regions: 2->2
[2021-05-29T15:05:56.829-0800][gc,heap     ] GC(223) Humongous regions: 84->84
[2021-05-29T15:05:56.829-0800][gc,metaspace] GC(223) Metaspace: 70734K(72496K)->70734K(72496K) NonClass: 62707K(63664K)->62707K(63664K) Class: 8027K(8832K)->8027K(8832K)
[2021-05-29T15:05:56.829-0800][gc          ] GC(223) Pause Young (Normal) (G1 Evacuation Pause) 385M->130M(512M) 3.939ms
[2021-05-29T15:05:56.829-0800][gc,cpu      ] GC(223) User=0.00s Sys=0.01s Real=0.00s
[2021-05-29T15:08:03.226-0800][gc,start    ] GC(224) Pause Young (Normal) (G1 Evacuation Pause)
[2021-05-29T15:08:03.227-0800][gc,task     ] GC(224) Using 10 workers of 10 for evacuation
[2021-05-29T15:08:03.231-0800][gc,phases   ] GC(224)   Pre Evacuate Collection Set: 0.2ms
