[2021-05-29T15:08:03.238-0800][gc,phases   ] GC(224)   Merge Heap Roots: 0.1ms
[2021-05-29T15:08:03.238-0800][gc,phases   ] GC(224)   Evacuate Collection Set: 3.7ms
[2021-05-29T15:08:03.238-0800][gc,phases   ] GC(224)   Post Evacuate Collection Set: 0.4ms
[2021-05-29T15:08:03.238-0800][gc,phases   ] GC(224)   Other: 1.0ms
[2021-05-29T15:08:03.238-0800][gc,heap     ] GC(224) Eden regions: 255->0(255)
[2021-05-29T15:08:03.238-0800][gc,heap     ] GC(224) Survivor regions: 1->1(32)
[2021-05-29T15:08:03.238-0800][gc,heap     ] GC(224) Old regions: 45->45
[2021-05-29T15:08:03.238-0800][gc,heap     ] GC(224) Archive regions: 2->2
[2021-05-29T15:08:03.238-0800][gc,heap     ] GC(224) Humongous regions: 84->84
[2021-05-29T15:08:03.238-0800][gc,metaspace] GC(224) Metaspace: 70734K(72496K)->70734K(72496K) NonClass: 62707K(63664K)->62707K(63664K) Class: 8027K(8832K)->8027K(8832K)
[2021-05-29T15:08:03.238-0800][gc          ] GC(224) Pause Young (Normal) (G1 Evacuation Pause) 385M->130M(512M) 11.529ms
[2021-05-29T15:08:03.238-0800][gc,cpu      ] GC(224) User=0.01s Sys=0.00s Real=0.01s
[2021-05-29T15:10:08.271-0800][gc,start    ] GC(225) Pause Young (Normal) (G1 Evacuation Pause)
[2021-05-29T15:10:08.272-0800][gc,task     ] GC(225) Using 10 workers of 10 for evacuation
[2021-05-29T15:10:08.276-0800][gc,phases   ] GC(225)   Pre Evacuate Collection Set: 0.7ms
[2021-05-29T15:10:08.276-0800][gc,phases   ] GC(225)   Merge Heap Roots: 0.1ms
[2021-05-29T15:10:08.276-0800][gc,phases   ] GC(225)   Evacuate Collection Set: 2.2ms
[2021-05-29T15:10:08.276-0800][gc,phases   ] GC(225)   Post Evacuate Collection Set: 0.3ms
[2021-05-29T15:10:08.276-0800][gc,phases   ] GC(225)   Other: 1.6ms
[2021-05-29T15:10:08.276-0800][gc,heap     ] GC(225) Eden regions: 255->0(255)
[2021-05-29T15:10:08.276-0800][gc,heap     ] GC(225) Survivor regions: 1->1(32)
[2021-05-29T15:10:08.276-0800][gc,heap     ] GC(225) Old regions: 45->45
[2021-05-29T15:10:08.276-0800][gc,heap     ] GC(225) Archive regions: 2->2
[2021-05-29T15:10:08.276-0800][gc,heap     ] GC(225) Humongous regions: 84->84
[2021-05-29T15:10:08.276-0800][gc,metaspace] GC(225) Metaspace: 70737K(72496K)->70737K(72496K) NonClass: 62708K(63664K)->62708K(63664K) Class: 8028K(8832K)->8028K(8832K)
[2021-05-29T15:10:08.276-0800][gc          ] GC(225) Pause Young (Normal) (G1 Evacuation Pause) 385M->130M(512M) 5.110ms
[2021-05-29T15:10:08.276-0800][gc,cpu      ] GC(225) User=0.01s Sys=0.01s Real=0.00s
[2021-05-29T15:12:17.719-0800][gc,start    ] GC(226) Pause Young (Normal) (G1 Evacuation Pause)
[2021-05-29T15:12:17.719-0800][gc,task     ] GC(226) Using 10 workers of 10 for evacuation
[2021-05-29T15:12:17.721-0800][gc,phases   ] GC(226)   Pre Evacuate Collection Set: 0.2ms
[2021-05-29T15:12:17.722-0800][gc,phases   ] GC(226)   Merge Heap Roots: 0.1ms
[2021-05-29T15:12:17.722-0800][gc,phases   ] GC(226)   Evacuate Collection Set: 1.1ms
[2021-05-29T15:12:17.722-0800][gc,phases   ] GC(226)   Post Evacuate Collection Set: 0.5ms
[2021-05-29T15:12:17.722-0800][gc,phases   ] GC(226)   Other: 0.8ms
[2021-05-29T15:12:17.722-0800][gc,heap     ] GC(226) Eden regions: 255->0(255)
[2021-05-29T15:12:17.722-0800][gc,heap     ] GC(226) Survivor regions: 1->1(32)
[2021-05-29T15:12:17.722-0800][gc,heap     ] GC(226) Old regions: 45->45
[2021-05-29T15:12:17.722-0800][gc,heap     ] GC(226) Archive regions: 2->2
[2021-05-29T15:12:17.722-0800][gc,heap     ] GC(226) Humongous regions: 84->84
[2021-05-29T15:12:17.722-0800][gc,metaspace] GC(226) Metaspace: 70738K(72496K)->70738K(72496K) NonClass: 62709K(63664K)->62709K(63664K) Class: 8028K(8832K)->8028K(8832K)
[2021-05-29T15:12:17.722-0800][gc          ] GC(226) Pause Young (Normal) (G1 Evacuation Pause) 385M->130M(512M) 2.991ms
[2021-05-29T15:12:17.722-0800][gc,cpu      ] GC(226) User=0.01s Sys=0.00s Real=0.01s
[2021-05-29T15:14:27.521-0800][gc,start    ] GC(227) Pause Young (Normal) (G1 Evacuation Pause)
[2021-05-29T15:14:27.521-0800][gc,task     ] GC(227) Using 10 workers of 10 for evacuation
[2021-05-29T15:14:27.524-0800][gc,phases   ] GC(227)   Pre Evacuate Collection Set: 0.2ms
[2021-05-29T15:14:27.525-0800][gc,phases   ] GC(227)   Merge Heap Roots: 0.1ms
[2021-05-29T15:14:27.525-0800][gc,phases   ] GC(227)   Evacuate Collection Set: 2.4ms
[2021-05-29T15:14:27.525-0800][gc,phases   ] GC(227)   Post Evacuate Collection Set: 0.4ms
[2021-05-29T15:14:27.525-0800][gc,phases   ] GC(227)   Other: 0.6ms
[2021-05-29T15:14:27.525-0800][gc,heap     ] GC(227) Eden regions: 255->0(255)
[2021-05-29T15:14:27.525-0800][gc,heap     ] GC(227) Survivor regions: 1->1(32)
[2021-05-29T15:14:27.525-0800][gc,heap     ] GC(227) Old regions: 45->45
[2021-05-29T15:14:27.525-0800][gc,heap     ] GC(227) Archive regions: 2->2
[2021-05-29T15:14:27.525-0800][gc,heap     ] GC(227) Humongous regions: 84->84
[2021-05-29T15:14:27.525-0800][gc,metaspace] GC(227) Metaspace: 70738K(72496K)->70738K(72496K) NonClass: 62709K(63664K)->62709K(63664K) Class: 8028K(8832K)->8028K(8832K)
[2021-05-29T15:14:27.525-0800][gc          ] GC(227) Pause Young (Normal) (G1 Evacuation Pause) 385M->130M(512M) 3.790ms
[2021-05-29T15:14:27.525-0800][gc,cpu      ] GC(227) User=0.01s Sys=0.00s Real=0.00s
[2021-05-29T15:16:37.503-0800][gc,start    ] GC(228) Pause Young (Normal) (G1 Evacuation Pause)
[2021-05-29T15:16:37.503-0800][gc,task     ] GC(228) Using 10 workers of 10 for evacuation
[2021-05-29T15:16:37.506-0800][gc,phases   ] GC(228)   Pre Evacuate Collection Set: 0.2ms
[2021-05-29T15:16:37.506-0800][gc,phases   ] GC(228)   Merge Heap Roots: 0.1ms
[2021-05-29T15:16:37.506-0800][gc,phases   ] GC(228)   Evacuate Collection Set: 1.8ms
[2021-05-29T15:16:37.506-0800][gc,phases   ] GC(228)   Post Evacuate Collection Set: 0.4ms
[2021-05-29T15:16:37.506-0800][gc,phases   ] GC(228)   Other: 0.5ms
[2021-05-29T15:16:37.506-0800][gc,heap     ] GC(228) Eden regions: 255->0(255)
[2021-05-29T15:16:37.506-0800][gc,heap     ] GC(228) Survivor regions: 1->1(32)
[2021-05-29T15:16:37.506-0800][gc,heap     ] GC(228) Old regions: 45->45
[2021-05-29T15:16:37.506-0800][gc,heap     ] GC(228) Archive regions: 2->2
[2021-05-29T15:16:37.506-0800][gc,heap     ] GC(228) Humongous regions: 84->84
[2021-05-29T15:16:37.506-0800][gc,metaspace] GC(228) Metaspace: 70738K(72496K)->70738K(72496K) NonClass: 62709K(63664K)->62709K(63664K) Class: 8028K(8832K)->8028K(8832K)
[2021-05-29T15:16:37.506-0800][gc          ] GC(228) Pause Young (Normal) (G1 Evacuation Pause) 385M->130M(512M) 3.072ms
[2021-05-29T15:16:37.506-0800][gc,cpu      ] GC(228) User=0.01s Sys=0.00s Real=0.00s
[2021-05-29T15:18:47.366-0800][gc,start    ] GC(229) Pause Young (Normal) (G1 Evacuation Pause)
[2021-05-29T15:18:47.367-0800][gc,task     ] GC(229) Using 10 workers of 10 for evacuation
[2021-05-29T15:18:47.372-0800][gc,phases   ] GC(229)   Pre Evacuate Collection Set: 0.2ms
[2021-05-29T15:18:47.372-0800][gc,phases   ] GC(229)   Merge Heap Roots: 0.1ms
[2021-05-29T15:18:47.372-0800][gc,phases   ] GC(229)   Evacuate Collection Set: 4.0ms
[2021-05-29T15:18:47.372-0800][gc,phases   ] GC(229)   Post Evacuate Collection Set: 0.5ms
[2021-05-29T15:18:47.372-0800][gc,phases   ] GC(229)   Other: 0.6ms
[2021-05-29T15:18:47.372-0800][gc,heap     ] GC(229) Eden regions: 255->0(255)
[2021-05-29T15:18:47.372-0800][gc,heap     ] GC(229) Survivor regions: 1->1(32)
[2021-05-29T15:18:47.372-0800][gc,heap     ] GC(229) Old regions: 45->45
[2021-05-29T15:18:47.372-0800][gc,heap     ] GC(229) Archive regions: 2->2
[2021-05-29T15:18:47.372-0800][gc,heap     ] GC(229) Humongous regions: 84->84
[2021-05-29T15:18:47.372-0800][gc,metaspace] GC(229) Metaspace: 70739K(72496K)->70739K(72496K) NonClass: 62710K(63664K)->62710K(63664K) Class: 8028K(8832K)->8028K(8832K)
[2021-05-29T15:18:47.372-0800][gc          ] GC(229) Pause Young (Normal) (G1 Evacuation Pause) 385M->130M(512M) 5.744ms
[2021-05-29T15:18:47.372-0800][gc,cpu      ] GC(229) User=0.01s Sys=0.01s Real=0.01s
[2021-05-29T15:20:57.369-0800][gc,start    ] GC(230) Pause Young (Normal) (G1 Evacuation Pause)
[2021-05-29T15:20:57.369-0800][gc,task     ] GC(230) Using 10 workers of 10 for evacuation
[2021-05-29T15:20:57.372-0800][gc,phases   ] GC(230)   Pre Evacuate Collection Set: 0.7ms
[2021-05-29T15:20:57.372-0800][gc,phases   ] GC(230)   Merge Heap Roots: 0.1ms
[2021-05-29T15:20:57.373-0800][gc,phases   ] GC(230)   Evacuate Collection Set: 1.5ms
[2021-05-29T15:20:57.373-0800][gc,phases   ] GC(230)   Post Evacuate Collection Set: 0.4ms
[2021-05-29T15:20:57.373-0800][gc,phases   ] GC(230)   Other: 0.4ms
[2021-05-29T15:20:57.373-0800][gc,heap     ] GC(230) Eden regions: 255->0(255)
[2021-05-29T15:20:57.373-0800][gc,heap     ] GC(230) Survivor regions: 1->1(32)
[2021-05-29T15:20:57.373-0800][gc,heap     ] GC(230) Old regions: 45->45
[2021-05-29T15:20:57.373-0800][gc,heap     ] GC(230) Archive regions: 2->2
[2021-05-29T15:20:57.373-0800][gc,heap     ] GC(230) Humongous regions: 84->84
[2021-05-29T15:20:57.373-0800][gc,metaspace] GC(230) Metaspace: 70739K(72496K)->70739K(72496K) NonClass: 62710K(63664K)->62710K(63664K) Class: 8028K(8832K)->8028K(8832K)
[2021-05-29T15:20:57.373-0800][gc          ] GC(230) Pause Young (Normal) (G1 Evacuation Pause) 385M->130M(512M) 3.565ms
[2021-05-29T15:20:57.373-0800][gc,cpu      ] GC(230) User=0.01s Sys=0.00s Real=0.01s
[2021-05-29T15:23:03.643-0800][gc,start    ] GC(231) Pause Young (Normal) (G1 Evacuation Pause)
[2021-05-29T15:23:03.643-0800][gc,task     ] GC(231) Using 10 workers of 10 for evacuation
[2021-05-29T15:23:03.646-0800][gc,phases   ] GC(231)   Pre Evacuate Collection Set: 0.2ms
[2021-05-29T15:23:03.646-0800][gc,phases   ] GC(231)   Merge Heap Roots: 0.1ms
[2021-05-29T15:23:03.646-0800][gc,phases   ] GC(231)   Evacuate Collection Set: 1.5ms
[2021-05-29T15:23:03.646-0800][gc,phases   ] GC(231)   Post Evacuate Collection Set: 0.4ms
[2021-05-29T15:23:03.646-0800][gc,phases   ] GC(231)   Other: 0.9ms
[2021-05-29T15:23:03.646-0800][gc,heap     ] GC(231) Eden regions: 255->0(255)
[2021-05-29T15:23:03.646-0800][gc,heap     ] GC(231) Survivor regions: 1->1(32)
[2021-05-29T15:23:03.646-0800][gc,heap     ] GC(231) Old regions: 45->45
[2021-05-29T15:23:03.646-0800][gc,heap     ] GC(231) Archive regions: 2->2
[2021-05-29T15:23:03.646-0800][gc,heap     ] GC(231) Humongous regions: 84->84
[2021-05-29T15:23:03.646-0800][gc,metaspace] GC(231) Metaspace: 70739K(72496K)->70739K(72496K) NonClass: 62710K(63664K)->62710K(63664K) Class: 8028K(8832K)->8028K(8832K)
[2021-05-29T15:23:03.646-0800][gc          ] GC(231) Pause Young (Normal) (G1 Evacuation Pause) 385M->130M(512M) 3.134ms
[2021-05-29T15:23:03.646-0800][gc,cpu      ] GC(231) User=0.00s Sys=0.00s Real=0.00s
[2021-05-29T15:25:10.329-0800][gc,start    ] GC(232) Pause Young (Normal) (G1 Evacuation Pause)
[2021-05-29T15:25:10.330-0800][gc,task     ] GC(232) Using 10 workers of 10 for evacuation
[2021-05-29T15:25:10.334-0800][gc,phases   ] GC(232)   Pre Evacuate Collection Set: 0.3ms
[2021-05-29T15:25:10.334-0800][gc,phases   ] GC(232)   Merge Heap Roots: 0.1ms
[2021-05-29T15:25:10.334-0800][gc,phases   ] GC(232)   Evacuate Collection Set: 1.6ms
[2021-05-29T15:25:10.334-0800][gc,phases   ] GC(232)   Post Evacuate Collection Set: 0.6ms
[2021-05-29T15:25:10.334-0800][gc,phases   ] GC(232)   Other: 2.1ms
[2021-05-29T15:25:10.334-0800][gc,heap     ] GC(232) Eden regions: 255->0(255)
[2021-05-29T15:25:10.334-0800][gc,heap     ] GC(232) Survivor regions: 1->1(32)
[2021-05-29T15:25:10.334-0800][gc,heap     ] GC(232) Old regions: 45->45
[2021-05-29T15:25:10.334-0800][gc,heap     ] GC(232) Archive regions: 2->2
[2021-05-29T15:25:10.334-0800][gc,heap     ] GC(232) Humongous regions: 84->84
[2021-05-29T15:25:10.334-0800][gc,metaspace] GC(232) Metaspace: 70739K(72496K)->70739K(72496K) NonClass: 62710K(63664K)->62710K(63664K) Class: 8028K(8832K)->8028K(8832K)
[2021-05-29T15:25:10.334-0800][gc          ] GC(232) Pause Young (Normal) (G1 Evacuation Pause) 385M->130M(512M) 4.888ms
[2021-05-29T15:25:10.334-0800][gc,cpu      ] GC(232) User=0.01s Sys=0.00s Real=0.01s
[2021-05-29T15:27:18.763-0800][gc,start    ] GC(233) Pause Young (Normal) (G1 Evacuation Pause)
[2021-05-29T15:27:18.764-0800][gc,task     ] GC(233) Using 10 workers of 10 for evacuation
[2021-05-29T15:27:18.767-0800][gc,phases   ] GC(233)   Pre Evacuate Collection Set: 0.2ms
[2021-05-29T15:27:18.767-0800][gc,phases   ] GC(233)   Merge Heap Roots: 0.1ms
[2021-05-29T15:27:18.767-0800][gc,phases   ] GC(233)   Evacuate Collection Set: 1.3ms
[2021-05-29T15:27:18.767-0800][gc,phases   ] GC(233)   Post Evacuate Collection Set: 1.4ms
[2021-05-29T15:27:18.768-0800][gc,phases   ] GC(233)   Other: 1.1ms
[2021-05-29T15:27:18.768-0800][gc,heap     ] GC(233) Eden regions: 255->0(255)
[2021-05-29T15:27:18.768-0800][gc,heap     ] GC(233) Survivor regions: 1->1(32)
[2021-05-29T15:27:18.768-0800][gc,heap     ] GC(233) Old regions: 45->45
[2021-05-29T15:27:18.768-0800][gc,heap     ] GC(233) Archive regions: 2->2
[2021-05-29T15:27:18.768-0800][gc,heap     ] GC(233) Humongous regions: 84->84
[2021-05-29T15:27:18.768-0800][gc,metaspace] GC(233) Metaspace: 70739K(72496K)->70739K(72496K) NonClass: 62710K(63664K)->62710K(63664K) Class: 8028K(8832K)->8028K(8832K)
[2021-05-29T15:27:18.768-0800][gc          ] GC(233) Pause Young (Normal) (G1 Evacuation Pause) 385M->130M(512M) 4.577ms
[2021-05-29T15:27:18.768-0800][gc,cpu      ] GC(233) User=0.01s Sys=0.00s Real=0.00s
[2021-05-29T15:29:28.314-0800][gc,start    ] GC(234) Pause Young (Normal) (G1 Evacuation Pause)
[2021-05-29T15:29:28.315-0800][gc,task     ] GC(234) Using 10 workers of 10 for evacuation
[2021-05-29T15:29:28.318-0800][gc,phases   ] GC(234)   Pre Evacuate Collection Set: 0.1ms
[2021-05-29T15:29:28.318-0800][gc,phases   ] GC(234)   Merge Heap Roots: 0.1ms
[2021-05-29T15:29:28.318-0800][gc,phases   ] GC(234)   Evacuate Collection Set: 2.6ms
[2021-05-29T15:29:28.318-0800][gc,phases   ] GC(234)   Post Evacuate Collection Set: 0.3ms
[2021-05-29T15:29:28.318-0800][gc,phases   ] GC(234)   Other: 0.7ms
[2021-05-29T15:29:28.318-0800][gc,heap     ] GC(234) Eden regions: 255->0(255)
[2021-05-29T15:29:28.318-0800][gc,heap     ] GC(234) Survivor regions: 1->1(32)
[2021-05-29T15:29:28.318-0800][gc,heap     ] GC(234) Old regions: 45->45
[2021-05-29T15:29:28.318-0800][gc,heap     ] GC(234) Archive regions: 2->2
[2021-05-29T15:29:28.318-0800][gc,heap     ] GC(234) Humongous regions: 84->84
[2021-05-29T15:29:28.318-0800][gc,metaspace] GC(234) Metaspace: 70739K(72496K)->70739K(72496K) NonClass: 62710K(63664K)->62710K(63664K) Class: 8028K(8832K)->8028K(8832K)
[2021-05-29T15:29:28.318-0800][gc          ] GC(234) Pause Young (Normal) (G1 Evacuation Pause) 385M->130M(512M) 3.983ms
[2021-05-29T15:29:28.318-0800][gc,cpu      ] GC(234) User=0.01s Sys=0.00s Real=0.00s
[2021-05-29T15:31:38.519-0800][gc,start    ] GC(235) Pause Young (Normal) (G1 Evacuation Pause)
[2021-05-29T15:31:38.520-0800][gc,task     ] GC(235) Using 10 workers of 10 for evacuation
[2021-05-29T15:31:38.526-0800][gc,phases   ] GC(235)   Pre Evacuate Collection Set: 0.2ms
[2021-05-29T15:31:38.526-0800][gc,phases   ] GC(235)   Merge Heap Roots: 0.1ms
[2021-05-29T15:31:38.526-0800][gc,phases   ] GC(235)   Evacuate Collection Set: 4.8ms
[2021-05-29T15:31:38.526-0800][gc,phases   ] GC(235)   Post Evacuate Collection Set: 0.4ms
[2021-05-29T15:31:38.526-0800][gc,phases   ] GC(235)   Other: 0.9ms
[2021-05-29T15:31:38.526-0800][gc,heap     ] GC(235) Eden regions: 255->0(255)
[2021-05-29T15:31:38.526-0800][gc,heap     ] GC(235) Survivor regions: 1->1(32)
[2021-05-29T15:31:38.526-0800][gc,heap     ] GC(235) Old regions: 45->45
[2021-05-29T15:31:38.526-0800][gc,heap     ] GC(235) Archive regions: 2->2
[2021-05-29T15:31:38.526-0800][gc,heap     ] GC(235) Humongous regions: 84->84
[2021-05-29T15:31:38.526-0800][gc,metaspace] GC(235) Metaspace: 70740K(72496K)->70740K(72496K) NonClass: 62711K(63664K)->62711K(63664K) Class: 8028K(8832K)->8028K(8832K)
[2021-05-29T15:31:38.526-0800][gc          ] GC(235) Pause Young (Normal) (G1 Evacuation Pause) 385M->130M(512M) 6.513ms
[2021-05-29T15:31:38.526-0800][gc,cpu      ] GC(235) User=0.01s Sys=0.01s Real=0.01s
[2021-05-29T15:33:48.482-0800][gc,start    ] GC(236) Pause Young (Normal) (G1 Evacuation Pause)
[2021-05-29T15:33:48.482-0800][gc,task     ] GC(236) Using 10 workers of 10 for evacuation
[2021-05-29T15:33:48.486-0800][gc,phases   ] GC(236)   Pre Evacuate Collection Set: 0.2ms
[2021-05-29T15:33:48.486-0800][gc,phases   ] GC(236)   Merge Heap Roots: 0.1ms
[2021-05-29T15:33:48.487-0800][gc,phases   ] GC(236)   Evacuate Collection Set: 1.9ms
[2021-05-29T15:33:48.487-0800][gc,phases   ] GC(236)   Post Evacuate Collection Set: 0.4ms
[2021-05-29T15:33:48.487-0800][gc,phases   ] GC(236)   Other: 2.0ms
[2021-05-29T15:33:48.487-0800][gc,heap     ] GC(236) Eden regions: 255->0(255)
[2021-05-29T15:33:48.487-0800][gc,heap     ] GC(236) Survivor regions: 1->1(32)
[2021-05-29T15:33:48.487-0800][gc,heap     ] GC(236) Old regions: 45->45
[2021-05-29T15:33:48.487-0800][gc,heap     ] GC(236) Archive regions: 2->2
[2021-05-29T15:33:48.487-0800][gc,heap     ] GC(236) Humongous regions: 84->84
[2021-05-29T15:33:48.487-0800][gc,metaspace] GC(236) Metaspace: 70740K(72496K)->70740K(72496K) NonClass: 62711K(63664K)->62711K(63664K) Class: 8028K(8832K)->8028K(8832K)
[2021-05-29T15:33:48.487-0800][gc          ] GC(236) Pause Young (Normal) (G1 Evacuation Pause) 385M->130M(512M) 5.003ms
[2021-05-29T15:33:48.487-0800][gc,cpu      ] GC(236) User=0.01s Sys=0.00s Real=0.00s
[2021-05-29T15:35:58.472-0800][gc,start    ] GC(237) Pause Young (Normal) (G1 Evacuation Pause)
[2021-05-29T15:35:58.473-0800][gc,task     ] GC(237) Using 10 workers of 10 for evacuation
[2021-05-29T15:35:58.474-0800][gc,phases   ] GC(237)   Pre Evacuate Collection Set: 0.2ms
[2021-05-29T15:35:58.474-0800][gc,phases   ] GC(237)   Merge Heap Roots: 0.1ms
[2021-05-29T15:35:58.474-0800][gc,phases   ] GC(237)   Evacuate Collection Set: 0.9ms
[2021-05-29T15:35:58.474-0800][gc,phases   ] GC(237)   Post Evacuate Collection Set: 0.4ms
[2021-05-29T15:35:58.475-0800][gc,phases   ] GC(237)   Other: 1.2ms
[2021-05-29T15:35:58.475-0800][gc,heap     ] GC(237) Eden regions: 255->0(255)
[2021-05-29T15:35:58.475-0800][gc,heap     ] GC(237) Survivor regions: 1->1(32)
[2021-05-29T15:35:58.475-0800][gc,heap     ] GC(237) Old regions: 45->45
[2021-05-29T15:35:58.475-0800][gc,heap     ] GC(237) Archive regions: 2->2
[2021-05-29T15:35:58.475-0800][gc,heap     ] GC(237) Humongous regions: 84->84
[2021-05-29T15:35:58.475-0800][gc,metaspace] GC(237) Metaspace: 70740K(72496K)->70740K(72496K) NonClass: 62711K(63664K)->62711K(63664K) Class: 8028K(8832K)->8028K(8832K)
[2021-05-29T15:35:58.475-0800][gc          ] GC(237) Pause Young (Normal) (G1 Evacuation Pause) 385M->130M(512M) 3.072ms
[2021-05-29T15:35:58.475-0800][gc,cpu      ] GC(237) User=0.01s Sys=0.00s Real=0.00s
[2021-05-29T15:38:08.498-0800][gc,start    ] GC(238) Pause Young (Normal) (G1 Evacuation Pause)
[2021-05-29T15:38:08.499-0800][gc,task     ] GC(238) Using 10 workers of 10 for evacuation
[2021-05-29T15:38:08.501-0800][gc,phases   ] GC(238)   Pre Evacuate Collection Set: 0.2ms
[2021-05-29T15:38:08.501-0800][gc,phases   ] GC(238)   Merge Heap Roots: 0.1ms
[2021-05-29T15:38:08.501-0800][gc,phases   ] GC(238)   Evacuate Collection Set: 1.8ms
[2021-05-29T15:38:08.501-0800][gc,phases   ] GC(238)   Post Evacuate Collection Set: 0.3ms
[2021-05-29T15:38:08.501-0800][gc,phases   ] GC(238)   Other: 0.7ms
[2021-05-29T15:38:08.501-0800][gc,heap     ] GC(238) Eden regions: 255->0(255)
[2021-05-29T15:38:08.501-0800][gc,heap     ] GC(238) Survivor regions: 1->1(32)
[2021-05-29T15:38:08.501-0800][gc,heap     ] GC(238) Old regions: 45->45
[2021-05-29T15:38:08.501-0800][gc,heap     ] GC(238) Archive regions: 2->2
[2021-05-29T15:38:08.501-0800][gc,heap     ] GC(238) Humongous regions: 84->84
[2021-05-29T15:38:08.501-0800][gc,metaspace] GC(238) Metaspace: 70740K(72496K)->70740K(72496K) NonClass: 62711K(63664K)->62711K(63664K) Class: 8028K(8832K)->8028K(8832K)
[2021-05-29T15:38:08.501-0800][gc          ] GC(238) Pause Young (Normal) (G1 Evacuation Pause) 385M->130M(512M) 3.202ms
[2021-05-29T15:38:08.501-0800][gc,cpu      ] GC(238) User=0.00s Sys=0.01s Real=0.01s
[2021-05-29T15:40:18.561-0800][gc,start    ] GC(239) Pause Young (Normal) (G1 Evacuation Pause)
[2021-05-29T15:40:18.561-0800][gc,task     ] GC(239) Using 10 workers of 10 for evacuation
[2021-05-29T15:40:18.563-0800][gc,phases   ] GC(239)   Pre Evacuate Collection Set: 0.2ms
[2021-05-29T15:40:18.563-0800][gc,phases   ] GC(239)   Merge Heap Roots: 0.1ms
[2021-05-29T15:40:18.563-0800][gc,phases   ] GC(239)   Evacuate Collection Set: 1.0ms
[2021-05-29T15:40:18.563-0800][gc,phases   ] GC(239)   Post Evacuate Collection Set: 0.4ms
[2021-05-29T15:40:18.563-0800][gc,phases   ] GC(239)   Other: 0.6ms
[2021-05-29T15:40:18.563-0800][gc,heap     ] GC(239) Eden regions: 255->0(255)
[2021-05-29T15:40:18.563-0800][gc,heap     ] GC(239) Survivor regions: 1->1(32)
[2021-05-29T15:40:18.563-0800][gc,heap     ] GC(239) Old regions: 45->45
[2021-05-29T15:40:18.563-0800][gc,heap     ] GC(239) Archive regions: 2->2
[2021-05-29T15:40:18.563-0800][gc,heap     ] GC(239) Humongous regions: 84->84
[2021-05-29T15:40:18.563-0800][gc,metaspace] GC(239) Metaspace: 70740K(72496K)->70740K(72496K) NonClass: 62711K(63664K)->62711K(63664K) Class: 8028K(8832K)->8028K(8832K)
[2021-05-29T15:40:18.563-0800][gc          ] GC(239) Pause Young (Normal) (G1 Evacuation Pause) 385M->130M(512M) 2.502ms
[2021-05-29T15:40:18.563-0800][gc,cpu      ] GC(239) User=0.01s Sys=0.00s Real=0.00s
[2021-05-29T15:42:21.491-0800][gc,start    ] GC(240) Pause Young (Normal) (G1 Evacuation Pause)
[2021-05-29T15:42:21.492-0800][gc,task     ] GC(240) Using 10 workers of 10 for evacuation
[2021-05-29T15:42:21.495-0800][gc,phases   ] GC(240)   Pre Evacuate Collection Set: 0.2ms
[2021-05-29T15:42:21.495-0800][gc,phases   ] GC(240)   Merge Heap Roots: 0.1ms
[2021-05-29T15:42:21.495-0800][gc,phases   ] GC(240)   Evacuate Collection Set: 2.5ms
[2021-05-29T15:42:21.495-0800][gc,phases   ] GC(240)   Post Evacuate Collection Set: 0.4ms
[2021-05-29T15:42:21.496-0800][gc,phases   ] GC(240)   Other: 1.3ms
[2021-05-29T15:42:21.496-0800][gc,heap     ] GC(240) Eden regions: 255->0(255)
[2021-05-29T15:42:21.496-0800][gc,heap     ] GC(240) Survivor regions: 1->1(32)
[2021-05-29T15:42:21.496-0800][gc,heap     ] GC(240) Old regions: 45->45
[2021-05-29T15:42:21.496-0800][gc,heap     ] GC(240) Archive regions: 2->2
[2021-05-29T15:42:21.496-0800][gc,heap     ] GC(240) Humongous regions: 84->84
[2021-05-29T15:42:21.496-0800][gc,metaspace] GC(240) Metaspace: 70740K(72496K)->70740K(72496K) NonClass: 62711K(63664K)->62711K(63664K) Class: 8028K(8832K)->8028K(8832K)
[2021-05-29T15:42:21.496-0800][gc          ] GC(240) Pause Young (Normal) (G1 Evacuation Pause) 385M->130M(512M) 4.724ms
[2021-05-29T15:42:21.496-0800][gc,cpu      ] GC(240) User=0.01s Sys=0.00s Real=0.00s
[2021-05-29T15:44:29.785-0800][gc,start    ] GC(241) Pause Young (Normal) (G1 Evacuation Pause)
[2021-05-29T15:44:29.785-0800][gc,task     ] GC(241) Using 10 workers of 10 for evacuation
[2021-05-29T15:44:29.788-0800][gc,phases   ] GC(241)   Pre Evacuate Collection Set: 0.2ms
[2021-05-29T15:44:29.788-0800][gc,phases   ] GC(241)   Merge Heap Roots: 0.1ms
[2021-05-29T15:44:29.788-0800][gc,phases   ] GC(241)   Evacuate Collection Set: 2.3ms
[2021-05-29T15:44:29.788-0800][gc,phases   ] GC(241)   Post Evacuate Collection Set: 0.4ms
[2021-05-29T15:44:29.788-0800][gc,phases   ] GC(241)   Other: 0.8ms
[2021-05-29T15:44:29.788-0800][gc,heap     ] GC(241) Eden regions: 255->0(255)
[2021-05-29T15:44:29.788-0800][gc,heap     ] GC(241) Survivor regions: 1->1(32)
[2021-05-29T15:44:29.788-0800][gc,heap     ] GC(241) Old regions: 45->45
[2021-05-29T15:44:29.788-0800][gc,heap     ] GC(241) Archive regions: 2->2
[2021-05-29T15:44:29.788-0800][gc,heap     ] GC(241) Humongous regions: 84->84
[2021-05-29T15:44:29.788-0800][gc,metaspace] GC(241) Metaspace: 70740K(72496K)->70740K(72496K) NonClass: 62711K(63664K)->62711K(63664K) Class: 8028K(8832K)->8028K(8832K)
[2021-05-29T15:44:29.788-0800][gc          ] GC(241) Pause Young (Normal) (G1 Evacuation Pause) 385M->130M(512M) 3.892ms
[2021-05-29T15:44:29.788-0800][gc,cpu      ] GC(241) User=0.01s Sys=0.00s Real=0.00s
[2021-05-29T15:46:39.934-0800][gc,start    ] GC(242) Pause Young (Normal) (G1 Evacuation Pause)
[2021-05-29T15:46:39.934-0800][gc,task     ] GC(242) Using 10 workers of 10 for evacuation
[2021-05-29T15:46:39.936-0800][gc,phases   ] GC(242)   Pre Evacuate Collection Set: 0.2ms
[2021-05-29T15:46:39.936-0800][gc,phases   ] GC(242)   Merge Heap Roots: 0.1ms
[2021-05-29T15:46:39.936-0800][gc,phases   ] GC(242)   Evacuate Collection Set: 1.2ms
[2021-05-29T15:46:39.936-0800][gc,phases   ] GC(242)   Post Evacuate Collection Set: 0.3ms
[2021-05-29T15:46:39.936-0800][gc,phases   ] GC(242)   Other: 0.8ms
[2021-05-29T15:46:39.936-0800][gc,heap     ] GC(242) Eden regions: 255->0(255)
[2021-05-29T15:46:39.936-0800][gc,heap     ] GC(242) Survivor regions: 1->1(32)
[2021-05-29T15:46:39.936-0800][gc,heap     ] GC(242) Old regions: 45->45
[2021-05-29T15:46:39.936-0800][gc,heap     ] GC(242) Archive regions: 2->2
[2021-05-29T15:46:39.936-0800][gc,heap     ] GC(242) Humongous regions: 84->84
[2021-05-29T15:46:39.936-0800][gc,metaspace] GC(242) Metaspace: 70740K(72496K)->70740K(72496K) NonClass: 62711K(63664K)->62711K(63664K) Class: 8028K(8832K)->8028K(8832K)
[2021-05-29T15:46:39.936-0800][gc          ] GC(242) Pause Young (Normal) (G1 Evacuation Pause) 385M->130M(512M) 2.713ms
[2021-05-29T15:46:39.936-0800][gc,cpu      ] GC(242) User=0.01s Sys=0.00s Real=0.00s
[2021-05-29T15:48:49.868-0800][gc,start    ] GC(243) Pause Young (Normal) (G1 Evacuation Pause)
[2021-05-29T15:48:49.869-0800][gc,task     ] GC(243) Using 10 workers of 10 for evacuation
[2021-05-29T15:48:49.871-0800][gc,phases   ] GC(243)   Pre Evacuate Collection Set: 0.3ms
[2021-05-29T15:48:49.872-0800][gc,phases   ] GC(243)   Merge Heap Roots: 0.1ms
[2021-05-29T15:48:49.872-0800][gc,phases   ] GC(243)   Evacuate Collection Set: 1.4ms
[2021-05-29T15:48:49.872-0800][gc,phases   ] GC(243)   Post Evacuate Collection Set: 0.5ms
[2021-05-29T15:48:49.872-0800][gc,phases   ] GC(243)   Other: 1.7ms
[2021-05-29T15:48:49.872-0800][gc,heap     ] GC(243) Eden regions: 255->0(255)
[2021-05-29T15:48:49.872-0800][gc,heap     ] GC(243) Survivor regions: 1->1(32)
[2021-05-29T15:48:49.872-0800][gc,heap     ] GC(243) Old regions: 45->45
[2021-05-29T15:48:49.872-0800][gc,heap     ] GC(243) Archive regions: 2->2
[2021-05-29T15:48:49.872-0800][gc,heap     ] GC(243) Humongous regions: 84->84
[2021-05-29T15:48:49.872-0800][gc,metaspace] GC(243) Metaspace: 70740K(72496K)->70740K(72496K) NonClass: 62711K(63664K)->62711K(63664K) Class: 8028K(8832K)->8028K(8832K)
[2021-05-29T15:48:49.872-0800][gc          ] GC(243) Pause Young (Normal) (G1 Evacuation Pause) 385M->130M(512M) 4.098ms
[2021-05-29T15:48:49.872-0800][gc,cpu      ] GC(243) User=0.01s Sys=0.00s Real=0.01s
[2021-05-29T15:50:59.684-0800][gc,start    ] GC(244) Pause Young (Normal) (G1 Evacuation Pause)
[2021-05-29T15:50:59.684-0800][gc,task     ] GC(244) Using 10 workers of 10 for evacuation
[2021-05-29T15:50:59.690-0800][gc,phases   ] GC(244)   Pre Evacuate Collection Set: 0.1ms
[2021-05-29T15:50:59.690-0800][gc,phases   ] GC(244)   Merge Heap Roots: 0.1ms
[2021-05-29T15:50:59.690-0800][gc,phases   ] GC(244)   Evacuate Collection Set: 5.1ms
[2021-05-29T15:50:59.690-0800][gc,phases   ] GC(244)   Post Evacuate Collection Set: 0.4ms
[2021-05-29T15:50:59.690-0800][gc,phases   ] GC(244)   Other: 0.7ms
[2021-05-29T15:50:59.690-0800][gc,heap     ] GC(244) Eden regions: 255->0(255)
[2021-05-29T15:50:59.690-0800][gc,heap     ] GC(244) Survivor regions: 1->1(32)
[2021-05-29T15:50:59.690-0800][gc,heap     ] GC(244) Old regions: 45->45
[2021-05-29T15:50:59.690-0800][gc,heap     ] GC(244) Archive regions: 2->2
[2021-05-29T15:50:59.690-0800][gc,heap     ] GC(244) Humongous regions: 84->84
[2021-05-29T15:50:59.690-0800][gc,metaspace] GC(244) Metaspace: 70740K(72496K)->70740K(72496K) NonClass: 62711K(63664K)->62711K(63664K) Class: 8028K(8832K)->8028K(8832K)
[2021-05-29T15:50:59.690-0800][gc          ] GC(244) Pause Young (Normal) (G1 Evacuation Pause) 385M->130M(512M) 6.561ms
[2021-05-29T15:50:59.690-0800][gc,cpu      ] GC(244) User=0.01s Sys=0.01s Real=0.01s
[2021-05-29T15:53:09.554-0800][gc,start    ] GC(245) Pause Young (Normal) (G1 Evacuation Pause)
[2021-05-29T15:53:09.555-0800][gc,task     ] GC(245) Using 10 workers of 10 for evacuation
[2021-05-29T15:53:09.556-0800][gc,phases   ] GC(245)   Pre Evacuate Collection Set: 0.2ms
[2021-05-29T15:53:09.556-0800][gc,phases   ] GC(245)   Merge Heap Roots: 0.1ms
[2021-05-29T15:53:09.557-0800][gc,phases   ] GC(245)   Evacuate Collection Set: 0.8ms
[2021-05-29T15:53:09.557-0800][gc,phases   ] GC(245)   Post Evacuate Collection Set: 0.4ms
[2021-05-29T15:53:09.557-0800][gc,phases   ] GC(245)   Other: 0.8ms
[2021-05-29T15:53:09.557-0800][gc,heap     ] GC(245) Eden regions: 255->0(255)
[2021-05-29T15:53:09.557-0800][gc,heap     ] GC(245) Survivor regions: 1->1(32)
[2021-05-29T15:53:09.557-0800][gc,heap     ] GC(245) Old regions: 45->45
[2021-05-29T15:53:09.557-0800][gc,heap     ] GC(245) Archive regions: 2->2
[2021-05-29T15:53:09.557-0800][gc,heap     ] GC(245) Humongous regions: 84->84
[2021-05-29T15:53:09.557-0800][gc,metaspace] GC(245) Metaspace: 70740K(72496K)->70740K(72496K) NonClass: 62711K(63664K)->62711K(63664K) Class: 8028K(8832K)->8028K(8832K)
[2021-05-29T15:53:09.557-0800][gc          ] GC(245) Pause Young (Normal) (G1 Evacuation Pause) 385M->130M(512M) 2.481ms
[2021-05-29T15:53:09.557-0800][gc,cpu      ] GC(245) User=0.01s Sys=0.00s Real=0.00s
[2021-05-29T15:55:19.597-0800][gc,start    ] GC(246) Pause Young (Normal) (G1 Evacuation Pause)
[2021-05-29T15:55:19.597-0800][gc,task     ] GC(246) Using 10 workers of 10 for evacuation
[2021-05-29T15:55:19.601-0800][gc,phases   ] GC(246)   Pre Evacuate Collection Set: 0.1ms
[2021-05-29T15:55:19.601-0800][gc,phases   ] GC(246)   Merge Heap Roots: 0.1ms
[2021-05-29T15:55:19.601-0800][gc,phases   ] GC(246)   Evacuate Collection Set: 2.6ms
[2021-05-29T15:55:19.601-0800][gc,phases   ] GC(246)   Post Evacuate Collection Set: 0.9ms
[2021-05-29T15:55:19.601-0800][gc,phases   ] GC(246)   Other: 0.8ms
[2021-05-29T15:55:19.601-0800][gc,heap     ] GC(246) Eden regions: 255->0(255)
[2021-05-29T15:55:19.601-0800][gc,heap     ] GC(246) Survivor regions: 1->1(32)
[2021-05-29T15:55:19.601-0800][gc,heap     ] GC(246) Old regions: 45->45
[2021-05-29T15:55:19.601-0800][gc,heap     ] GC(246) Archive regions: 2->2
[2021-05-29T15:55:19.601-0800][gc,heap     ] GC(246) Humongous regions: 84->84
[2021-05-29T15:55:19.601-0800][gc,metaspace] GC(246) Metaspace: 70740K(72496K)->70740K(72496K) NonClass: 62711K(63664K)->62711K(63664K) Class: 8028K(8832K)->8028K(8832K)
[2021-05-29T15:55:19.601-0800][gc          ] GC(246) Pause Young (Normal) (G1 Evacuation Pause) 385M->130M(512M) 4.567ms
[2021-05-29T15:55:19.601-0800][gc,cpu      ] GC(246) User=0.00s Sys=0.00s Real=0.01s
[2021-05-29T15:57:29.688-0800][gc,start    ] GC(247) Pause Young (Normal) (G1 Evacuation Pause)
[2021-05-29T15:57:29.689-0800][gc,task     ] GC(247) Using 10 workers of 10 for evacuation
[2021-05-29T15:57:29.691-0800][gc,phases   ] GC(247)   Pre Evacuate Collection Set: 0.1ms
[2021-05-29T15:57:29.691-0800][gc,phases   ] GC(247)   Merge Heap Roots: 0.1ms
[2021-05-29T15:57:29.691-0800][gc,phases   ] GC(247)   Evacuate Collection Set: 1.0ms
[2021-05-29T15:57:29.691-0800][gc,phases   ] GC(247)   Post Evacuate Collection Set: 0.5ms
[2021-05-29T15:57:29.691-0800][gc,phases   ] GC(247)   Other: 1.0ms
[2021-05-29T15:57:29.691-0800][gc,heap     ] GC(247) Eden regions: 255->0(255)
[2021-05-29T15:57:29.691-0800][gc,heap     ] GC(247) Survivor regions: 1->1(32)
[2021-05-29T15:57:29.691-0800][gc,heap     ] GC(247) Old regions: 45->45
[2021-05-29T15:57:29.691-0800][gc,heap     ] GC(247) Archive regions: 2->2
[2021-05-29T15:57:29.691-0800][gc,heap     ] GC(247) Humongous regions: 84->84
[2021-05-29T15:57:29.691-0800][gc,metaspace] GC(247) Metaspace: 70740K(72496K)->70740K(72496K) NonClass: 62711K(63664K)->62711K(63664K) Class: 8028K(8832K)->8028K(8832K)
[2021-05-29T15:57:29.691-0800][gc          ] GC(247) Pause Young (Normal) (G1 Evacuation Pause) 385M->130M(512M) 2.710ms
[2021-05-29T15:57:29.691-0800][gc,cpu      ] GC(247) User=0.01s Sys=0.00s Real=0.01s
[2021-05-29T15:59:35.750-0800][gc,start    ] GC(248) Pause Young (Normal) (G1 Evacuation Pause)
[2021-05-29T15:59:35.750-0800][gc,task     ] GC(248) Using 10 workers of 10 for evacuation
[2021-05-29T15:59:35.755-0800][gc,phases   ] GC(248)   Pre Evacuate Collection Set: 0.2ms
[2021-05-29T15:59:35.755-0800][gc,phases   ] GC(248)   Merge Heap Roots: 0.1ms
[2021-05-29T15:59:35.755-0800][gc,phases   ] GC(248)   Evacuate Collection Set: 3.1ms
[2021-05-29T15:59:35.755-0800][gc,phases   ] GC(248)   Post Evacuate Collection Set: 0.4ms
[2021-05-29T15:59:35.755-0800][gc,phases   ] GC(248)   Other: 1.5ms
[2021-05-29T15:59:35.755-0800][gc,heap     ] GC(248) Eden regions: 255->0(255)
[2021-05-29T15:59:35.755-0800][gc,heap     ] GC(248) Survivor regions: 1->1(32)
[2021-05-29T15:59:35.755-0800][gc,heap     ] GC(248) Old regions: 45->45
[2021-05-29T15:59:35.755-0800][gc,heap     ] GC(248) Archive regions: 2->2
[2021-05-29T15:59:35.755-0800][gc,heap     ] GC(248) Humongous regions: 84->84
[2021-05-29T15:59:35.755-0800][gc,metaspace] GC(248) Metaspace: 70740K(72496K)->70740K(72496K) NonClass: 62711K(63664K)->62711K(63664K) Class: 8028K(8832K)->8028K(8832K)
[2021-05-29T15:59:35.755-0800][gc          ] GC(248) Pause Young (Normal) (G1 Evacuation Pause) 385M->130M(512M) 5.398ms
[2021-05-29T15:59:35.755-0800][gc,cpu      ] GC(248) User=0.01s Sys=0.00s Real=0.00s
[2021-05-29T16:01:42.318-0800][gc,start    ] GC(249) Pause Young (Normal) (G1 Evacuation Pause)
[2021-05-29T16:01:42.319-0800][gc,task     ] GC(249) Using 10 workers of 10 for evacuation
[2021-05-29T16:01:42.322-0800][gc,phases   ] GC(249)   Pre Evacuate Collection Set: 0.2ms
[2021-05-29T16:01:42.322-0800][gc,phases   ] GC(249)   Merge Heap Roots: 0.1ms
[2021-05-29T16:01:42.322-0800][gc,phases   ] GC(249)   Evacuate Collection Set: 2.4ms
[2021-05-29T16:01:42.322-0800][gc,phases   ] GC(249)   Post Evacuate Collection Set: 0.5ms
[2021-05-29T16:01:42.322-0800][gc,phases   ] GC(249)   Other: 1.3ms
[2021-05-29T16:01:42.322-0800][gc,heap     ] GC(249) Eden regions: 255->0(255)
[2021-05-29T16:01:42.322-0800][gc,heap     ] GC(249) Survivor regions: 1->1(32)
[2021-05-29T16:01:42.322-0800][gc,heap     ] GC(249) Old regions: 45->45
[2021-05-29T16:01:42.322-0800][gc,heap     ] GC(249) Archive regions: 2->2
[2021-05-29T16:01:42.322-0800][gc,heap     ] GC(249) Humongous regions: 84->84
[2021-05-29T16:01:42.322-0800][gc,metaspace] GC(249) Metaspace: 70742K(72496K)->70742K(72496K) NonClass: 62713K(63664K)->62713K(63664K) Class: 8028K(8832K)->8028K(8832K)
[2021-05-29T16:01:42.323-0800][gc          ] GC(249) Pause Young (Normal) (G1 Evacuation Pause) 385M->130M(512M) 4.510ms
[2021-05-29T16:01:42.323-0800][gc,cpu      ] GC(249) User=0.01s Sys=0.00s Real=0.01s
[2021-05-29T16:03:50.676-0800][gc,start    ] GC(250) Pause Young (Normal) (G1 Evacuation Pause)
[2021-05-29T16:03:50.677-0800][gc,task     ] GC(250) Using 10 workers of 10 for evacuation
[2021-05-29T16:03:50.678-0800][gc,phases   ] GC(250)   Pre Evacuate Collection Set: 0.2ms
[2021-05-29T16:03:50.678-0800][gc,phases   ] GC(250)   Merge Heap Roots: 0.1ms
[2021-05-29T16:03:50.678-0800][gc,phases   ] GC(250)   Evacuate Collection Set: 0.8ms
[2021-05-29T16:03:50.678-0800][gc,phases   ] GC(250)   Post Evacuate Collection Set: 0.4ms
[2021-05-29T16:03:50.678-0800][gc,phases   ] GC(250)   Other: 1.1ms
[2021-05-29T16:03:50.678-0800][gc,heap     ] GC(250) Eden regions: 255->0(255)
[2021-05-29T16:03:50.678-0800][gc,heap     ] GC(250) Survivor regions: 1->1(32)
[2021-05-29T16:03:50.678-0800][gc,heap     ] GC(250) Old regions: 45->45
[2021-05-29T16:03:50.678-0800][gc,heap     ] GC(250) Archive regions: 2->2
[2021-05-29T16:03:50.678-0800][gc,heap     ] GC(250) Humongous regions: 84->84
[2021-05-29T16:03:50.678-0800][gc,metaspace] GC(250) Metaspace: 70742K(72496K)->70742K(72496K) NonClass: 62713K(63664K)->62713K(63664K) Class: 8028K(8832K)->8028K(8832K)
[2021-05-29T16:03:50.679-0800][gc          ] GC(250) Pause Young (Normal) (G1 Evacuation Pause) 385M->130M(512M) 2.797ms
[2021-05-29T16:03:50.679-0800][gc,cpu      ] GC(250) User=0.01s Sys=0.00s Real=0.00s
[2021-05-29T16:06:00.658-0800][gc,start    ] GC(251) Pause Young (Normal) (G1 Evacuation Pause)
[2021-05-29T16:06:00.670-0800][gc,task     ] GC(251) Using 10 workers of 10 for evacuation
[2021-05-29T16:06:00.842-0800][gc,phases   ] GC(251)   Pre Evacuate Collection Set: 24.2ms
[2021-05-29T16:06:00.842-0800][gc,phases   ] GC(251)   Merge Heap Roots: 15.8ms
[2021-05-29T16:06:00.843-0800][gc,phases   ] GC(251)   Evacuate Collection Set: 106.2ms
[2021-05-29T16:06:00.843-0800][gc,phases   ] GC(251)   Post Evacuate Collection Set: 0.4ms
[2021-05-29T16:06:00.843-0800][gc,phases   ] GC(251)   Other: 39.3ms
[2021-05-29T16:06:00.843-0800][gc,heap     ] GC(251) Eden regions: 255->0(255)
[2021-05-29T16:06:00.843-0800][gc,heap     ] GC(251) Survivor regions: 1->1(32)
[2021-05-29T16:06:00.843-0800][gc,heap     ] GC(251) Old regions: 45->45
[2021-05-29T16:06:00.843-0800][gc,heap     ] GC(251) Archive regions: 2->2
[2021-05-29T16:06:00.843-0800][gc,heap     ] GC(251) Humongous regions: 84->84
[2021-05-29T16:06:00.843-0800][gc,metaspace] GC(251) Metaspace: 70742K(72496K)->70742K(72496K) NonClass: 62713K(63664K)->62713K(63664K) Class: 8028K(8832K)->8028K(8832K)
[2021-05-29T16:06:00.843-0800][gc          ] GC(251) Pause Young (Normal) (G1 Evacuation Pause) 385M->130M(512M) 185.078ms
[2021-05-29T16:06:00.843-0800][gc,cpu      ] GC(251) User=0.09s Sys=0.02s Real=0.19s
[2021-05-29T16:08:10.429-0800][gc,start    ] GC(252) Pause Young (Normal) (G1 Evacuation Pause)
[2021-05-29T16:08:10.429-0800][gc,task     ] GC(252) Using 10 workers of 10 for evacuation
[2021-05-29T16:08:10.432-0800][gc,phases   ] GC(252)   Pre Evacuate Collection Set: 0.3ms
[2021-05-29T16:08:10.432-0800][gc,phases   ] GC(252)   Merge Heap Roots: 0.7ms
[2021-05-29T16:08:10.432-0800][gc,phases   ] GC(252)   Evacuate Collection Set: 1.4ms
[2021-05-29T16:08:10.432-0800][gc,phases   ] GC(252)   Post Evacuate Collection Set: 0.4ms
[2021-05-29T16:08:10.432-0800][gc,phases   ] GC(252)   Other: 0.8ms
[2021-05-29T16:08:10.432-0800][gc,heap     ] GC(252) Eden regions: 255->0(255)
[2021-05-29T16:08:10.432-0800][gc,heap     ] GC(252) Survivor regions: 1->1(32)
[2021-05-29T16:08:10.432-0800][gc,heap     ] GC(252) Old regions: 45->45
[2021-05-29T16:08:10.432-0800][gc,heap     ] GC(252) Archive regions: 2->2
[2021-05-29T16:08:10.432-0800][gc,heap     ] GC(252) Humongous regions: 84->84
[2021-05-29T16:08:10.432-0800][gc,metaspace] GC(252) Metaspace: 70742K(72496K)->70742K(72496K) NonClass: 62713K(63664K)->62713K(63664K) Class: 8028K(8832K)->8028K(8832K)
[2021-05-29T16:08:10.432-0800][gc          ] GC(252) Pause Young (Normal) (G1 Evacuation Pause) 385M->130M(512M) 3.745ms
[2021-05-29T16:08:10.432-0800][gc,cpu      ] GC(252) User=0.00s Sys=0.01s Real=0.01s
[2021-05-29T16:10:27.811-0800][gc,start    ] GC(253) Pause Young (Normal) (G1 Evacuation Pause)
[2021-05-29T16:10:27.812-0800][gc,task     ] GC(253) Using 10 workers of 10 for evacuation
[2021-05-29T16:10:27.818-0800][gc,phases   ] GC(253)   Pre Evacuate Collection Set: 0.3ms
[2021-05-29T16:10:27.818-0800][gc,phases   ] GC(253)   Merge Heap Roots: 0.1ms
[2021-05-29T16:10:27.818-0800][gc,phases   ] GC(253)   Evacuate Collection Set: 5.0ms
[2021-05-29T16:10:27.818-0800][gc,phases   ] GC(253)   Post Evacuate Collection Set: 0.5ms
[2021-05-29T16:10:27.818-0800][gc,phases   ] GC(253)   Other: 0.9ms
[2021-05-29T16:10:27.818-0800][gc,heap     ] GC(253) Eden regions: 255->0(255)
[2021-05-29T16:10:27.818-0800][gc,heap     ] GC(253) Survivor regions: 1->1(32)
[2021-05-29T16:10:27.818-0800][gc,heap     ] GC(253) Old regions: 45->45
[2021-05-29T16:10:27.818-0800][gc,heap     ] GC(253) Archive regions: 2->2
[2021-05-29T16:10:27.818-0800][gc,heap     ] GC(253) Humongous regions: 84->84
[2021-05-29T16:10:27.819-0800][gc,metaspace] GC(253) Metaspace: 70743K(72496K)->70743K(72496K) NonClass: 62714K(63664K)->62714K(63664K) Class: 8028K(8832K)->8028K(8832K)
[2021-05-29T16:10:27.819-0800][gc          ] GC(253) Pause Young (Normal) (G1 Evacuation Pause) 385M->130M(512M) 7.257ms
[2021-05-29T16:10:27.819-0800][gc,cpu      ] GC(253) User=0.01s Sys=0.02s Real=0.00s
[2021-05-29T16:12:37.906-0800][gc,start    ] GC(254) Pause Young (Normal) (G1 Evacuation Pause)
[2021-05-29T16:12:37.906-0800][gc,task     ] GC(254) Using 10 workers of 10 for evacuation
[2021-05-29T16:12:37.911-0800][gc,phases   ] GC(254)   Pre Evacuate Collection Set: 0.5ms
[2021-05-29T16:12:37.911-0800][gc,phases   ] GC(254)   Merge Heap Roots: 0.1ms
[2021-05-29T16:12:37.911-0800][gc,phases   ] GC(254)   Evacuate Collection Set: 4.0ms
[2021-05-29T16:12:37.911-0800][gc,phases   ] GC(254)   Post Evacuate Collection Set: 0.6ms
[2021-05-29T16:12:37.911-0800][gc,phases   ] GC(254)   Other: 0.5ms
[2021-05-29T16:12:37.911-0800][gc,heap     ] GC(254) Eden regions: 255->0(255)
[2021-05-29T16:12:37.911-0800][gc,heap     ] GC(254) Survivor regions: 1->1(32)
[2021-05-29T16:12:37.911-0800][gc,heap     ] GC(254) Old regions: 45->45
[2021-05-29T16:12:37.911-0800][gc,heap     ] GC(254) Archive regions: 2->2
[2021-05-29T16:12:37.912-0800][gc,heap     ] GC(254) Humongous regions: 84->84
[2021-05-29T16:12:37.912-0800][gc,metaspace] GC(254) Metaspace: 70743K(72496K)->70743K(72496K) NonClass: 62714K(63664K)->62714K(63664K) Class: 8028K(8832K)->8028K(8832K)
[2021-05-29T16:12:37.912-0800][gc          ] GC(254) Pause Young (Normal) (G1 Evacuation Pause) 385M->130M(512M) 5.961ms
[2021-05-29T16:12:37.912-0800][gc,cpu      ] GC(254) User=0.01s Sys=0.01s Real=0.01s
[2021-05-29T16:14:48.184-0800][gc,start    ] GC(255) Pause Young (Normal) (G1 Evacuation Pause)
[2021-05-29T16:14:48.184-0800][gc,task     ] GC(255) Using 10 workers of 10 for evacuation
[2021-05-29T16:14:48.185-0800][gc,phases   ] GC(255)   Pre Evacuate Collection Set: 0.1ms
[2021-05-29T16:14:48.185-0800][gc,phases   ] GC(255)   Merge Heap Roots: 0.1ms
[2021-05-29T16:14:48.185-0800][gc,phases   ] GC(255)   Evacuate Collection Set: 1.0ms
[2021-05-29T16:14:48.185-0800][gc,phases   ] GC(255)   Post Evacuate Collection Set: 0.4ms
[2021-05-29T16:14:48.185-0800][gc,phases   ] GC(255)   Other: 0.2ms
[2021-05-29T16:14:48.185-0800][gc,heap     ] GC(255) Eden regions: 255->0(255)
[2021-05-29T16:14:48.185-0800][gc,heap     ] GC(255) Survivor regions: 1->1(32)
[2021-05-29T16:14:48.185-0800][gc,heap     ] GC(255) Old regions: 45->45
[2021-05-29T16:14:48.185-0800][gc,heap     ] GC(255) Archive regions: 2->2
[2021-05-29T16:14:48.185-0800][gc,heap     ] GC(255) Humongous regions: 84->84
[2021-05-29T16:14:48.185-0800][gc,metaspace] GC(255) Metaspace: 70744K(72496K)->70744K(72496K) NonClass: 62715K(63664K)->62715K(63664K) Class: 8028K(8832K)->8028K(8832K)
[2021-05-29T16:14:48.186-0800][gc          ] GC(255) Pause Young (Normal) (G1 Evacuation Pause) 385M->130M(512M) 2.558ms
[2021-05-29T16:14:48.186-0800][gc,cpu      ] GC(255) User=0.00s Sys=0.01s Real=0.00s
[2021-05-29T16:16:58.266-0800][gc,start    ] GC(256) Pause Young (Normal) (G1 Evacuation Pause)
[2021-05-29T16:16:58.267-0800][gc,task     ] GC(256) Using 10 workers of 10 for evacuation
[2021-05-29T16:16:58.269-0800][gc,phases   ] GC(256)   Pre Evacuate Collection Set: 0.1ms
[2021-05-29T16:16:58.269-0800][gc,phases   ] GC(256)   Merge Heap Roots: 0.1ms
[2021-05-29T16:16:58.269-0800][gc,phases   ] GC(256)   Evacuate Collection Set: 1.5ms
[2021-05-29T16:16:58.269-0800][gc,phases   ] GC(256)   Post Evacuate Collection Set: 0.9ms
[2021-05-29T16:16:58.269-0800][gc,phases   ] GC(256)   Other: 0.4ms
[2021-05-29T16:16:58.269-0800][gc,heap     ] GC(256) Eden regions: 255->0(255)
[2021-05-29T16:16:58.270-0800][gc,heap     ] GC(256) Survivor regions: 1->1(32)
[2021-05-29T16:16:58.270-0800][gc,heap     ] GC(256) Old regions: 45->45
[2021-05-29T16:16:58.270-0800][gc,heap     ] GC(256) Archive regions: 2->2
[2021-05-29T16:16:58.270-0800][gc,heap     ] GC(256) Humongous regions: 84->84
[2021-05-29T16:16:58.270-0800][gc,metaspace] GC(256) Metaspace: 70744K(72496K)->70744K(72496K) NonClass: 62715K(63664K)->62715K(63664K) Class: 8028K(8832K)->8028K(8832K)
[2021-05-29T16:16:58.270-0800][gc          ] GC(256) Pause Young (Normal) (G1 Evacuation Pause) 385M->130M(512M) 3.121ms
[2021-05-29T16:16:58.270-0800][gc,cpu      ] GC(256) User=0.01s Sys=0.00s Real=0.01s
[2021-05-29T16:19:08.382-0800][gc,start    ] GC(257) Pause Young (Normal) (G1 Evacuation Pause)
[2021-05-29T16:19:08.382-0800][gc,task     ] GC(257) Using 10 workers of 10 for evacuation
[2021-05-29T16:19:08.384-0800][gc,phases   ] GC(257)   Pre Evacuate Collection Set: 0.3ms
[2021-05-29T16:19:08.384-0800][gc,phases   ] GC(257)   Merge Heap Roots: 0.1ms
[2021-05-29T16:19:08.384-0800][gc,phases   ] GC(257)   Evacuate Collection Set: 1.2ms
[2021-05-29T16:19:08.384-0800][gc,phases   ] GC(257)   Post Evacuate Collection Set: 0.4ms
[2021-05-29T16:19:08.384-0800][gc,phases   ] GC(257)   Other: 0.8ms
[2021-05-29T16:19:08.384-0800][gc,heap     ] GC(257) Eden regions: 255->0(255)
[2021-05-29T16:19:08.384-0800][gc,heap     ] GC(257) Survivor regions: 1->1(32)
[2021-05-29T16:19:08.384-0800][gc,heap     ] GC(257) Old regions: 45->45
[2021-05-29T16:19:08.384-0800][gc,heap     ] GC(257) Archive regions: 2->2
[2021-05-29T16:19:08.384-0800][gc,heap     ] GC(257) Humongous regions: 84->84
[2021-05-29T16:19:08.385-0800][gc,metaspace] GC(257) Metaspace: 70744K(72496K)->70744K(72496K) NonClass: 62715K(63664K)->62715K(63664K) Class: 8028K(8832K)->8028K(8832K)
[2021-05-29T16:19:08.385-0800][gc          ] GC(257) Pause Young (Normal) (G1 Evacuation Pause) 385M->130M(512M) 2.957ms
[2021-05-29T16:19:08.385-0800][gc,cpu      ] GC(257) User=0.01s Sys=0.01s Real=0.00s
[2021-05-29T16:21:18.426-0800][gc,start    ] GC(258) Pause Young (Normal) (G1 Evacuation Pause)
[2021-05-29T16:21:18.426-0800][gc,task     ] GC(258) Using 10 workers of 10 for evacuation
[2021-05-29T16:21:18.429-0800][gc,phases   ] GC(258)   Pre Evacuate Collection Set: 0.2ms
[2021-05-29T16:21:18.429-0800][gc,phases   ] GC(258)   Merge Heap Roots: 0.1ms
[2021-05-29T16:21:18.429-0800][gc,phases   ] GC(258)   Evacuate Collection Set: 1.5ms
[2021-05-29T16:21:18.429-0800][gc,phases   ] GC(258)   Post Evacuate Collection Set: 0.4ms
[2021-05-29T16:21:18.429-0800][gc,phases   ] GC(258)   Other: 0.9ms
[2021-05-29T16:21:18.429-0800][gc,heap     ] GC(258) Eden regions: 255->0(255)
[2021-05-29T16:21:18.429-0800][gc,heap     ] GC(258) Survivor regions: 1->1(32)
[2021-05-29T16:21:18.429-0800][gc,heap     ] GC(258) Old regions: 45->45
[2021-05-29T16:21:18.429-0800][gc,heap     ] GC(258) Archive regions: 2->2
[2021-05-29T16:21:18.429-0800][gc,heap     ] GC(258) Humongous regions: 84->84
[2021-05-29T16:21:18.429-0800][gc,metaspace] GC(258) Metaspace: 70744K(72496K)->70744K(72496K) NonClass: 62715K(63664K)->62715K(63664K) Class: 8028K(8832K)->8028K(8832K)
[2021-05-29T16:21:18.429-0800][gc          ] GC(258) Pause Young (Normal) (G1 Evacuation Pause) 385M->130M(512M) 3.225ms
[2021-05-29T16:21:18.429-0800][gc,cpu      ] GC(258) User=0.01s Sys=0.00s Real=0.00s
[2021-05-29T16:23:28.498-0800][gc,start    ] GC(259) Pause Young (Normal) (G1 Evacuation Pause)
[2021-05-29T16:23:28.499-0800][gc,task     ] GC(259) Using 10 workers of 10 for evacuation
[2021-05-29T16:23:28.501-0800][gc,phases   ] GC(259)   Pre Evacuate Collection Set: 0.2ms
[2021-05-29T16:23:28.501-0800][gc,phases   ] GC(259)   Merge Heap Roots: 0.1ms
[2021-05-29T16:23:28.501-0800][gc,phases   ] GC(259)   Evacuate Collection Set: 1.3ms
[2021-05-29T16:23:28.501-0800][gc,phases   ] GC(259)   Post Evacuate Collection Set: 0.4ms
[2021-05-29T16:23:28.501-0800][gc,phases   ] GC(259)   Other: 1.0ms
[2021-05-29T16:23:28.501-0800][gc,heap     ] GC(259) Eden regions: 255->0(255)
[2021-05-29T16:23:28.501-0800][gc,heap     ] GC(259) Survivor regions: 1->1(32)
[2021-05-29T16:23:28.501-0800][gc,heap     ] GC(259) Old regions: 45->45
[2021-05-29T16:23:28.501-0800][gc,heap     ] GC(259) Archive regions: 2->2
[2021-05-29T16:23:28.501-0800][gc,heap     ] GC(259) Humongous regions: 84->84
[2021-05-29T16:23:28.501-0800][gc,metaspace] GC(259) Metaspace: 70745K(72496K)->70745K(72496K) NonClass: 62716K(63664K)->62716K(63664K) Class: 8028K(8832K)->8028K(8832K)
[2021-05-29T16:23:28.501-0800][gc          ] GC(259) Pause Young (Normal) (G1 Evacuation Pause) 385M->130M(512M) 3.103ms
[2021-05-29T16:23:28.501-0800][gc,cpu      ] GC(259) User=0.01s Sys=0.00s Real=0.01s
[2021-05-29T16:25:38.192-0800][gc,start    ] GC(260) Pause Young (Normal) (G1 Evacuation Pause)
[2021-05-29T16:25:38.193-0800][gc,task     ] GC(260) Using 10 workers of 10 for evacuation
[2021-05-29T16:25:38.195-0800][gc,phases   ] GC(260)   Pre Evacuate Collection Set: 0.1ms
[2021-05-29T16:25:38.195-0800][gc,phases   ] GC(260)   Merge Heap Roots: 0.1ms
[2021-05-29T16:25:38.195-0800][gc,phases   ] GC(260)   Evacuate Collection Set: 0.8ms
[2021-05-29T16:25:38.195-0800][gc,phases   ] GC(260)   Post Evacuate Collection Set: 0.4ms
[2021-05-29T16:25:38.195-0800][gc,phases   ] GC(260)   Other: 1.4ms
[2021-05-29T16:25:38.195-0800][gc,heap     ] GC(260) Eden regions: 255->0(255)
[2021-05-29T16:25:38.195-0800][gc,heap     ] GC(260) Survivor regions: 1->1(32)
[2021-05-29T16:25:38.195-0800][gc,heap     ] GC(260) Old regions: 45->45
[2021-05-29T16:25:38.195-0800][gc,heap     ] GC(260) Archive regions: 2->2
[2021-05-29T16:25:38.195-0800][gc,heap     ] GC(260) Humongous regions: 84->84
[2021-05-29T16:25:38.195-0800][gc,metaspace] GC(260) Metaspace: 70745K(72496K)->70745K(72496K) NonClass: 62716K(63664K)->62716K(63664K) Class: 8028K(8832K)->8028K(8832K)
[2021-05-29T16:25:38.195-0800][gc          ] GC(260) Pause Young (Normal) (G1 Evacuation Pause) 385M->130M(512M) 2.975ms
[2021-05-29T16:25:38.195-0800][gc,cpu      ] GC(260) User=0.01s Sys=0.00s Real=0.00s
[2021-05-29T16:27:48.224-0800][gc,start    ] GC(261) Pause Young (Normal) (G1 Evacuation Pause)
[2021-05-29T16:27:48.225-0800][gc,task     ] GC(261) Using 10 workers of 10 for evacuation
[2021-05-29T16:27:48.228-0800][gc,phases   ] GC(261)   Pre Evacuate Collection Set: 0.2ms
[2021-05-29T16:27:48.228-0800][gc,phases   ] GC(261)   Merge Heap Roots: 0.1ms
[2021-05-29T16:27:48.228-0800][gc,phases   ] GC(261)   Evacuate Collection Set: 1.7ms
[2021-05-29T16:27:48.228-0800][gc,phases   ] GC(261)   Post Evacuate Collection Set: 0.4ms
[2021-05-29T16:27:48.228-0800][gc,phases   ] GC(261)   Other: 1.2ms
[2021-05-29T16:27:48.228-0800][gc,heap     ] GC(261) Eden regions: 255->0(255)
[2021-05-29T16:27:48.228-0800][gc,heap     ] GC(261) Survivor regions: 1->1(32)
[2021-05-29T16:27:48.228-0800][gc,heap     ] GC(261) Old regions: 45->45
[2021-05-29T16:27:48.228-0800][gc,heap     ] GC(261) Archive regions: 2->2
[2021-05-29T16:27:48.228-0800][gc,heap     ] GC(261) Humongous regions: 84->84
[2021-05-29T16:27:48.228-0800][gc,metaspace] GC(261) Metaspace: 70745K(72496K)->70745K(72496K) NonClass: 62716K(63664K)->62716K(63664K) Class: 8028K(8832K)->8028K(8832K)
[2021-05-29T16:27:48.228-0800][gc          ] GC(261) Pause Young (Normal) (G1 Evacuation Pause) 385M->130M(512M) 3.710ms
[2021-05-29T16:27:48.228-0800][gc,cpu      ] GC(261) User=0.01s Sys=0.00s Real=0.00s
[2021-05-29T16:29:53.306-0800][gc,start    ] GC(262) Pause Young (Normal) (G1 Evacuation Pause)
[2021-05-29T16:29:53.307-0800][gc,task     ] GC(262) Using 10 workers of 10 for evacuation
[2021-05-29T16:29:53.309-0800][gc,phases   ] GC(262)   Pre Evacuate Collection Set: 0.2ms
[2021-05-29T16:29:53.309-0800][gc,phases   ] GC(262)   Merge Heap Roots: 0.1ms
[2021-05-29T16:29:53.309-0800][gc,phases   ] GC(262)   Evacuate Collection Set: 1.1ms
[2021-05-29T16:29:53.309-0800][gc,phases   ] GC(262)   Post Evacuate Collection Set: 0.5ms
[2021-05-29T16:29:53.309-0800][gc,phases   ] GC(262)   Other: 0.8ms
[2021-05-29T16:29:53.309-0800][gc,heap     ] GC(262) Eden regions: 255->0(255)
[2021-05-29T16:29:53.309-0800][gc,heap     ] GC(262) Survivor regions: 1->1(32)
[2021-05-29T16:29:53.309-0800][gc,heap     ] GC(262) Old regions: 45->45
[2021-05-29T16:29:53.309-0800][gc,heap     ] GC(262) Archive regions: 2->2
[2021-05-29T16:29:53.309-0800][gc,heap     ] GC(262) Humongous regions: 84->84
[2021-05-29T16:29:53.309-0800][gc,metaspace] GC(262) Metaspace: 70755K(72752K)->70755K(72752K) NonClass: 62726K(63920K)->62726K(63920K) Class: 8028K(8832K)->8028K(8832K)
[2021-05-29T16:29:53.309-0800][gc          ] GC(262) Pause Young (Normal) (G1 Evacuation Pause) 385M->130M(512M) 2.648ms
[2021-05-29T16:29:53.309-0800][gc,cpu      ] GC(262) User=0.01s Sys=0.00s Real=0.00s
[2021-05-29T16:32:03.378-0800][gc,start    ] GC(263) Pause Young (Normal) (G1 Evacuation Pause)
[2021-05-29T16:32:03.379-0800][gc,task     ] GC(263) Using 10 workers of 10 for evacuation
[2021-05-29T16:32:03.380-0800][gc,phases   ] GC(263)   Pre Evacuate Collection Set: 0.2ms
[2021-05-29T16:32:03.380-0800][gc,phases   ] GC(263)   Merge Heap Roots: 0.1ms
[2021-05-29T16:32:03.380-0800][gc,phases   ] GC(263)   Evacuate Collection Set: 0.8ms
[2021-05-29T16:32:03.380-0800][gc,phases   ] GC(263)   Post Evacuate Collection Set: 0.4ms
[2021-05-29T16:32:03.380-0800][gc,phases   ] GC(263)   Other: 1.0ms
[2021-05-29T16:32:03.380-0800][gc,heap     ] GC(263) Eden regions: 255->0(255)
[2021-05-29T16:32:03.380-0800][gc,heap     ] GC(263) Survivor regions: 1->1(32)
[2021-05-29T16:32:03.380-0800][gc,heap     ] GC(263) Old regions: 45->45
[2021-05-29T16:32:03.380-0800][gc,heap     ] GC(263) Archive regions: 2->2
[2021-05-29T16:32:03.380-0800][gc,heap     ] GC(263) Humongous regions: 84->84
[2021-05-29T16:32:03.380-0800][gc,metaspace] GC(263) Metaspace: 70760K(72752K)->70760K(72752K) NonClass: 62731K(63920K)->62731K(63920K) Class: 8028K(8832K)->8028K(8832K)
[2021-05-29T16:32:03.380-0800][gc          ] GC(263) Pause Young (Normal) (G1 Evacuation Pause) 385M->130M(512M) 2.509ms
[2021-05-29T16:32:03.380-0800][gc,cpu      ] GC(263) User=0.01s Sys=0.00s Real=0.01s
[2021-05-29T16:34:51.114-0800][gc,start    ] GC(264) Pause Young (Normal) (G1 Evacuation Pause)
[2021-05-29T16:34:51.114-0800][gc,task     ] GC(264) Using 10 workers of 10 for evacuation
[2021-05-29T16:34:51.121-0800][gc,phases   ] GC(264)   Pre Evacuate Collection Set: 0.4ms
[2021-05-29T16:34:51.121-0800][gc,phases   ] GC(264)   Merge Heap Roots: 0.1ms
[2021-05-29T16:34:51.121-0800][gc,phases   ] GC(264)   Evacuate Collection Set: 5.7ms
[2021-05-29T16:34:51.121-0800][gc,phases   ] GC(264)   Post Evacuate Collection Set: 0.7ms
[2021-05-29T16:34:51.121-0800][gc,phases   ] GC(264)   Other: 0.9ms
[2021-05-29T16:34:51.122-0800][gc,heap     ] GC(264) Eden regions: 255->0(254)
[2021-05-29T16:34:51.122-0800][gc,heap     ] GC(264) Survivor regions: 1->2(32)
[2021-05-29T16:34:51.122-0800][gc,heap     ] GC(264) Old regions: 45->46
[2021-05-29T16:34:51.122-0800][gc,heap     ] GC(264) Archive regions: 2->2
[2021-05-29T16:34:51.122-0800][gc,heap     ] GC(264) Humongous regions: 84->84
[2021-05-29T16:34:51.122-0800][gc,metaspace] GC(264) Metaspace: 70760K(72752K)->70760K(72752K) NonClass: 62731K(63920K)->62731K(63920K) Class: 8028K(8832K)->8028K(8832K)
[2021-05-29T16:34:51.122-0800][gc          ] GC(264) Pause Young (Normal) (G1 Evacuation Pause) 385M->130M(512M) 7.897ms
[2021-05-29T16:34:51.122-0800][gc,cpu      ] GC(264) User=0.01s Sys=0.02s Real=0.01s
[2021-05-29T16:37:22.187-0800][gc,start    ] GC(265) Pause Young (Normal) (G1 Evacuation Pause)
[2021-05-29T16:37:22.188-0800][gc,task     ] GC(265) Using 10 workers of 10 for evacuation
[2021-05-29T16:37:22.191-0800][gc,phases   ] GC(265)   Pre Evacuate Collection Set: 0.2ms
[2021-05-29T16:37:22.191-0800][gc,phases   ] GC(265)   Merge Heap Roots: 0.1ms
[2021-05-29T16:37:22.191-0800][gc,phases   ] GC(265)   Evacuate Collection Set: 1.6ms
[2021-05-29T16:37:22.191-0800][gc,phases   ] GC(265)   Post Evacuate Collection Set: 1.0ms
[2021-05-29T16:37:22.191-0800][gc,phases   ] GC(265)   Other: 0.8ms
[2021-05-29T16:37:22.191-0800][gc,heap     ] GC(265) Eden regions: 254->0(254)
[2021-05-29T16:37:22.191-0800][gc,heap     ] GC(265) Survivor regions: 2->2(32)
[2021-05-29T16:37:22.191-0800][gc,heap     ] GC(265) Old regions: 46->46
[2021-05-29T16:37:22.191-0800][gc,heap     ] GC(265) Archive regions: 2->2
[2021-05-29T16:37:22.191-0800][gc,heap     ] GC(265) Humongous regions: 90->90
[2021-05-29T16:37:22.191-0800][gc,metaspace] GC(265) Metaspace: 70760K(72752K)->70760K(72752K) NonClass: 62731K(63920K)->62731K(63920K) Class: 8028K(8832K)->8028K(8832K)
[2021-05-29T16:37:22.191-0800][gc          ] GC(265) Pause Young (Normal) (G1 Evacuation Pause) 390M->137M(512M) 3.715ms
[2021-05-29T16:37:22.191-0800][gc,cpu      ] GC(265) User=0.01s Sys=0.00s Real=0.01s
[2021-05-29T16:40:11.531-0800][gc,start    ] GC(266) Pause Young (Normal) (G1 Evacuation Pause)
[2021-05-29T16:40:11.531-0800][gc,task     ] GC(266) Using 10 workers of 10 for evacuation
[2021-05-29T16:40:11.537-0800][gc,phases   ] GC(266)   Pre Evacuate Collection Set: 0.2ms
[2021-05-29T16:40:11.537-0800][gc,phases   ] GC(266)   Merge Heap Roots: 0.1ms
[2021-05-29T16:40:11.537-0800][gc,phases   ] GC(266)   Evacuate Collection Set: 4.8ms
[2021-05-29T16:40:11.537-0800][gc,phases   ] GC(266)   Post Evacuate Collection Set: 0.4ms
[2021-05-29T16:40:11.537-0800][gc,phases   ] GC(266)   Other: 0.7ms
[2021-05-29T16:40:11.537-0800][gc,heap     ] GC(266) Eden regions: 254->0(254)
[2021-05-29T16:40:11.537-0800][gc,heap     ] GC(266) Survivor regions: 2->2(32)
[2021-05-29T16:40:11.537-0800][gc,heap     ] GC(266) Old regions: 46->46
[2021-05-29T16:40:11.537-0800][gc,heap     ] GC(266) Archive regions: 2->2
[2021-05-29T16:40:11.537-0800][gc,heap     ] GC(266) Humongous regions: 90->90
[2021-05-29T16:40:11.537-0800][gc,metaspace] GC(266) Metaspace: 70783K(72752K)->70783K(72752K) NonClass: 62754K(63920K)->62754K(63920K) Class: 8028K(8832K)->8028K(8832K)
[2021-05-29T16:40:11.537-0800][gc          ] GC(266) Pause Young (Normal) (G1 Evacuation Pause) 391M->137M(512M) 6.349ms
[2021-05-29T16:40:11.537-0800][gc,cpu      ] GC(266) User=0.01s Sys=0.02s Real=0.00s
[2021-05-29T16:42:19.293-0800][gc,start    ] GC(267) Pause Young (Normal) (G1 Evacuation Pause)
[2021-05-29T16:42:19.293-0800][gc,task     ] GC(267) Using 10 workers of 10 for evacuation
[2021-05-29T16:42:19.297-0800][gc,phases   ] GC(267)   Pre Evacuate Collection Set: 0.2ms
[2021-05-29T16:42:19.297-0800][gc,phases   ] GC(267)   Merge Heap Roots: 0.1ms
[2021-05-29T16:42:19.297-0800][gc,phases   ] GC(267)   Evacuate Collection Set: 3.1ms
[2021-05-29T16:42:19.297-0800][gc,phases   ] GC(267)   Post Evacuate Collection Set: 0.5ms
[2021-05-29T16:42:19.297-0800][gc,phases   ] GC(267)   Other: 0.4ms
[2021-05-29T16:42:19.297-0800][gc,heap     ] GC(267) Eden regions: 254->0(254)
[2021-05-29T16:42:19.297-0800][gc,heap     ] GC(267) Survivor regions: 2->2(32)
[2021-05-29T16:42:19.297-0800][gc,heap     ] GC(267) Old regions: 46->46
[2021-05-29T16:42:19.297-0800][gc,heap     ] GC(267) Archive regions: 2->2
[2021-05-29T16:42:19.297-0800][gc,heap     ] GC(267) Humongous regions: 90->90
[2021-05-29T16:42:19.297-0800][gc,metaspace] GC(267) Metaspace: 70786K(72752K)->70786K(72752K) NonClass: 62757K(63920K)->62757K(63920K) Class: 8028K(8832K)->8028K(8832K)
[2021-05-29T16:42:19.297-0800][gc          ] GC(267) Pause Young (Normal) (G1 Evacuation Pause) 391M->137M(512M) 4.451ms
[2021-05-29T16:42:19.297-0800][gc,cpu      ] GC(267) User=0.01s Sys=0.00s Real=0.00s
[2021-05-29T16:44:29.326-0800][gc,start    ] GC(268) Pause Young (Normal) (G1 Evacuation Pause)
[2021-05-29T16:44:29.327-0800][gc,task     ] GC(268) Using 10 workers of 10 for evacuation
[2021-05-29T16:44:29.330-0800][gc,phases   ] GC(268)   Pre Evacuate Collection Set: 0.1ms
[2021-05-29T16:44:29.330-0800][gc,phases   ] GC(268)   Merge Heap Roots: 0.1ms
[2021-05-29T16:44:29.330-0800][gc,phases   ] GC(268)   Evacuate Collection Set: 1.8ms
[2021-05-29T16:44:29.330-0800][gc,phases   ] GC(268)   Post Evacuate Collection Set: 1.0ms
[2021-05-29T16:44:29.330-0800][gc,phases   ] GC(268)   Other: 0.4ms
[2021-05-29T16:44:29.330-0800][gc,heap     ] GC(268) Eden regions: 254->0(254)
[2021-05-29T16:44:29.330-0800][gc,heap     ] GC(268) Survivor regions: 2->2(32)
[2021-05-29T16:44:29.330-0800][gc,heap     ] GC(268) Old regions: 46->46
[2021-05-29T16:44:29.330-0800][gc,heap     ] GC(268) Archive regions: 2->2
[2021-05-29T16:44:29.330-0800][gc,heap     ] GC(268) Humongous regions: 90->90
[2021-05-29T16:44:29.330-0800][gc,metaspace] GC(268) Metaspace: 70786K(72752K)->70786K(72752K) NonClass: 62757K(63920K)->62757K(63920K) Class: 8028K(8832K)->8028K(8832K)
[2021-05-29T16:44:29.330-0800][gc          ] GC(268) Pause Young (Normal) (G1 Evacuation Pause) 391M->137M(512M) 3.551ms
[2021-05-29T16:44:29.330-0800][gc,cpu      ] GC(268) User=0.01s Sys=0.00s Real=0.01s
[2021-05-29T16:46:39.527-0800][gc,start    ] GC(269) Pause Young (Normal) (G1 Evacuation Pause)
[2021-05-29T16:46:39.528-0800][gc,task     ] GC(269) Using 10 workers of 10 for evacuation
[2021-05-29T16:46:39.530-0800][gc,phases   ] GC(269)   Pre Evacuate Collection Set: 0.2ms
[2021-05-29T16:46:39.530-0800][gc,phases   ] GC(269)   Merge Heap Roots: 0.1ms
[2021-05-29T16:46:39.530-0800][gc,phases   ] GC(269)   Evacuate Collection Set: 1.1ms
[2021-05-29T16:46:39.530-0800][gc,phases   ] GC(269)   Post Evacuate Collection Set: 0.5ms
[2021-05-29T16:46:39.530-0800][gc,phases   ] GC(269)   Other: 0.6ms
[2021-05-29T16:46:39.530-0800][gc,heap     ] GC(269) Eden regions: 254->0(254)
[2021-05-29T16:46:39.530-0800][gc,heap     ] GC(269) Survivor regions: 2->2(32)
[2021-05-29T16:46:39.530-0800][gc,heap     ] GC(269) Old regions: 46->46
[2021-05-29T16:46:39.530-0800][gc,heap     ] GC(269) Archive regions: 2->2
[2021-05-29T16:46:39.530-0800][gc,heap     ] GC(269) Humongous regions: 90->90
[2021-05-29T16:46:39.530-0800][gc,metaspace] GC(269) Metaspace: 70786K(72752K)->70786K(72752K) NonClass: 62757K(63920K)->62757K(63920K) Class: 8028K(8832K)->8028K(8832K)
[2021-05-29T16:46:39.530-0800][gc          ] GC(269) Pause Young (Normal) (G1 Evacuation Pause) 391M->137M(512M) 2.646ms
[2021-05-29T16:46:39.530-0800][gc,cpu      ] GC(269) User=0.02s Sys=0.00s Real=0.01s
[2021-05-29T16:48:49.605-0800][gc,start    ] GC(270) Pause Young (Normal) (G1 Evacuation Pause)
[2021-05-29T16:48:49.606-0800][gc,task     ] GC(270) Using 10 workers of 10 for evacuation
[2021-05-29T16:48:49.607-0800][gc,phases   ] GC(270)   Pre Evacuate Collection Set: 0.2ms
[2021-05-29T16:48:49.607-0800][gc,phases   ] GC(270)   Merge Heap Roots: 0.1ms
[2021-05-29T16:48:49.608-0800][gc,phases   ] GC(270)   Evacuate Collection Set: 1.0ms
[2021-05-29T16:48:49.608-0800][gc,phases   ] GC(270)   Post Evacuate Collection Set: 0.4ms
[2021-05-29T16:48:49.608-0800][gc,phases   ] GC(270)   Other: 0.7ms
[2021-05-29T16:48:49.608-0800][gc,heap     ] GC(270) Eden regions: 254->0(254)
[2021-05-29T16:48:49.608-0800][gc,heap     ] GC(270) Survivor regions: 2->2(32)
[2021-05-29T16:48:49.608-0800][gc,heap     ] GC(270) Old regions: 46->46
[2021-05-29T16:48:49.608-0800][gc,heap     ] GC(270) Archive regions: 2->2
[2021-05-29T16:48:49.608-0800][gc,heap     ] GC(270) Humongous regions: 90->90
[2021-05-29T16:48:49.608-0800][gc,metaspace] GC(270) Metaspace: 70786K(72752K)->70786K(72752K) NonClass: 62757K(63920K)->62757K(63920K) Class: 8028K(8832K)->8028K(8832K)
[2021-05-29T16:48:49.608-0800][gc          ] GC(270) Pause Young (Normal) (G1 Evacuation Pause) 391M->137M(512M) 2.514ms
[2021-05-29T16:48:49.608-0800][gc,cpu      ] GC(270) User=0.01s Sys=0.01s Real=0.00s
[2021-05-29T17:02:33.652-0800][gc,start    ] GC(271) Pause Young (Normal) (G1 Evacuation Pause)
[2021-05-29T17:02:33.652-0800][gc,task     ] GC(271) Using 10 workers of 10 for evacuation
[2021-05-29T17:02:33.654-0800][gc,phases   ] GC(271)   Pre Evacuate Collection Set: 0.2ms
[2021-05-29T17:02:33.654-0800][gc,phases   ] GC(271)   Merge Heap Roots: 0.1ms
[2021-05-29T17:02:33.654-0800][gc,phases   ] GC(271)   Evacuate Collection Set: 1.3ms
[2021-05-29T17:02:33.654-0800][gc,phases   ] GC(271)   Post Evacuate Collection Set: 0.4ms
[2021-05-29T17:02:33.654-0800][gc,phases   ] GC(271)   Other: 0.5ms
[2021-05-29T17:02:33.654-0800][gc,heap     ] GC(271) Eden regions: 254->0(254)
[2021-05-29T17:02:33.654-0800][gc,heap     ] GC(271) Survivor regions: 2->2(32)
[2021-05-29T17:02:33.654-0800][gc,heap     ] GC(271) Old regions: 46->46
[2021-05-29T17:02:33.654-0800][gc,heap     ] GC(271) Archive regions: 2->2
[2021-05-29T17:02:33.654-0800][gc,heap     ] GC(271) Humongous regions: 90->90
[2021-05-29T17:02:33.654-0800][gc,metaspace] GC(271) Metaspace: 70786K(72752K)->70786K(72752K) NonClass: 62757K(63920K)->62757K(63920K) Class: 8028K(8832K)->8028K(8832K)
[2021-05-29T17:02:33.654-0800][gc          ] GC(271) Pause Young (Normal) (G1 Evacuation Pause) 391M->137M(512M) 2.630ms
[2021-05-29T17:02:33.654-0800][gc,cpu      ] GC(271) User=0.01s Sys=0.01s Real=0.00s
[2021-05-29T17:04:43.706-0800][gc,start    ] GC(272) Pause Young (Normal) (G1 Evacuation Pause)
[2021-05-29T17:04:43.706-0800][gc,task     ] GC(272) Using 10 workers of 10 for evacuation
[2021-05-29T17:04:43.710-0800][gc,phases   ] GC(272)   Pre Evacuate Collection Set: 0.3ms
[2021-05-29T17:04:43.710-0800][gc,phases   ] GC(272)   Merge Heap Roots: 0.2ms
[2021-05-29T17:04:43.710-0800][gc,phases   ] GC(272)   Evacuate Collection Set: 2.1ms
[2021-05-29T17:04:43.710-0800][gc,phases   ] GC(272)   Post Evacuate Collection Set: 0.5ms
[2021-05-29T17:04:43.710-0800][gc,phases   ] GC(272)   Other: 0.9ms
[2021-05-29T17:04:43.710-0800][gc,heap     ] GC(272) Eden regions: 254->0(254)
[2021-05-29T17:04:43.710-0800][gc,heap     ] GC(272) Survivor regions: 2->2(32)
[2021-05-29T17:04:43.710-0800][gc,heap     ] GC(272) Old regions: 46->46
[2021-05-29T17:04:43.710-0800][gc,heap     ] GC(272) Archive regions: 2->2
[2021-05-29T17:04:43.710-0800][gc,heap     ] GC(272) Humongous regions: 90->90
[2021-05-29T17:04:43.710-0800][gc,metaspace] GC(272) Metaspace: 70788K(72752K)->70788K(72752K) NonClass: 62759K(63920K)->62759K(63920K) Class: 8028K(8832K)->8028K(8832K)
[2021-05-29T17:04:43.710-0800][gc          ] GC(272) Pause Young (Normal) (G1 Evacuation Pause) 391M->137M(512M) 4.168ms
[2021-05-29T17:04:43.710-0800][gc,cpu      ] GC(272) User=0.01s Sys=0.00s Real=0.01s
[2021-05-29T17:06:53.718-0800][gc,start    ] GC(273) Pause Young (Normal) (G1 Evacuation Pause)
[2021-05-29T17:06:53.719-0800][gc,task     ] GC(273) Using 10 workers of 10 for evacuation
[2021-05-29T17:06:53.721-0800][gc,phases   ] GC(273)   Pre Evacuate Collection Set: 0.2ms
[2021-05-29T17:06:53.721-0800][gc,phases   ] GC(273)   Merge Heap Roots: 0.2ms
[2021-05-29T17:06:53.721-0800][gc,phases   ] GC(273)   Evacuate Collection Set: 1.0ms
[2021-05-29T17:06:53.721-0800][gc,phases   ] GC(273)   Post Evacuate Collection Set: 0.3ms
[2021-05-29T17:06:53.721-0800][gc,phases   ] GC(273)   Other: 0.7ms
[2021-05-29T17:06:53.721-0800][gc,heap     ] GC(273) Eden regions: 254->0(254)
[2021-05-29T17:06:53.721-0800][gc,heap     ] GC(273) Survivor regions: 2->2(32)
[2021-05-29T17:06:53.721-0800][gc,heap     ] GC(273) Old regions: 46->46
[2021-05-29T17:06:53.721-0800][gc,heap     ] GC(273) Archive regions: 2->2
[2021-05-29T17:06:53.721-0800][gc,heap     ] GC(273) Humongous regions: 90->90
[2021-05-29T17:06:53.721-0800][gc,metaspace] GC(273) Metaspace: 70788K(72752K)->70788K(72752K) NonClass: 62759K(63920K)->62759K(63920K) Class: 8028K(8832K)->8028K(8832K)
[2021-05-29T17:06:53.721-0800][gc          ] GC(273) Pause Young (Normal) (G1 Evacuation Pause) 391M->137M(512M) 2.521ms
[2021-05-29T17:06:53.721-0800][gc,cpu      ] GC(273) User=0.01s Sys=0.01s Real=0.01s
[2021-05-29T17:09:00.008-0800][gc,start    ] GC(274) Pause Young (Normal) (G1 Evacuation Pause)
[2021-05-29T17:09:00.009-0800][gc,task     ] GC(274) Using 10 workers of 10 for evacuation
[2021-05-29T17:09:00.017-0800][gc,phases   ] GC(274)   Pre Evacuate Collection Set: 2.0ms
[2021-05-29T17:09:00.017-0800][gc,phases   ] GC(274)   Merge Heap Roots: 0.5ms
[2021-05-29T17:09:00.017-0800][gc,phases   ] GC(274)   Evacuate Collection Set: 4.3ms
[2021-05-29T17:09:00.017-0800][gc,phases   ] GC(274)   Post Evacuate Collection Set: 1.4ms
[2021-05-29T17:09:00.017-0800][gc,phases   ] GC(274)   Other: 1.1ms
[2021-05-29T17:09:00.017-0800][gc,heap     ] GC(274) Eden regions: 254->0(254)
[2021-05-29T17:09:00.017-0800][gc,heap     ] GC(274) Survivor regions: 2->2(32)
[2021-05-29T17:09:00.017-0800][gc,heap     ] GC(274) Old regions: 46->46
[2021-05-29T17:09:00.017-0800][gc,heap     ] GC(274) Archive regions: 2->2
[2021-05-29T17:09:00.017-0800][gc,heap     ] GC(274) Humongous regions: 90->90
[2021-05-29T17:09:00.018-0800][gc,metaspace] GC(274) Metaspace: 70788K(72752K)->70788K(72752K) NonClass: 62759K(63920K)->62759K(63920K) Class: 8028K(8832K)->8028K(8832K)
[2021-05-29T17:09:00.018-0800][gc          ] GC(274) Pause Young (Normal) (G1 Evacuation Pause) 391M->137M(512M) 9.636ms
[2021-05-29T17:09:00.018-0800][gc,cpu      ] GC(274) User=0.01s Sys=0.00s Real=0.01s
[2021-05-29T17:11:04.262-0800][gc,start    ] GC(275) Pause Young (Normal) (G1 Evacuation Pause)
[2021-05-29T17:11:04.263-0800][gc,task     ] GC(275) Using 10 workers of 10 for evacuation
[2021-05-29T17:11:04.265-0800][gc,phases   ] GC(275)   Pre Evacuate Collection Set: 0.2ms
[2021-05-29T17:11:04.265-0800][gc,phases   ] GC(275)   Merge Heap Roots: 0.1ms
[2021-05-29T17:11:04.265-0800][gc,phases   ] GC(275)   Evacuate Collection Set: 1.0ms
[2021-05-29T17:11:04.265-0800][gc,phases   ] GC(275)   Post Evacuate Collection Set: 0.4ms
[2021-05-29T17:11:04.265-0800][gc,phases   ] GC(275)   Other: 1.7ms
[2021-05-29T17:11:04.265-0800][gc,heap     ] GC(275) Eden regions: 254->0(254)
[2021-05-29T17:11:04.266-0800][gc,heap     ] GC(275) Survivor regions: 2->2(32)
[2021-05-29T17:11:04.266-0800][gc,heap     ] GC(275) Old regions: 46->46
[2021-05-29T17:11:04.266-0800][gc,heap     ] GC(275) Archive regions: 2->2
[2021-05-29T17:11:04.266-0800][gc,heap     ] GC(275) Humongous regions: 90->90
[2021-05-29T17:11:04.266-0800][gc,metaspace] GC(275) Metaspace: 70788K(72752K)->70788K(72752K) NonClass: 62759K(63920K)->62759K(63920K) Class: 8028K(8832K)->8028K(8832K)
[2021-05-29T17:11:04.266-0800][gc          ] GC(275) Pause Young (Normal) (G1 Evacuation Pause) 391M->137M(512M) 3.606ms
[2021-05-29T17:11:04.266-0800][gc,cpu      ] GC(275) User=0.01s Sys=0.00s Real=0.00s
[2021-05-29T17:13:14.067-0800][gc,start    ] GC(276) Pause Young (Normal) (G1 Evacuation Pause)
[2021-05-29T17:13:14.068-0800][gc,task     ] GC(276) Using 10 workers of 10 for evacuation
[2021-05-29T17:13:14.070-0800][gc,phases   ] GC(276)   Pre Evacuate Collection Set: 0.5ms
[2021-05-29T17:13:14.070-0800][gc,phases   ] GC(276)   Merge Heap Roots: 0.1ms
[2021-05-29T17:13:14.070-0800][gc,phases   ] GC(276)   Evacuate Collection Set: 1.3ms
[2021-05-29T17:13:14.070-0800][gc,phases   ] GC(276)   Post Evacuate Collection Set: 0.5ms
[2021-05-29T17:13:14.070-0800][gc,phases   ] GC(276)   Other: 1.1ms
[2021-05-29T17:13:14.070-0800][gc,heap     ] GC(276) Eden regions: 254->0(254)
[2021-05-29T17:13:14.070-0800][gc,heap     ] GC(276) Survivor regions: 2->2(32)
[2021-05-29T17:13:14.070-0800][gc,heap     ] GC(276) Old regions: 46->46
[2021-05-29T17:13:14.070-0800][gc,heap     ] GC(276) Archive regions: 2->2
[2021-05-29T17:13:14.071-0800][gc,heap     ] GC(276) Humongous regions: 90->90
[2021-05-29T17:13:14.071-0800][gc,metaspace] GC(276) Metaspace: 70789K(72752K)->70789K(72752K) NonClass: 62760K(63920K)->62760K(63920K) Class: 8028K(8832K)->8028K(8832K)
[2021-05-29T17:13:14.071-0800][gc          ] GC(276) Pause Young (Normal) (G1 Evacuation Pause) 391M->137M(512M) 3.621ms
[2021-05-29T17:13:14.071-0800][gc,cpu      ] GC(276) User=0.01s Sys=0.01s Real=0.01s
[2021-05-29T17:15:24.051-0800][gc,start    ] GC(277) Pause Young (Normal) (G1 Evacuation Pause)
[2021-05-29T17:15:24.051-0800][gc,task     ] GC(277) Using 10 workers of 10 for evacuation
[2021-05-29T17:15:24.054-0800][gc,phases   ] GC(277)   Pre Evacuate Collection Set: 0.2ms
[2021-05-29T17:15:24.054-0800][gc,phases   ] GC(277)   Merge Heap Roots: 0.1ms
[2021-05-29T17:15:24.054-0800][gc,phases   ] GC(277)   Evacuate Collection Set: 1.5ms
[2021-05-29T17:15:24.054-0800][gc,phases   ] GC(277)   Post Evacuate Collection Set: 0.4ms
[2021-05-29T17:15:24.054-0800][gc,phases   ] GC(277)   Other: 0.9ms
[2021-05-29T17:15:24.054-0800][gc,heap     ] GC(277) Eden regions: 254->0(254)
[2021-05-29T17:15:24.054-0800][gc,heap     ] GC(277) Survivor regions: 2->2(32)
[2021-05-29T17:15:24.054-0800][gc,heap     ] GC(277) Old regions: 46->46
[2021-05-29T17:15:24.054-0800][gc,heap     ] GC(277) Archive regions: 2->2
[2021-05-29T17:15:24.054-0800][gc,heap     ] GC(277) Humongous regions: 90->90
[2021-05-29T17:15:24.054-0800][gc,metaspace] GC(277) Metaspace: 70789K(72752K)->70789K(72752K) NonClass: 62760K(63920K)->62760K(63920K) Class: 8028K(8832K)->8028K(8832K)
[2021-05-29T17:15:24.054-0800][gc          ] GC(277) Pause Young (Normal) (G1 Evacuation Pause) 391M->137M(512M) 3.234ms
[2021-05-29T17:15:24.054-0800][gc,cpu      ] GC(277) User=0.01s Sys=0.00s Real=0.00s
[2021-05-29T17:17:34.116-0800][gc,start    ] GC(278) Pause Young (Normal) (G1 Evacuation Pause)
[2021-05-29T17:17:34.117-0800][gc,task     ] GC(278) Using 10 workers of 10 for evacuation
[2021-05-29T17:17:34.119-0800][gc,phases   ] GC(278)   Pre Evacuate Collection Set: 0.1ms
[2021-05-29T17:17:34.119-0800][gc,phases   ] GC(278)   Merge Heap Roots: 0.1ms
[2021-05-29T17:17:34.119-0800][gc,phases   ] GC(278)   Evacuate Collection Set: 1.0ms
[2021-05-29T17:17:34.119-0800][gc,phases   ] GC(278)   Post Evacuate Collection Set: 0.4ms
[2021-05-29T17:17:34.119-0800][gc,phases   ] GC(278)   Other: 0.9ms
[2021-05-29T17:17:34.119-0800][gc,heap     ] GC(278) Eden regions: 254->0(254)
[2021-05-29T17:17:34.119-0800][gc,heap     ] GC(278) Survivor regions: 2->2(32)
[2021-05-29T17:17:34.119-0800][gc,heap     ] GC(278) Old regions: 46->46
[2021-05-29T17:17:34.119-0800][gc,heap     ] GC(278) Archive regions: 2->2
[2021-05-29T17:17:34.119-0800][gc,heap     ] GC(278) Humongous regions: 90->90
[2021-05-29T17:17:34.119-0800][gc,metaspace] GC(278) Metaspace: 70789K(72752K)->70789K(72752K) NonClass: 62760K(63920K)->62760K(63920K) Class: 8028K(8832K)->8028K(8832K)
[2021-05-29T17:17:34.119-0800][gc          ] GC(278) Pause Young (Normal) (G1 Evacuation Pause) 391M->137M(512M) 2.604ms
[2021-05-29T17:17:34.119-0800][gc,cpu      ] GC(278) User=0.00s Sys=0.00s Real=0.00s
[2021-05-29T17:19:41.712-0800][gc,start    ] GC(279) Pause Young (Normal) (G1 Evacuation Pause)
[2021-05-29T17:19:41.713-0800][gc,task     ] GC(279) Using 10 workers of 10 for evacuation
[2021-05-29T17:19:41.715-0800][gc,phases   ] GC(279)   Pre Evacuate Collection Set: 0.2ms
[2021-05-29T17:19:41.715-0800][gc,phases   ] GC(279)   Merge Heap Roots: 0.1ms
[2021-05-29T17:19:41.716-0800][gc,phases   ] GC(279)   Evacuate Collection Set: 2.0ms
[2021-05-29T17:19:41.716-0800][gc,phases   ] GC(279)   Post Evacuate Collection Set: 0.4ms
[2021-05-29T17:19:41.716-0800][gc,phases   ] GC(279)   Other: 0.6ms
[2021-05-29T17:19:41.716-0800][gc,heap     ] GC(279) Eden regions: 254->0(254)
[2021-05-29T17:19:41.716-0800][gc,heap     ] GC(279) Survivor regions: 2->2(32)
[2021-05-29T17:19:41.716-0800][gc,heap     ] GC(279) Old regions: 46->46
[2021-05-29T17:19:41.716-0800][gc,heap     ] GC(279) Archive regions: 2->2
[2021-05-29T17:19:41.716-0800][gc,heap     ] GC(279) Humongous regions: 90->90
[2021-05-29T17:19:41.716-0800][gc,metaspace] GC(279) Metaspace: 70789K(72752K)->70789K(72752K) NonClass: 62760K(63920K)->62760K(63920K) Class: 8028K(8832K)->8028K(8832K)
[2021-05-29T17:19:41.716-0800][gc          ] GC(279) Pause Young (Normal) (G1 Evacuation Pause) 391M->137M(512M) 3.453ms
[2021-05-29T17:19:41.716-0800][gc,cpu      ] GC(279) User=0.01s Sys=0.00s Real=0.00s
[2021-05-29T17:21:44.997-0800][gc,start    ] GC(280) Pause Young (Normal) (G1 Evacuation Pause)
[2021-05-29T17:21:44.998-0800][gc,task     ] GC(280) Using 10 workers of 10 for evacuation
[2021-05-29T17:21:45.000-0800][gc,phases   ] GC(280)   Pre Evacuate Collection Set: 0.2ms
[2021-05-29T17:21:45.000-0800][gc,phases   ] GC(280)   Merge Heap Roots: 0.1ms
[2021-05-29T17:21:45.000-0800][gc,phases   ] GC(280)   Evacuate Collection Set: 0.9ms
[2021-05-29T17:21:45.000-0800][gc,phases   ] GC(280)   Post Evacuate Collection Set: 0.4ms
[2021-05-29T17:21:45.000-0800][gc,phases   ] GC(280)   Other: 1.8ms
[2021-05-29T17:21:45.000-0800][gc,heap     ] GC(280) Eden regions: 254->0(255)
[2021-05-29T17:21:45.000-0800][gc,heap     ] GC(280) Survivor regions: 2->1(32)
[2021-05-29T17:21:45.000-0800][gc,heap     ] GC(280) Old regions: 46->46
[2021-05-29T17:21:45.000-0800][gc,heap     ] GC(280) Archive regions: 2->2
[2021-05-29T17:21:45.000-0800][gc,heap     ] GC(280) Humongous regions: 90->90
[2021-05-29T17:21:45.001-0800][gc,metaspace] GC(280) Metaspace: 70789K(72752K)->70789K(72752K) NonClass: 62760K(63920K)->62760K(63920K) Class: 8028K(8832K)->8028K(8832K)
[2021-05-29T17:21:45.001-0800][gc          ] GC(280) Pause Young (Normal) (G1 Evacuation Pause) 391M->137M(512M) 3.500ms
[2021-05-29T17:21:45.001-0800][gc,cpu      ] GC(280) User=0.01s Sys=0.00s Real=0.01s
[2021-05-29T17:23:54.418-0800][gc,start    ] GC(281) Pause Young (Normal) (G1 Evacuation Pause)
[2021-05-29T17:23:54.419-0800][gc,task     ] GC(281) Using 10 workers of 10 for evacuation
[2021-05-29T17:23:54.421-0800][gc,phases   ] GC(281)   Pre Evacuate Collection Set: 0.1ms
[2021-05-29T17:23:54.421-0800][gc,phases   ] GC(281)   Merge Heap Roots: 0.1ms
[2021-05-29T17:23:54.421-0800][gc,phases   ] GC(281)   Evacuate Collection Set: 1.7ms
[2021-05-29T17:23:54.421-0800][gc,phases   ] GC(281)   Post Evacuate Collection Set: 0.3ms
[2021-05-29T17:23:54.421-0800][gc,phases   ] GC(281)   Other: 0.8ms
[2021-05-29T17:23:54.421-0800][gc,heap     ] GC(281) Eden regions: 255->0(255)
[2021-05-29T17:23:54.421-0800][gc,heap     ] GC(281) Survivor regions: 1->1(32)
[2021-05-29T17:23:54.421-0800][gc,heap     ] GC(281) Old regions: 46->46
[2021-05-29T17:23:54.421-0800][gc,heap     ] GC(281) Archive regions: 2->2
[2021-05-29T17:23:54.421-0800][gc,heap     ] GC(281) Humongous regions: 90->90
[2021-05-29T17:23:54.421-0800][gc,metaspace] GC(281) Metaspace: 70790K(72752K)->70790K(72752K) NonClass: 62761K(63920K)->62761K(63920K) Class: 8028K(8832K)->8028K(8832K)
[2021-05-29T17:23:54.421-0800][gc          ] GC(281) Pause Young (Normal) (G1 Evacuation Pause) 392M->137M(512M) 3.185ms
[2021-05-29T17:23:54.421-0800][gc,cpu      ] GC(281) User=0.01s Sys=0.00s Real=0.01s
[2021-05-29T17:26:04.484-0800][gc,start    ] GC(282) Pause Young (Normal) (G1 Evacuation Pause)
[2021-05-29T17:26:04.485-0800][gc,task     ] GC(282) Using 10 workers of 10 for evacuation
[2021-05-29T17:26:04.486-0800][gc,phases   ] GC(282)   Pre Evacuate Collection Set: 0.1ms
[2021-05-29T17:26:04.486-0800][gc,phases   ] GC(282)   Merge Heap Roots: 0.1ms
[2021-05-29T17:26:04.486-0800][gc,phases   ] GC(282)   Evacuate Collection Set: 0.7ms
[2021-05-29T17:26:04.486-0800][gc,phases   ] GC(282)   Post Evacuate Collection Set: 0.3ms
[2021-05-29T17:26:04.486-0800][gc,phases   ] GC(282)   Other: 0.7ms
[2021-05-29T17:26:04.486-0800][gc,heap     ] GC(282) Eden regions: 255->0(255)
[2021-05-29T17:26:04.486-0800][gc,heap     ] GC(282) Survivor regions: 1->1(32)
[2021-05-29T17:26:04.486-0800][gc,heap     ] GC(282) Old regions: 46->46
[2021-05-29T17:26:04.486-0800][gc,heap     ] GC(282) Archive regions: 2->2
[2021-05-29T17:26:04.486-0800][gc,heap     ] GC(282) Humongous regions: 90->90
[2021-05-29T17:26:04.486-0800][gc,metaspace] GC(282) Metaspace: 70790K(72752K)->70790K(72752K) NonClass: 62761K(63920K)->62761K(63920K) Class: 8028K(8832K)->8028K(8832K)
[2021-05-29T17:26:04.486-0800][gc          ] GC(282) Pause Young (Normal) (G1 Evacuation Pause) 392M->137M(512M) 1.990ms
[2021-05-29T17:26:04.486-0800][gc,cpu      ] GC(282) User=0.00s Sys=0.00s Real=0.00s
[2021-05-29T17:28:14.534-0800][gc,start    ] GC(283) Pause Young (Normal) (G1 Evacuation Pause)
[2021-05-29T17:28:14.534-0800][gc,task     ] GC(283) Using 10 workers of 10 for evacuation
[2021-05-29T17:28:14.537-0800][gc,phases   ] GC(283)   Pre Evacuate Collection Set: 0.2ms
[2021-05-29T17:28:14.537-0800][gc,phases   ] GC(283)   Merge Heap Roots: 0.1ms
[2021-05-29T17:28:14.537-0800][gc,phases   ] GC(283)   Evacuate Collection Set: 1.8ms
[2021-05-29T17:28:14.537-0800][gc,phases   ] GC(283)   Post Evacuate Collection Set: 0.4ms
[2021-05-29T17:28:14.537-0800][gc,phases   ] GC(283)   Other: 1.2ms
[2021-05-29T17:28:14.537-0800][gc,heap     ] GC(283) Eden regions: 255->0(255)
[2021-05-29T17:28:14.537-0800][gc,heap     ] GC(283) Survivor regions: 1->1(32)
[2021-05-29T17:28:14.537-0800][gc,heap     ] GC(283) Old regions: 46->46
[2021-05-29T17:28:14.537-0800][gc,heap     ] GC(283) Archive regions: 2->2
[2021-05-29T17:28:14.537-0800][gc,heap     ] GC(283) Humongous regions: 90->90
[2021-05-29T17:28:14.537-0800][gc,metaspace] GC(283) Metaspace: 70790K(72752K)->70790K(72752K) NonClass: 62761K(63920K)->62761K(63920K) Class: 8028K(8832K)->8028K(8832K)
[2021-05-29T17:28:14.537-0800][gc          ] GC(283) Pause Young (Normal) (G1 Evacuation Pause) 392M->137M(512M) 3.887ms
[2021-05-29T17:28:14.537-0800][gc,cpu      ] GC(283) User=0.00s Sys=0.00s Real=0.00s
[2021-05-29T17:30:24.568-0800][gc,start    ] GC(284) Pause Young (Normal) (G1 Evacuation Pause)
[2021-05-29T17:30:24.569-0800][gc,task     ] GC(284) Using 10 workers of 10 for evacuation
[2021-05-29T17:30:24.571-0800][gc,phases   ] GC(284)   Pre Evacuate Collection Set: 0.2ms
[2021-05-29T17:30:24.571-0800][gc,phases   ] GC(284)   Merge Heap Roots: 0.1ms
[2021-05-29T17:30:24.571-0800][gc,phases   ] GC(284)   Evacuate Collection Set: 0.8ms
[2021-05-29T17:30:24.571-0800][gc,phases   ] GC(284)   Post Evacuate Collection Set: 0.4ms
[2021-05-29T17:30:24.571-0800][gc,phases   ] GC(284)   Other: 1.1ms
[2021-05-29T17:30:24.571-0800][gc,heap     ] GC(284) Eden regions: 255->0(255)
[2021-05-29T17:30:24.571-0800][gc,heap     ] GC(284) Survivor regions: 1->1(32)
[2021-05-29T17:30:24.571-0800][gc,heap     ] GC(284) Old regions: 46->46
[2021-05-29T17:30:24.571-0800][gc,heap     ] GC(284) Archive regions: 2->2
[2021-05-29T17:30:24.571-0800][gc,heap     ] GC(284) Humongous regions: 90->90
[2021-05-29T17:30:24.571-0800][gc,metaspace] GC(284) Metaspace: 70790K(72752K)->70790K(72752K) NonClass: 62761K(63920K)->62761K(63920K) Class: 8028K(8832K)->8028K(8832K)
[2021-05-29T17:30:24.571-0800][gc          ] GC(284) Pause Young (Normal) (G1 Evacuation Pause) 392M->137M(512M) 2.734ms
[2021-05-29T17:30:24.571-0800][gc,cpu      ] GC(284) User=0.01s Sys=0.00s Real=0.01s
[2021-05-29T17:32:34.671-0800][gc,start    ] GC(285) Pause Young (Normal) (G1 Evacuation Pause)
[2021-05-29T17:32:34.672-0800][gc,task     ] GC(285) Using 10 workers of 10 for evacuation
[2021-05-29T17:32:34.680-0800][gc,phases   ] GC(285)   Pre Evacuate Collection Set: 2.0ms
[2021-05-29T17:32:34.680-0800][gc,phases   ] GC(285)   Merge Heap Roots: 0.6ms
[2021-05-29T17:32:34.680-0800][gc,phases   ] GC(285)   Evacuate Collection Set: 3.4ms
[2021-05-29T17:32:34.680-0800][gc,phases   ] GC(285)   Post Evacuate Collection Set: 1.8ms
[2021-05-29T17:32:34.681-0800][gc,phases   ] GC(285)   Other: 1.6ms
[2021-05-29T17:32:34.681-0800][gc,heap     ] GC(285) Eden regions: 255->0(255)
[2021-05-29T17:32:34.681-0800][gc,heap     ] GC(285) Survivor regions: 1->1(32)
[2021-05-29T17:32:34.681-0800][gc,heap     ] GC(285) Old regions: 46->46
[2021-05-29T17:32:34.681-0800][gc,heap     ] GC(285) Archive regions: 2->2
[2021-05-29T17:32:34.681-0800][gc,heap     ] GC(285) Humongous regions: 90->90
[2021-05-29T17:32:34.681-0800][gc,metaspace] GC(285) Metaspace: 70790K(72752K)->70790K(72752K) NonClass: 62761K(63920K)->62761K(63920K) Class: 8028K(8832K)->8028K(8832K)
[2021-05-29T17:32:34.681-0800][gc          ] GC(285) Pause Young (Normal) (G1 Evacuation Pause) 392M->137M(512M) 9.780ms
[2021-05-29T17:32:34.681-0800][gc,cpu      ] GC(285) User=0.01s Sys=0.01s Real=0.01s
[2021-05-29T17:34:42.060-0800][gc,start    ] GC(286) Pause Young (Normal) (G1 Evacuation Pause)
[2021-05-29T17:34:42.061-0800][gc,task     ] GC(286) Using 10 workers of 10 for evacuation
[2021-05-29T17:34:42.067-0800][gc,phases   ] GC(286)   Pre Evacuate Collection Set: 0.1ms
[2021-05-29T17:34:42.067-0800][gc,phases   ] GC(286)   Merge Heap Roots: 0.1ms
[2021-05-29T17:34:42.067-0800][gc,phases   ] GC(286)   Evacuate Collection Set: 5.2ms
[2021-05-29T17:34:42.067-0800][gc,phases   ] GC(286)   Post Evacuate Collection Set: 0.3ms
[2021-05-29T17:34:42.067-0800][gc,phases   ] GC(286)   Other: 0.8ms
[2021-05-29T17:34:42.067-0800][gc,heap     ] GC(286) Eden regions: 255->0(255)
[2021-05-29T17:34:42.067-0800][gc,heap     ] GC(286) Survivor regions: 1->1(32)
[2021-05-29T17:34:42.067-0800][gc,heap     ] GC(286) Old regions: 46->46
[2021-05-29T17:34:42.067-0800][gc,heap     ] GC(286) Archive regions: 2->2
[2021-05-29T17:34:42.067-0800][gc,heap     ] GC(286) Humongous regions: 90->90
[2021-05-29T17:34:42.067-0800][gc,metaspace] GC(286) Metaspace: 70793K(72752K)->70793K(72752K) NonClass: 62764K(63920K)->62764K(63920K) Class: 8028K(8832K)->8028K(8832K)
[2021-05-29T17:34:42.067-0800][gc          ] GC(286) Pause Young (Normal) (G1 Evacuation Pause) 392M->137M(512M) 6.633ms
[2021-05-29T17:34:42.067-0800][gc,cpu      ] GC(286) User=0.01s Sys=0.01s Real=0.00s
[2021-05-29T17:36:45.704-0800][gc,start    ] GC(287) Pause Young (Normal) (G1 Evacuation Pause)
[2021-05-29T17:36:45.704-0800][gc,task     ] GC(287) Using 10 workers of 10 for evacuation
[2021-05-29T17:36:45.706-0800][gc,phases   ] GC(287)   Pre Evacuate Collection Set: 0.1ms
[2021-05-29T17:36:45.706-0800][gc,phases   ] GC(287)   Merge Heap Roots: 0.1ms
[2021-05-29T17:36:45.706-0800][gc,phases   ] GC(287)   Evacuate Collection Set: 1.3ms
[2021-05-29T17:36:45.706-0800][gc,phases   ] GC(287)   Post Evacuate Collection Set: 0.3ms
[2021-05-29T17:36:45.706-0800][gc,phases   ] GC(287)   Other: 0.8ms
[2021-05-29T17:36:45.706-0800][gc,heap     ] GC(287) Eden regions: 255->0(255)
[2021-05-29T17:36:45.706-0800][gc,heap     ] GC(287) Survivor regions: 1->1(32)
[2021-05-29T17:36:45.706-0800][gc,heap     ] GC(287) Old regions: 46->46
[2021-05-29T17:36:45.706-0800][gc,heap     ] GC(287) Archive regions: 2->2
[2021-05-29T17:36:45.706-0800][gc,heap     ] GC(287) Humongous regions: 90->90
[2021-05-29T17:36:45.706-0800][gc,metaspace] GC(287) Metaspace: 70793K(72752K)->70793K(72752K) NonClass: 62764K(63920K)->62764K(63920K) Class: 8028K(8832K)->8028K(8832K)
[2021-05-29T17:36:45.706-0800][gc          ] GC(287) Pause Young (Normal) (G1 Evacuation Pause) 392M->137M(512M) 2.737ms
[2021-05-29T17:36:45.706-0800][gc,cpu      ] GC(287) User=0.00s Sys=0.00s Real=0.00s
[2021-05-29T17:38:54.991-0800][gc,start    ] GC(288) Pause Young (Normal) (G1 Evacuation Pause)
[2021-05-29T17:38:54.992-0800][gc,task     ] GC(288) Using 10 workers of 10 for evacuation
[2021-05-29T17:38:54.995-0800][gc,phases   ] GC(288)   Pre Evacuate Collection Set: 0.5ms
[2021-05-29T17:38:54.995-0800][gc,phases   ] GC(288)   Merge Heap Roots: 0.1ms
[2021-05-29T17:38:54.995-0800][gc,phases   ] GC(288)   Evacuate Collection Set: 1.8ms
[2021-05-29T17:38:54.995-0800][gc,phases   ] GC(288)   Post Evacuate Collection Set: 0.4ms
[2021-05-29T17:38:54.995-0800][gc,phases   ] GC(288)   Other: 0.7ms
[2021-05-29T17:38:54.995-0800][gc,heap     ] GC(288) Eden regions: 255->0(255)
[2021-05-29T17:38:54.995-0800][gc,heap     ] GC(288) Survivor regions: 1->1(32)
[2021-05-29T17:38:54.995-0800][gc,heap     ] GC(288) Old regions: 46->46
[2021-05-29T17:38:54.995-0800][gc,heap     ] GC(288) Archive regions: 2->2
[2021-05-29T17:38:54.995-0800][gc,heap     ] GC(288) Humongous regions: 90->90
[2021-05-29T17:38:54.995-0800][gc,metaspace] GC(288) Metaspace: 70793K(72752K)->70793K(72752K) NonClass: 62764K(63920K)->62764K(63920K) Class: 8028K(8832K)->8028K(8832K)
[2021-05-29T17:38:54.995-0800][gc          ] GC(288) Pause Young (Normal) (G1 Evacuation Pause) 392M->137M(512M) 3.675ms
[2021-05-29T17:38:54.995-0800][gc,cpu      ] GC(288) User=0.01s Sys=0.00s Real=0.00s
[2021-05-29T17:41:05.020-0800][gc,start    ] GC(289) Pause Young (Normal) (G1 Evacuation Pause)
[2021-05-29T17:41:05.021-0800][gc,task     ] GC(289) Using 10 workers of 10 for evacuation
[2021-05-29T17:41:05.023-0800][gc,phases   ] GC(289)   Pre Evacuate Collection Set: 0.2ms
[2021-05-29T17:41:05.023-0800][gc,phases   ] GC(289)   Merge Heap Roots: 0.1ms
[2021-05-29T17:41:05.023-0800][gc,phases   ] GC(289)   Evacuate Collection Set: 1.7ms
[2021-05-29T17:41:05.023-0800][gc,phases   ] GC(289)   Post Evacuate Collection Set: 0.5ms
[2021-05-29T17:41:05.023-0800][gc,phases   ] GC(289)   Other: 0.7ms
[2021-05-29T17:41:05.023-0800][gc,heap     ] GC(289) Eden regions: 255->0(255)
[2021-05-29T17:41:05.023-0800][gc,heap     ] GC(289) Survivor regions: 1->1(32)
[2021-05-29T17:41:05.023-0800][gc,heap     ] GC(289) Old regions: 46->46
[2021-05-29T17:41:05.023-0800][gc,heap     ] GC(289) Archive regions: 2->2
[2021-05-29T17:41:05.023-0800][gc,heap     ] GC(289) Humongous regions: 90->90
[2021-05-29T17:41:05.023-0800][gc,metaspace] GC(289) Metaspace: 70793K(72752K)->70793K(72752K) NonClass: 62764K(63920K)->62764K(63920K) Class: 8028K(8832K)->8028K(8832K)
[2021-05-29T17:41:05.023-0800][gc          ] GC(289) Pause Young (Normal) (G1 Evacuation Pause) 392M->137M(512M) 3.220ms
[2021-05-29T17:41:05.024-0800][gc,cpu      ] GC(289) User=0.01s Sys=0.01s Real=0.00s
[2021-05-29T17:43:15.092-0800][gc,start    ] GC(290) Pause Young (Normal) (G1 Evacuation Pause)
[2021-05-29T17:43:15.092-0800][gc,task     ] GC(290) Using 10 workers of 10 for evacuation
[2021-05-29T17:43:15.095-0800][gc,phases   ] GC(290)   Pre Evacuate Collection Set: 0.2ms
[2021-05-29T17:43:15.095-0800][gc,phases   ] GC(290)   Merge Heap Roots: 0.1ms
[2021-05-29T17:43:15.095-0800][gc,phases   ] GC(290)   Evacuate Collection Set: 1.5ms
[2021-05-29T17:43:15.095-0800][gc,phases   ] GC(290)   Post Evacuate Collection Set: 0.4ms
[2021-05-29T17:43:15.095-0800][gc,phases   ] GC(290)   Other: 0.7ms
[2021-05-29T17:43:15.095-0800][gc,heap     ] GC(290) Eden regions: 255->0(255)
[2021-05-29T17:43:15.095-0800][gc,heap     ] GC(290) Survivor regions: 1->1(32)
[2021-05-29T17:43:15.095-0800][gc,heap     ] GC(290) Old regions: 46->46
[2021-05-29T17:43:15.095-0800][gc,heap     ] GC(290) Archive regions: 2->2
[2021-05-29T17:43:15.095-0800][gc,heap     ] GC(290) Humongous regions: 90->90
[2021-05-29T17:43:15.095-0800][gc,metaspace] GC(290) Metaspace: 70796K(72752K)->70796K(72752K) NonClass: 62767K(63920K)->62767K(63920K) Class: 8028K(8832K)->8028K(8832K)
[2021-05-29T17:43:15.095-0800][gc          ] GC(290) Pause Young (Normal) (G1 Evacuation Pause) 392M->137M(512M) 3.088ms
[2021-05-29T17:43:15.095-0800][gc,cpu      ] GC(290) User=0.01s Sys=0.00s Real=0.00s
[2021-05-29T17:45:25.175-0800][gc,start    ] GC(291) Pause Young (Normal) (G1 Evacuation Pause)
[2021-05-29T17:45:25.176-0800][gc,task     ] GC(291) Using 10 workers of 10 for evacuation
[2021-05-29T17:45:25.179-0800][gc,phases   ] GC(291)   Pre Evacuate Collection Set: 0.3ms
[2021-05-29T17:45:25.179-0800][gc,phases   ] GC(291)   Merge Heap Roots: 0.2ms
[2021-05-29T17:45:25.179-0800][gc,phases   ] GC(291)   Evacuate Collection Set: 2.1ms
[2021-05-29T17:45:25.179-0800][gc,phases   ] GC(291)   Post Evacuate Collection Set: 0.6ms
[2021-05-29T17:45:25.179-0800][gc,phases   ] GC(291)   Other: 0.9ms
[2021-05-29T17:45:25.179-0800][gc,heap     ] GC(291) Eden regions: 255->0(255)
[2021-05-29T17:45:25.179-0800][gc,heap     ] GC(291) Survivor regions: 1->1(32)
[2021-05-29T17:45:25.179-0800][gc,heap     ] GC(291) Old regions: 46->47
[2021-05-29T17:45:25.179-0800][gc,heap     ] GC(291) Archive regions: 2->2
[2021-05-29T17:45:25.179-0800][gc,heap     ] GC(291) Humongous regions: 90->90
[2021-05-29T17:45:25.179-0800][gc,metaspace] GC(291) Metaspace: 70796K(72752K)->70796K(72752K) NonClass: 62767K(63920K)->62767K(63920K) Class: 8028K(8832K)->8028K(8832K)
[2021-05-29T17:45:25.179-0800][gc          ] GC(291) Pause Young (Normal) (G1 Evacuation Pause) 392M->137M(512M) 4.364ms
[2021-05-29T17:45:25.179-0800][gc,cpu      ] GC(291) User=0.01s Sys=0.01s Real=0.00s
[2021-05-29T17:47:32.454-0800][gc,start    ] GC(292) Pause Young (Normal) (G1 Evacuation Pause)
[2021-05-29T17:47:32.455-0800][gc,task     ] GC(292) Using 10 workers of 10 for evacuation
[2021-05-29T17:47:32.462-0800][gc,phases   ] GC(292)   Pre Evacuate Collection Set: 0.2ms
[2021-05-29T17:47:32.462-0800][gc,phases   ] GC(292)   Merge Heap Roots: 0.1ms
[2021-05-29T17:47:32.462-0800][gc,phases   ] GC(292)   Evacuate Collection Set: 5.1ms
[2021-05-29T17:47:32.462-0800][gc,phases   ] GC(292)   Post Evacuate Collection Set: 0.4ms
[2021-05-29T17:47:32.462-0800][gc,phases   ] GC(292)   Other: 1.3ms
[2021-05-29T17:47:32.462-0800][gc,heap     ] GC(292) Eden regions: 255->0(255)
[2021-05-29T17:47:32.462-0800][gc,heap     ] GC(292) Survivor regions: 1->1(32)
[2021-05-29T17:47:32.462-0800][gc,heap     ] GC(292) Old regions: 47->47
[2021-05-29T17:47:32.462-0800][gc,heap     ] GC(292) Archive regions: 2->2
[2021-05-29T17:47:32.462-0800][gc,heap     ] GC(292) Humongous regions: 90->90
[2021-05-29T17:47:32.462-0800][gc,metaspace] GC(292) Metaspace: 70796K(72752K)->70796K(72752K) NonClass: 62767K(63920K)->62767K(63920K) Class: 8028K(8832K)->8028K(8832K)
[2021-05-29T17:47:32.462-0800][gc          ] GC(292) Pause Young (Normal) (G1 Evacuation Pause) 392M->137M(512M) 7.307ms
[2021-05-29T17:47:32.462-0800][gc,cpu      ] GC(292) User=0.01s Sys=0.00s Real=0.01s
[2021-05-29T17:49:36.272-0800][gc,start    ] GC(293) Pause Young (Normal) (G1 Evacuation Pause)
[2021-05-29T17:49:36.273-0800][gc,task     ] GC(293) Using 10 workers of 10 for evacuation
[2021-05-29T17:49:36.275-0800][gc,phases   ] GC(293)   Pre Evacuate Collection Set: 0.2ms
[2021-05-29T17:49:36.275-0800][gc,phases   ] GC(293)   Merge Heap Roots: 0.1ms
[2021-05-29T17:49:36.275-0800][gc,phases   ] GC(293)   Evacuate Collection Set: 0.9ms
[2021-05-29T17:49:36.275-0800][gc,phases   ] GC(293)   Post Evacuate Collection Set: 1.1ms
[2021-05-29T17:49:36.275-0800][gc,phases   ] GC(293)   Other: 0.8ms
[2021-05-29T17:49:36.275-0800][gc,heap     ] GC(293) Eden regions: 255->0(255)
[2021-05-29T17:49:36.275-0800][gc,heap     ] GC(293) Survivor regions: 1->1(32)
[2021-05-29T17:49:36.275-0800][gc,heap     ] GC(293) Old regions: 47->47
[2021-05-29T17:49:36.275-0800][gc,heap     ] GC(293) Archive regions: 2->2
[2021-05-29T17:49:36.275-0800][gc,heap     ] GC(293) Humongous regions: 90->90
[2021-05-29T17:49:36.275-0800][gc,metaspace] GC(293) Metaspace: 70796K(72752K)->70796K(72752K) NonClass: 62767K(63920K)->62767K(63920K) Class: 8028K(8832K)->8028K(8832K)
[2021-05-29T17:49:36.275-0800][gc          ] GC(293) Pause Young (Normal) (G1 Evacuation Pause) 392M->137M(512M) 3.271ms
[2021-05-29T17:49:36.275-0800][gc,cpu      ] GC(293) User=0.01s Sys=0.00s Real=0.00s
[2021-05-29T17:51:45.595-0800][gc,start    ] GC(294) Pause Young (Normal) (G1 Evacuation Pause)
[2021-05-29T17:51:45.596-0800][gc,task     ] GC(294) Using 10 workers of 10 for evacuation
[2021-05-29T17:51:45.598-0800][gc,phases   ] GC(294)   Pre Evacuate Collection Set: 0.2ms
[2021-05-29T17:51:45.598-0800][gc,phases   ] GC(294)   Merge Heap Roots: 0.1ms
[2021-05-29T17:51:45.598-0800][gc,phases   ] GC(294)   Evacuate Collection Set: 1.6ms
[2021-05-29T17:51:45.598-0800][gc,phases   ] GC(294)   Post Evacuate Collection Set: 0.4ms
[2021-05-29T17:51:45.598-0800][gc,phases   ] GC(294)   Other: 0.7ms
[2021-05-29T17:51:45.598-0800][gc,heap     ] GC(294) Eden regions: 255->0(255)
[2021-05-29T17:51:45.598-0800][gc,heap     ] GC(294) Survivor regions: 1->1(32)
[2021-05-29T17:51:45.598-0800][gc,heap     ] GC(294) Old regions: 47->47
[2021-05-29T17:51:45.598-0800][gc,heap     ] GC(294) Archive regions: 2->2
[2021-05-29T17:51:45.598-0800][gc,heap     ] GC(294) Humongous regions: 90->90
[2021-05-29T17:51:45.598-0800][gc,metaspace] GC(294) Metaspace: 70796K(72752K)->70796K(72752K) NonClass: 62767K(63920K)->62767K(63920K) Class: 8028K(8832K)->8028K(8832K)
[2021-05-29T17:51:45.598-0800][gc          ] GC(294) Pause Young (Normal) (G1 Evacuation Pause) 392M->137M(512M) 2.993ms
[2021-05-29T17:51:45.598-0800][gc,cpu      ] GC(294) User=0.01s Sys=0.00s Real=0.00s
[2021-05-29T17:53:55.578-0800][gc,start    ] GC(295) Pause Young (Normal) (G1 Evacuation Pause)
[2021-05-29T17:53:55.579-0800][gc,task     ] GC(295) Using 10 workers of 10 for evacuation
[2021-05-29T17:53:55.583-0800][gc,phases   ] GC(295)   Pre Evacuate Collection Set: 0.2ms
[2021-05-29T17:53:55.583-0800][gc,phases   ] GC(295)   Merge Heap Roots: 0.1ms
[2021-05-29T17:53:55.583-0800][gc,phases   ] GC(295)   Evacuate Collection Set: 3.3ms
[2021-05-29T17:53:55.583-0800][gc,phases   ] GC(295)   Post Evacuate Collection Set: 0.3ms
[2021-05-29T17:53:55.583-0800][gc,phases   ] GC(295)   Other: 0.9ms
[2021-05-29T17:53:55.583-0800][gc,heap     ] GC(295) Eden regions: 255->0(255)
[2021-05-29T17:53:55.583-0800][gc,heap     ] GC(295) Survivor regions: 1->1(32)
[2021-05-29T17:53:55.583-0800][gc,heap     ] GC(295) Old regions: 47->47
[2021-05-29T17:53:55.583-0800][gc,heap     ] GC(295) Archive regions: 2->2
[2021-05-29T17:53:55.583-0800][gc,heap     ] GC(295) Humongous regions: 90->90
[2021-05-29T17:53:55.583-0800][gc,metaspace] GC(295) Metaspace: 70800K(72752K)->70800K(72752K) NonClass: 62771K(63920K)->62771K(63920K) Class: 8028K(8832K)->8028K(8832K)
[2021-05-29T17:53:55.583-0800][gc          ] GC(295) Pause Young (Normal) (G1 Evacuation Pause) 392M->137M(512M) 4.885ms
[2021-05-29T17:53:55.583-0800][gc,cpu      ] GC(295) User=0.01s Sys=0.00s Real=0.01s
[2021-05-29T17:56:05.642-0800][gc,start    ] GC(296) Pause Young (Normal) (G1 Evacuation Pause)
[2021-05-29T17:56:05.642-0800][gc,task     ] GC(296) Using 10 workers of 10 for evacuation
[2021-05-29T17:56:05.644-0800][gc,phases   ] GC(296)   Pre Evacuate Collection Set: 0.2ms
[2021-05-29T17:56:05.644-0800][gc,phases   ] GC(296)   Merge Heap Roots: 0.1ms
[2021-05-29T17:56:05.644-0800][gc,phases   ] GC(296)   Evacuate Collection Set: 1.0ms
[2021-05-29T17:56:05.644-0800][gc,phases   ] GC(296)   Post Evacuate Collection Set: 0.3ms
[2021-05-29T17:56:05.644-0800][gc,phases   ] GC(296)   Other: 0.6ms
[2021-05-29T17:56:05.644-0800][gc,heap     ] GC(296) Eden regions: 255->0(255)
[2021-05-29T17:56:05.644-0800][gc,heap     ] GC(296) Survivor regions: 1->1(32)
[2021-05-29T17:56:05.644-0800][gc,heap     ] GC(296) Old regions: 47->47
[2021-05-29T17:56:05.644-0800][gc,heap     ] GC(296) Archive regions: 2->2
[2021-05-29T17:56:05.644-0800][gc,heap     ] GC(296) Humongous regions: 90->90
[2021-05-29T17:56:05.644-0800][gc,metaspace] GC(296) Metaspace: 70800K(72752K)->70800K(72752K) NonClass: 62771K(63920K)->62771K(63920K) Class: 8028K(8832K)->8028K(8832K)
[2021-05-29T17:56:05.644-0800][gc          ] GC(296) Pause Young (Normal) (G1 Evacuation Pause) 392M->137M(512M) 2.443ms
[2021-05-29T17:56:05.644-0800][gc,cpu      ] GC(296) User=0.01s Sys=0.00s Real=0.00s
[2021-05-29T17:58:15.717-0800][gc,start    ] GC(297) Pause Young (Normal) (G1 Evacuation Pause)
[2021-05-29T17:58:15.718-0800][gc,task     ] GC(297) Using 10 workers of 10 for evacuation
[2021-05-29T17:58:15.728-0800][gc,phases   ] GC(297)   Pre Evacuate Collection Set: 0.4ms
[2021-05-29T17:58:15.728-0800][gc,phases   ] GC(297)   Merge Heap Roots: 0.1ms
[2021-05-29T17:58:15.728-0800][gc,phases   ] GC(297)   Evacuate Collection Set: 5.0ms
[2021-05-29T17:58:15.728-0800][gc,phases   ] GC(297)   Post Evacuate Collection Set: 4.2ms
[2021-05-29T17:58:15.728-0800][gc,phases   ] GC(297)   Other: 0.8ms
[2021-05-29T17:58:15.728-0800][gc,heap     ] GC(297) Eden regions: 255->0(255)
[2021-05-29T17:58:15.728-0800][gc,heap     ] GC(297) Survivor regions: 1->1(32)
[2021-05-29T17:58:15.728-0800][gc,heap     ] GC(297) Old regions: 47->47
[2021-05-29T17:58:15.728-0800][gc,heap     ] GC(297) Archive regions: 2->2
[2021-05-29T17:58:15.728-0800][gc,heap     ] GC(297) Humongous regions: 90->90
[2021-05-29T17:58:15.728-0800][gc,metaspace] GC(297) Metaspace: 70800K(72752K)->70800K(72752K) NonClass: 62771K(63920K)->62771K(63920K) Class: 8028K(8832K)->8028K(8832K)
[2021-05-29T17:58:15.728-0800][gc          ] GC(297) Pause Young (Normal) (G1 Evacuation Pause) 392M->137M(512M) 10.914ms
[2021-05-29T17:58:15.728-0800][gc,cpu      ] GC(297) User=0.01s Sys=0.00s Real=0.01s
[2021-05-29T18:00:22.972-0800][gc,start    ] GC(298) Pause Young (Normal) (G1 Evacuation Pause)
[2021-05-29T18:00:22.972-0800][gc,task     ] GC(298) Using 10 workers of 10 for evacuation
[2021-05-29T18:00:22.974-0800][gc,phases   ] GC(298)   Pre Evacuate Collection Set: 0.1ms
[2021-05-29T18:00:22.975-0800][gc,phases   ] GC(298)   Merge Heap Roots: 0.1ms
[2021-05-29T18:00:22.975-0800][gc,phases   ] GC(298)   Evacuate Collection Set: 1.8ms
[2021-05-29T18:00:22.975-0800][gc,phases   ] GC(298)   Post Evacuate Collection Set: 0.3ms
[2021-05-29T18:00:22.975-0800][gc,phases   ] GC(298)   Other: 0.8ms
[2021-05-29T18:00:22.975-0800][gc,heap     ] GC(298) Eden regions: 255->0(255)
[2021-05-29T18:00:22.975-0800][gc,heap     ] GC(298) Survivor regions: 1->1(32)
[2021-05-29T18:00:22.975-0800][gc,heap     ] GC(298) Old regions: 47->47
[2021-05-29T18:00:22.975-0800][gc,heap     ] GC(298) Archive regions: 2->2
[2021-05-29T18:00:22.975-0800][gc,heap     ] GC(298) Humongous regions: 90->90
[2021-05-29T18:00:22.975-0800][gc,metaspace] GC(298) Metaspace: 70800K(72752K)->70800K(72752K) NonClass: 62771K(63920K)->62771K(63920K) Class: 8028K(8832K)->8028K(8832K)
[2021-05-29T18:00:22.975-0800][gc          ] GC(298) Pause Young (Normal) (G1 Evacuation Pause) 392M->137M(512M) 3.090ms
[2021-05-29T18:00:22.975-0800][gc,cpu      ] GC(298) User=0.00s Sys=0.00s Real=0.00s
[2021-05-29T18:02:32.994-0800][gc,start    ] GC(299) Pause Young (Normal) (G1 Evacuation Pause)
[2021-05-29T18:02:32.995-0800][gc,task     ] GC(299) Using 10 workers of 10 for evacuation
[2021-05-29T18:02:32.997-0800][gc,phases   ] GC(299)   Pre Evacuate Collection Set: 0.3ms
[2021-05-29T18:02:32.997-0800][gc,phases   ] GC(299)   Merge Heap Roots: 0.1ms
[2021-05-29T18:02:32.997-0800][gc,phases   ] GC(299)   Evacuate Collection Set: 1.6ms
[2021-05-29T18:02:32.997-0800][gc,phases   ] GC(299)   Post Evacuate Collection Set: 0.3ms
