[2021-06-01T21:32:08.086-0800][gc,heap     ] GC(73) Old regions: 40->40
[2021-06-01T21:32:08.086-0800][gc,heap     ] GC(73) Archive regions: 2->2
[2021-06-01T21:32:08.086-0800][gc,heap     ] GC(73) Humongous regions: 44->44
[2021-06-01T21:32:08.086-0800][gc,metaspace] GC(73) Metaspace: 68757K(70832K)->68757K(70832K) NonClass: 60943K(62384K)->60943K(62384K) Class: 7813K(8448K)->7813K(8448K)
[2021-06-01T21:32:08.086-0800][gc          ] GC(73) Pause Young (Normal) (G1 Evacuation Pause) 339M->84M(512M) 7.837ms
[2021-06-01T21:32:08.086-0800][gc,cpu      ] GC(73) User=0.01s Sys=0.01s Real=0.01s
[2021-06-01T21:34:28.097-0800][gc,start    ] GC(74) Pause Young (Normal) (G1 Evacuation Pause)
[2021-06-01T21:34:28.098-0800][gc,task     ] GC(74) Using 10 workers of 10 for evacuation
[2021-06-01T21:34:28.101-0800][gc,phases   ] GC(74)   Pre Evacuate Collection Set: 0.1ms
[2021-06-01T21:34:28.101-0800][gc,phases   ] GC(74)   Merge Heap Roots: 0.1ms
[2021-06-01T21:34:28.101-0800][gc,phases   ] GC(74)   Evacuate Collection Set: 2.7ms
[2021-06-01T21:34:28.101-0800][gc,phases   ] GC(74)   Post Evacuate Collection Set: 0.3ms
[2021-06-01T21:34:28.101-0800][gc,phases   ] GC(74)   Other: 0.9ms
[2021-06-01T21:34:28.101-0800][gc,heap     ] GC(74) Eden regions: 255->0(255)
[2021-06-01T21:34:28.101-0800][gc,heap     ] GC(74) Survivor regions: 1->1(32)
[2021-06-01T21:34:28.101-0800][gc,heap     ] GC(74) Old regions: 40->40
[2021-06-01T21:34:28.101-0800][gc,heap     ] GC(74) Archive regions: 2->2
[2021-06-01T21:34:28.101-0800][gc,heap     ] GC(74) Humongous regions: 44->44
[2021-06-01T21:34:28.102-0800][gc,metaspace] GC(74) Metaspace: 68758K(70832K)->68758K(70832K) NonClass: 60944K(62384K)->60944K(62384K) Class: 7813K(8448K)->7813K(8448K)
[2021-06-01T21:34:28.102-0800][gc          ] GC(74) Pause Young (Normal) (G1 Evacuation Pause) 339M->84M(512M) 4.223ms
[2021-06-01T21:34:28.102-0800][gc,cpu      ] GC(74) User=0.00s Sys=0.00s Real=0.01s
[2021-06-01T21:36:48.021-0800][gc,start    ] GC(75) Pause Young (Normal) (G1 Evacuation Pause)
[2021-06-01T21:36:48.021-0800][gc,task     ] GC(75) Using 10 workers of 10 for evacuation
[2021-06-01T21:36:48.024-0800][gc,phases   ] GC(75)   Pre Evacuate Collection Set: 0.3ms
[2021-06-01T21:36:48.024-0800][gc,phases   ] GC(75)   Merge Heap Roots: 0.7ms
[2021-06-01T21:36:48.024-0800][gc,phases   ] GC(75)   Evacuate Collection Set: 1.5ms
[2021-06-01T21:36:48.024-0800][gc,phases   ] GC(75)   Post Evacuate Collection Set: 0.5ms
[2021-06-01T21:36:48.024-0800][gc,phases   ] GC(75)   Other: 0.9ms
[2021-06-01T21:36:48.024-0800][gc,heap     ] GC(75) Eden regions: 255->0(255)
[2021-06-01T21:36:48.024-0800][gc,heap     ] GC(75) Survivor regions: 1->1(32)
[2021-06-01T21:36:48.024-0800][gc,heap     ] GC(75) Old regions: 40->40
[2021-06-01T21:36:48.024-0800][gc,heap     ] GC(75) Archive regions: 2->2
[2021-06-01T21:36:48.024-0800][gc,heap     ] GC(75) Humongous regions: 44->44
[2021-06-01T21:36:48.024-0800][gc,metaspace] GC(75) Metaspace: 68758K(70832K)->68758K(70832K) NonClass: 60944K(62384K)->60944K(62384K) Class: 7813K(8448K)->7813K(8448K)
[2021-06-01T21:36:48.024-0800][gc          ] GC(75) Pause Young (Normal) (G1 Evacuation Pause) 339M->84M(512M) 3.938ms
[2021-06-01T21:36:48.025-0800][gc,cpu      ] GC(75) User=0.00s Sys=0.01s Real=0.00s
[2021-06-01T21:39:08.045-0800][gc,start    ] GC(76) Pause Young (Normal) (G1 Evacuation Pause)
[2021-06-01T21:39:08.046-0800][gc,task     ] GC(76) Using 10 workers of 10 for evacuation
[2021-06-01T21:39:08.047-0800][gc,phases   ] GC(76)   Pre Evacuate Collection Set: 0.1ms
[2021-06-01T21:39:08.047-0800][gc,phases   ] GC(76)   Merge Heap Roots: 0.1ms
[2021-06-01T21:39:08.047-0800][gc,phases   ] GC(76)   Evacuate Collection Set: 0.9ms
[2021-06-01T21:39:08.047-0800][gc,phases   ] GC(76)   Post Evacuate Collection Set: 0.4ms
[2021-06-01T21:39:08.047-0800][gc,phases   ] GC(76)   Other: 0.8ms
[2021-06-01T21:39:08.047-0800][gc,heap     ] GC(76) Eden regions: 255->0(255)
[2021-06-01T21:39:08.047-0800][gc,heap     ] GC(76) Survivor regions: 1->1(32)
[2021-06-01T21:39:08.047-0800][gc,heap     ] GC(76) Old regions: 40->40
[2021-06-01T21:39:08.047-0800][gc,heap     ] GC(76) Archive regions: 2->2
[2021-06-01T21:39:08.047-0800][gc,heap     ] GC(76) Humongous regions: 44->44
[2021-06-01T21:39:08.047-0800][gc,metaspace] GC(76) Metaspace: 68758K(70832K)->68758K(70832K) NonClass: 60944K(62384K)->60944K(62384K) Class: 7813K(8448K)->7813K(8448K)
[2021-06-01T21:39:08.047-0800][gc          ] GC(76) Pause Young (Normal) (G1 Evacuation Pause) 339M->84M(512M) 2.399ms
[2021-06-01T21:39:08.047-0800][gc,cpu      ] GC(76) User=0.01s Sys=0.00s Real=0.00s
[2021-06-01T22:42:08.324-0800][gc,start    ] GC(77) Pause Young (Normal) (G1 Evacuation Pause)
[2021-06-01T22:42:08.326-0800][gc,task     ] GC(77) Using 10 workers of 10 for evacuation
[2021-06-01T22:42:08.343-0800][gc,phases   ] GC(77)   Pre Evacuate Collection Set: 2.5ms
[2021-06-01T22:42:08.343-0800][gc,phases   ] GC(77)   Merge Heap Roots: 0.8ms
[2021-06-01T22:42:08.343-0800][gc,phases   ] GC(77)   Evacuate Collection Set: 11.8ms
[2021-06-01T22:42:08.343-0800][gc,phases   ] GC(77)   Post Evacuate Collection Set: 1.4ms
[2021-06-01T22:42:08.343-0800][gc,phases   ] GC(77)   Other: 2.1ms
[2021-06-01T22:42:08.343-0800][gc,heap     ] GC(77) Eden regions: 255->0(255)
[2021-06-01T22:42:08.343-0800][gc,heap     ] GC(77) Survivor regions: 1->1(32)
[2021-06-01T22:42:08.343-0800][gc,heap     ] GC(77) Old regions: 40->40
[2021-06-01T22:42:08.343-0800][gc,heap     ] GC(77) Archive regions: 2->2
[2021-06-01T22:42:08.343-0800][gc,heap     ] GC(77) Humongous regions: 44->44
[2021-06-01T22:42:08.343-0800][gc,metaspace] GC(77) Metaspace: 68794K(70832K)->68794K(70832K) NonClass: 60980K(62384K)->60980K(62384K) Class: 7813K(8448K)->7813K(8448K)
[2021-06-01T22:42:08.343-0800][gc          ] GC(77) Pause Young (Normal) (G1 Evacuation Pause) 339M->84M(512M) 18.646ms
[2021-06-01T22:42:08.343-0800][gc,cpu      ] GC(77) User=0.01s Sys=0.08s Real=0.02s
[2021-06-02T11:40:48.726-0800][gc,start    ] GC(78) Pause Young (Normal) (G1 Evacuation Pause)
[2021-06-02T11:40:48.728-0800][gc,task     ] GC(78) Using 10 workers of 10 for evacuation
[2021-06-02T11:40:48.739-0800][gc,phases   ] GC(78)   Pre Evacuate Collection Set: 1.9ms
[2021-06-02T11:40:48.739-0800][gc,phases   ] GC(78)   Merge Heap Roots: 0.8ms
[2021-06-02T11:40:48.740-0800][gc,phases   ] GC(78)   Evacuate Collection Set: 6.6ms
[2021-06-02T11:40:48.740-0800][gc,phases   ] GC(78)   Post Evacuate Collection Set: 2.2ms
[2021-06-02T11:40:48.740-0800][gc,phases   ] GC(78)   Other: 2.1ms
[2021-06-02T11:40:48.740-0800][gc,heap     ] GC(78) Eden regions: 255->0(255)
[2021-06-02T11:40:48.740-0800][gc,heap     ] GC(78) Survivor regions: 1->1(32)
[2021-06-02T11:40:48.740-0800][gc,heap     ] GC(78) Old regions: 40->40
[2021-06-02T11:40:48.740-0800][gc,heap     ] GC(78) Archive regions: 2->2
[2021-06-02T11:40:48.740-0800][gc,heap     ] GC(78) Humongous regions: 44->44
[2021-06-02T11:40:48.740-0800][gc,metaspace] GC(78) Metaspace: 68849K(70832K)->68849K(70832K) NonClass: 61035K(62384K)->61035K(62384K) Class: 7814K(8448K)->7814K(8448K)
[2021-06-02T11:40:48.740-0800][gc          ] GC(78) Pause Young (Normal) (G1 Evacuation Pause) 339M->85M(512M) 13.678ms
[2021-06-02T11:40:48.740-0800][gc,cpu      ] GC(78) User=0.01s Sys=0.05s Real=0.02s
[2021-06-02T12:57:01.818-0800][gc,start    ] GC(79) Pause Young (Normal) (G1 Evacuation Pause)
[2021-06-02T12:57:01.818-0800][gc,task     ] GC(79) Using 10 workers of 10 for evacuation
[2021-06-02T12:57:01.859-0800][gc,phases   ] GC(79)   Pre Evacuate Collection Set: 4.0ms
[2021-06-02T12:57:01.859-0800][gc,phases   ] GC(79)   Merge Heap Roots: 2.7ms
[2021-06-02T12:57:01.859-0800][gc,phases   ] GC(79)   Evacuate Collection Set: 26.7ms
[2021-06-02T12:57:01.859-0800][gc,phases   ] GC(79)   Post Evacuate Collection Set: 5.6ms
[2021-06-02T12:57:01.860-0800][gc,phases   ] GC(79)   Other: 2.5ms
[2021-06-02T12:57:01.860-0800][gc,heap     ] GC(79) Eden regions: 255->0(254)
[2021-06-02T12:57:01.860-0800][gc,heap     ] GC(79) Survivor regions: 1->2(32)
[2021-06-02T12:57:01.860-0800][gc,heap     ] GC(79) Old regions: 40->40
[2021-06-02T12:57:01.860-0800][gc,heap     ] GC(79) Archive regions: 2->2
[2021-06-02T12:57:01.860-0800][gc,heap     ] GC(79) Humongous regions: 44->44
[2021-06-02T12:57:01.860-0800][gc,metaspace] GC(79) Metaspace: 68883K(70832K)->68883K(70832K) NonClass: 61069K(62384K)->61069K(62384K) Class: 7814K(8448K)->7814K(8448K)
[2021-06-02T12:57:01.860-0800][gc          ] GC(79) Pause Young (Normal) (G1 Evacuation Pause) 340M->85M(512M) 42.166ms
[2021-06-02T12:57:01.860-0800][gc,cpu      ] GC(79) User=0.02s Sys=0.08s Real=0.05s
[2021-06-02T12:59:21.763-0800][gc,start    ] GC(80) Pause Young (Normal) (G1 Evacuation Pause)
[2021-06-02T12:59:21.764-0800][gc,task     ] GC(80) Using 10 workers of 10 for evacuation
[2021-06-02T12:59:21.771-0800][gc,phases   ] GC(80)   Pre Evacuate Collection Set: 0.2ms
[2021-06-02T12:59:21.771-0800][gc,phases   ] GC(80)   Merge Heap Roots: 0.1ms
[2021-06-02T12:59:21.771-0800][gc,phases   ] GC(80)   Evacuate Collection Set: 5.6ms
[2021-06-02T12:59:21.771-0800][gc,phases   ] GC(80)   Post Evacuate Collection Set: 1.0ms
[2021-06-02T12:59:21.771-0800][gc,phases   ] GC(80)   Other: 1.5ms
[2021-06-02T12:59:21.771-0800][gc,heap     ] GC(80) Eden regions: 254->0(254)
[2021-06-02T12:59:21.771-0800][gc,heap     ] GC(80) Survivor regions: 2->2(32)
[2021-06-02T12:59:21.771-0800][gc,heap     ] GC(80) Old regions: 40->40
[2021-06-02T12:59:21.771-0800][gc,heap     ] GC(80) Archive regions: 2->2
[2021-06-02T12:59:21.771-0800][gc,heap     ] GC(80) Humongous regions: 44->44
[2021-06-02T12:59:21.771-0800][gc,metaspace] GC(80) Metaspace: 68883K(70832K)->68883K(70832K) NonClass: 61069K(62384K)->61069K(62384K) Class: 7814K(8448K)->7814K(8448K)
[2021-06-02T12:59:21.771-0800][gc          ] GC(80) Pause Young (Normal) (G1 Evacuation Pause) 339M->85M(512M) 8.556ms
[2021-06-02T12:59:21.771-0800][gc,cpu      ] GC(80) User=0.01s Sys=0.01s Real=0.01s
[2021-06-02T13:01:40.438-0800][gc,start    ] GC(81) Pause Young (Normal) (G1 Evacuation Pause)
[2021-06-02T13:01:40.439-0800][gc,task     ] GC(81) Using 10 workers of 10 for evacuation
[2021-06-02T13:01:40.451-0800][gc,phases   ] GC(81)   Pre Evacuate Collection Set: 2.2ms
[2021-06-02T13:01:40.451-0800][gc,phases   ] GC(81)   Merge Heap Roots: 0.7ms
[2021-06-02T13:01:40.451-0800][gc,phases   ] GC(81)   Evacuate Collection Set: 5.7ms
[2021-06-02T13:01:40.451-0800][gc,phases   ] GC(81)   Post Evacuate Collection Set: 3.5ms
[2021-06-02T13:01:40.451-0800][gc,phases   ] GC(81)   Other: 1.3ms
[2021-06-02T13:01:40.451-0800][gc,heap     ] GC(81) Eden regions: 254->0(254)
[2021-06-02T13:01:40.451-0800][gc,heap     ] GC(81) Survivor regions: 2->2(32)
[2021-06-02T13:01:40.451-0800][gc,heap     ] GC(81) Old regions: 40->40
[2021-06-02T13:01:40.451-0800][gc,heap     ] GC(81) Archive regions: 2->2
[2021-06-02T13:01:40.451-0800][gc,heap     ] GC(81) Humongous regions: 44->44
[2021-06-02T13:01:40.451-0800][gc,metaspace] GC(81) Metaspace: 68883K(70832K)->68883K(70832K) NonClass: 61069K(62384K)->61069K(62384K) Class: 7814K(8448K)->7814K(8448K)
[2021-06-02T13:01:40.451-0800][gc          ] GC(81) Pause Young (Normal) (G1 Evacuation Pause) 339M->85M(512M) 13.446ms
[2021-06-02T13:01:40.451-0800][gc,cpu      ] GC(81) User=0.01s Sys=0.04s Real=0.02s
[2021-06-02T13:03:58.141-0800][gc,start    ] GC(82) Pause Young (Normal) (G1 Evacuation Pause)
[2021-06-02T13:03:58.142-0800][gc,task     ] GC(82) Using 10 workers of 10 for evacuation
[2021-06-02T13:03:58.148-0800][gc,phases   ] GC(82)   Pre Evacuate Collection Set: 0.1ms
[2021-06-02T13:03:58.148-0800][gc,phases   ] GC(82)   Merge Heap Roots: 1.1ms
[2021-06-02T13:03:58.148-0800][gc,phases   ] GC(82)   Evacuate Collection Set: 4.2ms
[2021-06-02T13:03:58.148-0800][gc,phases   ] GC(82)   Post Evacuate Collection Set: 0.5ms
[2021-06-02T13:03:58.148-0800][gc,phases   ] GC(82)   Other: 0.9ms
[2021-06-02T13:03:58.148-0800][gc,heap     ] GC(82) Eden regions: 254->0(254)
[2021-06-02T13:03:58.148-0800][gc,heap     ] GC(82) Survivor regions: 2->2(32)
[2021-06-02T13:03:58.148-0800][gc,heap     ] GC(82) Old regions: 40->40
[2021-06-02T13:03:58.148-0800][gc,heap     ] GC(82) Archive regions: 2->2
[2021-06-02T13:03:58.148-0800][gc,heap     ] GC(82) Humongous regions: 44->44
[2021-06-02T13:03:58.148-0800][gc,metaspace] GC(82) Metaspace: 68883K(70832K)->68883K(70832K) NonClass: 61069K(62384K)->61069K(62384K) Class: 7814K(8448K)->7814K(8448K)
[2021-06-02T13:03:58.148-0800][gc          ] GC(82) Pause Young (Normal) (G1 Evacuation Pause) 339M->85M(512M) 6.993ms
[2021-06-02T13:03:58.148-0800][gc,cpu      ] GC(82) User=0.01s Sys=0.00s Real=0.00s
[2021-06-02T13:06:17.617-0800][gc,start    ] GC(83) Pause Young (Normal) (G1 Evacuation Pause)
[2021-06-02T13:06:17.618-0800][gc,task     ] GC(83) Using 10 workers of 10 for evacuation
[2021-06-02T13:06:17.624-0800][gc,phases   ] GC(83)   Pre Evacuate Collection Set: 0.1ms
[2021-06-02T13:06:17.624-0800][gc,phases   ] GC(83)   Merge Heap Roots: 0.1ms
[2021-06-02T13:06:17.624-0800][gc,phases   ] GC(83)   Evacuate Collection Set: 4.4ms
[2021-06-02T13:06:17.624-0800][gc,phases   ] GC(83)   Post Evacuate Collection Set: 0.8ms
[2021-06-02T13:06:17.624-0800][gc,phases   ] GC(83)   Other: 1.2ms
[2021-06-02T13:06:17.624-0800][gc,heap     ] GC(83) Eden regions: 254->0(254)
[2021-06-02T13:06:17.624-0800][gc,heap     ] GC(83) Survivor regions: 2->2(32)
[2021-06-02T13:06:17.624-0800][gc,heap     ] GC(83) Old regions: 40->40
[2021-06-02T13:06:17.624-0800][gc,heap     ] GC(83) Archive regions: 2->2
[2021-06-02T13:06:17.624-0800][gc,heap     ] GC(83) Humongous regions: 44->44
[2021-06-02T13:06:17.624-0800][gc,metaspace] GC(83) Metaspace: 68884K(70832K)->68884K(70832K) NonClass: 61070K(62384K)->61070K(62384K) Class: 7814K(8448K)->7814K(8448K)
[2021-06-02T13:06:17.625-0800][gc          ] GC(83) Pause Young (Normal) (G1 Evacuation Pause) 339M->85M(512M) 7.543ms
[2021-06-02T13:06:17.625-0800][gc,cpu      ] GC(83) User=0.01s Sys=0.00s Real=0.01s
[2021-06-02T13:09:21.241-0800][gc,start    ] GC(84) Pause Young (Normal) (G1 Evacuation Pause)
[2021-06-02T13:09:21.242-0800][gc,task     ] GC(84) Using 10 workers of 10 for evacuation
[2021-06-02T13:09:21.251-0800][gc,phases   ] GC(84)   Pre Evacuate Collection Set: 0.2ms
[2021-06-02T13:09:21.251-0800][gc,phases   ] GC(84)   Merge Heap Roots: 0.1ms
[2021-06-02T13:09:21.251-0800][gc,phases   ] GC(84)   Evacuate Collection Set: 7.0ms
[2021-06-02T13:09:21.251-0800][gc,phases   ] GC(84)   Post Evacuate Collection Set: 1.0ms
[2021-06-02T13:09:21.251-0800][gc,phases   ] GC(84)   Other: 1.2ms
[2021-06-02T13:09:21.251-0800][gc,heap     ] GC(84) Eden regions: 254->0(254)
[2021-06-02T13:09:21.251-0800][gc,heap     ] GC(84) Survivor regions: 2->2(32)
[2021-06-02T13:09:21.251-0800][gc,heap     ] GC(84) Old regions: 40->40
[2021-06-02T13:09:21.251-0800][gc,heap     ] GC(84) Archive regions: 2->2
[2021-06-02T13:09:21.251-0800][gc,heap     ] GC(84) Humongous regions: 44->44
[2021-06-02T13:09:21.251-0800][gc,metaspace] GC(84) Metaspace: 68941K(70832K)->68941K(70832K) NonClass: 61126K(62384K)->61126K(62384K) Class: 7814K(8448K)->7814K(8448K)
[2021-06-02T13:09:21.251-0800][gc          ] GC(84) Pause Young (Normal) (G1 Evacuation Pause) 339M->85M(512M) 9.779ms
[2021-06-02T13:09:21.251-0800][gc,cpu      ] GC(84) User=0.01s Sys=0.01s Real=0.01s
[2021-06-02T13:17:34.522-0800][gc,start    ] GC(85) Pause Young (Normal) (G1 Evacuation Pause)
[2021-06-02T13:17:34.523-0800][gc,task     ] GC(85) Using 10 workers of 10 for evacuation
[2021-06-02T13:17:34.566-0800][gc,phases   ] GC(85)   Pre Evacuate Collection Set: 0.7ms
[2021-06-02T13:17:34.566-0800][gc,phases   ] GC(85)   Merge Heap Roots: 0.1ms
[2021-06-02T13:17:34.566-0800][gc,phases   ] GC(85)   Evacuate Collection Set: 41.8ms
[2021-06-02T13:17:34.566-0800][gc,phases   ] GC(85)   Post Evacuate Collection Set: 0.6ms
[2021-06-02T13:17:34.566-0800][gc,phases   ] GC(85)   Other: 1.1ms
[2021-06-02T13:17:34.566-0800][gc,heap     ] GC(85) Eden regions: 254->0(253)
[2021-06-02T13:17:34.566-0800][gc,heap     ] GC(85) Survivor regions: 2->3(32)
[2021-06-02T13:17:34.566-0800][gc,heap     ] GC(85) Old regions: 40->40
[2021-06-02T13:17:34.566-0800][gc,heap     ] GC(85) Archive regions: 2->2
[2021-06-02T13:17:34.566-0800][gc,heap     ] GC(85) Humongous regions: 46->46
[2021-06-02T13:17:34.570-0800][gc,metaspace] GC(85) Metaspace: 69006K(70832K)->69006K(70832K) NonClass: 61189K(62384K)->61189K(62384K) Class: 7816K(8448K)->7816K(8448K)
[2021-06-02T13:17:34.570-0800][gc          ] GC(85) Pause Young (Normal) (G1 Evacuation Pause) 341M->88M(512M) 48.267ms
[2021-06-02T13:17:34.570-0800][gc,cpu      ] GC(85) User=0.03s Sys=0.05s Real=0.05s
[2021-06-02T13:19:54.537-0800][gc,start    ] GC(86) Pause Young (Normal) (G1 Evacuation Pause)
[2021-06-02T13:19:54.538-0800][gc,task     ] GC(86) Using 10 workers of 10 for evacuation
[2021-06-02T13:19:54.540-0800][gc,phases   ] GC(86)   Pre Evacuate Collection Set: 0.1ms
[2021-06-02T13:19:54.541-0800][gc,phases   ] GC(86)   Merge Heap Roots: 0.1ms
[2021-06-02T13:19:54.541-0800][gc,phases   ] GC(86)   Evacuate Collection Set: 2.0ms
[2021-06-02T13:19:54.541-0800][gc,phases   ] GC(86)   Post Evacuate Collection Set: 0.4ms
[2021-06-02T13:19:54.541-0800][gc,phases   ] GC(86)   Other: 1.0ms
[2021-06-02T13:19:54.541-0800][gc,heap     ] GC(86) Eden regions: 253->0(253)
[2021-06-02T13:19:54.541-0800][gc,heap     ] GC(86) Survivor regions: 3->3(32)
[2021-06-02T13:19:54.541-0800][gc,heap     ] GC(86) Old regions: 40->40
[2021-06-02T13:19:54.541-0800][gc,heap     ] GC(86) Archive regions: 2->2
[2021-06-02T13:19:54.541-0800][gc,heap     ] GC(86) Humongous regions: 46->46
[2021-06-02T13:19:54.541-0800][gc,metaspace] GC(86) Metaspace: 69006K(70832K)->69006K(70832K) NonClass: 61189K(62384K)->61189K(62384K) Class: 7816K(8448K)->7816K(8448K)
[2021-06-02T13:19:54.541-0800][gc          ] GC(86) Pause Young (Normal) (G1 Evacuation Pause) 341M->88M(512M) 3.761ms
[2021-06-02T13:19:54.541-0800][gc,cpu      ] GC(86) User=0.01s Sys=0.00s Real=0.01s
[2021-06-02T13:22:14.473-0800][gc,start    ] GC(87) Pause Young (Normal) (G1 Evacuation Pause)
[2021-06-02T13:22:14.474-0800][gc,task     ] GC(87) Using 10 workers of 10 for evacuation
[2021-06-02T13:22:14.477-0800][gc,phases   ] GC(87)   Pre Evacuate Collection Set: 0.1ms
[2021-06-02T13:22:14.477-0800][gc,phases   ] GC(87)   Merge Heap Roots: 0.1ms
[2021-06-02T13:22:14.477-0800][gc,phases   ] GC(87)   Evacuate Collection Set: 1.8ms
[2021-06-02T13:22:14.477-0800][gc,phases   ] GC(87)   Post Evacuate Collection Set: 0.4ms
[2021-06-02T13:22:14.477-0800][gc,phases   ] GC(87)   Other: 1.1ms
[2021-06-02T13:22:14.477-0800][gc,heap     ] GC(87) Eden regions: 253->0(253)
[2021-06-02T13:22:14.477-0800][gc,heap     ] GC(87) Survivor regions: 3->3(32)
[2021-06-02T13:22:14.477-0800][gc,heap     ] GC(87) Old regions: 40->40
[2021-06-02T13:22:14.477-0800][gc,heap     ] GC(87) Archive regions: 2->2
[2021-06-02T13:22:14.477-0800][gc,heap     ] GC(87) Humongous regions: 46->46
[2021-06-02T13:22:14.477-0800][gc,metaspace] GC(87) Metaspace: 69012K(71088K)->69012K(71088K) NonClass: 61196K(62640K)->61196K(62640K) Class: 7816K(8448K)->7816K(8448K)
[2021-06-02T13:22:14.477-0800][gc          ] GC(87) Pause Young (Normal) (G1 Evacuation Pause) 341M->88M(512M) 4.104ms
[2021-06-02T13:22:14.477-0800][gc,cpu      ] GC(87) User=0.01s Sys=0.00s Real=0.00s
[2021-06-02T13:24:24.848-0800][gc,start    ] GC(88) Pause Young (Normal) (G1 Evacuation Pause)
[2021-06-02T13:24:24.849-0800][gc,task     ] GC(88) Using 10 workers of 10 for evacuation
[2021-06-02T13:24:24.853-0800][gc,phases   ] GC(88)   Pre Evacuate Collection Set: 0.1ms
[2021-06-02T13:24:24.853-0800][gc,phases   ] GC(88)   Merge Heap Roots: 0.1ms
[2021-06-02T13:24:24.853-0800][gc,phases   ] GC(88)   Evacuate Collection Set: 3.1ms
[2021-06-02T13:24:24.853-0800][gc,phases   ] GC(88)   Post Evacuate Collection Set: 0.4ms
[2021-06-02T13:24:24.853-0800][gc,phases   ] GC(88)   Other: 1.3ms
[2021-06-02T13:24:24.853-0800][gc,heap     ] GC(88) Eden regions: 253->0(253)
[2021-06-02T13:24:24.853-0800][gc,heap     ] GC(88) Survivor regions: 3->3(32)
[2021-06-02T13:24:24.853-0800][gc,heap     ] GC(88) Old regions: 40->40
[2021-06-02T13:24:24.853-0800][gc,heap     ] GC(88) Archive regions: 2->2
[2021-06-02T13:24:24.853-0800][gc,heap     ] GC(88) Humongous regions: 46->46
[2021-06-02T13:24:24.853-0800][gc,metaspace] GC(88) Metaspace: 69012K(71088K)->69012K(71088K) NonClass: 61196K(62640K)->61196K(62640K) Class: 7816K(8448K)->7816K(8448K)
[2021-06-02T13:24:24.853-0800][gc          ] GC(88) Pause Young (Normal) (G1 Evacuation Pause) 341M->88M(512M) 5.180ms
[2021-06-02T13:24:24.853-0800][gc,cpu      ] GC(88) User=0.01s Sys=0.01s Real=0.01s
[2021-06-02T13:26:44.815-0800][gc,start    ] GC(89) Pause Young (Normal) (G1 Evacuation Pause)
[2021-06-02T13:26:44.815-0800][gc,task     ] GC(89) Using 10 workers of 10 for evacuation
[2021-06-02T13:26:44.817-0800][gc,phases   ] GC(89)   Pre Evacuate Collection Set: 0.2ms
[2021-06-02T13:26:44.817-0800][gc,phases   ] GC(89)   Merge Heap Roots: 0.1ms
[2021-06-02T13:26:44.817-0800][gc,phases   ] GC(89)   Evacuate Collection Set: 1.4ms
[2021-06-02T13:26:44.817-0800][gc,phases   ] GC(89)   Post Evacuate Collection Set: 0.4ms
[2021-06-02T13:26:44.817-0800][gc,phases   ] GC(89)   Other: 0.4ms
[2021-06-02T13:26:44.817-0800][gc,heap     ] GC(89) Eden regions: 253->0(253)
[2021-06-02T13:26:44.817-0800][gc,heap     ] GC(89) Survivor regions: 3->3(32)
[2021-06-02T13:26:44.817-0800][gc,heap     ] GC(89) Old regions: 40->40
[2021-06-02T13:26:44.817-0800][gc,heap     ] GC(89) Archive regions: 2->2
[2021-06-02T13:26:44.817-0800][gc,heap     ] GC(89) Humongous regions: 46->46
[2021-06-02T13:26:44.818-0800][gc,metaspace] GC(89) Metaspace: 69012K(71088K)->69012K(71088K) NonClass: 61196K(62640K)->61196K(62640K) Class: 7816K(8448K)->7816K(8448K)
[2021-06-02T13:26:44.818-0800][gc          ] GC(89) Pause Young (Normal) (G1 Evacuation Pause) 341M->88M(512M) 2.701ms
[2021-06-02T13:26:44.818-0800][gc,cpu      ] GC(89) User=0.01s Sys=0.00s Real=0.00s
[2021-06-02T13:29:04.855-0800][gc,start    ] GC(90) Pause Young (Normal) (G1 Evacuation Pause)
[2021-06-02T13:29:04.856-0800][gc,task     ] GC(90) Using 10 workers of 10 for evacuation
[2021-06-02T13:29:04.858-0800][gc,phases   ] GC(90)   Pre Evacuate Collection Set: 0.2ms
[2021-06-02T13:29:04.858-0800][gc,phases   ] GC(90)   Merge Heap Roots: 0.1ms
[2021-06-02T13:29:04.858-0800][gc,phases   ] GC(90)   Evacuate Collection Set: 1.0ms
[2021-06-02T13:29:04.858-0800][gc,phases   ] GC(90)   Post Evacuate Collection Set: 0.5ms
[2021-06-02T13:29:04.858-0800][gc,phases   ] GC(90)   Other: 1.6ms
[2021-06-02T13:29:04.858-0800][gc,heap     ] GC(90) Eden regions: 253->0(253)
[2021-06-02T13:29:04.858-0800][gc,heap     ] GC(90) Survivor regions: 3->3(32)
[2021-06-02T13:29:04.858-0800][gc,heap     ] GC(90) Old regions: 40->40
[2021-06-02T13:29:04.858-0800][gc,heap     ] GC(90) Archive regions: 2->2
[2021-06-02T13:29:04.858-0800][gc,heap     ] GC(90) Humongous regions: 46->46
[2021-06-02T13:29:04.858-0800][gc,metaspace] GC(90) Metaspace: 69012K(71088K)->69012K(71088K) NonClass: 61196K(62640K)->61196K(62640K) Class: 7816K(8448K)->7816K(8448K)
[2021-06-02T13:29:04.858-0800][gc          ] GC(90) Pause Young (Normal) (G1 Evacuation Pause) 341M->88M(512M) 3.418ms
[2021-06-02T13:29:04.858-0800][gc,cpu      ] GC(90) User=0.01s Sys=0.01s Real=0.00s
[2021-06-02T13:31:24.659-0800][gc,start    ] GC(91) Pause Young (Normal) (G1 Evacuation Pause)
[2021-06-02T13:31:24.660-0800][gc,task     ] GC(91) Using 10 workers of 10 for evacuation
[2021-06-02T13:31:24.664-0800][gc,phases   ] GC(91)   Pre Evacuate Collection Set: 0.2ms
[2021-06-02T13:31:24.664-0800][gc,phases   ] GC(91)   Merge Heap Roots: 0.1ms
[2021-06-02T13:31:24.664-0800][gc,phases   ] GC(91)   Evacuate Collection Set: 3.2ms
[2021-06-02T13:31:24.664-0800][gc,phases   ] GC(91)   Post Evacuate Collection Set: 0.5ms
[2021-06-02T13:31:24.664-0800][gc,phases   ] GC(91)   Other: 1.2ms
[2021-06-02T13:31:24.664-0800][gc,heap     ] GC(91) Eden regions: 253->0(253)
[2021-06-02T13:31:24.664-0800][gc,heap     ] GC(91) Survivor regions: 3->3(32)
[2021-06-02T13:31:24.664-0800][gc,heap     ] GC(91) Old regions: 40->40
[2021-06-02T13:31:24.664-0800][gc,heap     ] GC(91) Archive regions: 2->2
[2021-06-02T13:31:24.664-0800][gc,heap     ] GC(91) Humongous regions: 46->46
[2021-06-02T13:31:24.664-0800][gc,metaspace] GC(91) Metaspace: 69012K(71088K)->69012K(71088K) NonClass: 61196K(62640K)->61196K(62640K) Class: 7816K(8448K)->7816K(8448K)
[2021-06-02T13:31:24.664-0800][gc          ] GC(91) Pause Young (Normal) (G1 Evacuation Pause) 341M->88M(512M) 5.335ms
[2021-06-02T13:31:24.664-0800][gc,cpu      ] GC(91) User=0.01s Sys=0.01s Real=0.01s
[2021-06-02T13:33:35.208-0800][gc,start    ] GC(92) Pause Young (Normal) (G1 Evacuation Pause)
[2021-06-02T13:33:35.209-0800][gc,task     ] GC(92) Using 10 workers of 10 for evacuation
[2021-06-02T13:33:35.213-0800][gc,phases   ] GC(92)   Pre Evacuate Collection Set: 0.6ms
[2021-06-02T13:33:35.213-0800][gc,phases   ] GC(92)   Merge Heap Roots: 0.1ms
[2021-06-02T13:33:35.213-0800][gc,phases   ] GC(92)   Evacuate Collection Set: 2.4ms
[2021-06-02T13:33:35.213-0800][gc,phases   ] GC(92)   Post Evacuate Collection Set: 0.4ms
[2021-06-02T13:33:35.213-0800][gc,phases   ] GC(92)   Other: 1.5ms
[2021-06-02T13:33:35.213-0800][gc,heap     ] GC(92) Eden regions: 253->0(253)
[2021-06-02T13:33:35.213-0800][gc,heap     ] GC(92) Survivor regions: 3->3(32)
[2021-06-02T13:33:35.213-0800][gc,heap     ] GC(92) Old regions: 40->40
[2021-06-02T13:33:35.213-0800][gc,heap     ] GC(92) Archive regions: 2->2
[2021-06-02T13:33:35.213-0800][gc,heap     ] GC(92) Humongous regions: 46->46
[2021-06-02T13:33:35.213-0800][gc,metaspace] GC(92) Metaspace: 69015K(71088K)->69015K(71088K) NonClass: 61198K(62640K)->61198K(62640K) Class: 7816K(8448K)->7816K(8448K)
[2021-06-02T13:33:35.213-0800][gc          ] GC(92) Pause Young (Normal) (G1 Evacuation Pause) 341M->88M(512M) 5.109ms
[2021-06-02T13:33:35.213-0800][gc,cpu      ] GC(92) User=0.02s Sys=0.01s Real=0.01s
[2021-06-02T13:35:55.191-0800][gc,start    ] GC(93) Pause Young (Normal) (G1 Evacuation Pause)
[2021-06-02T13:35:55.192-0800][gc,task     ] GC(93) Using 10 workers of 10 for evacuation
[2021-06-02T13:35:55.195-0800][gc,phases   ] GC(93)   Pre Evacuate Collection Set: 0.1ms
[2021-06-02T13:35:55.195-0800][gc,phases   ] GC(93)   Merge Heap Roots: 0.1ms
[2021-06-02T13:35:55.195-0800][gc,phases   ] GC(93)   Evacuate Collection Set: 1.6ms
[2021-06-02T13:35:55.195-0800][gc,phases   ] GC(93)   Post Evacuate Collection Set: 1.5ms
[2021-06-02T13:35:55.195-0800][gc,phases   ] GC(93)   Other: 1.2ms
[2021-06-02T13:35:55.195-0800][gc,heap     ] GC(93) Eden regions: 253->0(253)
[2021-06-02T13:35:55.195-0800][gc,heap     ] GC(93) Survivor regions: 3->3(32)
[2021-06-02T13:35:55.195-0800][gc,heap     ] GC(93) Old regions: 40->40
[2021-06-02T13:35:55.195-0800][gc,heap     ] GC(93) Archive regions: 2->2
[2021-06-02T13:35:55.195-0800][gc,heap     ] GC(93) Humongous regions: 46->46
[2021-06-02T13:35:55.195-0800][gc,metaspace] GC(93) Metaspace: 69017K(71088K)->69017K(71088K) NonClass: 61200K(62640K)->61200K(62640K) Class: 7816K(8448K)->7816K(8448K)
[2021-06-02T13:35:55.195-0800][gc          ] GC(93) Pause Young (Normal) (G1 Evacuation Pause) 341M->88M(512M) 4.649ms
[2021-06-02T13:35:55.195-0800][gc,cpu      ] GC(93) User=0.01s Sys=0.00s Real=0.00s
[2021-06-02T13:38:15.227-0800][gc,start    ] GC(94) Pause Young (Normal) (G1 Evacuation Pause)
[2021-06-02T13:38:15.227-0800][gc,task     ] GC(94) Using 10 workers of 10 for evacuation
[2021-06-02T13:38:15.229-0800][gc,phases   ] GC(94)   Pre Evacuate Collection Set: 0.1ms
[2021-06-02T13:38:15.229-0800][gc,phases   ] GC(94)   Merge Heap Roots: 0.1ms
[2021-06-02T13:38:15.229-0800][gc,phases   ] GC(94)   Evacuate Collection Set: 0.8ms
[2021-06-02T13:38:15.229-0800][gc,phases   ] GC(94)   Post Evacuate Collection Set: 0.4ms
[2021-06-02T13:38:15.229-0800][gc,phases   ] GC(94)   Other: 0.8ms
[2021-06-02T13:38:15.229-0800][gc,heap     ] GC(94) Eden regions: 253->0(254)
[2021-06-02T13:38:15.229-0800][gc,heap     ] GC(94) Survivor regions: 3->2(32)
[2021-06-02T13:38:15.229-0800][gc,heap     ] GC(94) Old regions: 40->41
[2021-06-02T13:38:15.229-0800][gc,heap     ] GC(94) Archive regions: 2->2
[2021-06-02T13:38:15.229-0800][gc,heap     ] GC(94) Humongous regions: 46->46
[2021-06-02T13:38:15.229-0800][gc,metaspace] GC(94) Metaspace: 69017K(71088K)->69017K(71088K) NonClass: 61200K(62640K)->61200K(62640K) Class: 7816K(8448K)->7816K(8448K)
[2021-06-02T13:38:15.229-0800][gc          ] GC(94) Pause Young (Normal) (G1 Evacuation Pause) 341M->88M(512M) 2.477ms
[2021-06-02T13:38:15.229-0800][gc,cpu      ] GC(94) User=0.01s Sys=0.00s Real=0.00s
[2021-06-02T13:40:35.226-0800][gc,start    ] GC(95) Pause Young (Normal) (G1 Evacuation Pause)
[2021-06-02T13:40:35.227-0800][gc,task     ] GC(95) Using 10 workers of 10 for evacuation
[2021-06-02T13:40:35.228-0800][gc,phases   ] GC(95)   Pre Evacuate Collection Set: 0.1ms
[2021-06-02T13:40:35.228-0800][gc,phases   ] GC(95)   Merge Heap Roots: 0.1ms
[2021-06-02T13:40:35.228-0800][gc,phases   ] GC(95)   Evacuate Collection Set: 0.9ms
[2021-06-02T13:40:35.228-0800][gc,phases   ] GC(95)   Post Evacuate Collection Set: 0.3ms
[2021-06-02T13:40:35.228-0800][gc,phases   ] GC(95)   Other: 1.2ms
[2021-06-02T13:40:35.228-0800][gc,heap     ] GC(95) Eden regions: 254->0(254)
[2021-06-02T13:40:35.228-0800][gc,heap     ] GC(95) Survivor regions: 2->2(32)
[2021-06-02T13:40:35.228-0800][gc,heap     ] GC(95) Old regions: 41->41
[2021-06-02T13:40:35.228-0800][gc,heap     ] GC(95) Archive regions: 2->2
[2021-06-02T13:40:35.228-0800][gc,heap     ] GC(95) Humongous regions: 46->46
[2021-06-02T13:40:35.228-0800][gc,metaspace] GC(95) Metaspace: 69017K(71088K)->69017K(71088K) NonClass: 61200K(62640K)->61200K(62640K) Class: 7816K(8448K)->7816K(8448K)
[2021-06-02T13:40:35.228-0800][gc          ] GC(95) Pause Young (Normal) (G1 Evacuation Pause) 342M->88M(512M) 2.717ms
[2021-06-02T13:40:35.228-0800][gc,cpu      ] GC(95) User=0.01s Sys=0.00s Real=0.00s
[2021-06-02T13:42:50.946-0800][gc,start    ] GC(96) Pause Young (Normal) (G1 Evacuation Pause)
[2021-06-02T13:42:50.947-0800][gc,task     ] GC(96) Using 10 workers of 10 for evacuation
[2021-06-02T13:42:50.953-0800][gc,phases   ] GC(96)   Pre Evacuate Collection Set: 0.2ms
[2021-06-02T13:42:50.953-0800][gc,phases   ] GC(96)   Merge Heap Roots: 0.1ms
[2021-06-02T13:42:50.953-0800][gc,phases   ] GC(96)   Evacuate Collection Set: 5.2ms
[2021-06-02T13:42:50.953-0800][gc,phases   ] GC(96)   Post Evacuate Collection Set: 0.4ms
[2021-06-02T13:42:50.953-0800][gc,phases   ] GC(96)   Other: 1.9ms
[2021-06-02T13:42:50.953-0800][gc,heap     ] GC(96) Eden regions: 254->0(254)
[2021-06-02T13:42:50.953-0800][gc,heap     ] GC(96) Survivor regions: 2->2(32)
[2021-06-02T13:42:50.953-0800][gc,heap     ] GC(96) Old regions: 41->41
[2021-06-02T13:42:50.953-0800][gc,heap     ] GC(96) Archive regions: 2->2
[2021-06-02T13:42:50.953-0800][gc,heap     ] GC(96) Humongous regions: 46->46
[2021-06-02T13:42:50.953-0800][gc,metaspace] GC(96) Metaspace: 69017K(71088K)->69017K(71088K) NonClass: 61200K(62640K)->61200K(62640K) Class: 7816K(8448K)->7816K(8448K)
[2021-06-02T13:42:50.953-0800][gc          ] GC(96) Pause Young (Normal) (G1 Evacuation Pause) 342M->88M(512M) 7.851ms
[2021-06-02T13:42:50.953-0800][gc,cpu      ] GC(96) User=0.01s Sys=0.01s Real=0.01s
[2021-06-02T13:47:32.653-0800][gc,start    ] GC(97) Pause Young (Normal) (G1 Evacuation Pause)
[2021-06-02T13:47:32.655-0800][gc,task     ] GC(97) Using 10 workers of 10 for evacuation
[2021-06-02T13:47:32.662-0800][gc,phases   ] GC(97)   Pre Evacuate Collection Set: 0.5ms
[2021-06-02T13:47:32.662-0800][gc,phases   ] GC(97)   Merge Heap Roots: 0.3ms
[2021-06-02T13:47:32.662-0800][gc,phases   ] GC(97)   Evacuate Collection Set: 4.5ms
[2021-06-02T13:47:32.662-0800][gc,phases   ] GC(97)   Post Evacuate Collection Set: 1.4ms
[2021-06-02T13:47:32.662-0800][gc,phases   ] GC(97)   Other: 2.5ms
[2021-06-02T13:47:32.662-0800][gc,heap     ] GC(97) Eden regions: 254->0(254)
[2021-06-02T13:47:32.662-0800][gc,heap     ] GC(97) Survivor regions: 2->2(32)
[2021-06-02T13:47:32.662-0800][gc,heap     ] GC(97) Old regions: 41->41
[2021-06-02T13:47:32.662-0800][gc,heap     ] GC(97) Archive regions: 2->2
[2021-06-02T13:47:32.662-0800][gc,heap     ] GC(97) Humongous regions: 46->46
[2021-06-02T13:47:32.662-0800][gc,metaspace] GC(97) Metaspace: 69022K(71088K)->69022K(71088K) NonClass: 61206K(62640K)->61206K(62640K) Class: 7816K(8448K)->7816K(8448K)
[2021-06-02T13:47:32.663-0800][gc          ] GC(97) Pause Young (Normal) (G1 Evacuation Pause) 342M->88M(512M) 9.770ms
[2021-06-02T13:47:32.663-0800][gc,cpu      ] GC(97) User=0.03s Sys=0.01s Real=0.01s
[2021-06-02T13:50:24.216-0800][gc,start    ] GC(98) Pause Young (Normal) (G1 Evacuation Pause)
[2021-06-02T13:50:24.218-0800][gc,task     ] GC(98) Using 10 workers of 10 for evacuation
[2021-06-02T13:50:24.227-0800][gc,phases   ] GC(98)   Pre Evacuate Collection Set: 0.5ms
[2021-06-02T13:50:24.227-0800][gc,phases   ] GC(98)   Merge Heap Roots: 0.4ms
[2021-06-02T13:50:24.227-0800][gc,phases   ] GC(98)   Evacuate Collection Set: 6.5ms
[2021-06-02T13:50:24.227-0800][gc,phases   ] GC(98)   Post Evacuate Collection Set: 1.5ms
[2021-06-02T13:50:24.227-0800][gc,phases   ] GC(98)   Other: 2.2ms
[2021-06-02T13:50:24.227-0800][gc,heap     ] GC(98) Eden regions: 254->0(254)
[2021-06-02T13:50:24.227-0800][gc,heap     ] GC(98) Survivor regions: 2->2(32)
[2021-06-02T13:50:24.227-0800][gc,heap     ] GC(98) Old regions: 41->41
[2021-06-02T13:50:24.228-0800][gc,heap     ] GC(98) Archive regions: 2->2
[2021-06-02T13:50:24.228-0800][gc,heap     ] GC(98) Humongous regions: 46->46
[2021-06-02T13:50:24.228-0800][gc,metaspace] GC(98) Metaspace: 69033K(71088K)->69033K(71088K) NonClass: 61217K(62640K)->61217K(62640K) Class: 7816K(8448K)->7816K(8448K)
[2021-06-02T13:50:24.228-0800][gc          ] GC(98) Pause Young (Normal) (G1 Evacuation Pause) 342M->88M(512M) 11.545ms
[2021-06-02T13:50:24.228-0800][gc,cpu      ] GC(98) User=0.03s Sys=0.02s Real=0.01s
[2021-06-03T00:00:27.564-0800][gc,start    ] GC(99) Pause Young (Normal) (G1 Evacuation Pause)
[2021-06-03T00:00:27.565-0800][gc,task     ] GC(99) Using 10 workers of 10 for evacuation
[2021-06-03T00:00:27.579-0800][gc,phases   ] GC(99)   Pre Evacuate Collection Set: 1.2ms
[2021-06-03T00:00:27.579-0800][gc,phases   ] GC(99)   Merge Heap Roots: 0.2ms
[2021-06-03T00:00:27.579-0800][gc,phases   ] GC(99)   Evacuate Collection Set: 9.6ms
[2021-06-03T00:00:27.579-0800][gc,phases   ] GC(99)   Post Evacuate Collection Set: 2.0ms
[2021-06-03T00:00:27.579-0800][gc,phases   ] GC(99)   Other: 1.5ms
[2021-06-03T00:00:27.579-0800][gc,heap     ] GC(99) Eden regions: 254->0(254)
[2021-06-03T00:00:27.579-0800][gc,heap     ] GC(99) Survivor regions: 2->2(32)
[2021-06-03T00:00:27.579-0800][gc,heap     ] GC(99) Old regions: 41->41
[2021-06-03T00:00:27.579-0800][gc,heap     ] GC(99) Archive regions: 2->2
[2021-06-03T00:00:27.579-0800][gc,heap     ] GC(99) Humongous regions: 46->46
[2021-06-03T00:00:27.579-0800][gc,metaspace] GC(99) Metaspace: 69098K(71088K)->69098K(71088K) NonClass: 61277K(62640K)->61277K(62640K) Class: 7820K(8448K)->7820K(8448K)
[2021-06-03T00:00:27.579-0800][gc          ] GC(99) Pause Young (Normal) (G1 Evacuation Pause) 342M->88M(512M) 14.628ms
[2021-06-03T00:00:27.579-0800][gc,cpu      ] GC(99) User=0.02s Sys=0.07s Real=0.01s
[2021-06-03T11:38:51.691-0800][gc,start    ] GC(100) Pause Young (Normal) (G1 Evacuation Pause)
[2021-06-03T11:38:51.693-0800][gc,task     ] GC(100) Using 10 workers of 10 for evacuation
[2021-06-03T11:38:51.711-0800][gc,phases   ] GC(100)   Pre Evacuate Collection Set: 3.0ms
[2021-06-03T11:38:51.711-0800][gc,phases   ] GC(100)   Merge Heap Roots: 0.8ms
[2021-06-03T11:38:51.711-0800][gc,phases   ] GC(100)   Evacuate Collection Set: 7.1ms
[2021-06-03T11:38:51.712-0800][gc,phases   ] GC(100)   Post Evacuate Collection Set: 3.8ms
[2021-06-03T11:38:51.712-0800][gc,phases   ] GC(100)   Other: 9.3ms
[2021-06-03T11:38:51.712-0800][gc,heap     ] GC(100) Eden regions: 254->0(254)
[2021-06-03T11:38:51.712-0800][gc,heap     ] GC(100) Survivor regions: 2->2(32)
[2021-06-03T11:38:51.712-0800][gc,heap     ] GC(100) Old regions: 41->42
[2021-06-03T11:38:51.712-0800][gc,heap     ] GC(100) Archive regions: 2->2
[2021-06-03T11:38:51.712-0800][gc,heap     ] GC(100) Humongous regions: 46->46
[2021-06-03T11:38:51.713-0800][gc,metaspace] GC(100) Metaspace: 69129K(71088K)->69129K(71088K) NonClass: 61308K(62640K)->61308K(62640K) Class: 7821K(8448K)->7821K(8448K)
[2021-06-03T11:38:51.713-0800][gc          ] GC(100) Pause Young (Normal) (G1 Evacuation Pause) 342M->89M(512M) 22.511ms
[2021-06-03T11:38:51.713-0800][gc,cpu      ] GC(100) User=0.02s Sys=0.05s Real=0.02s
[2021-06-03T11:41:11.790-0800][gc,start    ] GC(101) Pause Young (Normal) (G1 Evacuation Pause)
[2021-06-03T11:41:11.791-0800][gc,task     ] GC(101) Using 10 workers of 10 for evacuation
[2021-06-03T11:41:11.794-0800][gc,phases   ] GC(101)   Pre Evacuate Collection Set: 0.2ms
[2021-06-03T11:41:11.794-0800][gc,phases   ] GC(101)   Merge Heap Roots: 0.1ms
[2021-06-03T11:41:11.794-0800][gc,phases   ] GC(101)   Evacuate Collection Set: 2.1ms
[2021-06-03T11:41:11.794-0800][gc,phases   ] GC(101)   Post Evacuate Collection Set: 1.1ms
[2021-06-03T11:41:11.794-0800][gc,phases   ] GC(101)   Other: 0.6ms
[2021-06-03T11:41:11.794-0800][gc,heap     ] GC(101) Eden regions: 254->0(254)
[2021-06-03T11:41:11.794-0800][gc,heap     ] GC(101) Survivor regions: 2->2(32)
[2021-06-03T11:41:11.794-0800][gc,heap     ] GC(101) Old regions: 42->42
[2021-06-03T11:41:11.794-0800][gc,heap     ] GC(101) Archive regions: 2->2
[2021-06-03T11:41:11.794-0800][gc,heap     ] GC(101) Humongous regions: 46->46
[2021-06-03T11:41:11.794-0800][gc,metaspace] GC(101) Metaspace: 69129K(71088K)->69129K(71088K) NonClass: 61308K(62640K)->61308K(62640K) Class: 7821K(8448K)->7821K(8448K)
[2021-06-03T11:41:11.794-0800][gc          ] GC(101) Pause Young (Normal) (G1 Evacuation Pause) 343M->89M(512M) 4.206ms
[2021-06-03T11:41:11.794-0800][gc,cpu      ] GC(101) User=0.01s Sys=0.01s Real=0.00s
[2021-06-03T11:43:30.199-0800][gc,start    ] GC(102) Pause Young (Normal) (G1 Evacuation Pause)
[2021-06-03T11:43:30.199-0800][gc,task     ] GC(102) Using 10 workers of 10 for evacuation
[2021-06-03T11:43:30.202-0800][gc,phases   ] GC(102)   Pre Evacuate Collection Set: 0.1ms
[2021-06-03T11:43:30.202-0800][gc,phases   ] GC(102)   Merge Heap Roots: 0.1ms
[2021-06-03T11:43:30.202-0800][gc,phases   ] GC(102)   Evacuate Collection Set: 2.5ms
[2021-06-03T11:43:30.202-0800][gc,phases   ] GC(102)   Post Evacuate Collection Set: 0.5ms
[2021-06-03T11:43:30.202-0800][gc,phases   ] GC(102)   Other: 0.5ms
[2021-06-03T11:43:30.202-0800][gc,heap     ] GC(102) Eden regions: 254->0(254)
[2021-06-03T11:43:30.202-0800][gc,heap     ] GC(102) Survivor regions: 2->2(32)
[2021-06-03T11:43:30.202-0800][gc,heap     ] GC(102) Old regions: 42->42
[2021-06-03T11:43:30.202-0800][gc,heap     ] GC(102) Archive regions: 2->2
[2021-06-03T11:43:30.202-0800][gc,heap     ] GC(102) Humongous regions: 46->46
[2021-06-03T11:43:30.202-0800][gc,metaspace] GC(102) Metaspace: 69129K(71088K)->69129K(71088K) NonClass: 61308K(62640K)->61308K(62640K) Class: 7821K(8448K)->7821K(8448K)
[2021-06-03T11:43:30.202-0800][gc          ] GC(102) Pause Young (Normal) (G1 Evacuation Pause) 343M->88M(512M) 3.846ms
[2021-06-03T11:43:30.202-0800][gc,cpu      ] GC(102) User=0.01s Sys=0.01s Real=0.01s
[2021-06-03T11:45:49.377-0800][gc,start    ] GC(103) Pause Young (Normal) (G1 Evacuation Pause)
[2021-06-03T11:45:49.379-0800][gc,task     ] GC(103) Using 10 workers of 10 for evacuation
[2021-06-03T11:45:49.383-0800][gc,phases   ] GC(103)   Pre Evacuate Collection Set: 0.8ms
[2021-06-03T11:45:49.383-0800][gc,phases   ] GC(103)   Merge Heap Roots: 0.1ms
[2021-06-03T11:45:49.383-0800][gc,phases   ] GC(103)   Evacuate Collection Set: 2.5ms
[2021-06-03T11:45:49.383-0800][gc,phases   ] GC(103)   Post Evacuate Collection Set: 0.7ms
[2021-06-03T11:45:49.383-0800][gc,phases   ] GC(103)   Other: 1.7ms
[2021-06-03T11:45:49.383-0800][gc,heap     ] GC(103) Eden regions: 254->0(254)
[2021-06-03T11:45:49.383-0800][gc,heap     ] GC(103) Survivor regions: 2->2(32)
[2021-06-03T11:45:49.383-0800][gc,heap     ] GC(103) Old regions: 42->42
[2021-06-03T11:45:49.383-0800][gc,heap     ] GC(103) Archive regions: 2->2
[2021-06-03T11:45:49.383-0800][gc,heap     ] GC(103) Humongous regions: 46->46
[2021-06-03T11:45:49.383-0800][gc,metaspace] GC(103) Metaspace: 69132K(71088K)->69132K(71088K) NonClass: 61311K(62640K)->61311K(62640K) Class: 7821K(8448K)->7821K(8448K)
[2021-06-03T11:45:49.383-0800][gc          ] GC(103) Pause Young (Normal) (G1 Evacuation Pause) 342M->88M(512M) 5.843ms
[2021-06-03T11:45:49.383-0800][gc,cpu      ] GC(103) User=0.01s Sys=0.00s Real=0.01s
[2021-06-03T11:48:09.201-0800][gc,start    ] GC(104) Pause Young (Normal) (G1 Evacuation Pause)
[2021-06-03T11:48:09.203-0800][gc,task     ] GC(104) Using 10 workers of 10 for evacuation
[2021-06-03T11:48:09.208-0800][gc,phases   ] GC(104)   Pre Evacuate Collection Set: 0.2ms
[2021-06-03T11:48:09.208-0800][gc,phases   ] GC(104)   Merge Heap Roots: 0.1ms
[2021-06-03T11:48:09.208-0800][gc,phases   ] GC(104)   Evacuate Collection Set: 3.3ms
[2021-06-03T11:48:09.208-0800][gc,phases   ] GC(104)   Post Evacuate Collection Set: 0.5ms
[2021-06-03T11:48:09.208-0800][gc,phases   ] GC(104)   Other: 2.8ms
[2021-06-03T11:48:09.208-0800][gc,heap     ] GC(104) Eden regions: 254->0(254)
[2021-06-03T11:48:09.208-0800][gc,heap     ] GC(104) Survivor regions: 2->2(32)
[2021-06-03T11:48:09.208-0800][gc,heap     ] GC(104) Old regions: 42->42
[2021-06-03T11:48:09.208-0800][gc,heap     ] GC(104) Archive regions: 2->2
[2021-06-03T11:48:09.208-0800][gc,heap     ] GC(104) Humongous regions: 46->46
[2021-06-03T11:48:09.208-0800][gc,metaspace] GC(104) Metaspace: 69132K(71088K)->69132K(71088K) NonClass: 61311K(62640K)->61311K(62640K) Class: 7821K(8448K)->7821K(8448K)
[2021-06-03T11:48:09.208-0800][gc          ] GC(104) Pause Young (Normal) (G1 Evacuation Pause) 342M->89M(512M) 6.968ms
[2021-06-03T11:48:09.208-0800][gc,cpu      ] GC(104) User=0.01s Sys=0.01s Real=0.00s
[2021-06-03T11:50:28.376-0800][gc,start    ] GC(105) Pause Young (Normal) (G1 Evacuation Pause)
[2021-06-03T11:50:28.378-0800][gc,task     ] GC(105) Using 10 workers of 10 for evacuation
[2021-06-03T11:50:28.382-0800][gc,phases   ] GC(105)   Pre Evacuate Collection Set: 0.2ms
[2021-06-03T11:50:28.382-0800][gc,phases   ] GC(105)   Merge Heap Roots: 0.1ms
[2021-06-03T11:50:28.382-0800][gc,phases   ] GC(105)   Evacuate Collection Set: 3.0ms
[2021-06-03T11:50:28.382-0800][gc,phases   ] GC(105)   Post Evacuate Collection Set: 0.4ms
[2021-06-03T11:50:28.382-0800][gc,phases   ] GC(105)   Other: 1.7ms
[2021-06-03T11:50:28.382-0800][gc,heap     ] GC(105) Eden regions: 254->0(254)
[2021-06-03T11:50:28.382-0800][gc,heap     ] GC(105) Survivor regions: 2->2(32)
[2021-06-03T11:50:28.382-0800][gc,heap     ] GC(105) Old regions: 42->42
[2021-06-03T11:50:28.382-0800][gc,heap     ] GC(105) Archive regions: 2->2
[2021-06-03T11:50:28.382-0800][gc,heap     ] GC(105) Humongous regions: 46->46
[2021-06-03T11:50:28.382-0800][gc,metaspace] GC(105) Metaspace: 69132K(71088K)->69132K(71088K) NonClass: 61311K(62640K)->61311K(62640K) Class: 7821K(8448K)->7821K(8448K)
[2021-06-03T11:50:28.382-0800][gc          ] GC(105) Pause Young (Normal) (G1 Evacuation Pause) 343M->88M(512M) 6.038ms
[2021-06-03T11:50:28.382-0800][gc,cpu      ] GC(105) User=0.01s Sys=0.00s Real=0.01s
[2021-06-03T11:52:46.878-0800][gc,start    ] GC(106) Pause Young (Normal) (G1 Evacuation Pause)
[2021-06-03T11:52:46.880-0800][gc,task     ] GC(106) Using 10 workers of 10 for evacuation
[2021-06-03T11:52:46.884-0800][gc,phases   ] GC(106)   Pre Evacuate Collection Set: 0.2ms
[2021-06-03T11:52:46.884-0800][gc,phases   ] GC(106)   Merge Heap Roots: 0.1ms
[2021-06-03T11:52:46.884-0800][gc,phases   ] GC(106)   Evacuate Collection Set: 3.3ms
[2021-06-03T11:52:46.884-0800][gc,phases   ] GC(106)   Post Evacuate Collection Set: 0.5ms
[2021-06-03T11:52:46.884-0800][gc,phases   ] GC(106)   Other: 2.4ms
[2021-06-03T11:52:46.884-0800][gc,heap     ] GC(106) Eden regions: 254->0(254)
[2021-06-03T11:52:46.884-0800][gc,heap     ] GC(106) Survivor regions: 2->2(32)
[2021-06-03T11:52:46.884-0800][gc,heap     ] GC(106) Old regions: 42->42
[2021-06-03T11:52:46.884-0800][gc,heap     ] GC(106) Archive regions: 2->2
[2021-06-03T11:52:46.884-0800][gc,heap     ] GC(106) Humongous regions: 46->46
[2021-06-03T11:52:46.884-0800][gc,metaspace] GC(106) Metaspace: 69132K(71088K)->69132K(71088K) NonClass: 61311K(62640K)->61311K(62640K) Class: 7821K(8448K)->7821K(8448K)
[2021-06-03T11:52:46.884-0800][gc          ] GC(106) Pause Young (Normal) (G1 Evacuation Pause) 342M->89M(512M) 6.651ms
[2021-06-03T11:52:46.885-0800][gc,cpu      ] GC(106) User=0.01s Sys=0.01s Real=0.01s
[2021-06-03T12:10:16.398-0800][gc,start    ] GC(107) Pause Young (Normal) (G1 Evacuation Pause)
[2021-06-03T12:10:16.400-0800][gc,task     ] GC(107) Using 10 workers of 10 for evacuation
[2021-06-03T12:10:16.409-0800][gc,phases   ] GC(107)   Pre Evacuate Collection Set: 0.4ms
[2021-06-03T12:10:16.409-0800][gc,phases   ] GC(107)   Merge Heap Roots: 0.2ms
[2021-06-03T12:10:16.409-0800][gc,phases   ] GC(107)   Evacuate Collection Set: 6.5ms
[2021-06-03T12:10:16.409-0800][gc,phases   ] GC(107)   Post Evacuate Collection Set: 1.7ms
[2021-06-03T12:10:16.409-0800][gc,phases   ] GC(107)   Other: 2.3ms
[2021-06-03T12:10:16.409-0800][gc,heap     ] GC(107) Eden regions: 254->0(254)
[2021-06-03T12:10:16.409-0800][gc,heap     ] GC(107) Survivor regions: 2->2(32)
[2021-06-03T12:10:16.409-0800][gc,heap     ] GC(107) Old regions: 42->42
[2021-06-03T12:10:16.409-0800][gc,heap     ] GC(107) Archive regions: 2->2
[2021-06-03T12:10:16.410-0800][gc,heap     ] GC(107) Humongous regions: 52->52
[2021-06-03T12:10:16.410-0800][gc,metaspace] GC(107) Metaspace: 69142K(71088K)->69142K(71088K) NonClass: 61320K(62640K)->61320K(62640K) Class: 7821K(8448K)->7821K(8448K)
[2021-06-03T12:10:16.411-0800][gc          ] GC(107) Pause Young (Normal) (G1 Evacuation Pause) 349M->95M(512M) 12.925ms
[2021-06-03T12:10:16.411-0800][gc,cpu      ] GC(107) User=0.04s Sys=0.03s Real=0.02s
[2021-06-03T12:27:31.063-0800][gc,start    ] GC(108) Pause Young (Normal) (G1 Evacuation Pause)
[2021-06-03T12:27:31.063-0800][gc,task     ] GC(108) Using 10 workers of 10 for evacuation
[2021-06-03T12:27:31.071-0800][gc,phases   ] GC(108)   Pre Evacuate Collection Set: 0.5ms
[2021-06-03T12:27:31.071-0800][gc,phases   ] GC(108)   Merge Heap Roots: 0.2ms
[2021-06-03T12:27:31.071-0800][gc,phases   ] GC(108)   Evacuate Collection Set: 5.9ms
[2021-06-03T12:27:31.071-0800][gc,phases   ] GC(108)   Post Evacuate Collection Set: 1.1ms
[2021-06-03T12:27:31.071-0800][gc,phases   ] GC(108)   Other: 1.0ms
[2021-06-03T12:27:31.071-0800][gc,heap     ] GC(108) Eden regions: 254->0(254)
[2021-06-03T12:27:31.071-0800][gc,heap     ] GC(108) Survivor regions: 2->2(32)
[2021-06-03T12:27:31.071-0800][gc,heap     ] GC(108) Old regions: 42->42
[2021-06-03T12:27:31.071-0800][gc,heap     ] GC(108) Archive regions: 2->2
[2021-06-03T12:27:31.071-0800][gc,heap     ] GC(108) Humongous regions: 52->52
[2021-06-03T12:27:31.072-0800][gc,metaspace] GC(108) Metaspace: 69147K(71088K)->69147K(71088K) NonClass: 61325K(62640K)->61325K(62640K) Class: 7821K(8448K)->7821K(8448K)
[2021-06-03T12:27:31.072-0800][gc          ] GC(108) Pause Young (Normal) (G1 Evacuation Pause) 349M->95M(512M) 8.873ms
[2021-06-03T12:27:31.072-0800][gc,cpu      ] GC(108) User=0.01s Sys=0.01s Real=0.01s
[2021-06-03T12:29:46.116-0800][gc,start    ] GC(109) Pause Young (Normal) (G1 Evacuation Pause)
[2021-06-03T12:29:46.116-0800][gc,task     ] GC(109) Using 10 workers of 10 for evacuation
[2021-06-03T12:29:46.120-0800][gc,phases   ] GC(109)   Pre Evacuate Collection Set: 0.1ms
[2021-06-03T12:29:46.120-0800][gc,phases   ] GC(109)   Merge Heap Roots: 0.1ms
[2021-06-03T12:29:46.120-0800][gc,phases   ] GC(109)   Evacuate Collection Set: 3.4ms
[2021-06-03T12:29:46.120-0800][gc,phases   ] GC(109)   Post Evacuate Collection Set: 0.6ms
[2021-06-03T12:29:46.120-0800][gc,phases   ] GC(109)   Other: 0.2ms
[2021-06-03T12:29:46.120-0800][gc,heap     ] GC(109) Eden regions: 254->0(254)
[2021-06-03T12:29:46.120-0800][gc,heap     ] GC(109) Survivor regions: 2->2(32)
[2021-06-03T12:29:46.120-0800][gc,heap     ] GC(109) Old regions: 42->42
[2021-06-03T12:29:46.120-0800][gc,heap     ] GC(109) Archive regions: 2->2
[2021-06-03T12:29:46.120-0800][gc,heap     ] GC(109) Humongous regions: 52->52
[2021-06-03T12:29:46.120-0800][gc,metaspace] GC(109) Metaspace: 69147K(71088K)->69147K(71088K) NonClass: 61326K(62640K)->61326K(62640K) Class: 7821K(8448K)->7821K(8448K)
[2021-06-03T12:29:46.120-0800][gc          ] GC(109) Pause Young (Normal) (G1 Evacuation Pause) 349M->95M(512M) 4.597ms
[2021-06-03T12:29:46.121-0800][gc,cpu      ] GC(109) User=0.01s Sys=0.00s Real=0.01s
[2021-06-03T12:32:01.606-0800][gc,start    ] GC(110) Pause Young (Normal) (G1 Evacuation Pause)
[2021-06-03T12:32:01.606-0800][gc,task     ] GC(110) Using 10 workers of 10 for evacuation
[2021-06-03T12:32:01.610-0800][gc,phases   ] GC(110)   Pre Evacuate Collection Set: 0.1ms
[2021-06-03T12:32:01.610-0800][gc,phases   ] GC(110)   Merge Heap Roots: 0.1ms
[2021-06-03T12:32:01.610-0800][gc,phases   ] GC(110)   Evacuate Collection Set: 2.9ms
[2021-06-03T12:32:01.610-0800][gc,phases   ] GC(110)   Post Evacuate Collection Set: 0.5ms
[2021-06-03T12:32:01.610-0800][gc,phases   ] GC(110)   Other: 0.6ms
[2021-06-03T12:32:01.610-0800][gc,heap     ] GC(110) Eden regions: 254->0(254)
[2021-06-03T12:32:01.610-0800][gc,heap     ] GC(110) Survivor regions: 2->2(32)
[2021-06-03T12:32:01.610-0800][gc,heap     ] GC(110) Old regions: 42->42
[2021-06-03T12:32:01.610-0800][gc,heap     ] GC(110) Archive regions: 2->2
[2021-06-03T12:32:01.610-0800][gc,heap     ] GC(110) Humongous regions: 52->52
[2021-06-03T12:32:01.610-0800][gc,metaspace] GC(110) Metaspace: 69147K(71088K)->69147K(71088K) NonClass: 61326K(62640K)->61326K(62640K) Class: 7821K(8448K)->7821K(8448K)
[2021-06-03T12:32:01.610-0800][gc          ] GC(110) Pause Young (Normal) (G1 Evacuation Pause) 349M->95M(512M) 4.425ms
[2021-06-03T12:32:01.610-0800][gc,cpu      ] GC(110) User=0.01s Sys=0.01s Real=0.01s
[2021-06-03T12:34:21.687-0800][gc,start    ] GC(111) Pause Young (Normal) (G1 Evacuation Pause)
[2021-06-03T12:34:21.687-0800][gc,task     ] GC(111) Using 10 workers of 10 for evacuation
[2021-06-03T12:34:21.690-0800][gc,phases   ] GC(111)   Pre Evacuate Collection Set: 0.2ms
[2021-06-03T12:34:21.690-0800][gc,phases   ] GC(111)   Merge Heap Roots: 0.1ms
[2021-06-03T12:34:21.690-0800][gc,phases   ] GC(111)   Evacuate Collection Set: 1.7ms
[2021-06-03T12:34:21.690-0800][gc,phases   ] GC(111)   Post Evacuate Collection Set: 0.5ms
[2021-06-03T12:34:21.690-0800][gc,phases   ] GC(111)   Other: 0.6ms
[2021-06-03T12:34:21.690-0800][gc,heap     ] GC(111) Eden regions: 254->0(254)
[2021-06-03T12:34:21.690-0800][gc,heap     ] GC(111) Survivor regions: 2->2(32)
[2021-06-03T12:34:21.690-0800][gc,heap     ] GC(111) Old regions: 42->42
[2021-06-03T12:34:21.690-0800][gc,heap     ] GC(111) Archive regions: 2->2
[2021-06-03T12:34:21.690-0800][gc,heap     ] GC(111) Humongous regions: 52->52
[2021-06-03T12:34:21.690-0800][gc,metaspace] GC(111) Metaspace: 69150K(71088K)->69150K(71088K) NonClass: 61328K(62640K)->61328K(62640K) Class: 7821K(8448K)->7821K(8448K)
[2021-06-03T12:34:21.690-0800][gc          ] GC(111) Pause Young (Normal) (G1 Evacuation Pause) 349M->95M(512M) 3.166ms
[2021-06-03T12:34:21.690-0800][gc,cpu      ] GC(111) User=0.01s Sys=0.00s Real=0.01s
[2021-06-03T12:36:41.722-0800][gc,start    ] GC(112) Pause Young (Normal) (G1 Evacuation Pause)
[2021-06-03T12:36:41.723-0800][gc,task     ] GC(112) Using 10 workers of 10 for evacuation
[2021-06-03T12:36:41.726-0800][gc,phases   ] GC(112)   Pre Evacuate Collection Set: 0.2ms
[2021-06-03T12:36:41.726-0800][gc,phases   ] GC(112)   Merge Heap Roots: 0.1ms
[2021-06-03T12:36:41.726-0800][gc,phases   ] GC(112)   Evacuate Collection Set: 1.7ms
[2021-06-03T12:36:41.726-0800][gc,phases   ] GC(112)   Post Evacuate Collection Set: 0.6ms
[2021-06-03T12:36:41.726-0800][gc,phases   ] GC(112)   Other: 1.6ms
[2021-06-03T12:36:41.726-0800][gc,heap     ] GC(112) Eden regions: 254->0(254)
[2021-06-03T12:36:41.726-0800][gc,heap     ] GC(112) Survivor regions: 2->2(32)
[2021-06-03T12:36:41.726-0800][gc,heap     ] GC(112) Old regions: 42->42
[2021-06-03T12:36:41.726-0800][gc,heap     ] GC(112) Archive regions: 2->2
[2021-06-03T12:36:41.726-0800][gc,heap     ] GC(112) Humongous regions: 52->52
[2021-06-03T12:36:41.726-0800][gc,metaspace] GC(112) Metaspace: 69150K(71088K)->69150K(71088K) NonClass: 61328K(62640K)->61328K(62640K) Class: 7821K(8448K)->7821K(8448K)
[2021-06-03T12:36:41.726-0800][gc          ] GC(112) Pause Young (Normal) (G1 Evacuation Pause) 349M->95M(512M) 4.275ms
[2021-06-03T12:36:41.726-0800][gc,cpu      ] GC(112) User=0.01s Sys=0.00s Real=0.00s
[2021-06-03T12:39:01.460-0800][gc,start    ] GC(113) Pause Young (Normal) (G1 Evacuation Pause)
[2021-06-03T12:39:01.462-0800][gc,task     ] GC(113) Using 10 workers of 10 for evacuation
[2021-06-03T12:39:01.465-0800][gc,phases   ] GC(113)   Pre Evacuate Collection Set: 0.2ms
[2021-06-03T12:39:01.465-0800][gc,phases   ] GC(113)   Merge Heap Roots: 0.1ms
[2021-06-03T12:39:01.465-0800][gc,phases   ] GC(113)   Evacuate Collection Set: 2.0ms
[2021-06-03T12:39:01.465-0800][gc,phases   ] GC(113)   Post Evacuate Collection Set: 0.4ms
[2021-06-03T12:39:01.465-0800][gc,phases   ] GC(113)   Other: 2.4ms
[2021-06-03T12:39:01.465-0800][gc,heap     ] GC(113) Eden regions: 254->0(254)
[2021-06-03T12:39:01.465-0800][gc,heap     ] GC(113) Survivor regions: 2->2(32)
[2021-06-03T12:39:01.465-0800][gc,heap     ] GC(113) Old regions: 42->42
[2021-06-03T12:39:01.466-0800][gc,heap     ] GC(113) Archive regions: 2->2
[2021-06-03T12:39:01.466-0800][gc,heap     ] GC(113) Humongous regions: 52->52
[2021-06-03T12:39:01.466-0800][gc,metaspace] GC(113) Metaspace: 69150K(71088K)->69150K(71088K) NonClass: 61328K(62640K)->61328K(62640K) Class: 7821K(8448K)->7821K(8448K)
[2021-06-03T12:39:01.466-0800][gc          ] GC(113) Pause Young (Normal) (G1 Evacuation Pause) 349M->95M(512M) 5.296ms
[2021-06-03T12:39:01.466-0800][gc,cpu      ] GC(113) User=0.01s Sys=0.01s Real=0.00s
[2021-06-03T12:41:21.402-0800][gc,start    ] GC(114) Pause Young (Normal) (G1 Evacuation Pause)
[2021-06-03T12:41:21.404-0800][gc,task     ] GC(114) Using 10 workers of 10 for evacuation
[2021-06-03T12:41:21.406-0800][gc,phases   ] GC(114)   Pre Evacuate Collection Set: 0.2ms
[2021-06-03T12:41:21.406-0800][gc,phases   ] GC(114)   Merge Heap Roots: 0.1ms
[2021-06-03T12:41:21.406-0800][gc,phases   ] GC(114)   Evacuate Collection Set: 1.3ms
[2021-06-03T12:41:21.406-0800][gc,phases   ] GC(114)   Post Evacuate Collection Set: 0.5ms
[2021-06-03T12:41:21.406-0800][gc,phases   ] GC(114)   Other: 2.1ms
[2021-06-03T12:41:21.406-0800][gc,heap     ] GC(114) Eden regions: 254->0(254)
[2021-06-03T12:41:21.406-0800][gc,heap     ] GC(114) Survivor regions: 2->2(32)
[2021-06-03T12:41:21.406-0800][gc,heap     ] GC(114) Old regions: 42->42
[2021-06-03T12:41:21.406-0800][gc,heap     ] GC(114) Archive regions: 2->2
[2021-06-03T12:41:21.406-0800][gc,heap     ] GC(114) Humongous regions: 52->52
[2021-06-03T12:41:21.406-0800][gc,metaspace] GC(114) Metaspace: 69150K(71088K)->69150K(71088K) NonClass: 61328K(62640K)->61328K(62640K) Class: 7821K(8448K)->7821K(8448K)
[2021-06-03T12:41:21.406-0800][gc          ] GC(114) Pause Young (Normal) (G1 Evacuation Pause) 349M->95M(512M) 4.338ms
[2021-06-03T12:41:21.406-0800][gc,cpu      ] GC(114) User=0.01s Sys=0.01s Real=0.00s
[2021-06-03T12:43:40.580-0800][gc,start    ] GC(115) Pause Young (Normal) (G1 Evacuation Pause)
[2021-06-03T12:43:40.581-0800][gc,task     ] GC(115) Using 10 workers of 10 for evacuation
[2021-06-03T12:43:40.600-0800][gc,phases   ] GC(115)   Pre Evacuate Collection Set: 1.1ms
[2021-06-03T12:43:40.600-0800][gc,phases   ] GC(115)   Merge Heap Roots: 0.2ms
[2021-06-03T12:43:40.600-0800][gc,phases   ] GC(115)   Evacuate Collection Set: 12.7ms
[2021-06-03T12:43:40.600-0800][gc,phases   ] GC(115)   Post Evacuate Collection Set: 4.0ms
[2021-06-03T12:43:40.600-0800][gc,phases   ] GC(115)   Other: 1.7ms
[2021-06-03T12:43:40.600-0800][gc,heap     ] GC(115) Eden regions: 254->0(254)
[2021-06-03T12:43:40.600-0800][gc,heap     ] GC(115) Survivor regions: 2->2(32)
[2021-06-03T12:43:40.600-0800][gc,heap     ] GC(115) Old regions: 42->42
[2021-06-03T12:43:40.600-0800][gc,heap     ] GC(115) Archive regions: 2->2
[2021-06-03T12:43:40.600-0800][gc,heap     ] GC(115) Humongous regions: 52->52
[2021-06-03T12:43:40.600-0800][gc,metaspace] GC(115) Metaspace: 69150K(71088K)->69150K(71088K) NonClass: 61328K(62640K)->61328K(62640K) Class: 7821K(8448K)->7821K(8448K)
[2021-06-03T12:43:40.600-0800][gc          ] GC(115) Pause Young (Normal) (G1 Evacuation Pause) 349M->95M(512M) 19.816ms
[2021-06-03T12:43:40.600-0800][gc,cpu      ] GC(115) User=0.02s Sys=0.05s Real=0.02s
[2021-06-03T12:45:59.253-0800][gc,start    ] GC(116) Pause Young (Normal) (G1 Evacuation Pause)
[2021-06-03T12:45:59.254-0800][gc,task     ] GC(116) Using 10 workers of 10 for evacuation
[2021-06-03T12:45:59.256-0800][gc,phases   ] GC(116)   Pre Evacuate Collection Set: 0.2ms
[2021-06-03T12:45:59.256-0800][gc,phases   ] GC(116)   Merge Heap Roots: 0.1ms
[2021-06-03T12:45:59.256-0800][gc,phases   ] GC(116)   Evacuate Collection Set: 1.3ms
[2021-06-03T12:45:59.256-0800][gc,phases   ] GC(116)   Post Evacuate Collection Set: 0.5ms
[2021-06-03T12:45:59.256-0800][gc,phases   ] GC(116)   Other: 1.4ms
[2021-06-03T12:45:59.256-0800][gc,heap     ] GC(116) Eden regions: 254->0(254)
[2021-06-03T12:45:59.256-0800][gc,heap     ] GC(116) Survivor regions: 2->2(32)
[2021-06-03T12:45:59.256-0800][gc,heap     ] GC(116) Old regions: 42->42
[2021-06-03T12:45:59.256-0800][gc,heap     ] GC(116) Archive regions: 2->2
[2021-06-03T12:45:59.256-0800][gc,heap     ] GC(116) Humongous regions: 52->52
[2021-06-03T12:45:59.256-0800][gc,metaspace] GC(116) Metaspace: 69152K(71088K)->69152K(71088K) NonClass: 61330K(62640K)->61330K(62640K) Class: 7821K(8448K)->7821K(8448K)
[2021-06-03T12:45:59.256-0800][gc          ] GC(116) Pause Young (Normal) (G1 Evacuation Pause) 349M->95M(512M) 3.570ms
[2021-06-03T12:45:59.256-0800][gc,cpu      ] GC(116) User=0.01s Sys=0.00s Real=0.00s
[2021-06-03T12:48:17.217-0800][gc,start    ] GC(117) Pause Young (Normal) (G1 Evacuation Pause)
[2021-06-03T12:48:17.218-0800][gc,task     ] GC(117) Using 10 workers of 10 for evacuation
[2021-06-03T12:48:17.222-0800][gc,phases   ] GC(117)   Pre Evacuate Collection Set: 0.1ms
[2021-06-03T12:48:17.222-0800][gc,phases   ] GC(117)   Merge Heap Roots: 0.1ms
[2021-06-03T12:48:17.222-0800][gc,phases   ] GC(117)   Evacuate Collection Set: 2.7ms
[2021-06-03T12:48:17.222-0800][gc,phases   ] GC(117)   Post Evacuate Collection Set: 0.4ms
[2021-06-03T12:48:17.222-0800][gc,phases   ] GC(117)   Other: 2.0ms
[2021-06-03T12:48:17.222-0800][gc,heap     ] GC(117) Eden regions: 254->0(254)
[2021-06-03T12:48:17.222-0800][gc,heap     ] GC(117) Survivor regions: 2->2(32)
[2021-06-03T12:48:17.222-0800][gc,heap     ] GC(117) Old regions: 42->42
[2021-06-03T12:48:17.222-0800][gc,heap     ] GC(117) Archive regions: 2->2
[2021-06-03T12:48:17.222-0800][gc,heap     ] GC(117) Humongous regions: 52->52
[2021-06-03T12:48:17.222-0800][gc,metaspace] GC(117) Metaspace: 69152K(71088K)->69152K(71088K) NonClass: 61330K(62640K)->61330K(62640K) Class: 7821K(8448K)->7821K(8448K)
[2021-06-03T12:48:17.222-0800][gc          ] GC(117) Pause Young (Normal) (G1 Evacuation Pause) 349M->95M(512M) 5.575ms
[2021-06-03T12:48:17.222-0800][gc,cpu      ] GC(117) User=0.01s Sys=0.00s Real=0.01s
[2021-06-03T12:50:36.147-0800][gc,start    ] GC(118) Pause Young (Normal) (G1 Evacuation Pause)
[2021-06-03T12:50:36.148-0800][gc,task     ] GC(118) Using 10 workers of 10 for evacuation
[2021-06-03T12:50:36.153-0800][gc,phases   ] GC(118)   Pre Evacuate Collection Set: 0.1ms
[2021-06-03T12:50:36.153-0800][gc,phases   ] GC(118)   Merge Heap Roots: 0.1ms
[2021-06-03T12:50:36.153-0800][gc,phases   ] GC(118)   Evacuate Collection Set: 3.4ms
[2021-06-03T12:50:36.153-0800][gc,phases   ] GC(118)   Post Evacuate Collection Set: 0.5ms
[2021-06-03T12:50:36.153-0800][gc,phases   ] GC(118)   Other: 1.5ms
[2021-06-03T12:50:36.153-0800][gc,heap     ] GC(118) Eden regions: 254->0(254)
[2021-06-03T12:50:36.153-0800][gc,heap     ] GC(118) Survivor regions: 2->2(32)
[2021-06-03T12:50:36.153-0800][gc,heap     ] GC(118) Old regions: 42->42
[2021-06-03T12:50:36.153-0800][gc,heap     ] GC(118) Archive regions: 2->2
[2021-06-03T12:50:36.153-0800][gc,heap     ] GC(118) Humongous regions: 52->52
[2021-06-03T12:50:36.153-0800][gc,metaspace] GC(118) Metaspace: 69152K(71088K)->69152K(71088K) NonClass: 61330K(62640K)->61330K(62640K) Class: 7821K(8448K)->7821K(8448K)
[2021-06-03T12:50:36.153-0800][gc          ] GC(118) Pause Young (Normal) (G1 Evacuation Pause) 349M->95M(512M) 5.722ms
[2021-06-03T12:50:36.153-0800][gc,cpu      ] GC(118) User=0.01s Sys=0.00s Real=0.01s
[2021-06-03T12:52:54.725-0800][gc,start    ] GC(119) Pause Young (Normal) (G1 Evacuation Pause)
[2021-06-03T12:52:54.726-0800][gc,task     ] GC(119) Using 10 workers of 10 for evacuation
[2021-06-03T12:52:54.728-0800][gc,phases   ] GC(119)   Pre Evacuate Collection Set: 0.1ms
[2021-06-03T12:52:54.728-0800][gc,phases   ] GC(119)   Merge Heap Roots: 0.1ms
[2021-06-03T12:52:54.728-0800][gc,phases   ] GC(119)   Evacuate Collection Set: 0.8ms
[2021-06-03T12:52:54.728-0800][gc,phases   ] GC(119)   Post Evacuate Collection Set: 0.4ms
[2021-06-03T12:52:54.728-0800][gc,phases   ] GC(119)   Other: 1.2ms
[2021-06-03T12:52:54.728-0800][gc,heap     ] GC(119) Eden regions: 254->0(254)
[2021-06-03T12:52:54.728-0800][gc,heap     ] GC(119) Survivor regions: 2->2(32)
[2021-06-03T12:52:54.728-0800][gc,heap     ] GC(119) Old regions: 42->42
[2021-06-03T12:52:54.728-0800][gc,heap     ] GC(119) Archive regions: 2->2
[2021-06-03T12:52:54.728-0800][gc,heap     ] GC(119) Humongous regions: 52->52
[2021-06-03T12:52:54.728-0800][gc,metaspace] GC(119) Metaspace: 69152K(71088K)->69152K(71088K) NonClass: 61330K(62640K)->61330K(62640K) Class: 7821K(8448K)->7821K(8448K)
[2021-06-03T12:52:54.728-0800][gc          ] GC(119) Pause Young (Normal) (G1 Evacuation Pause) 349M->95M(512M) 2.720ms
[2021-06-03T12:52:54.728-0800][gc,cpu      ] GC(119) User=0.01s Sys=0.00s Real=0.00s
[2021-06-03T12:55:12.903-0800][gc,start    ] GC(120) Pause Young (Normal) (G1 Evacuation Pause)
[2021-06-03T12:55:12.904-0800][gc,task     ] GC(120) Using 10 workers of 10 for evacuation
[2021-06-03T12:55:12.908-0800][gc,phases   ] GC(120)   Pre Evacuate Collection Set: 0.1ms
[2021-06-03T12:55:12.908-0800][gc,phases   ] GC(120)   Merge Heap Roots: 0.1ms
[2021-06-03T12:55:12.908-0800][gc,phases   ] GC(120)   Evacuate Collection Set: 2.9ms
[2021-06-03T12:55:12.908-0800][gc,phases   ] GC(120)   Post Evacuate Collection Set: 0.5ms
[2021-06-03T12:55:12.908-0800][gc,phases   ] GC(120)   Other: 1.9ms
[2021-06-03T12:55:12.908-0800][gc,heap     ] GC(120) Eden regions: 254->0(254)
[2021-06-03T12:55:12.908-0800][gc,heap     ] GC(120) Survivor regions: 2->2(32)
[2021-06-03T12:55:12.908-0800][gc,heap     ] GC(120) Old regions: 42->42
[2021-06-03T12:55:12.908-0800][gc,heap     ] GC(120) Archive regions: 2->2
[2021-06-03T12:55:12.908-0800][gc,heap     ] GC(120) Humongous regions: 52->52
[2021-06-03T12:55:12.908-0800][gc,metaspace] GC(120) Metaspace: 69152K(71088K)->69152K(71088K) NonClass: 61330K(62640K)->61330K(62640K) Class: 7821K(8448K)->7821K(8448K)
[2021-06-03T12:55:12.908-0800][gc          ] GC(120) Pause Young (Normal) (G1 Evacuation Pause) 349M->95M(512M) 5.704ms
[2021-06-03T12:55:12.908-0800][gc,cpu      ] GC(120) User=0.01s Sys=0.01s Real=0.00s
[2021-06-03T12:57:31.897-0800][gc,start    ] GC(121) Pause Young (Normal) (G1 Evacuation Pause)
[2021-06-03T12:57:31.899-0800][gc,task     ] GC(121) Using 10 workers of 10 for evacuation
[2021-06-03T12:57:31.903-0800][gc,phases   ] GC(121)   Pre Evacuate Collection Set: 0.2ms
[2021-06-03T12:57:31.903-0800][gc,phases   ] GC(121)   Merge Heap Roots: 0.1ms
[2021-06-03T12:57:31.903-0800][gc,phases   ] GC(121)   Evacuate Collection Set: 2.8ms
[2021-06-03T12:57:31.903-0800][gc,phases   ] GC(121)   Post Evacuate Collection Set: 0.7ms
[2021-06-03T12:57:31.903-0800][gc,phases   ] GC(121)   Other: 2.0ms
[2021-06-03T12:57:31.903-0800][gc,heap     ] GC(121) Eden regions: 254->0(254)
[2021-06-03T12:57:31.903-0800][gc,heap     ] GC(121) Survivor regions: 2->2(32)
[2021-06-03T12:57:31.903-0800][gc,heap     ] GC(121) Old regions: 42->42
[2021-06-03T12:57:31.903-0800][gc,heap     ] GC(121) Archive regions: 2->2
[2021-06-03T12:57:31.903-0800][gc,heap     ] GC(121) Humongous regions: 52->52
[2021-06-03T12:57:31.903-0800][gc,metaspace] GC(121) Metaspace: 69152K(71088K)->69152K(71088K) NonClass: 61330K(62640K)->61330K(62640K) Class: 7821K(8448K)->7821K(8448K)
[2021-06-03T12:57:31.903-0800][gc          ] GC(121) Pause Young (Normal) (G1 Evacuation Pause) 349M->95M(512M) 5.951ms
[2021-06-03T12:57:31.903-0800][gc,cpu      ] GC(121) User=0.01s Sys=0.01s Real=0.01s
[2021-06-03T12:59:50.705-0800][gc,start    ] GC(122) Pause Young (Normal) (G1 Evacuation Pause)
[2021-06-03T12:59:50.706-0800][gc,task     ] GC(122) Using 10 workers of 10 for evacuation
[2021-06-03T12:59:50.708-0800][gc,phases   ] GC(122)   Pre Evacuate Collection Set: 0.1ms
[2021-06-03T12:59:50.708-0800][gc,phases   ] GC(122)   Merge Heap Roots: 0.1ms
[2021-06-03T12:59:50.708-0800][gc,phases   ] GC(122)   Evacuate Collection Set: 1.2ms
[2021-06-03T12:59:50.708-0800][gc,phases   ] GC(122)   Post Evacuate Collection Set: 0.4ms
[2021-06-03T12:59:50.708-0800][gc,phases   ] GC(122)   Other: 1.5ms
[2021-06-03T12:59:50.708-0800][gc,heap     ] GC(122) Eden regions: 254->0(255)
[2021-06-03T12:59:50.708-0800][gc,heap     ] GC(122) Survivor regions: 2->1(32)
[2021-06-03T12:59:50.708-0800][gc,heap     ] GC(122) Old regions: 42->42
[2021-06-03T12:59:50.708-0800][gc,heap     ] GC(122) Archive regions: 2->2
[2021-06-03T12:59:50.708-0800][gc,heap     ] GC(122) Humongous regions: 52->52
[2021-06-03T12:59:50.708-0800][gc,metaspace] GC(122) Metaspace: 69152K(71088K)->69152K(71088K) NonClass: 61330K(62640K)->61330K(62640K) Class: 7821K(8448K)->7821K(8448K)
[2021-06-03T12:59:50.708-0800][gc          ] GC(122) Pause Young (Normal) (G1 Evacuation Pause) 349M->95M(512M) 3.629ms
[2021-06-03T12:59:50.708-0800][gc,cpu      ] GC(122) User=0.01s Sys=0.00s Real=0.00s
[2021-06-03T13:02:09.875-0800][gc,start    ] GC(123) Pause Young (Normal) (G1 Evacuation Pause)
[2021-06-03T13:02:09.876-0800][gc,task     ] GC(123) Using 10 workers of 10 for evacuation
[2021-06-03T13:02:09.879-0800][gc,phases   ] GC(123)   Pre Evacuate Collection Set: 0.1ms
[2021-06-03T13:02:09.879-0800][gc,phases   ] GC(123)   Merge Heap Roots: 0.1ms
[2021-06-03T13:02:09.879-0800][gc,phases   ] GC(123)   Evacuate Collection Set: 1.6ms
[2021-06-03T13:02:09.879-0800][gc,phases   ] GC(123)   Post Evacuate Collection Set: 0.6ms
[2021-06-03T13:02:09.879-0800][gc,phases   ] GC(123)   Other: 1.7ms
[2021-06-03T13:02:09.879-0800][gc,heap     ] GC(123) Eden regions: 255->0(255)
[2021-06-03T13:02:09.879-0800][gc,heap     ] GC(123) Survivor regions: 1->1(32)
[2021-06-03T13:02:09.879-0800][gc,heap     ] GC(123) Old regions: 42->43
[2021-06-03T13:02:09.879-0800][gc,heap     ] GC(123) Archive regions: 2->2
[2021-06-03T13:02:09.879-0800][gc,heap     ] GC(123) Humongous regions: 52->52
[2021-06-03T13:02:09.879-0800][gc,metaspace] GC(123) Metaspace: 69152K(71088K)->69152K(71088K) NonClass: 61330K(62640K)->61330K(62640K) Class: 7821K(8448K)->7821K(8448K)
[2021-06-03T13:02:09.879-0800][gc          ] GC(123) Pause Young (Normal) (G1 Evacuation Pause) 350M->95M(512M) 4.249ms
[2021-06-03T13:02:09.879-0800][gc,cpu      ] GC(123) User=0.00s Sys=0.00s Real=0.00s
[2021-06-03T13:04:27.743-0800][gc,start    ] GC(124) Pause Young (Normal) (G1 Evacuation Pause)
[2021-06-03T13:04:27.745-0800][gc,task     ] GC(124) Using 10 workers of 10 for evacuation
[2021-06-03T13:04:27.747-0800][gc,phases   ] GC(124)   Pre Evacuate Collection Set: 0.1ms
[2021-06-03T13:04:27.747-0800][gc,phases   ] GC(124)   Merge Heap Roots: 0.1ms
[2021-06-03T13:04:27.747-0800][gc,phases   ] GC(124)   Evacuate Collection Set: 1.7ms
[2021-06-03T13:04:27.747-0800][gc,phases   ] GC(124)   Post Evacuate Collection Set: 0.4ms
[2021-06-03T13:04:27.747-0800][gc,phases   ] GC(124)   Other: 1.8ms
[2021-06-03T13:04:27.747-0800][gc,heap     ] GC(124) Eden regions: 255->0(255)
[2021-06-03T13:04:27.747-0800][gc,heap     ] GC(124) Survivor regions: 1->1(32)
[2021-06-03T13:04:27.747-0800][gc,heap     ] GC(124) Old regions: 43->43
[2021-06-03T13:04:27.747-0800][gc,heap     ] GC(124) Archive regions: 2->2
[2021-06-03T13:04:27.747-0800][gc,heap     ] GC(124) Humongous regions: 52->52
[2021-06-03T13:04:27.747-0800][gc,metaspace] GC(124) Metaspace: 69152K(71088K)->69152K(71088K) NonClass: 61330K(62640K)->61330K(62640K) Class: 7821K(8448K)->7821K(8448K)
[2021-06-03T13:04:27.747-0800][gc          ] GC(124) Pause Young (Normal) (G1 Evacuation Pause) 350M->95M(512M) 4.128ms
[2021-06-03T13:04:27.747-0800][gc,cpu      ] GC(124) User=0.00s Sys=0.01s Real=0.00s
[2021-06-03T13:06:47.744-0800][gc,start    ] GC(125) Pause Young (Normal) (G1 Evacuation Pause)
[2021-06-03T13:06:47.745-0800][gc,task     ] GC(125) Using 10 workers of 10 for evacuation
[2021-06-03T13:06:47.748-0800][gc,phases   ] GC(125)   Pre Evacuate Collection Set: 0.1ms
[2021-06-03T13:06:47.748-0800][gc,phases   ] GC(125)   Merge Heap Roots: 0.1ms
[2021-06-03T13:06:47.748-0800][gc,phases   ] GC(125)   Evacuate Collection Set: 2.6ms
[2021-06-03T13:06:47.748-0800][gc,phases   ] GC(125)   Post Evacuate Collection Set: 0.4ms
[2021-06-03T13:06:47.748-0800][gc,phases   ] GC(125)   Other: 1.4ms
[2021-06-03T13:06:47.748-0800][gc,heap     ] GC(125) Eden regions: 255->0(255)
[2021-06-03T13:06:47.748-0800][gc,heap     ] GC(125) Survivor regions: 1->1(32)
[2021-06-03T13:06:47.748-0800][gc,heap     ] GC(125) Old regions: 43->43
[2021-06-03T13:06:47.748-0800][gc,heap     ] GC(125) Archive regions: 2->2
[2021-06-03T13:06:47.748-0800][gc,heap     ] GC(125) Humongous regions: 52->52
[2021-06-03T13:06:47.748-0800][gc,metaspace] GC(125) Metaspace: 69152K(71088K)->69152K(71088K) NonClass: 61330K(62640K)->61330K(62640K) Class: 7821K(8448K)->7821K(8448K)
[2021-06-03T13:06:47.749-0800][gc          ] GC(125) Pause Young (Normal) (G1 Evacuation Pause) 350M->95M(512M) 4.750ms
[2021-06-03T13:06:47.749-0800][gc,cpu      ] GC(125) User=0.01s Sys=0.01s Real=0.00s
[2021-06-03T13:09:06.705-0800][gc,start    ] GC(126) Pause Young (Normal) (G1 Evacuation Pause)
[2021-06-03T13:09:06.706-0800][gc,task     ] GC(126) Using 10 workers of 10 for evacuation
[2021-06-03T13:09:06.709-0800][gc,phases   ] GC(126)   Pre Evacuate Collection Set: 0.1ms
[2021-06-03T13:09:06.709-0800][gc,phases   ] GC(126)   Merge Heap Roots: 0.1ms
[2021-06-03T13:09:06.709-0800][gc,phases   ] GC(126)   Evacuate Collection Set: 1.6ms
[2021-06-03T13:09:06.709-0800][gc,phases   ] GC(126)   Post Evacuate Collection Set: 0.5ms
[2021-06-03T13:09:06.709-0800][gc,phases   ] GC(126)   Other: 1.4ms
[2021-06-03T13:09:06.709-0800][gc,heap     ] GC(126) Eden regions: 255->0(255)
[2021-06-03T13:09:06.709-0800][gc,heap     ] GC(126) Survivor regions: 1->1(32)
[2021-06-03T13:09:06.709-0800][gc,heap     ] GC(126) Old regions: 43->43
[2021-06-03T13:09:06.709-0800][gc,heap     ] GC(126) Archive regions: 2->2
[2021-06-03T13:09:06.709-0800][gc,heap     ] GC(126) Humongous regions: 52->52
[2021-06-03T13:09:06.709-0800][gc,metaspace] GC(126) Metaspace: 69152K(71088K)->69152K(71088K) NonClass: 61330K(62640K)->61330K(62640K) Class: 7821K(8448K)->7821K(8448K)
[2021-06-03T13:09:06.709-0800][gc          ] GC(126) Pause Young (Normal) (G1 Evacuation Pause) 350M->95M(512M) 3.872ms
[2021-06-03T13:09:06.709-0800][gc,cpu      ] GC(126) User=0.01s Sys=0.00s Real=0.00s
[2021-06-03T13:11:25.320-0800][gc,start    ] GC(127) Pause Young (Normal) (G1 Evacuation Pause)
[2021-06-03T13:11:25.322-0800][gc,task     ] GC(127) Using 10 workers of 10 for evacuation
[2021-06-03T13:11:25.327-0800][gc,phases   ] GC(127)   Pre Evacuate Collection Set: 0.2ms
[2021-06-03T13:11:25.327-0800][gc,phases   ] GC(127)   Merge Heap Roots: 0.6ms
[2021-06-03T13:11:25.327-0800][gc,phases   ] GC(127)   Evacuate Collection Set: 3.9ms
[2021-06-03T13:11:25.327-0800][gc,phases   ] GC(127)   Post Evacuate Collection Set: 0.4ms
[2021-06-03T13:11:25.327-0800][gc,phases   ] GC(127)   Other: 1.6ms
[2021-06-03T13:11:25.327-0800][gc,heap     ] GC(127) Eden regions: 255->0(255)
[2021-06-03T13:11:25.327-0800][gc,heap     ] GC(127) Survivor regions: 1->1(32)
[2021-06-03T13:11:25.327-0800][gc,heap     ] GC(127) Old regions: 43->43
[2021-06-03T13:11:25.327-0800][gc,heap     ] GC(127) Archive regions: 2->2
[2021-06-03T13:11:25.327-0800][gc,heap     ] GC(127) Humongous regions: 52->52
[2021-06-03T13:11:25.327-0800][gc,metaspace] GC(127) Metaspace: 69152K(71088K)->69152K(71088K) NonClass: 61330K(62640K)->61330K(62640K) Class: 7821K(8448K)->7821K(8448K)
[2021-06-03T13:11:25.327-0800][gc          ] GC(127) Pause Young (Normal) (G1 Evacuation Pause) 350M->95M(512M) 6.827ms
[2021-06-03T13:11:25.327-0800][gc,cpu      ] GC(127) User=0.01s Sys=0.01s Real=0.00s
[2021-06-03T13:13:44.176-0800][gc,start    ] GC(128) Pause Young (Normal) (G1 Evacuation Pause)
[2021-06-03T13:13:44.177-0800][gc,task     ] GC(128) Using 10 workers of 10 for evacuation
[2021-06-03T13:13:44.179-0800][gc,phases   ] GC(128)   Pre Evacuate Collection Set: 0.1ms
[2021-06-03T13:13:44.179-0800][gc,phases   ] GC(128)   Merge Heap Roots: 0.1ms
[2021-06-03T13:13:44.179-0800][gc,phases   ] GC(128)   Evacuate Collection Set: 2.0ms
[2021-06-03T13:13:44.179-0800][gc,phases   ] GC(128)   Post Evacuate Collection Set: 0.4ms
[2021-06-03T13:13:44.179-0800][gc,phases   ] GC(128)   Other: 0.9ms
[2021-06-03T13:13:44.179-0800][gc,heap     ] GC(128) Eden regions: 255->0(255)
[2021-06-03T13:13:44.180-0800][gc,heap     ] GC(128) Survivor regions: 1->1(32)
[2021-06-03T13:13:44.180-0800][gc,heap     ] GC(128) Old regions: 43->43
[2021-06-03T13:13:44.180-0800][gc,heap     ] GC(128) Archive regions: 2->2
[2021-06-03T13:13:44.180-0800][gc,heap     ] GC(128) Humongous regions: 52->52
[2021-06-03T13:13:44.180-0800][gc,metaspace] GC(128) Metaspace: 69152K(71088K)->69152K(71088K) NonClass: 61330K(62640K)->61330K(62640K) Class: 7821K(8448K)->7821K(8448K)
[2021-06-03T13:13:44.180-0800][gc          ] GC(128) Pause Young (Normal) (G1 Evacuation Pause) 350M->95M(512M) 3.665ms
[2021-06-03T13:13:44.180-0800][gc,cpu      ] GC(128) User=0.01s Sys=0.00s Real=0.01s
[2021-06-03T13:16:02.586-0800][gc,start    ] GC(129) Pause Young (Normal) (G1 Evacuation Pause)
[2021-06-03T13:16:02.587-0800][gc,task     ] GC(129) Using 10 workers of 10 for evacuation
[2021-06-03T13:16:02.588-0800][gc,phases   ] GC(129)   Pre Evacuate Collection Set: 0.1ms
[2021-06-03T13:16:02.588-0800][gc,phases   ] GC(129)   Merge Heap Roots: 0.1ms
[2021-06-03T13:16:02.588-0800][gc,phases   ] GC(129)   Evacuate Collection Set: 0.8ms
[2021-06-03T13:16:02.588-0800][gc,phases   ] GC(129)   Post Evacuate Collection Set: 0.3ms
[2021-06-03T13:16:02.588-0800][gc,phases   ] GC(129)   Other: 1.2ms
[2021-06-03T13:16:02.588-0800][gc,heap     ] GC(129) Eden regions: 255->0(255)
[2021-06-03T13:16:02.588-0800][gc,heap     ] GC(129) Survivor regions: 1->1(32)
[2021-06-03T13:16:02.588-0800][gc,heap     ] GC(129) Old regions: 43->43
[2021-06-03T13:16:02.589-0800][gc,heap     ] GC(129) Archive regions: 2->2
[2021-06-03T13:16:02.589-0800][gc,heap     ] GC(129) Humongous regions: 52->52
[2021-06-03T13:16:02.589-0800][gc,metaspace] GC(129) Metaspace: 69154K(71088K)->69154K(71088K) NonClass: 61333K(62640K)->61333K(62640K) Class: 7821K(8448K)->7821K(8448K)
[2021-06-03T13:16:02.589-0800][gc          ] GC(129) Pause Young (Normal) (G1 Evacuation Pause) 350M->95M(512M) 2.644ms
[2021-06-03T13:16:02.589-0800][gc,cpu      ] GC(129) User=0.01s Sys=0.00s Real=0.00s
[2021-06-03T13:48:02.493-0800][gc,start    ] GC(130) Pause Young (Normal) (G1 Evacuation Pause)
[2021-06-03T13:48:02.495-0800][gc,task     ] GC(130) Using 10 workers of 10 for evacuation
[2021-06-03T13:48:02.506-0800][gc,phases   ] GC(130)   Pre Evacuate Collection Set: 0.5ms
[2021-06-03T13:48:02.506-0800][gc,phases   ] GC(130)   Merge Heap Roots: 1.3ms
[2021-06-03T13:48:02.506-0800][gc,phases   ] GC(130)   Evacuate Collection Set: 6.1ms
[2021-06-03T13:48:02.507-0800][gc,phases   ] GC(130)   Post Evacuate Collection Set: 1.3ms
[2021-06-03T13:48:02.507-0800][gc,phases   ] GC(130)   Other: 4.5ms
[2021-06-03T13:48:02.507-0800][gc,heap     ] GC(130) Eden regions: 255->0(255)
[2021-06-03T13:48:02.507-0800][gc,heap     ] GC(130) Survivor regions: 1->1(32)
[2021-06-03T13:48:02.507-0800][gc,heap     ] GC(130) Old regions: 43->43
[2021-06-03T13:48:02.507-0800][gc,heap     ] GC(130) Archive regions: 2->2
[2021-06-03T13:48:02.507-0800][gc,heap     ] GC(130) Humongous regions: 52->52
[2021-06-03T13:48:02.507-0800][gc,metaspace] GC(130) Metaspace: 69164K(71088K)->69164K(71088K) NonClass: 61343K(62640K)->61343K(62640K) Class: 7821K(8448K)->7821K(8448K)
[2021-06-03T13:48:02.507-0800][gc          ] GC(130) Pause Young (Normal) (G1 Evacuation Pause) 350M->95M(512M) 14.174ms
[2021-06-03T13:48:02.507-0800][gc,cpu      ] GC(130) User=0.03s Sys=0.02s Real=0.01s
[2021-06-03T15:17:51.337-0800][gc,start    ] GC(131) Pause Young (Normal) (G1 Evacuation Pause)
[2021-06-03T15:17:51.340-0800][gc,task     ] GC(131) Using 10 workers of 10 for evacuation
[2021-06-03T15:17:51.378-0800][gc,phases   ] GC(131)   Pre Evacuate Collection Set: 0.5ms
[2021-06-03T15:17:51.378-0800][gc,phases   ] GC(131)   Merge Heap Roots: 0.3ms
[2021-06-03T15:17:51.378-0800][gc,phases   ] GC(131)   Evacuate Collection Set: 36.0ms
[2021-06-03T15:17:51.378-0800][gc,phases   ] GC(131)   Post Evacuate Collection Set: 1.1ms
[2021-06-03T15:17:51.378-0800][gc,phases   ] GC(131)   Other: 4.2ms
[2021-06-03T15:17:51.378-0800][gc,heap     ] GC(131) Eden regions: 255->0(253)
[2021-06-03T15:17:51.379-0800][gc,heap     ] GC(131) Survivor regions: 1->3(32)
[2021-06-03T15:17:51.379-0800][gc,heap     ] GC(131) Old regions: 43->43
[2021-06-03T15:17:51.379-0800][gc,heap     ] GC(131) Archive regions: 2->2
[2021-06-03T15:17:51.379-0800][gc,heap     ] GC(131) Humongous regions: 106->106
[2021-06-03T15:17:51.379-0800][gc,metaspace] GC(131) Metaspace: 69189K(71088K)->69189K(71088K) NonClass: 61368K(62640K)->61368K(62640K) Class: 7821K(8448K)->7821K(8448K)
[2021-06-03T15:17:51.379-0800][gc          ] GC(131) Pause Young (Normal) (G1 Evacuation Pause) 404M->151M(512M) 41.520ms
[2021-06-03T15:17:51.379-0800][gc,cpu      ] GC(131) User=0.04s Sys=0.12s Real=0.04s
[2021-06-03T15:55:26.956-0800][gc,start    ] GC(132) Pause Young (Normal) (G1 Evacuation Pause)
[2021-06-03T15:55:26.957-0800][gc,task     ] GC(132) Using 10 workers of 10 for evacuation
[2021-06-03T15:55:26.959-0800][gc,phases   ] GC(132)   Pre Evacuate Collection Set: 0.1ms
[2021-06-03T15:55:26.959-0800][gc,phases   ] GC(132)   Merge Heap Roots: 0.7ms
[2021-06-03T15:55:26.959-0800][gc,phases   ] GC(132)   Evacuate Collection Set: 1.0ms
[2021-06-03T15:55:26.959-0800][gc,phases   ] GC(132)   Post Evacuate Collection Set: 0.4ms
[2021-06-03T15:55:26.959-0800][gc,phases   ] GC(132)   Other: 0.9ms
[2021-06-03T15:55:26.959-0800][gc,heap     ] GC(132) Eden regions: 253->0(253)
[2021-06-03T15:55:26.959-0800][gc,heap     ] GC(132) Survivor regions: 3->3(32)
[2021-06-03T15:55:26.959-0800][gc,heap     ] GC(132) Old regions: 43->43
[2021-06-03T15:55:26.959-0800][gc,heap     ] GC(132) Archive regions: 2->2
[2021-06-03T15:55:26.960-0800][gc,heap     ] GC(132) Humongous regions: 106->106
[2021-06-03T15:55:26.960-0800][gc,metaspace] GC(132) Metaspace: 69193K(71088K)->69193K(71088K) NonClass: 61372K(62640K)->61372K(62640K) Class: 7821K(8448K)->7821K(8448K)
[2021-06-03T15:55:26.960-0800][gc          ] GC(132) Pause Young (Normal) (G1 Evacuation Pause) 404M->151M(512M) 3.205ms
[2021-06-03T15:55:26.960-0800][gc,cpu      ] GC(132) User=0.00s Sys=0.01s Real=0.01s
[2021-06-03T15:57:37.446-0800][gc,start    ] GC(133) Pause Young (Normal) (G1 Evacuation Pause)
[2021-06-03T15:57:37.446-0800][gc,task     ] GC(133) Using 10 workers of 10 for evacuation
[2021-06-03T15:57:37.449-0800][gc,phases   ] GC(133)   Pre Evacuate Collection Set: 0.1ms
[2021-06-03T15:57:37.449-0800][gc,phases   ] GC(133)   Merge Heap Roots: 0.1ms
[2021-06-03T15:57:37.449-0800][gc,phases   ] GC(133)   Evacuate Collection Set: 2.6ms
[2021-06-03T15:57:37.449-0800][gc,phases   ] GC(133)   Post Evacuate Collection Set: 0.3ms
[2021-06-03T15:57:37.449-0800][gc,phases   ] GC(133)   Other: 0.4ms
[2021-06-03T15:57:37.449-0800][gc,heap     ] GC(133) Eden regions: 253->0(253)
[2021-06-03T15:57:37.449-0800][gc,heap     ] GC(133) Survivor regions: 3->3(32)
[2021-06-03T15:57:37.449-0800][gc,heap     ] GC(133) Old regions: 43->43
[2021-06-03T15:57:37.449-0800][gc,heap     ] GC(133) Archive regions: 2->2
[2021-06-03T15:57:37.449-0800][gc,heap     ] GC(133) Humongous regions: 106->106
[2021-06-03T15:57:37.449-0800][gc,metaspace] GC(133) Metaspace: 69195K(71088K)->69195K(71088K) NonClass: 61374K(62640K)->61374K(62640K) Class: 7821K(8448K)->7821K(8448K)
[2021-06-03T15:57:37.450-0800][gc          ] GC(133) Pause Young (Normal) (G1 Evacuation Pause) 404M->151M(512M) 4.031ms
[2021-06-03T15:57:37.450-0800][gc,cpu      ] GC(133) User=0.01s Sys=0.01s Real=0.01s
[2021-06-03T15:59:57.458-0800][gc,start    ] GC(134) Pause Young (Normal) (G1 Evacuation Pause)
[2021-06-03T15:59:57.458-0800][gc,task     ] GC(134) Using 10 workers of 10 for evacuation
[2021-06-03T15:59:57.462-0800][gc,phases   ] GC(134)   Pre Evacuate Collection Set: 0.9ms
[2021-06-03T15:59:57.462-0800][gc,phases   ] GC(134)   Merge Heap Roots: 0.1ms
[2021-06-03T15:59:57.462-0800][gc,phases   ] GC(134)   Evacuate Collection Set: 2.6ms
[2021-06-03T15:59:57.462-0800][gc,phases   ] GC(134)   Post Evacuate Collection Set: 0.5ms
[2021-06-03T15:59:57.462-0800][gc,phases   ] GC(134)   Other: 0.7ms
[2021-06-03T15:59:57.462-0800][gc,heap     ] GC(134) Eden regions: 253->0(253)
[2021-06-03T15:59:57.462-0800][gc,heap     ] GC(134) Survivor regions: 3->3(32)
[2021-06-03T15:59:57.462-0800][gc,heap     ] GC(134) Old regions: 43->43
[2021-06-03T15:59:57.462-0800][gc,heap     ] GC(134) Archive regions: 2->2
[2021-06-03T15:59:57.462-0800][gc,heap     ] GC(134) Humongous regions: 106->106
[2021-06-03T15:59:57.462-0800][gc,metaspace] GC(134) Metaspace: 69195K(71088K)->69195K(71088K) NonClass: 61374K(62640K)->61374K(62640K) Class: 7821K(8448K)->7821K(8448K)
[2021-06-03T15:59:57.462-0800][gc          ] GC(134) Pause Young (Normal) (G1 Evacuation Pause) 404M->151M(512M) 4.909ms
[2021-06-03T15:59:57.462-0800][gc,cpu      ] GC(134) User=0.01s Sys=0.00s Real=0.01s
[2021-06-03T16:02:17.485-0800][gc,start    ] GC(135) Pause Young (Normal) (G1 Evacuation Pause)
[2021-06-03T16:02:17.485-0800][gc,task     ] GC(135) Using 10 workers of 10 for evacuation
[2021-06-03T16:02:17.489-0800][gc,phases   ] GC(135)   Pre Evacuate Collection Set: 0.2ms
[2021-06-03T16:02:17.489-0800][gc,phases   ] GC(135)   Merge Heap Roots: 0.1ms
[2021-06-03T16:02:17.489-0800][gc,phases   ] GC(135)   Evacuate Collection Set: 2.3ms
[2021-06-03T16:02:17.489-0800][gc,phases   ] GC(135)   Post Evacuate Collection Set: 0.5ms
[2021-06-03T16:02:17.489-0800][gc,phases   ] GC(135)   Other: 0.8ms
[2021-06-03T16:02:17.489-0800][gc,heap     ] GC(135) Eden regions: 253->0(253)
[2021-06-03T16:02:17.489-0800][gc,heap     ] GC(135) Survivor regions: 3->3(32)
[2021-06-03T16:02:17.489-0800][gc,heap     ] GC(135) Old regions: 43->43
[2021-06-03T16:02:17.489-0800][gc,heap     ] GC(135) Archive regions: 2->2
[2021-06-03T16:02:17.489-0800][gc,heap     ] GC(135) Humongous regions: 106->106
[2021-06-03T16:02:17.489-0800][gc,metaspace] GC(135) Metaspace: 69198K(71088K)->69198K(71088K) NonClass: 61377K(62640K)->61377K(62640K) Class: 7821K(8448K)->7821K(8448K)
[2021-06-03T16:02:17.489-0800][gc          ] GC(135) Pause Young (Normal) (G1 Evacuation Pause) 404M->151M(512M) 3.993ms
[2021-06-03T16:02:17.489-0800][gc,cpu      ] GC(135) User=0.01s Sys=0.00s Real=0.00s
[2021-06-03T16:04:37.193-0800][gc,start    ] GC(136) Pause Young (Normal) (G1 Evacuation Pause)
[2021-06-03T16:04:37.193-0800][gc,task     ] GC(136) Using 10 workers of 10 for evacuation
[2021-06-03T16:04:37.195-0800][gc,phases   ] GC(136)   Pre Evacuate Collection Set: 0.1ms
[2021-06-03T16:04:37.195-0800][gc,phases   ] GC(136)   Merge Heap Roots: 0.1ms
[2021-06-03T16:04:37.195-0800][gc,phases   ] GC(136)   Evacuate Collection Set: 0.8ms
[2021-06-03T16:04:37.195-0800][gc,phases   ] GC(136)   Post Evacuate Collection Set: 0.5ms
[2021-06-03T16:04:37.195-0800][gc,phases   ] GC(136)   Other: 0.5ms
[2021-06-03T16:04:37.195-0800][gc,heap     ] GC(136) Eden regions: 253->0(253)
[2021-06-03T16:04:37.195-0800][gc,heap     ] GC(136) Survivor regions: 3->3(32)
[2021-06-03T16:04:37.195-0800][gc,heap     ] GC(136) Old regions: 43->43
[2021-06-03T16:04:37.195-0800][gc,heap     ] GC(136) Archive regions: 2->2
[2021-06-03T16:04:37.195-0800][gc,heap     ] GC(136) Humongous regions: 106->106
[2021-06-03T16:04:37.195-0800][gc,metaspace] GC(136) Metaspace: 69199K(71088K)->69199K(71088K) NonClass: 61377K(62640K)->61377K(62640K) Class: 7821K(8448K)->7821K(8448K)
[2021-06-03T16:04:37.195-0800][gc          ] GC(136) Pause Young (Normal) (G1 Evacuation Pause) 404M->151M(512M) 2.126ms
[2021-06-03T16:04:37.195-0800][gc,cpu      ] GC(136) User=0.01s Sys=0.00s Real=0.00s
[2021-06-03T16:06:47.767-0800][gc,start    ] GC(137) Pause Young (Normal) (G1 Evacuation Pause)
[2021-06-03T16:06:47.767-0800][gc,task     ] GC(137) Using 10 workers of 10 for evacuation
[2021-06-03T16:06:47.771-0800][gc,phases   ] GC(137)   Pre Evacuate Collection Set: 0.2ms
[2021-06-03T16:06:47.771-0800][gc,phases   ] GC(137)   Merge Heap Roots: 0.1ms
[2021-06-03T16:06:47.771-0800][gc,phases   ] GC(137)   Evacuate Collection Set: 2.5ms
[2021-06-03T16:06:47.771-0800][gc,phases   ] GC(137)   Post Evacuate Collection Set: 0.5ms
[2021-06-03T16:06:47.771-0800][gc,phases   ] GC(137)   Other: 0.7ms
[2021-06-03T16:06:47.771-0800][gc,heap     ] GC(137) Eden regions: 253->0(253)
[2021-06-03T16:06:47.771-0800][gc,heap     ] GC(137) Survivor regions: 3->3(32)
[2021-06-03T16:06:47.771-0800][gc,heap     ] GC(137) Old regions: 43->43
[2021-06-03T16:06:47.771-0800][gc,heap     ] GC(137) Archive regions: 2->2
[2021-06-03T16:06:47.771-0800][gc,heap     ] GC(137) Humongous regions: 106->106
[2021-06-03T16:06:47.771-0800][gc,metaspace] GC(137) Metaspace: 69199K(71088K)->69199K(71088K) NonClass: 61377K(62640K)->61377K(62640K) Class: 7821K(8448K)->7821K(8448K)
[2021-06-03T16:06:47.771-0800][gc          ] GC(137) Pause Young (Normal) (G1 Evacuation Pause) 404M->151M(512M) 4.050ms
[2021-06-03T16:06:47.771-0800][gc,cpu      ] GC(137) User=0.01s Sys=0.00s Real=0.01s
[2021-06-03T16:09:07.779-0800][gc,start    ] GC(138) Pause Young (Normal) (G1 Evacuation Pause)
[2021-06-03T16:09:07.780-0800][gc,task     ] GC(138) Using 10 workers of 10 for evacuation
[2021-06-03T16:09:07.783-0800][gc,phases   ] GC(138)   Pre Evacuate Collection Set: 0.1ms
[2021-06-03T16:09:07.783-0800][gc,phases   ] GC(138)   Merge Heap Roots: 0.6ms
[2021-06-03T16:09:07.783-0800][gc,phases   ] GC(138)   Evacuate Collection Set: 1.3ms
[2021-06-03T16:09:07.783-0800][gc,phases   ] GC(138)   Post Evacuate Collection Set: 0.4ms
[2021-06-03T16:09:07.783-0800][gc,phases   ] GC(138)   Other: 1.2ms
[2021-06-03T16:09:07.783-0800][gc,heap     ] GC(138) Eden regions: 253->0(253)
[2021-06-03T16:09:07.783-0800][gc,heap     ] GC(138) Survivor regions: 3->3(32)
[2021-06-03T16:09:07.783-0800][gc,heap     ] GC(138) Old regions: 43->43
[2021-06-03T16:09:07.783-0800][gc,heap     ] GC(138) Archive regions: 2->2
[2021-06-03T16:09:07.783-0800][gc,heap     ] GC(138) Humongous regions: 106->106
[2021-06-03T16:09:07.783-0800][gc,metaspace] GC(138) Metaspace: 69211K(71088K)->69211K(71088K) NonClass: 61389K(62640K)->61389K(62640K) Class: 7821K(8448K)->7821K(8448K)
[2021-06-03T16:09:07.783-0800][gc          ] GC(138) Pause Young (Normal) (G1 Evacuation Pause) 404M->151M(512M) 3.742ms
[2021-06-03T16:09:07.783-0800][gc,cpu      ] GC(138) User=0.01s Sys=0.00s Real=0.01s
[2021-06-03T16:11:27.812-0800][gc,start    ] GC(139) Pause Young (Normal) (G1 Evacuation Pause)
[2021-06-03T16:11:27.813-0800][gc,task     ] GC(139) Using 10 workers of 10 for evacuation
[2021-06-03T16:11:27.816-0800][gc,phases   ] GC(139)   Pre Evacuate Collection Set: 0.2ms
[2021-06-03T16:11:27.816-0800][gc,phases   ] GC(139)   Merge Heap Roots: 0.1ms
[2021-06-03T16:11:27.816-0800][gc,phases   ] GC(139)   Evacuate Collection Set: 1.6ms
[2021-06-03T16:11:27.816-0800][gc,phases   ] GC(139)   Post Evacuate Collection Set: 0.5ms
[2021-06-03T16:11:27.816-0800][gc,phases   ] GC(139)   Other: 1.1ms
[2021-06-03T16:11:27.816-0800][gc,heap     ] GC(139) Eden regions: 253->0(253)
[2021-06-03T16:11:27.816-0800][gc,heap     ] GC(139) Survivor regions: 3->3(32)
[2021-06-03T16:11:27.816-0800][gc,heap     ] GC(139) Old regions: 43->43
[2021-06-03T16:11:27.816-0800][gc,heap     ] GC(139) Archive regions: 2->2
[2021-06-03T16:11:27.816-0800][gc,heap     ] GC(139) Humongous regions: 106->106
[2021-06-03T16:11:27.816-0800][gc,metaspace] GC(139) Metaspace: 69211K(71088K)->69211K(71088K) NonClass: 61389K(62640K)->61389K(62640K) Class: 7821K(8448K)->7821K(8448K)
[2021-06-03T16:11:27.816-0800][gc          ] GC(139) Pause Young (Normal) (G1 Evacuation Pause) 404M->151M(512M) 3.628ms
[2021-06-03T16:11:27.816-0800][gc,cpu      ] GC(139) User=0.01s Sys=0.00s Real=0.00s
[2021-06-03T16:13:47.132-0800][gc,start    ] GC(140) Pause Young (Normal) (G1 Evacuation Pause)
[2021-06-03T16:13:47.133-0800][gc,task     ] GC(140) Using 10 workers of 10 for evacuation
[2021-06-03T16:13:47.137-0800][gc,phases   ] GC(140)   Pre Evacuate Collection Set: 0.2ms
[2021-06-03T16:13:47.137-0800][gc,phases   ] GC(140)   Merge Heap Roots: 0.1ms
[2021-06-03T16:13:47.137-0800][gc,phases   ] GC(140)   Evacuate Collection Set: 3.2ms
[2021-06-03T16:13:47.137-0800][gc,phases   ] GC(140)   Post Evacuate Collection Set: 0.8ms
[2021-06-03T16:13:47.138-0800][gc,phases   ] GC(140)   Other: 1.3ms
[2021-06-03T16:13:47.138-0800][gc,heap     ] GC(140) Eden regions: 253->0(253)
[2021-06-03T16:13:47.138-0800][gc,heap     ] GC(140) Survivor regions: 3->3(32)
[2021-06-03T16:13:47.138-0800][gc,heap     ] GC(140) Old regions: 43->43
[2021-06-03T16:13:47.138-0800][gc,heap     ] GC(140) Archive regions: 2->2
[2021-06-03T16:13:47.138-0800][gc,heap     ] GC(140) Humongous regions: 106->106
[2021-06-03T16:13:47.138-0800][gc,metaspace] GC(140) Metaspace: 69211K(71088K)->69211K(71088K) NonClass: 61389K(62640K)->61389K(62640K) Class: 7821K(8448K)->7821K(8448K)
[2021-06-03T16:13:47.138-0800][gc          ] GC(140) Pause Young (Normal) (G1 Evacuation Pause) 404M->151M(512M) 5.820ms
[2021-06-03T16:13:47.138-0800][gc,cpu      ] GC(140) User=0.01s Sys=0.01s Real=0.00s
[2021-06-03T16:15:58.029-0800][gc,start    ] GC(141) Pause Young (Normal) (G1 Evacuation Pause)
[2021-06-03T16:15:58.030-0800][gc,task     ] GC(141) Using 10 workers of 10 for evacuation
[2021-06-03T16:15:58.032-0800][gc,phases   ] GC(141)   Pre Evacuate Collection Set: 0.1ms
[2021-06-03T16:15:58.032-0800][gc,phases   ] GC(141)   Merge Heap Roots: 0.1ms
[2021-06-03T16:15:58.033-0800][gc,phases   ] GC(141)   Evacuate Collection Set: 1.5ms
[2021-06-03T16:15:58.033-0800][gc,phases   ] GC(141)   Post Evacuate Collection Set: 0.4ms
[2021-06-03T16:15:58.033-0800][gc,phases   ] GC(141)   Other: 1.0ms
[2021-06-03T16:15:58.033-0800][gc,heap     ] GC(141) Eden regions: 253->0(253)
[2021-06-03T16:15:58.033-0800][gc,heap     ] GC(141) Survivor regions: 3->3(32)
[2021-06-03T16:15:58.033-0800][gc,heap     ] GC(141) Old regions: 43->43
[2021-06-03T16:15:58.033-0800][gc,heap     ] GC(141) Archive regions: 2->2
[2021-06-03T16:15:58.033-0800][gc,heap     ] GC(141) Humongous regions: 106->106
[2021-06-03T16:15:58.033-0800][gc,metaspace] GC(141) Metaspace: 69211K(71088K)->69211K(71088K) NonClass: 61389K(62640K)->61389K(62640K) Class: 7821K(8448K)->7821K(8448K)
[2021-06-03T16:15:58.033-0800][gc          ] GC(141) Pause Young (Normal) (G1 Evacuation Pause) 404M->151M(512M) 3.142ms
[2021-06-03T16:15:58.033-0800][gc,cpu      ] GC(141) User=0.01s Sys=0.01s Real=0.01s
[2021-06-03T16:18:18.095-0800][gc,start    ] GC(142) Pause Young (Normal) (G1 Evacuation Pause)
[2021-06-03T16:18:18.096-0800][gc,task     ] GC(142) Using 10 workers of 10 for evacuation
[2021-06-03T16:18:18.099-0800][gc,phases   ] GC(142)   Pre Evacuate Collection Set: 0.2ms
[2021-06-03T16:18:18.099-0800][gc,phases   ] GC(142)   Merge Heap Roots: 0.1ms
[2021-06-03T16:18:18.099-0800][gc,phases   ] GC(142)   Evacuate Collection Set: 2.0ms
[2021-06-03T16:18:18.099-0800][gc,phases   ] GC(142)   Post Evacuate Collection Set: 0.4ms
[2021-06-03T16:18:18.099-0800][gc,phases   ] GC(142)   Other: 1.6ms
[2021-06-03T16:18:18.099-0800][gc,heap     ] GC(142) Eden regions: 253->0(253)
[2021-06-03T16:18:18.099-0800][gc,heap     ] GC(142) Survivor regions: 3->3(32)
[2021-06-03T16:18:18.099-0800][gc,heap     ] GC(142) Old regions: 43->43
[2021-06-03T16:18:18.099-0800][gc,heap     ] GC(142) Archive regions: 2->2
[2021-06-03T16:18:18.099-0800][gc,heap     ] GC(142) Humongous regions: 106->106
[2021-06-03T16:18:18.099-0800][gc,metaspace] GC(142) Metaspace: 69232K(71088K)->69232K(71088K) NonClass: 61411K(62640K)->61411K(62640K) Class: 7821K(8448K)->7821K(8448K)
[2021-06-03T16:18:18.100-0800][gc          ] GC(142) Pause Young (Normal) (G1 Evacuation Pause) 404M->151M(512M) 4.457ms
[2021-06-03T16:18:18.100-0800][gc,cpu      ] GC(142) User=0.01s Sys=0.01s Real=0.01s
[2021-06-03T16:20:38.097-0800][gc,start    ] GC(143) Pause Young (Normal) (G1 Evacuation Pause)
[2021-06-03T16:20:38.097-0800][gc,task     ] GC(143) Using 10 workers of 10 for evacuation
[2021-06-03T16:20:38.100-0800][gc,phases   ] GC(143)   Pre Evacuate Collection Set: 0.2ms
[2021-06-03T16:20:38.100-0800][gc,phases   ] GC(143)   Merge Heap Roots: 0.1ms
[2021-06-03T16:20:38.100-0800][gc,phases   ] GC(143)   Evacuate Collection Set: 1.7ms
[2021-06-03T16:20:38.100-0800][gc,phases   ] GC(143)   Post Evacuate Collection Set: 0.5ms
[2021-06-03T16:20:38.100-0800][gc,phases   ] GC(143)   Other: 0.7ms
[2021-06-03T16:20:38.100-0800][gc,heap     ] GC(143) Eden regions: 253->0(253)
[2021-06-03T16:20:38.100-0800][gc,heap     ] GC(143) Survivor regions: 3->3(32)
[2021-06-03T16:20:38.100-0800][gc,heap     ] GC(143) Old regions: 43->43
[2021-06-03T16:20:38.100-0800][gc,heap     ] GC(143) Archive regions: 2->2
[2021-06-03T16:20:38.100-0800][gc,heap     ] GC(143) Humongous regions: 106->106
[2021-06-03T16:20:38.100-0800][gc,metaspace] GC(143) Metaspace: 69232K(71088K)->69232K(71088K) NonClass: 61411K(62640K)->61411K(62640K) Class: 7821K(8448K)->7821K(8448K)
[2021-06-03T16:20:38.100-0800][gc          ] GC(143) Pause Young (Normal) (G1 Evacuation Pause) 404M->151M(512M) 3.286ms
[2021-06-03T16:20:38.100-0800][gc,cpu      ] GC(143) User=0.01s Sys=0.00s Real=0.01s
[2021-06-03T16:22:52.868-0800][gc,start    ] GC(144) Pause Young (Normal) (G1 Evacuation Pause)
[2021-06-03T16:22:52.869-0800][gc,task     ] GC(144) Using 10 workers of 10 for evacuation
[2021-06-03T16:22:52.872-0800][gc,phases   ] GC(144)   Pre Evacuate Collection Set: 0.2ms
[2021-06-03T16:22:52.872-0800][gc,phases   ] GC(144)   Merge Heap Roots: 0.1ms
[2021-06-03T16:22:52.872-0800][gc,phases   ] GC(144)   Evacuate Collection Set: 1.7ms
[2021-06-03T16:22:52.872-0800][gc,phases   ] GC(144)   Post Evacuate Collection Set: 0.5ms
[2021-06-03T16:22:52.872-0800][gc,phases   ] GC(144)   Other: 1.1ms
[2021-06-03T16:22:52.872-0800][gc,heap     ] GC(144) Eden regions: 253->0(253)
[2021-06-03T16:22:52.872-0800][gc,heap     ] GC(144) Survivor regions: 3->3(32)
[2021-06-03T16:22:52.872-0800][gc,heap     ] GC(144) Old regions: 43->43
[2021-06-03T16:22:52.872-0800][gc,heap     ] GC(144) Archive regions: 2->2
[2021-06-03T16:22:52.872-0800][gc,heap     ] GC(144) Humongous regions: 106->106
[2021-06-03T16:22:52.872-0800][gc,metaspace] GC(144) Metaspace: 69232K(71088K)->69232K(71088K) NonClass: 61411K(62640K)->61411K(62640K) Class: 7821K(8448K)->7821K(8448K)
[2021-06-03T16:22:52.872-0800][gc          ] GC(144) Pause Young (Normal) (G1 Evacuation Pause) 404M->151M(512M) 3.681ms
[2021-06-03T16:22:52.872-0800][gc,cpu      ] GC(144) User=0.01s Sys=0.01s Real=0.01s
[2021-06-03T16:25:08.370-0800][gc,start    ] GC(145) Pause Young (Normal) (G1 Evacuation Pause)
[2021-06-03T16:25:08.371-0800][gc,task     ] GC(145) Using 10 workers of 10 for evacuation
[2021-06-03T16:25:08.373-0800][gc,phases   ] GC(145)   Pre Evacuate Collection Set: 0.1ms
[2021-06-03T16:25:08.373-0800][gc,phases   ] GC(145)   Merge Heap Roots: 0.1ms
[2021-06-03T16:25:08.373-0800][gc,phases   ] GC(145)   Evacuate Collection Set: 1.5ms
[2021-06-03T16:25:08.373-0800][gc,phases   ] GC(145)   Post Evacuate Collection Set: 0.4ms
[2021-06-03T16:25:08.374-0800][gc,phases   ] GC(145)   Other: 1.1ms
[2021-06-03T16:25:08.374-0800][gc,heap     ] GC(145) Eden regions: 253->0(253)
[2021-06-03T16:25:08.374-0800][gc,heap     ] GC(145) Survivor regions: 3->3(32)
[2021-06-03T16:25:08.374-0800][gc,heap     ] GC(145) Old regions: 43->43
[2021-06-03T16:25:08.374-0800][gc,heap     ] GC(145) Archive regions: 2->2
[2021-06-03T16:25:08.374-0800][gc,heap     ] GC(145) Humongous regions: 106->106
[2021-06-03T16:25:08.374-0800][gc,metaspace] GC(145) Metaspace: 69232K(71088K)->69232K(71088K) NonClass: 61411K(62640K)->61411K(62640K) Class: 7821K(8448K)->7821K(8448K)
[2021-06-03T16:25:08.374-0800][gc          ] GC(145) Pause Young (Normal) (G1 Evacuation Pause) 404M->151M(512M) 3.337ms
[2021-06-03T16:25:08.374-0800][gc,cpu      ] GC(145) User=0.01s Sys=0.00s Real=0.00s
[2021-06-03T16:27:28.390-0800][gc,start    ] GC(146) Pause Young (Normal) (G1 Evacuation Pause)
[2021-06-03T16:27:28.390-0800][gc,task     ] GC(146) Using 10 workers of 10 for evacuation
[2021-06-03T16:27:28.393-0800][gc,phases   ] GC(146)   Pre Evacuate Collection Set: 0.2ms
[2021-06-03T16:27:28.393-0800][gc,phases   ] GC(146)   Merge Heap Roots: 0.1ms
[2021-06-03T16:27:28.393-0800][gc,phases   ] GC(146)   Evacuate Collection Set: 1.4ms
[2021-06-03T16:27:28.393-0800][gc,phases   ] GC(146)   Post Evacuate Collection Set: 0.4ms
[2021-06-03T16:27:28.393-0800][gc,phases   ] GC(146)   Other: 1.6ms
[2021-06-03T16:27:28.393-0800][gc,heap     ] GC(146) Eden regions: 253->0(255)
[2021-06-03T16:27:28.393-0800][gc,heap     ] GC(146) Survivor regions: 3->1(32)
[2021-06-03T16:27:28.393-0800][gc,heap     ] GC(146) Old regions: 43->45
[2021-06-03T16:27:28.393-0800][gc,heap     ] GC(146) Archive regions: 2->2
[2021-06-03T16:27:28.393-0800][gc,heap     ] GC(146) Humongous regions: 106->106
[2021-06-03T16:27:28.393-0800][gc,metaspace] GC(146) Metaspace: 69234K(71088K)->69234K(71088K) NonClass: 61413K(62640K)->61413K(62640K) Class: 7821K(8448K)->7821K(8448K)
[2021-06-03T16:27:28.393-0800][gc          ] GC(146) Pause Young (Normal) (G1 Evacuation Pause) 404M->151M(512M) 3.733ms
[2021-06-03T16:27:28.393-0800][gc,cpu      ] GC(146) User=0.01s Sys=0.00s Real=0.00s
[2021-06-03T16:29:48.448-0800][gc,start    ] GC(147) Pause Young (Normal) (G1 Evacuation Pause)
[2021-06-03T16:29:48.450-0800][gc,task     ] GC(147) Using 10 workers of 10 for evacuation
[2021-06-03T16:29:48.454-0800][gc,phases   ] GC(147)   Pre Evacuate Collection Set: 0.2ms
[2021-06-03T16:29:48.454-0800][gc,phases   ] GC(147)   Merge Heap Roots: 0.1ms
[2021-06-03T16:29:48.454-0800][gc,phases   ] GC(147)   Evacuate Collection Set: 2.9ms
[2021-06-03T16:29:48.454-0800][gc,phases   ] GC(147)   Post Evacuate Collection Set: 0.5ms
[2021-06-03T16:29:48.454-0800][gc,phases   ] GC(147)   Other: 2.3ms
[2021-06-03T16:29:48.454-0800][gc,heap     ] GC(147) Eden regions: 255->0(255)
[2021-06-03T16:29:48.454-0800][gc,heap     ] GC(147) Survivor regions: 1->1(32)
[2021-06-03T16:29:48.454-0800][gc,heap     ] GC(147) Old regions: 45->45
[2021-06-03T16:29:48.454-0800][gc,heap     ] GC(147) Archive regions: 2->2
[2021-06-03T16:29:48.454-0800][gc,heap     ] GC(147) Humongous regions: 106->106
[2021-06-03T16:29:48.454-0800][gc,metaspace] GC(147) Metaspace: 69234K(71088K)->69234K(71088K) NonClass: 61413K(62640K)->61413K(62640K) Class: 7821K(8448K)->7821K(8448K)
[2021-06-03T16:29:48.454-0800][gc          ] GC(147) Pause Young (Normal) (G1 Evacuation Pause) 406M->151M(512M) 6.061ms
[2021-06-03T16:29:48.454-0800][gc,cpu      ] GC(147) User=0.01s Sys=0.00s Real=0.01s
[2021-06-03T16:32:08.453-0800][gc,start    ] GC(148) Pause Young (Normal) (G1 Evacuation Pause)
[2021-06-03T16:32:08.455-0800][gc,task     ] GC(148) Using 10 workers of 10 for evacuation
[2021-06-03T16:32:08.457-0800][gc,phases   ] GC(148)   Pre Evacuate Collection Set: 0.2ms
[2021-06-03T16:32:08.457-0800][gc,phases   ] GC(148)   Merge Heap Roots: 0.1ms
[2021-06-03T16:32:08.457-0800][gc,phases   ] GC(148)   Evacuate Collection Set: 0.8ms
[2021-06-03T16:32:08.457-0800][gc,phases   ] GC(148)   Post Evacuate Collection Set: 0.4ms
[2021-06-03T16:32:08.457-0800][gc,phases   ] GC(148)   Other: 1.9ms
[2021-06-03T16:32:08.457-0800][gc,heap     ] GC(148) Eden regions: 255->0(255)
[2021-06-03T16:32:08.457-0800][gc,heap     ] GC(148) Survivor regions: 1->1(32)
[2021-06-03T16:32:08.457-0800][gc,heap     ] GC(148) Old regions: 45->45
[2021-06-03T16:32:08.457-0800][gc,heap     ] GC(148) Archive regions: 2->2
[2021-06-03T16:32:08.457-0800][gc,heap     ] GC(148) Humongous regions: 106->106
[2021-06-03T16:32:08.457-0800][gc,metaspace] GC(148) Metaspace: 69234K(71088K)->69234K(71088K) NonClass: 61413K(62640K)->61413K(62640K) Class: 7821K(8448K)->7821K(8448K)
[2021-06-03T16:32:08.457-0800][gc          ] GC(148) Pause Young (Normal) (G1 Evacuation Pause) 406M->151M(512M) 3.460ms
[2021-06-03T16:32:08.457-0800][gc,cpu      ] GC(148) User=0.01s Sys=0.00s Real=0.00s
